[0.445s] Invoking command in '/home/host/ros_ws/src/build/subscriber_cpp': CMAKE_PREFIX_PATH=${CMAKE_PREFIX_PATH}:/home/host/ros_ws/src/install/python_nodes:/home/host/ros_ws/install/python_nodes:/opt/ros/jazzy PS1=(ROS_ID=$ROS_DOMAIN_ID) \u@\h:\w$ /usr/bin/cmake --build /home/host/ros_ws/src/build/subscriber_cpp -- -j12 -l12
[0.638s] [100%] Built target subscriber_node
[0.678s] Invoked command in '/home/host/ros_ws/src/build/subscriber_cpp' returned '0': CMAKE_PREFIX_PATH=${CMAKE_PREFIX_PATH}:/home/host/ros_ws/src/install/python_nodes:/home/host/ros_ws/install/python_nodes:/opt/ros/jazzy PS1=(ROS_ID=$ROS_DOMAIN_ID) \u@\h:\w$ /usr/bin/cmake --build /home/host/ros_ws/src/build/subscriber_cpp -- -j12 -l12
[0.684s] Invoking command in '/home/host/ros_ws/src/build/subscriber_cpp': CMAKE_PREFIX_PATH=${CMAKE_PREFIX_PATH}:/home/host/ros_ws/src/install/python_nodes:/home/host/ros_ws/install/python_nodes:/opt/ros/jazzy PS1=(ROS_ID=$ROS_DOMAIN_ID) \u@\h:\w$ /usr/bin/cmake --install /home/host/ros_ws/src/build/subscriber_cpp
[0.709s] -- Install configuration: ""
[0.711s] -- Execute custom install script
[0.712s] -- Up-to-date symlink: /home/host/ros_ws/src/install/subscriber_cpp/lib/subscriber_cpp/subscriber_node
[0.713s] -- Up-to-date symlink: /home/host/ros_ws/src/install/subscriber_cpp/share/ament_index/resource_index/package_run_dependencies/subscriber_cpp
[0.713s] -- Up-to-date symlink: /home/host/ros_ws/src/install/subscriber_cpp/share/ament_index/resource_index/parent_prefix_path/subscriber_cpp
[0.714s] -- Up-to-date symlink: /home/host/ros_ws/src/install/subscriber_cpp/share/subscriber_cpp/environment/ament_prefix_path.sh
[0.715s] -- Up-to-date symlink: /home/host/ros_ws/src/install/subscriber_cpp/share/subscriber_cpp/environment/ament_prefix_path.dsv
[0.715s] -- Up-to-date symlink: /home/host/ros_ws/src/install/subscriber_cpp/share/subscriber_cpp/environment/path.sh
[0.716s] -- Up-to-date symlink: /home/host/ros_ws/src/install/subscriber_cpp/share/subscriber_cpp/environment/path.dsv
[0.717s] -- Up-to-date symlink: /home/host/ros_ws/src/install/subscriber_cpp/share/subscriber_cpp/local_setup.bash
[0.717s] -- Up-to-date symlink: /home/host/ros_ws/src/install/subscriber_cpp/share/subscriber_cpp/local_setup.sh
[0.717s] -- Up-to-date symlink: /home/host/ros_ws/src/install/subscriber_cpp/share/subscriber_cpp/local_setup.zsh
[0.718s] -- Up-to-date symlink: /home/host/ros_ws/src/install/subscriber_cpp/share/subscriber_cpp/local_setup.dsv
[0.718s] -- Symlinking: /home/host/ros_ws/src/install/subscriber_cpp/share/subscriber_cpp/package.dsv
[0.741s] -- Up-to-date symlink: /home/host/ros_ws/src/install/subscriber_cpp/share/ament_index/resource_index/packages/subscriber_cpp
[0.742s] -- Up-to-date symlink: /home/host/ros_ws/src/install/subscriber_cpp/share/subscriber_cpp/cmake/subscriber_cppConfig.cmake
[0.742s] -- Up-to-date symlink: /home/host/ros_ws/src/install/subscriber_cpp/share/subscriber_cpp/cmake/subscriber_cppConfig-version.cmake
[0.742s] -- Up-to-date symlink: /home/host/ros_ws/src/install/subscriber_cpp/share/subscriber_cpp/package.xml
[0.748s] Invoked command in '/home/host/ros_ws/src/build/subscriber_cpp' returned '0': CMAKE_PREFIX_PATH=${CMAKE_PREFIX_PATH}:/home/host/ros_ws/src/install/python_nodes:/home/host/ros_ws/install/python_nodes:/opt/ros/jazzy PS1=(ROS_ID=$ROS_DOMAIN_ID) \u@\h:\w$ /usr/bin/cmake --install /home/host/ros_ws/src/build/subscriber_cpp
