[ 50%] [32mBuilding CXX object CMakeFiles/publisher_node_area.dir/src/publisher_node_area.cpp.o[0m
[100%] [32m[1mLinking CXX executable publisher_node_area[0m
[100%] Built target publisher_node_area
-- Install configuration: ""
-- Execute custom install script
-- Symlinking: /home/host/ros_ws/src/install/tutoria_cpp_publisher/lib/tutoria_cpp_publisher/publisher_node_area
-- Symlinking: /home/host/ros_ws/src/install/tutoria_cpp_publisher/share/ament_index/resource_index/package_run_dependencies/tutoria_cpp_publisher
-- Symlinking: /home/host/ros_ws/src/install/tutoria_cpp_publisher/share/ament_index/resource_index/parent_prefix_path/tutoria_cpp_publisher
-- Symlinking: /home/host/ros_ws/src/install/tutoria_cpp_publisher/share/tutoria_cpp_publisher/environment/ament_prefix_path.sh
-- Symlinking: /home/host/ros_ws/src/install/tutoria_cpp_publisher/share/tutoria_cpp_publisher/environment/ament_prefix_path.dsv
-- Symlinking: /home/host/ros_ws/src/install/tutoria_cpp_publisher/share/tutoria_cpp_publisher/environment/path.sh
-- Symlinking: /home/host/ros_ws/src/install/tutoria_cpp_publisher/share/tutoria_cpp_publisher/environment/path.dsv
-- Symlinking: /home/host/ros_ws/src/install/tutoria_cpp_publisher/share/tutoria_cpp_publisher/local_setup.bash
-- Symlinking: /home/host/ros_ws/src/install/tutoria_cpp_publisher/share/tutoria_cpp_publisher/local_setup.sh
-- Symlinking: /home/host/ros_ws/src/install/tutoria_cpp_publisher/share/tutoria_cpp_publisher/local_setup.zsh
-- Symlinking: /home/host/ros_ws/src/install/tutoria_cpp_publisher/share/tutoria_cpp_publisher/local_setup.dsv
-- Symlinking: /home/host/ros_ws/src/install/tutoria_cpp_publisher/share/tutoria_cpp_publisher/package.dsv
-- Symlinking: /home/host/ros_ws/src/install/tutoria_cpp_publisher/share/ament_index/resource_index/packages/tutoria_cpp_publisher
-- Symlinking: /home/host/ros_ws/src/install/tutoria_cpp_publisher/share/tutoria_cpp_publisher/cmake/tutoria_cpp_publisherConfig.cmake
-- Symlinking: /home/host/ros_ws/src/install/tutoria_cpp_publisher/share/tutoria_cpp_publisher/cmake/tutoria_cpp_publisherConfig-version.cmake
-- Symlinking: /home/host/ros_ws/src/install/tutoria_cpp_publisher/share/tutoria_cpp_publisher/package.xml
