[0.590s] Invoking command in '/home/host/ros_ws/src/build/tutoria_cpp_publisher': CMAKE_PREFIX_PATH=${CMAKE_PREFIX_PATH}:/home/host/ros_ws/src/install/python_nodes:/home/host/ros_ws/install/python_nodes:/opt/ros/jazzy PS1=(ROS_ID=$ROS_DOMAIN_ID) \u@\h:\w$ /usr/bin/cmake --build /home/host/ros_ws/src/build/tutoria_cpp_publisher -- -j12 -l12
[0.800s] [ 50%] [32mBuilding CXX object CMakeFiles/publisher_node_area.dir/src/publisher_node_area.cpp.o[0m
[8.861s] [100%] [32m[1mLinking CXX executable publisher_node_area[0m
[9.344s] [100%] Built target publisher_node_area
[9.370s] Invoked command in '/home/host/ros_ws/src/build/tutoria_cpp_publisher' returned '0': CMAKE_PREFIX_PATH=${CMAKE_PREFIX_PATH}:/home/host/ros_ws/src/install/python_nodes:/home/host/ros_ws/install/python_nodes:/opt/ros/jazzy PS1=(ROS_ID=$ROS_DOMAIN_ID) \u@\h:\w$ /usr/bin/cmake --build /home/host/ros_ws/src/build/tutoria_cpp_publisher -- -j12 -l12
[9.372s] Invoking command in '/home/host/ros_ws/src/build/tutoria_cpp_publisher': CMAKE_PREFIX_PATH=${CMAKE_PREFIX_PATH}:/home/host/ros_ws/src/install/python_nodes:/home/host/ros_ws/install/python_nodes:/opt/ros/jazzy PS1=(ROS_ID=$ROS_DOMAIN_ID) \u@\h:\w$ /usr/bin/cmake --install /home/host/ros_ws/src/build/tutoria_cpp_publisher
[9.389s] -- Install configuration: ""
[9.390s] -- Execute custom install script
[9.390s] -- Symlinking: /home/host/ros_ws/src/install/tutoria_cpp_publisher/lib/tutoria_cpp_publisher/publisher_node_area
[9.407s] -- Symlinking: /home/host/ros_ws/src/install/tutoria_cpp_publisher/share/ament_index/resource_index/package_run_dependencies/tutoria_cpp_publisher
[9.426s] -- Symlinking: /home/host/ros_ws/src/install/tutoria_cpp_publisher/share/ament_index/resource_index/parent_prefix_path/tutoria_cpp_publisher
[9.441s] -- Symlinking: /home/host/ros_ws/src/install/tutoria_cpp_publisher/share/tutoria_cpp_publisher/environment/ament_prefix_path.sh
[9.456s] -- Symlinking: /home/host/ros_ws/src/install/tutoria_cpp_publisher/share/tutoria_cpp_publisher/environment/ament_prefix_path.dsv
[9.469s] -- Symlinking: /home/host/ros_ws/src/install/tutoria_cpp_publisher/share/tutoria_cpp_publisher/environment/path.sh
[9.484s] -- Symlinking: /home/host/ros_ws/src/install/tutoria_cpp_publisher/share/tutoria_cpp_publisher/environment/path.dsv
[9.502s] -- Symlinking: /home/host/ros_ws/src/install/tutoria_cpp_publisher/share/tutoria_cpp_publisher/local_setup.bash
[9.517s] -- Symlinking: /home/host/ros_ws/src/install/tutoria_cpp_publisher/share/tutoria_cpp_publisher/local_setup.sh
[9.532s] -- Symlinking: /home/host/ros_ws/src/install/tutoria_cpp_publisher/share/tutoria_cpp_publisher/local_setup.zsh
[9.553s] -- Symlinking: /home/host/ros_ws/src/install/tutoria_cpp_publisher/share/tutoria_cpp_publisher/local_setup.dsv
[9.570s] -- Symlinking: /home/host/ros_ws/src/install/tutoria_cpp_publisher/share/tutoria_cpp_publisher/package.dsv
[9.586s] -- Symlinking: /home/host/ros_ws/src/install/tutoria_cpp_publisher/share/ament_index/resource_index/packages/tutoria_cpp_publisher
[9.611s] -- Symlinking: /home/host/ros_ws/src/install/tutoria_cpp_publisher/share/tutoria_cpp_publisher/cmake/tutoria_cpp_publisherConfig.cmake
[9.631s] -- Symlinking: /home/host/ros_ws/src/install/tutoria_cpp_publisher/share/tutoria_cpp_publisher/cmake/tutoria_cpp_publisherConfig-version.cmake
[9.648s] -- Symlinking: /home/host/ros_ws/src/install/tutoria_cpp_publisher/share/tutoria_cpp_publisher/package.xml
[9.671s] Invoked command in '/home/host/ros_ws/src/build/tutoria_cpp_publisher' returned '0': CMAKE_PREFIX_PATH=${CMAKE_PREFIX_PATH}:/home/host/ros_ws/src/install/python_nodes:/home/host/ros_ws/install/python_nodes:/opt/ros/jazzy PS1=(ROS_ID=$ROS_DOMAIN_ID) \u@\h:\w$ /usr/bin/cmake --install /home/host/ros_ws/src/build/tutoria_cpp_publisher
