[0.410s] Invoking command in '/home/host/ros_ws/src/build/subscriber_cpp': CMAKE_PREFIX_PATH=${CMAKE_PREFIX_PATH}:/home/host/ros_ws/src/install/python_nodes:/home/host/ros_ws/install/python_nodes:/opt/ros/jazzy PS1=(ROS_ID=$ROS_DOMAIN_ID) \u@\h:\w$ /usr/bin/cmake --build /home/host/ros_ws/src/build/subscriber_cpp -- -j12 -l12
[0.627s] [100%] Built target subscriber_node
[0.660s] Invoked command in '/home/host/ros_ws/src/build/subscriber_cpp' returned '0': CMAKE_PREFIX_PATH=${CMAKE_PREFIX_PATH}:/home/host/ros_ws/src/install/python_nodes:/home/host/ros_ws/install/python_nodes:/opt/ros/jazzy PS1=(ROS_ID=$ROS_DOMAIN_ID) \u@\h:\w$ /usr/bin/cmake --build /home/host/ros_ws/src/build/subscriber_cpp -- -j12 -l12
[0.663s] Invoking command in '/home/host/ros_ws/src/build/subscriber_cpp': CMAKE_PREFIX_PATH=${CMAKE_PREFIX_PATH}:/home/host/ros_ws/src/install/python_nodes:/home/host/ros_ws/install/python_nodes:/opt/ros/jazzy PS1=(ROS_ID=$ROS_DOMAIN_ID) \u@\h:\w$ /usr/bin/cmake --install /home/host/ros_ws/src/build/subscriber_cpp
[0.694s] -- Install configuration: ""
[0.696s] -- Execute custom install script
[0.697s] -- Up-to-date symlink: /home/host/ros_ws/src/install/subscriber_cpp/lib/subscriber_cpp/subscriber_node
[0.697s] -- Up-to-date symlink: /home/host/ros_ws/src/install/subscriber_cpp/share/ament_index/resource_index/package_run_dependencies/subscriber_cpp
[0.698s] -- Up-to-date symlink: /home/host/ros_ws/src/install/subscriber_cpp/share/ament_index/resource_index/parent_prefix_path/subscriber_cpp
[0.698s] -- Up-to-date symlink: /home/host/ros_ws/src/install/subscriber_cpp/share/subscriber_cpp/environment/ament_prefix_path.sh
[0.699s] -- Up-to-date symlink: /home/host/ros_ws/src/install/subscriber_cpp/share/subscriber_cpp/environment/ament_prefix_path.dsv
[0.699s] -- Up-to-date symlink: /home/host/ros_ws/src/install/subscriber_cpp/share/subscriber_cpp/environment/path.sh
[0.700s] -- Up-to-date symlink: /home/host/ros_ws/src/install/subscriber_cpp/share/subscriber_cpp/environment/path.dsv
[0.700s] -- Up-to-date symlink: /home/host/ros_ws/src/install/subscriber_cpp/share/subscriber_cpp/local_setup.bash
[0.701s] -- Up-to-date symlink: /home/host/ros_ws/src/install/subscriber_cpp/share/subscriber_cpp/local_setup.sh
[0.701s] -- Up-to-date symlink: /home/host/ros_ws/src/install/subscriber_cpp/share/subscriber_cpp/local_setup.zsh
[0.702s] -- Up-to-date symlink: /home/host/ros_ws/src/install/subscriber_cpp/share/subscriber_cpp/local_setup.dsv
[0.703s] -- Symlinking: /home/host/ros_ws/src/install/subscriber_cpp/share/subscriber_cpp/package.dsv
[0.729s] -- Up-to-date symlink: /home/host/ros_ws/src/install/subscriber_cpp/share/ament_index/resource_index/packages/subscriber_cpp
[0.730s] -- Up-to-date symlink: /home/host/ros_ws/src/install/subscriber_cpp/share/subscriber_cpp/cmake/subscriber_cppConfig.cmake
[0.730s] -- Up-to-date symlink: /home/host/ros_ws/src/install/subscriber_cpp/share/subscriber_cpp/cmake/subscriber_cppConfig-version.cmake
[0.731s] -- Up-to-date symlink: /home/host/ros_ws/src/install/subscriber_cpp/share/subscriber_cpp/package.xml
[0.736s] Invoked command in '/home/host/ros_ws/src/build/subscriber_cpp' returned '0': CMAKE_PREFIX_PATH=${CMAKE_PREFIX_PATH}:/home/host/ros_ws/src/install/python_nodes:/home/host/ros_ws/install/python_nodes:/opt/ros/jazzy PS1=(ROS_ID=$ROS_DOMAIN_ID) \u@\h:\w$ /usr/bin/cmake --install /home/host/ros_ws/src/build/subscriber_cpp
