[0.000000] (-) TimerEvent: {}
[0.000315] (publisher_cpp) JobQueued: {'identifier': 'publisher_cpp', 'dependencies': OrderedDict()}
[0.000336] (python_nodes) JobQueued: {'identifier': 'python_nodes', 'dependencies': OrderedDict()}
[0.000347] (subscriber_cpp) JobQueued: {'identifier': 'subscriber_cpp', 'dependencies': OrderedDict()}
[0.000355] (publisher_cpp) JobStarted: {'identifier': 'publisher_cpp'}
[0.006181] (python_nodes) JobStarted: {'identifier': 'python_nodes'}
[0.013984] (subscriber_cpp) JobStarted: {'identifier': 'subscriber_cpp'}
[0.026065] (publisher_cpp) JobProgress: {'identifier': 'publisher_cpp', 'progress': 'cmake'}
[0.028684] (publisher_cpp) JobProgress: {'identifier': 'publisher_cpp', 'progress': 'build'}
[0.028826] (publisher_cpp) Command: {'cmd': ['/usr/bin/cmake', '--build', '/home/host/ros_ws/src/build/publisher_cpp', '--', '-j12', '-l12'], 'cwd': '/home/host/ros_ws/src/build/publisher_cpp', 'env': OrderedDict({'GZ_SIM_RESOURCE_PATH': '/opt/ros/jazzy/share', 'GZ_CONFIG_PATH': '/opt/ros/jazzy/opt/gz_sim_vendor/share/gz:/opt/ros/jazzy/opt/sdformat_vendor/share/gz:/opt/ros/jazzy/opt/gz_gui_vendor/share/gz:/opt/ros/jazzy/opt/gz_transport_vendor/share/gz:/opt/ros/jazzy/opt/gz_rendering_vendor/share/gz:/opt/ros/jazzy/opt/gz_plugin_vendor/share/gz:/opt/ros/jazzy/opt/gz_fuel_tools_vendor/share/gz:/opt/ros/jazzy/opt/gz_msgs_vendor/share/gz:/opt/ros/jazzy/opt/gz_common_vendor/share/gz', 'HOSTNAME': 'laptop-linux-nardiber', 'SHLVL': '1', 'LD_LIBRARY_PATH': '/opt/ros/jazzy/opt/gz_sim_vendor/lib:/opt/ros/jazzy/opt/gz_sensors_vendor/lib:/opt/ros/jazzy/opt/gz_physics_vendor/lib:/opt/ros/jazzy/opt/sdformat_vendor/lib:/opt/ros/jazzy/opt/rviz_ogre_vendor/lib:/opt/ros/jazzy/lib/x86_64-linux-gnu:/opt/ros/jazzy/opt/gz_gui_vendor/lib:/opt/ros/jazzy/opt/gz_transport_vendor/lib:/opt/ros/jazzy/opt/gz_rendering_vendor/lib:/opt/ros/jazzy/opt/gz_plugin_vendor/lib:/opt/ros/jazzy/opt/gz_fuel_tools_vendor/lib:/opt/ros/jazzy/opt/gz_msgs_vendor/lib:/opt/ros/jazzy/opt/gz_common_vendor/lib:/opt/ros/jazzy/opt/gz_math_vendor/lib:/opt/ros/jazzy/opt/gz_utils_vendor/lib:/opt/ros/jazzy/opt/gz_tools_vendor/lib:/opt/ros/jazzy/opt/gz_ogre_next_vendor/lib:/opt/ros/jazzy/opt/gz_dartsim_vendor/lib:/opt/ros/jazzy/opt/gz_cmake_vendor/lib:/opt/ros/jazzy/lib', 'HOME': '/home/host', 'OLDPWD': '/home/host/ros_ws', 'ROS_PYTHON_VERSION': '3', 'PS1': '(ROS_ID=$ROS_DOMAIN_ID) \\u@\\h:\\w$', 'COLCON_PREFIX_PATH': '/home/host/ros_ws/install', 'ROS_DISTRO': 'jazzy', '_': '/usr/bin/colcon', 'ROS_VERSION': '2', 'TERM': 'xterm', 'QT_X11_NO_MITSHM': '1', 'PATH': '/opt/ros/jazzy/opt/gz_msgs_vendor/bin:/opt/ros/jazzy/opt/gz_tools_vendor/bin:/opt/ros/jazzy/opt/gz_ogre_next_vendor/bin:/opt/ros/jazzy/bin:/usr/local/sbin:/usr/local/bin:/usr/sbin:/usr/bin:/sbin:/bin', 'DISPLAY': ':0', 'LANG': 'C.UTF-8', 'ROS_DOMAIN_ID': '0', 'AMENT_PREFIX_PATH': '/home/host/ros_ws/install/python_nodes:/opt/ros/jazzy', 'DEBIAN_FRONTEND': 'noninteractive', 'ROS_AUTOMATIC_DISCOVERY_RANGE': 'SUBNET', 'PWD': '/home/host/ros_ws/src/build/publisher_cpp', 'LC_ALL': 'C.UTF-8', 'PYTHONPATH': '/home/host/ros_ws/install/python_nodes/lib/python3.12/site-packages:/opt/ros/jazzy/lib/python3.12/site-packages', 'COLCON': '1', 'CMAKE_PREFIX_PATH': '/opt/ros/jazzy/opt/gz_sim_vendor:/opt/ros/jazzy/opt/gz_sensors_vendor:/opt/ros/jazzy/opt/gz_physics_vendor:/opt/ros/jazzy/opt/sdformat_vendor:/opt/ros/jazzy/opt/gz_gui_vendor:/opt/ros/jazzy/opt/gz_transport_vendor:/opt/ros/jazzy/opt/gz_rendering_vendor:/opt/ros/jazzy/opt/gz_plugin_vendor:/opt/ros/jazzy/opt/gz_fuel_tools_vendor:/opt/ros/jazzy/opt/gz_msgs_vendor:/opt/ros/jazzy/opt/gz_common_vendor:/opt/ros/jazzy/opt/gz_math_vendor:/opt/ros/jazzy/opt/gz_utils_vendor:/opt/ros/jazzy/opt/gz_tools_vendor:/opt/ros/jazzy/opt/gz_ogre_next_vendor:/opt/ros/jazzy/opt/gz_dartsim_vendor:/opt/ros/jazzy/opt/gz_cmake_vendor:/home/host/ros_ws/install/python_nodes:/opt/ros/jazzy'}), 'shell': False}
[0.099775] (-) TimerEvent: {}
[0.200304] (-) TimerEvent: {}
[0.299201] (publisher_cpp) StdoutLine: {'line': b'[100%] Built target publisher_node\n'}
[0.300408] (-) TimerEvent: {}
[0.300654] (subscriber_cpp) JobProgress: {'identifier': 'subscriber_cpp', 'progress': 'cmake'}
[0.301077] (subscriber_cpp) Command: {'cmd': ['/usr/bin/cmake', '/home/host/ros_ws/src/subscriber_cpp', '-DAMENT_CMAKE_SYMLINK_INSTALL=1', '-DCMAKE_INSTALL_PREFIX=/home/host/ros_ws/src/install/subscriber_cpp'], 'cwd': '/home/host/ros_ws/src/build/subscriber_cpp', 'env': OrderedDict({'GZ_SIM_RESOURCE_PATH': '/opt/ros/jazzy/share', 'GZ_CONFIG_PATH': '/opt/ros/jazzy/opt/gz_sim_vendor/share/gz:/opt/ros/jazzy/opt/sdformat_vendor/share/gz:/opt/ros/jazzy/opt/gz_gui_vendor/share/gz:/opt/ros/jazzy/opt/gz_transport_vendor/share/gz:/opt/ros/jazzy/opt/gz_rendering_vendor/share/gz:/opt/ros/jazzy/opt/gz_plugin_vendor/share/gz:/opt/ros/jazzy/opt/gz_fuel_tools_vendor/share/gz:/opt/ros/jazzy/opt/gz_msgs_vendor/share/gz:/opt/ros/jazzy/opt/gz_common_vendor/share/gz', 'HOSTNAME': 'laptop-linux-nardiber', 'SHLVL': '1', 'LD_LIBRARY_PATH': '/opt/ros/jazzy/opt/gz_sim_vendor/lib:/opt/ros/jazzy/opt/gz_sensors_vendor/lib:/opt/ros/jazzy/opt/gz_physics_vendor/lib:/opt/ros/jazzy/opt/sdformat_vendor/lib:/opt/ros/jazzy/opt/rviz_ogre_vendor/lib:/opt/ros/jazzy/lib/x86_64-linux-gnu:/opt/ros/jazzy/opt/gz_gui_vendor/lib:/opt/ros/jazzy/opt/gz_transport_vendor/lib:/opt/ros/jazzy/opt/gz_rendering_vendor/lib:/opt/ros/jazzy/opt/gz_plugin_vendor/lib:/opt/ros/jazzy/opt/gz_fuel_tools_vendor/lib:/opt/ros/jazzy/opt/gz_msgs_vendor/lib:/opt/ros/jazzy/opt/gz_common_vendor/lib:/opt/ros/jazzy/opt/gz_math_vendor/lib:/opt/ros/jazzy/opt/gz_utils_vendor/lib:/opt/ros/jazzy/opt/gz_tools_vendor/lib:/opt/ros/jazzy/opt/gz_ogre_next_vendor/lib:/opt/ros/jazzy/opt/gz_dartsim_vendor/lib:/opt/ros/jazzy/opt/gz_cmake_vendor/lib:/opt/ros/jazzy/lib', 'HOME': '/home/host', 'OLDPWD': '/home/host/ros_ws', 'ROS_PYTHON_VERSION': '3', 'PS1': '(ROS_ID=$ROS_DOMAIN_ID) \\u@\\h:\\w$', 'COLCON_PREFIX_PATH': '/home/host/ros_ws/install', 'ROS_DISTRO': 'jazzy', '_': '/usr/bin/colcon', 'ROS_VERSION': '2', 'TERM': 'xterm', 'QT_X11_NO_MITSHM': '1', 'PATH': '/opt/ros/jazzy/opt/gz_msgs_vendor/bin:/opt/ros/jazzy/opt/gz_tools_vendor/bin:/opt/ros/jazzy/opt/gz_ogre_next_vendor/bin:/opt/ros/jazzy/bin:/usr/local/sbin:/usr/local/bin:/usr/sbin:/usr/bin:/sbin:/bin', 'DISPLAY': ':0', 'LANG': 'C.UTF-8', 'ROS_DOMAIN_ID': '0', 'AMENT_PREFIX_PATH': '/home/host/ros_ws/install/python_nodes:/opt/ros/jazzy', 'DEBIAN_FRONTEND': 'noninteractive', 'ROS_AUTOMATIC_DISCOVERY_RANGE': 'SUBNET', 'PWD': '/home/host/ros_ws/src/build/subscriber_cpp', 'LC_ALL': 'C.UTF-8', 'PYTHONPATH': '/home/host/ros_ws/install/python_nodes/lib/python3.12/site-packages:/opt/ros/jazzy/lib/python3.12/site-packages', 'COLCON': '1', 'CMAKE_PREFIX_PATH': '/opt/ros/jazzy/opt/gz_sim_vendor:/opt/ros/jazzy/opt/gz_sensors_vendor:/opt/ros/jazzy/opt/gz_physics_vendor:/opt/ros/jazzy/opt/sdformat_vendor:/opt/ros/jazzy/opt/gz_gui_vendor:/opt/ros/jazzy/opt/gz_transport_vendor:/opt/ros/jazzy/opt/gz_rendering_vendor:/opt/ros/jazzy/opt/gz_plugin_vendor:/opt/ros/jazzy/opt/gz_fuel_tools_vendor:/opt/ros/jazzy/opt/gz_msgs_vendor:/opt/ros/jazzy/opt/gz_common_vendor:/opt/ros/jazzy/opt/gz_math_vendor:/opt/ros/jazzy/opt/gz_utils_vendor:/opt/ros/jazzy/opt/gz_tools_vendor:/opt/ros/jazzy/opt/gz_ogre_next_vendor:/opt/ros/jazzy/opt/gz_dartsim_vendor:/opt/ros/jazzy/opt/gz_cmake_vendor:/home/host/ros_ws/install/python_nodes:/opt/ros/jazzy'}), 'shell': False}
[0.303640] (publisher_cpp) CommandEnded: {'returncode': 0}
[0.304272] (publisher_cpp) JobProgress: {'identifier': 'publisher_cpp', 'progress': 'install'}
[0.322745] (publisher_cpp) Command: {'cmd': ['/usr/bin/cmake', '--install', '/home/host/ros_ws/src/build/publisher_cpp'], 'cwd': '/home/host/ros_ws/src/build/publisher_cpp', 'env': OrderedDict({'GZ_SIM_RESOURCE_PATH': '/opt/ros/jazzy/share', 'GZ_CONFIG_PATH': '/opt/ros/jazzy/opt/gz_sim_vendor/share/gz:/opt/ros/jazzy/opt/sdformat_vendor/share/gz:/opt/ros/jazzy/opt/gz_gui_vendor/share/gz:/opt/ros/jazzy/opt/gz_transport_vendor/share/gz:/opt/ros/jazzy/opt/gz_rendering_vendor/share/gz:/opt/ros/jazzy/opt/gz_plugin_vendor/share/gz:/opt/ros/jazzy/opt/gz_fuel_tools_vendor/share/gz:/opt/ros/jazzy/opt/gz_msgs_vendor/share/gz:/opt/ros/jazzy/opt/gz_common_vendor/share/gz', 'HOSTNAME': 'laptop-linux-nardiber', 'SHLVL': '1', 'LD_LIBRARY_PATH': '/opt/ros/jazzy/opt/gz_sim_vendor/lib:/opt/ros/jazzy/opt/gz_sensors_vendor/lib:/opt/ros/jazzy/opt/gz_physics_vendor/lib:/opt/ros/jazzy/opt/sdformat_vendor/lib:/opt/ros/jazzy/opt/rviz_ogre_vendor/lib:/opt/ros/jazzy/lib/x86_64-linux-gnu:/opt/ros/jazzy/opt/gz_gui_vendor/lib:/opt/ros/jazzy/opt/gz_transport_vendor/lib:/opt/ros/jazzy/opt/gz_rendering_vendor/lib:/opt/ros/jazzy/opt/gz_plugin_vendor/lib:/opt/ros/jazzy/opt/gz_fuel_tools_vendor/lib:/opt/ros/jazzy/opt/gz_msgs_vendor/lib:/opt/ros/jazzy/opt/gz_common_vendor/lib:/opt/ros/jazzy/opt/gz_math_vendor/lib:/opt/ros/jazzy/opt/gz_utils_vendor/lib:/opt/ros/jazzy/opt/gz_tools_vendor/lib:/opt/ros/jazzy/opt/gz_ogre_next_vendor/lib:/opt/ros/jazzy/opt/gz_dartsim_vendor/lib:/opt/ros/jazzy/opt/gz_cmake_vendor/lib:/opt/ros/jazzy/lib', 'HOME': '/home/host', 'OLDPWD': '/home/host/ros_ws', 'ROS_PYTHON_VERSION': '3', 'PS1': '(ROS_ID=$ROS_DOMAIN_ID) \\u@\\h:\\w$', 'COLCON_PREFIX_PATH': '/home/host/ros_ws/install', 'ROS_DISTRO': 'jazzy', '_': '/usr/bin/colcon', 'ROS_VERSION': '2', 'TERM': 'xterm', 'QT_X11_NO_MITSHM': '1', 'PATH': '/opt/ros/jazzy/opt/gz_msgs_vendor/bin:/opt/ros/jazzy/opt/gz_tools_vendor/bin:/opt/ros/jazzy/opt/gz_ogre_next_vendor/bin:/opt/ros/jazzy/bin:/usr/local/sbin:/usr/local/bin:/usr/sbin:/usr/bin:/sbin:/bin', 'DISPLAY': ':0', 'LANG': 'C.UTF-8', 'ROS_DOMAIN_ID': '0', 'AMENT_PREFIX_PATH': '/home/host/ros_ws/install/python_nodes:/opt/ros/jazzy', 'DEBIAN_FRONTEND': 'noninteractive', 'ROS_AUTOMATIC_DISCOVERY_RANGE': 'SUBNET', 'PWD': '/home/host/ros_ws/src/build/publisher_cpp', 'LC_ALL': 'C.UTF-8', 'PYTHONPATH': '/home/host/ros_ws/install/python_nodes/lib/python3.12/site-packages:/opt/ros/jazzy/lib/python3.12/site-packages', 'COLCON': '1', 'CMAKE_PREFIX_PATH': '/opt/ros/jazzy/opt/gz_sim_vendor:/opt/ros/jazzy/opt/gz_sensors_vendor:/opt/ros/jazzy/opt/gz_physics_vendor:/opt/ros/jazzy/opt/sdformat_vendor:/opt/ros/jazzy/opt/gz_gui_vendor:/opt/ros/jazzy/opt/gz_transport_vendor:/opt/ros/jazzy/opt/gz_rendering_vendor:/opt/ros/jazzy/opt/gz_plugin_vendor:/opt/ros/jazzy/opt/gz_fuel_tools_vendor:/opt/ros/jazzy/opt/gz_msgs_vendor:/opt/ros/jazzy/opt/gz_common_vendor:/opt/ros/jazzy/opt/gz_math_vendor:/opt/ros/jazzy/opt/gz_utils_vendor:/opt/ros/jazzy/opt/gz_tools_vendor:/opt/ros/jazzy/opt/gz_ogre_next_vendor:/opt/ros/jazzy/opt/gz_dartsim_vendor:/opt/ros/jazzy/opt/gz_cmake_vendor:/home/host/ros_ws/install/python_nodes:/opt/ros/jazzy'}), 'shell': False}
[0.340590] (publisher_cpp) StdoutLine: {'line': b'-- Install configuration: ""\n'}
[0.341776] (publisher_cpp) StdoutLine: {'line': b'-- Execute custom install script\n'}
[0.342235] (publisher_cpp) StdoutLine: {'line': b'-- Up-to-date symlink: /home/host/ros_ws/src/install/publisher_cpp/lib/publisher_cpp/publisher_node\n'}
[0.342743] (publisher_cpp) StdoutLine: {'line': b'-- Up-to-date symlink: /home/host/ros_ws/src/install/publisher_cpp/share/ament_index/resource_index/package_run_dependencies/publisher_cpp\n'}
[0.342943] (publisher_cpp) StdoutLine: {'line': b'-- Up-to-date symlink: /home/host/ros_ws/src/install/publisher_cpp/share/ament_index/resource_index/parent_prefix_path/publisher_cpp\n'}
[0.343213] (publisher_cpp) StdoutLine: {'line': b'-- Up-to-date symlink: /home/host/ros_ws/src/install/publisher_cpp/share/publisher_cpp/environment/ament_prefix_path.sh\n'}
[0.343449] (publisher_cpp) StdoutLine: {'line': b'-- Up-to-date symlink: /home/host/ros_ws/src/install/publisher_cpp/share/publisher_cpp/environment/ament_prefix_path.dsv\n'}
[0.343679] (publisher_cpp) StdoutLine: {'line': b'-- Up-to-date symlink: /home/host/ros_ws/src/install/publisher_cpp/share/publisher_cpp/environment/path.sh\n'}
[0.343924] (publisher_cpp) StdoutLine: {'line': b'-- Up-to-date symlink: /home/host/ros_ws/src/install/publisher_cpp/share/publisher_cpp/environment/path.dsv\n'}
[0.344175] (publisher_cpp) StdoutLine: {'line': b'-- Up-to-date symlink: /home/host/ros_ws/src/install/publisher_cpp/share/publisher_cpp/local_setup.bash\n'}
[0.344506] (publisher_cpp) StdoutLine: {'line': b'-- Up-to-date symlink: /home/host/ros_ws/src/install/publisher_cpp/share/publisher_cpp/local_setup.sh\n'}
[0.344781] (publisher_cpp) StdoutLine: {'line': b'-- Up-to-date symlink: /home/host/ros_ws/src/install/publisher_cpp/share/publisher_cpp/local_setup.zsh\n'}
[0.344992] (publisher_cpp) StdoutLine: {'line': b'-- Up-to-date symlink: /home/host/ros_ws/src/install/publisher_cpp/share/publisher_cpp/local_setup.dsv\n'}
[0.345168] (publisher_cpp) StdoutLine: {'line': b'-- Symlinking: /home/host/ros_ws/src/install/publisher_cpp/share/publisher_cpp/package.dsv\n'}
[0.367112] (publisher_cpp) StdoutLine: {'line': b'-- Up-to-date symlink: /home/host/ros_ws/src/install/publisher_cpp/share/ament_index/resource_index/packages/publisher_cpp\n'}
[0.367437] (publisher_cpp) StdoutLine: {'line': b'-- Up-to-date symlink: /home/host/ros_ws/src/install/publisher_cpp/share/publisher_cpp/cmake/publisher_cppConfig.cmake\n'}
[0.367720] (publisher_cpp) StdoutLine: {'line': b'-- Up-to-date symlink: /home/host/ros_ws/src/install/publisher_cpp/share/publisher_cpp/cmake/publisher_cppConfig-version.cmake\n'}
[0.367948] (publisher_cpp) StdoutLine: {'line': b'-- Up-to-date symlink: /home/host/ros_ws/src/install/publisher_cpp/share/publisher_cpp/package.xml\n'}
[0.370145] (publisher_cpp) CommandEnded: {'returncode': 0}
[0.400915] (-) TimerEvent: {}
[0.419459] (publisher_cpp) JobEnded: {'identifier': 'publisher_cpp', 'rc': 0}
[0.444500] (subscriber_cpp) StdoutLine: {'line': b'-- The C compiler identification is GNU 13.3.0\n'}
[0.501083] (-) TimerEvent: {}
[0.557221] (subscriber_cpp) StdoutLine: {'line': b'-- The CXX compiler identification is GNU 13.3.0\n'}
[0.583121] (subscriber_cpp) StdoutLine: {'line': b'-- Detecting C compiler ABI info\n'}
[0.601211] (-) TimerEvent: {}
[0.675545] (subscriber_cpp) StdoutLine: {'line': b'-- Detecting C compiler ABI info - done\n'}
[0.682962] (subscriber_cpp) StdoutLine: {'line': b'-- Check for working C compiler: /usr/bin/cc - skipped\n'}
[0.683139] (subscriber_cpp) StdoutLine: {'line': b'-- Detecting C compile features\n'}
[0.683266] (subscriber_cpp) StdoutLine: {'line': b'-- Detecting C compile features - done\n'}
[0.691868] (subscriber_cpp) StdoutLine: {'line': b'-- Detecting CXX compiler ABI info\n'}
[0.701303] (-) TimerEvent: {}
[0.801662] (-) TimerEvent: {}
[0.850766] (subscriber_cpp) StdoutLine: {'line': b'-- Detecting CXX compiler ABI info - done\n'}
[0.869244] (subscriber_cpp) StdoutLine: {'line': b'-- Check for working CXX compiler: /usr/bin/c++ - skipped\n'}
[0.869779] (subscriber_cpp) StdoutLine: {'line': b'-- Detecting CXX compile features\n'}
[0.870478] (subscriber_cpp) StdoutLine: {'line': b'-- Detecting CXX compile features - done\n'}
[0.878443] (subscriber_cpp) StdoutLine: {'line': b'-- Found ament_cmake: 2.5.6 (/opt/ros/jazzy/share/ament_cmake/cmake)\n'}
[0.901849] (-) TimerEvent: {}
[1.002340] (-) TimerEvent: {}
[1.102792] (-) TimerEvent: {}
[1.112109] (subscriber_cpp) StdoutLine: {'line': b'-- Found Python3: /usr/bin/python3 (found version "3.12.3") found components: Interpreter \n'}
[1.171368] (subscriber_cpp) StdoutLine: {'line': b'-- Override CMake install command with custom implementation using symlinks instead of copying resources\n'}
[1.193445] (python_nodes) Command: {'cmd': ['/usr/bin/python3', '-W', 'ignore:setup.py install is deprecated', '-W', 'ignore:easy_install command is deprecated', 'setup.py', 'develop', '--editable', '--build-directory', '/home/host/ros_ws/src/build/python_nodes/build', '--no-deps', 'symlink_data'], 'cwd': '/home/host/ros_ws/src/build/python_nodes', 'env': {'GZ_SIM_RESOURCE_PATH': '/opt/ros/jazzy/share', 'GZ_CONFIG_PATH': '/opt/ros/jazzy/opt/gz_sim_vendor/share/gz:/opt/ros/jazzy/opt/sdformat_vendor/share/gz:/opt/ros/jazzy/opt/gz_gui_vendor/share/gz:/opt/ros/jazzy/opt/gz_transport_vendor/share/gz:/opt/ros/jazzy/opt/gz_rendering_vendor/share/gz:/opt/ros/jazzy/opt/gz_plugin_vendor/share/gz:/opt/ros/jazzy/opt/gz_fuel_tools_vendor/share/gz:/opt/ros/jazzy/opt/gz_msgs_vendor/share/gz:/opt/ros/jazzy/opt/gz_common_vendor/share/gz', 'HOSTNAME': 'laptop-linux-nardiber', 'SHLVL': '1', 'LD_LIBRARY_PATH': '/opt/ros/jazzy/opt/gz_sim_vendor/lib:/opt/ros/jazzy/opt/gz_sensors_vendor/lib:/opt/ros/jazzy/opt/gz_physics_vendor/lib:/opt/ros/jazzy/opt/sdformat_vendor/lib:/opt/ros/jazzy/opt/rviz_ogre_vendor/lib:/opt/ros/jazzy/lib/x86_64-linux-gnu:/opt/ros/jazzy/opt/gz_gui_vendor/lib:/opt/ros/jazzy/opt/gz_transport_vendor/lib:/opt/ros/jazzy/opt/gz_rendering_vendor/lib:/opt/ros/jazzy/opt/gz_plugin_vendor/lib:/opt/ros/jazzy/opt/gz_fuel_tools_vendor/lib:/opt/ros/jazzy/opt/gz_msgs_vendor/lib:/opt/ros/jazzy/opt/gz_common_vendor/lib:/opt/ros/jazzy/opt/gz_math_vendor/lib:/opt/ros/jazzy/opt/gz_utils_vendor/lib:/opt/ros/jazzy/opt/gz_tools_vendor/lib:/opt/ros/jazzy/opt/gz_ogre_next_vendor/lib:/opt/ros/jazzy/opt/gz_dartsim_vendor/lib:/opt/ros/jazzy/opt/gz_cmake_vendor/lib:/opt/ros/jazzy/lib', 'HOME': '/home/host', 'OLDPWD': '/home/host/ros_ws', 'ROS_PYTHON_VERSION': '3', 'PS1': '(ROS_ID=$ROS_DOMAIN_ID) \\u@\\h:\\w$', 'COLCON_PREFIX_PATH': '/home/host/ros_ws/install', 'ROS_DISTRO': 'jazzy', '_': '/usr/bin/colcon', 'ROS_VERSION': '2', 'TERM': 'xterm', 'QT_X11_NO_MITSHM': '1', 'PATH': '/opt/ros/jazzy/opt/gz_msgs_vendor/bin:/opt/ros/jazzy/opt/gz_tools_vendor/bin:/opt/ros/jazzy/opt/gz_ogre_next_vendor/bin:/opt/ros/jazzy/bin:/usr/local/sbin:/usr/local/bin:/usr/sbin:/usr/bin:/sbin:/bin', 'DISPLAY': ':0', 'LANG': 'C.UTF-8', 'ROS_DOMAIN_ID': '0', 'AMENT_PREFIX_PATH': '/home/host/ros_ws/install/python_nodes:/opt/ros/jazzy', 'DEBIAN_FRONTEND': 'noninteractive', 'ROS_AUTOMATIC_DISCOVERY_RANGE': 'SUBNET', 'PWD': '/home/host/ros_ws/src/build/python_nodes', 'LC_ALL': 'C.UTF-8', 'PYTHONPATH': '/home/host/ros_ws/src/build/python_nodes/prefix_override:/usr/lib/python3/dist-packages/colcon_core/task/python/colcon_distutils_commands:/home/host/ros_ws/src/install/python_nodes/lib/python3.12/site-packages:/home/host/ros_ws/install/python_nodes/lib/python3.12/site-packages:/opt/ros/jazzy/lib/python3.12/site-packages', 'COLCON': '1', 'CMAKE_PREFIX_PATH': '/opt/ros/jazzy/opt/gz_sim_vendor:/opt/ros/jazzy/opt/gz_sensors_vendor:/opt/ros/jazzy/opt/gz_physics_vendor:/opt/ros/jazzy/opt/sdformat_vendor:/opt/ros/jazzy/opt/gz_gui_vendor:/opt/ros/jazzy/opt/gz_transport_vendor:/opt/ros/jazzy/opt/gz_rendering_vendor:/opt/ros/jazzy/opt/gz_plugin_vendor:/opt/ros/jazzy/opt/gz_fuel_tools_vendor:/opt/ros/jazzy/opt/gz_msgs_vendor:/opt/ros/jazzy/opt/gz_common_vendor:/opt/ros/jazzy/opt/gz_math_vendor:/opt/ros/jazzy/opt/gz_utils_vendor:/opt/ros/jazzy/opt/gz_tools_vendor:/opt/ros/jazzy/opt/gz_ogre_next_vendor:/opt/ros/jazzy/opt/gz_dartsim_vendor:/opt/ros/jazzy/opt/gz_cmake_vendor'}, 'shell': False}
[1.203021] (-) TimerEvent: {}
[1.239961] (subscriber_cpp) StdoutLine: {'line': b'-- Found rclcpp: 28.1.21 (/opt/ros/jazzy/share/rclcpp/cmake)\n'}
[1.303180] (-) TimerEvent: {}
[1.321208] (subscriber_cpp) StdoutLine: {'line': b'-- Found rosidl_generator_c: 4.6.9 (/opt/ros/jazzy/share/rosidl_generator_c/cmake)\n'}
[1.341122] (subscriber_cpp) StdoutLine: {'line': b'-- Found rosidl_generator_cpp: 4.6.9 (/opt/ros/jazzy/share/rosidl_generator_cpp/cmake)\n'}
[1.357058] (subscriber_cpp) StdoutLine: {'line': b'-- Using all available rosidl_typesupport_c: rosidl_typesupport_fastrtps_c;rosidl_typesupport_introspection_c\n'}
[1.371358] (subscriber_cpp) StdoutLine: {'line': b'-- Using all available rosidl_typesupport_cpp: rosidl_typesupport_fastrtps_cpp;rosidl_typesupport_introspection_cpp\n'}
[1.403310] (-) TimerEvent: {}
[1.431619] (subscriber_cpp) StdoutLine: {'line': b'-- Found rmw_implementation_cmake: 7.3.3 (/opt/ros/jazzy/share/rmw_implementation_cmake/cmake)\n'}
[1.434352] (subscriber_cpp) StdoutLine: {'line': b'-- Found rmw_fastrtps_cpp: 8.4.4 (/opt/ros/jazzy/share/rmw_fastrtps_cpp/cmake)\n'}
[1.445677] (python_nodes) StdoutLine: {'line': b'running develop\n'}
[1.503445] (-) TimerEvent: {}
[1.510706] (subscriber_cpp) StdoutLine: {'line': b'-- Found OpenSSL: /usr/lib/x86_64-linux-gnu/libcrypto.so (found version "3.0.13")  \n'}
[1.524193] (python_nodes) StdoutLine: {'line': b'running egg_info\n'}
[1.525631] (subscriber_cpp) StdoutLine: {'line': b'-- Found FastRTPS: /opt/ros/jazzy/include (Required is at least version "2.13") \n'}
[1.531721] (python_nodes) StdoutLine: {'line': b'writing python_nodes.egg-info/PKG-INFO\n'}
[1.531941] (python_nodes) StdoutLine: {'line': b'writing dependency_links to python_nodes.egg-info/dependency_links.txt\n'}
[1.532069] (python_nodes) StdoutLine: {'line': b'writing entry points to python_nodes.egg-info/entry_points.txt\n'}
[1.532156] (python_nodes) StdoutLine: {'line': b'writing requirements to python_nodes.egg-info/requires.txt\n'}
[1.532240] (python_nodes) StdoutLine: {'line': b'writing top-level names to python_nodes.egg-info/top_level.txt\n'}
[1.543399] (subscriber_cpp) StdoutLine: {'line': b"-- Using RMW implementation 'rmw_fastrtps_cpp' as default\n"}
[1.549475] (python_nodes) StdoutLine: {'line': b"reading manifest file 'python_nodes.egg-info/SOURCES.txt'\n"}
[1.549835] (python_nodes) StdoutLine: {'line': b"writing manifest file 'python_nodes.egg-info/SOURCES.txt'\n"}
[1.558206] (python_nodes) StdoutLine: {'line': b'running build_ext\n'}
[1.558398] (python_nodes) StdoutLine: {'line': b'Creating /home/host/ros_ws/src/install/python_nodes/lib/python3.12/site-packages/python-nodes.egg-link (link to .)\n'}
[1.558636] (python_nodes) StdoutLine: {'line': b'Installing publisher script to /home/host/ros_ws/src/install/python_nodes/lib/python_nodes\n'}
[1.558780] (python_nodes) StdoutLine: {'line': b'Installing subscriber script to /home/host/ros_ws/src/install/python_nodes/lib/python_nodes\n'}
[1.558958] (python_nodes) StdoutLine: {'line': b'\n'}
[1.559060] (python_nodes) StdoutLine: {'line': b'Installed /home/host/ros_ws/src/build/python_nodes\n'}
[1.559147] (python_nodes) StdoutLine: {'line': b'running symlink_data\n'}
[1.582097] (python_nodes) CommandEnded: {'returncode': 0}
[1.590476] (python_nodes) JobEnded: {'identifier': 'python_nodes', 'rc': 0}
[1.603590] (-) TimerEvent: {}
[1.631749] (subscriber_cpp) StdoutLine: {'line': b'-- Found std_msgs: 5.3.8 (/opt/ros/jazzy/share/std_msgs/cmake)\n'}
[1.652844] (subscriber_cpp) StdoutLine: {'line': b'-- Found ament_lint_auto: 0.17.5 (/opt/ros/jazzy/share/ament_lint_auto/cmake)\n'}
[1.703719] (-) TimerEvent: {}
[1.804141] (-) TimerEvent: {}
[1.806327] (subscriber_cpp) StdoutLine: {'line': b"-- Added test 'cppcheck' to perform static code analysis on C / C++ code\n"}
[1.806903] (subscriber_cpp) StdoutLine: {'line': b'-- Configured cppcheck include dirs: \n'}
[1.807127] (subscriber_cpp) StdoutLine: {'line': b'-- Configured cppcheck exclude dirs and/or files: \n'}
[1.808191] (subscriber_cpp) StdoutLine: {'line': b"-- Added test 'lint_cmake' to check CMake code style\n"}
[1.809983] (subscriber_cpp) StdoutLine: {'line': b"-- Added test 'uncrustify' to check C / C++ code style\n"}
[1.810312] (subscriber_cpp) StdoutLine: {'line': b'-- Configured uncrustify additional arguments: \n'}
[1.812571] (subscriber_cpp) StdoutLine: {'line': b"-- Added test 'xmllint' to check XML markup files\n"}
[1.816072] (subscriber_cpp) StdoutLine: {'line': b'-- Configuring done (1.5s)\n'}
[1.830785] (subscriber_cpp) StdoutLine: {'line': b'-- Generating done (0.0s)\n'}
[1.836063] (subscriber_cpp) StdoutLine: {'line': b'-- Build files have been written to: /home/host/ros_ws/src/build/subscriber_cpp\n'}
[1.848873] (subscriber_cpp) CommandEnded: {'returncode': 0}
[1.849392] (subscriber_cpp) JobProgress: {'identifier': 'subscriber_cpp', 'progress': 'build'}
[1.849436] (subscriber_cpp) Command: {'cmd': ['/usr/bin/cmake', '--build', '/home/host/ros_ws/src/build/subscriber_cpp', '--', '-j12', '-l12'], 'cwd': '/home/host/ros_ws/src/build/subscriber_cpp', 'env': OrderedDict({'GZ_SIM_RESOURCE_PATH': '/opt/ros/jazzy/share', 'GZ_CONFIG_PATH': '/opt/ros/jazzy/opt/gz_sim_vendor/share/gz:/opt/ros/jazzy/opt/sdformat_vendor/share/gz:/opt/ros/jazzy/opt/gz_gui_vendor/share/gz:/opt/ros/jazzy/opt/gz_transport_vendor/share/gz:/opt/ros/jazzy/opt/gz_rendering_vendor/share/gz:/opt/ros/jazzy/opt/gz_plugin_vendor/share/gz:/opt/ros/jazzy/opt/gz_fuel_tools_vendor/share/gz:/opt/ros/jazzy/opt/gz_msgs_vendor/share/gz:/opt/ros/jazzy/opt/gz_common_vendor/share/gz', 'HOSTNAME': 'laptop-linux-nardiber', 'SHLVL': '1', 'LD_LIBRARY_PATH': '/opt/ros/jazzy/opt/gz_sim_vendor/lib:/opt/ros/jazzy/opt/gz_sensors_vendor/lib:/opt/ros/jazzy/opt/gz_physics_vendor/lib:/opt/ros/jazzy/opt/sdformat_vendor/lib:/opt/ros/jazzy/opt/rviz_ogre_vendor/lib:/opt/ros/jazzy/lib/x86_64-linux-gnu:/opt/ros/jazzy/opt/gz_gui_vendor/lib:/opt/ros/jazzy/opt/gz_transport_vendor/lib:/opt/ros/jazzy/opt/gz_rendering_vendor/lib:/opt/ros/jazzy/opt/gz_plugin_vendor/lib:/opt/ros/jazzy/opt/gz_fuel_tools_vendor/lib:/opt/ros/jazzy/opt/gz_msgs_vendor/lib:/opt/ros/jazzy/opt/gz_common_vendor/lib:/opt/ros/jazzy/opt/gz_math_vendor/lib:/opt/ros/jazzy/opt/gz_utils_vendor/lib:/opt/ros/jazzy/opt/gz_tools_vendor/lib:/opt/ros/jazzy/opt/gz_ogre_next_vendor/lib:/opt/ros/jazzy/opt/gz_dartsim_vendor/lib:/opt/ros/jazzy/opt/gz_cmake_vendor/lib:/opt/ros/jazzy/lib', 'HOME': '/home/host', 'OLDPWD': '/home/host/ros_ws', 'ROS_PYTHON_VERSION': '3', 'PS1': '(ROS_ID=$ROS_DOMAIN_ID) \\u@\\h:\\w$', 'COLCON_PREFIX_PATH': '/home/host/ros_ws/install', 'ROS_DISTRO': 'jazzy', '_': '/usr/bin/colcon', 'ROS_VERSION': '2', 'TERM': 'xterm', 'QT_X11_NO_MITSHM': '1', 'PATH': '/opt/ros/jazzy/opt/gz_msgs_vendor/bin:/opt/ros/jazzy/opt/gz_tools_vendor/bin:/opt/ros/jazzy/opt/gz_ogre_next_vendor/bin:/opt/ros/jazzy/bin:/usr/local/sbin:/usr/local/bin:/usr/sbin:/usr/bin:/sbin:/bin', 'DISPLAY': ':0', 'LANG': 'C.UTF-8', 'ROS_DOMAIN_ID': '0', 'AMENT_PREFIX_PATH': '/home/host/ros_ws/install/python_nodes:/opt/ros/jazzy', 'DEBIAN_FRONTEND': 'noninteractive', 'ROS_AUTOMATIC_DISCOVERY_RANGE': 'SUBNET', 'PWD': '/home/host/ros_ws/src/build/subscriber_cpp', 'LC_ALL': 'C.UTF-8', 'PYTHONPATH': '/home/host/ros_ws/install/python_nodes/lib/python3.12/site-packages:/opt/ros/jazzy/lib/python3.12/site-packages', 'COLCON': '1', 'CMAKE_PREFIX_PATH': '/opt/ros/jazzy/opt/gz_sim_vendor:/opt/ros/jazzy/opt/gz_sensors_vendor:/opt/ros/jazzy/opt/gz_physics_vendor:/opt/ros/jazzy/opt/sdformat_vendor:/opt/ros/jazzy/opt/gz_gui_vendor:/opt/ros/jazzy/opt/gz_transport_vendor:/opt/ros/jazzy/opt/gz_rendering_vendor:/opt/ros/jazzy/opt/gz_plugin_vendor:/opt/ros/jazzy/opt/gz_fuel_tools_vendor:/opt/ros/jazzy/opt/gz_msgs_vendor:/opt/ros/jazzy/opt/gz_common_vendor:/opt/ros/jazzy/opt/gz_math_vendor:/opt/ros/jazzy/opt/gz_utils_vendor:/opt/ros/jazzy/opt/gz_tools_vendor:/opt/ros/jazzy/opt/gz_ogre_next_vendor:/opt/ros/jazzy/opt/gz_dartsim_vendor:/opt/ros/jazzy/opt/gz_cmake_vendor:/home/host/ros_ws/install/python_nodes:/opt/ros/jazzy'}), 'shell': False}
[1.904326] (-) TimerEvent: {}
[1.937610] (subscriber_cpp) StdoutLine: {'line': b'[ 50%] \x1b[32mBuilding CXX object CMakeFiles/subscriber_node.dir/src/subscriber_node.cpp.o\x1b[0m\n'}
[2.004485] (-) TimerEvent: {}
[2.104964] (-) TimerEvent: {}
[2.205548] (-) TimerEvent: {}
[2.305837] (-) TimerEvent: {}
[2.406232] (-) TimerEvent: {}
[2.506616] (-) TimerEvent: {}
[2.607012] (-) TimerEvent: {}
[2.707470] (-) TimerEvent: {}
[2.807768] (-) TimerEvent: {}
[2.908211] (-) TimerEvent: {}
[3.008561] (-) TimerEvent: {}
[3.108905] (-) TimerEvent: {}
[3.209322] (-) TimerEvent: {}
[3.309633] (-) TimerEvent: {}
[3.410059] (-) TimerEvent: {}
[3.510490] (-) TimerEvent: {}
[3.610922] (-) TimerEvent: {}
[3.711336] (-) TimerEvent: {}
[3.811760] (-) TimerEvent: {}
[3.912181] (-) TimerEvent: {}
[4.012767] (-) TimerEvent: {}
[4.113126] (-) TimerEvent: {}
[4.213492] (-) TimerEvent: {}
[4.313950] (-) TimerEvent: {}
[4.414412] (-) TimerEvent: {}
[4.514730] (-) TimerEvent: {}
[4.615089] (-) TimerEvent: {}
[4.715410] (-) TimerEvent: {}
[4.815763] (-) TimerEvent: {}
[4.916120] (-) TimerEvent: {}
[5.016482] (-) TimerEvent: {}
[5.116844] (-) TimerEvent: {}
[5.217203] (-) TimerEvent: {}
[5.317555] (-) TimerEvent: {}
[5.417893] (-) TimerEvent: {}
[5.518231] (-) TimerEvent: {}
[5.618575] (-) TimerEvent: {}
[5.718912] (-) TimerEvent: {}
[5.819246] (-) TimerEvent: {}
[5.919624] (-) TimerEvent: {}
[6.019913] (-) TimerEvent: {}
[6.120235] (-) TimerEvent: {}
[6.220598] (-) TimerEvent: {}
[6.320927] (-) TimerEvent: {}
[6.421245] (-) TimerEvent: {}
[6.521598] (-) TimerEvent: {}
[6.621970] (-) TimerEvent: {}
[6.722458] (-) TimerEvent: {}
[6.822852] (-) TimerEvent: {}
[6.923208] (-) TimerEvent: {}
[7.023545] (-) TimerEvent: {}
[7.111949] (subscriber_cpp) StdoutLine: {'line': b'[100%] \x1b[32m\x1b[1mLinking CXX executable subscriber_node\x1b[0m\n'}
[7.123690] (-) TimerEvent: {}
[7.224179] (-) TimerEvent: {}
[7.324555] (-) TimerEvent: {}
[7.424968] (-) TimerEvent: {}
[7.474578] (subscriber_cpp) StdoutLine: {'line': b'[100%] Built target subscriber_node\n'}
[7.491220] (subscriber_cpp) CommandEnded: {'returncode': 0}
[7.492261] (subscriber_cpp) JobProgress: {'identifier': 'subscriber_cpp', 'progress': 'install'}
[7.492940] (subscriber_cpp) Command: {'cmd': ['/usr/bin/cmake', '--install', '/home/host/ros_ws/src/build/subscriber_cpp'], 'cwd': '/home/host/ros_ws/src/build/subscriber_cpp', 'env': OrderedDict({'GZ_SIM_RESOURCE_PATH': '/opt/ros/jazzy/share', 'GZ_CONFIG_PATH': '/opt/ros/jazzy/opt/gz_sim_vendor/share/gz:/opt/ros/jazzy/opt/sdformat_vendor/share/gz:/opt/ros/jazzy/opt/gz_gui_vendor/share/gz:/opt/ros/jazzy/opt/gz_transport_vendor/share/gz:/opt/ros/jazzy/opt/gz_rendering_vendor/share/gz:/opt/ros/jazzy/opt/gz_plugin_vendor/share/gz:/opt/ros/jazzy/opt/gz_fuel_tools_vendor/share/gz:/opt/ros/jazzy/opt/gz_msgs_vendor/share/gz:/opt/ros/jazzy/opt/gz_common_vendor/share/gz', 'HOSTNAME': 'laptop-linux-nardiber', 'SHLVL': '1', 'LD_LIBRARY_PATH': '/opt/ros/jazzy/opt/gz_sim_vendor/lib:/opt/ros/jazzy/opt/gz_sensors_vendor/lib:/opt/ros/jazzy/opt/gz_physics_vendor/lib:/opt/ros/jazzy/opt/sdformat_vendor/lib:/opt/ros/jazzy/opt/rviz_ogre_vendor/lib:/opt/ros/jazzy/lib/x86_64-linux-gnu:/opt/ros/jazzy/opt/gz_gui_vendor/lib:/opt/ros/jazzy/opt/gz_transport_vendor/lib:/opt/ros/jazzy/opt/gz_rendering_vendor/lib:/opt/ros/jazzy/opt/gz_plugin_vendor/lib:/opt/ros/jazzy/opt/gz_fuel_tools_vendor/lib:/opt/ros/jazzy/opt/gz_msgs_vendor/lib:/opt/ros/jazzy/opt/gz_common_vendor/lib:/opt/ros/jazzy/opt/gz_math_vendor/lib:/opt/ros/jazzy/opt/gz_utils_vendor/lib:/opt/ros/jazzy/opt/gz_tools_vendor/lib:/opt/ros/jazzy/opt/gz_ogre_next_vendor/lib:/opt/ros/jazzy/opt/gz_dartsim_vendor/lib:/opt/ros/jazzy/opt/gz_cmake_vendor/lib:/opt/ros/jazzy/lib', 'HOME': '/home/host', 'OLDPWD': '/home/host/ros_ws', 'ROS_PYTHON_VERSION': '3', 'PS1': '(ROS_ID=$ROS_DOMAIN_ID) \\u@\\h:\\w$', 'COLCON_PREFIX_PATH': '/home/host/ros_ws/install', 'ROS_DISTRO': 'jazzy', '_': '/usr/bin/colcon', 'ROS_VERSION': '2', 'TERM': 'xterm', 'QT_X11_NO_MITSHM': '1', 'PATH': '/opt/ros/jazzy/opt/gz_msgs_vendor/bin:/opt/ros/jazzy/opt/gz_tools_vendor/bin:/opt/ros/jazzy/opt/gz_ogre_next_vendor/bin:/opt/ros/jazzy/bin:/usr/local/sbin:/usr/local/bin:/usr/sbin:/usr/bin:/sbin:/bin', 'DISPLAY': ':0', 'LANG': 'C.UTF-8', 'ROS_DOMAIN_ID': '0', 'AMENT_PREFIX_PATH': '/home/host/ros_ws/install/python_nodes:/opt/ros/jazzy', 'DEBIAN_FRONTEND': 'noninteractive', 'ROS_AUTOMATIC_DISCOVERY_RANGE': 'SUBNET', 'PWD': '/home/host/ros_ws/src/build/subscriber_cpp', 'LC_ALL': 'C.UTF-8', 'PYTHONPATH': '/home/host/ros_ws/install/python_nodes/lib/python3.12/site-packages:/opt/ros/jazzy/lib/python3.12/site-packages', 'COLCON': '1', 'CMAKE_PREFIX_PATH': '/opt/ros/jazzy/opt/gz_sim_vendor:/opt/ros/jazzy/opt/gz_sensors_vendor:/opt/ros/jazzy/opt/gz_physics_vendor:/opt/ros/jazzy/opt/sdformat_vendor:/opt/ros/jazzy/opt/gz_gui_vendor:/opt/ros/jazzy/opt/gz_transport_vendor:/opt/ros/jazzy/opt/gz_rendering_vendor:/opt/ros/jazzy/opt/gz_plugin_vendor:/opt/ros/jazzy/opt/gz_fuel_tools_vendor:/opt/ros/jazzy/opt/gz_msgs_vendor:/opt/ros/jazzy/opt/gz_common_vendor:/opt/ros/jazzy/opt/gz_math_vendor:/opt/ros/jazzy/opt/gz_utils_vendor:/opt/ros/jazzy/opt/gz_tools_vendor:/opt/ros/jazzy/opt/gz_ogre_next_vendor:/opt/ros/jazzy/opt/gz_dartsim_vendor:/opt/ros/jazzy/opt/gz_cmake_vendor:/home/host/ros_ws/install/python_nodes:/opt/ros/jazzy'}), 'shell': False}
[7.507815] (subscriber_cpp) StdoutLine: {'line': b'-- Install configuration: ""\n'}
[7.508404] (subscriber_cpp) StdoutLine: {'line': b'-- Execute custom install script\n'}
[7.508856] (subscriber_cpp) StdoutLine: {'line': b'-- Symlinking: /home/host/ros_ws/src/install/subscriber_cpp/lib/subscriber_cpp/subscriber_node\n'}
[7.524098] (subscriber_cpp) StdoutLine: {'line': b'-- Symlinking: /home/host/ros_ws/src/install/subscriber_cpp/share/ament_index/resource_index/package_run_dependencies/subscriber_cpp\n'}
[7.525144] (-) TimerEvent: {}
[7.541976] (subscriber_cpp) StdoutLine: {'line': b'-- Symlinking: /home/host/ros_ws/src/install/subscriber_cpp/share/ament_index/resource_index/parent_prefix_path/subscriber_cpp\n'}
[7.559401] (subscriber_cpp) StdoutLine: {'line': b'-- Symlinking: /home/host/ros_ws/src/install/subscriber_cpp/share/subscriber_cpp/environment/ament_prefix_path.sh\n'}
[7.573734] (subscriber_cpp) StdoutLine: {'line': b'-- Symlinking: /home/host/ros_ws/src/install/subscriber_cpp/share/subscriber_cpp/environment/ament_prefix_path.dsv\n'}
[7.587011] (subscriber_cpp) StdoutLine: {'line': b'-- Symlinking: /home/host/ros_ws/src/install/subscriber_cpp/share/subscriber_cpp/environment/path.sh\n'}
[7.599112] (subscriber_cpp) StdoutLine: {'line': b'-- Symlinking: /home/host/ros_ws/src/install/subscriber_cpp/share/subscriber_cpp/environment/path.dsv\n'}
[7.610837] (subscriber_cpp) StdoutLine: {'line': b'-- Symlinking: /home/host/ros_ws/src/install/subscriber_cpp/share/subscriber_cpp/local_setup.bash\n'}
[7.622438] (subscriber_cpp) StdoutLine: {'line': b'-- Symlinking: /home/host/ros_ws/src/install/subscriber_cpp/share/subscriber_cpp/local_setup.sh\n'}
[7.625401] (-) TimerEvent: {}
[7.636206] (subscriber_cpp) StdoutLine: {'line': b'-- Symlinking: /home/host/ros_ws/src/install/subscriber_cpp/share/subscriber_cpp/local_setup.zsh\n'}
[7.652953] (subscriber_cpp) StdoutLine: {'line': b'-- Symlinking: /home/host/ros_ws/src/install/subscriber_cpp/share/subscriber_cpp/local_setup.dsv\n'}
[7.666497] (subscriber_cpp) StdoutLine: {'line': b'-- Symlinking: /home/host/ros_ws/src/install/subscriber_cpp/share/subscriber_cpp/package.dsv\n'}
[7.678969] (subscriber_cpp) StdoutLine: {'line': b'-- Symlinking: /home/host/ros_ws/src/install/subscriber_cpp/share/ament_index/resource_index/packages/subscriber_cpp\n'}
[7.690891] (subscriber_cpp) StdoutLine: {'line': b'-- Symlinking: /home/host/ros_ws/src/install/subscriber_cpp/share/subscriber_cpp/cmake/subscriber_cppConfig.cmake\n'}
[7.702381] (subscriber_cpp) StdoutLine: {'line': b'-- Symlinking: /home/host/ros_ws/src/install/subscriber_cpp/share/subscriber_cpp/cmake/subscriber_cppConfig-version.cmake\n'}
[7.715637] (subscriber_cpp) StdoutLine: {'line': b'-- Symlinking: /home/host/ros_ws/src/install/subscriber_cpp/share/subscriber_cpp/package.xml\n'}
[7.725552] (-) TimerEvent: {}
[7.736934] (subscriber_cpp) CommandEnded: {'returncode': 0}
[7.761245] (subscriber_cpp) JobEnded: {'identifier': 'subscriber_cpp', 'rc': 0}
[7.762766] (-) EventReactorShutdown: {}
