[0.536s] Invoking command in '/home/host/ros_ws/src/build/subscriber_cpp': CMAKE_PREFIX_PATH=${CMAKE_PREFIX_PATH}:/home/host/ros_ws/src/install/python_nodes:/home/host/ros_ws/install/python_nodes:/opt/ros/jazzy PS1=(ROS_ID=$ROS_DOMAIN_ID) \u@\h:\w$ /usr/bin/cmake --build /home/host/ros_ws/src/build/subscriber_cpp -- -j12 -l12
[0.737s] [100%] Built target subscriber_node
[0.773s] Invoked command in '/home/host/ros_ws/src/build/subscriber_cpp' returned '0': CMAKE_PREFIX_PATH=${CMAKE_PREFIX_PATH}:/home/host/ros_ws/src/install/python_nodes:/home/host/ros_ws/install/python_nodes:/opt/ros/jazzy PS1=(ROS_ID=$ROS_DOMAIN_ID) \u@\h:\w$ /usr/bin/cmake --build /home/host/ros_ws/src/build/subscriber_cpp -- -j12 -l12
[0.777s] Invoking command in '/home/host/ros_ws/src/build/subscriber_cpp': CMAKE_PREFIX_PATH=${CMAKE_PREFIX_PATH}:/home/host/ros_ws/src/install/python_nodes:/home/host/ros_ws/install/python_nodes:/opt/ros/jazzy PS1=(ROS_ID=$ROS_DOMAIN_ID) \u@\h:\w$ /usr/bin/cmake --install /home/host/ros_ws/src/build/subscriber_cpp
[0.796s] -- Install configuration: ""
[0.797s] -- Execute custom install script
[0.798s] -- Up-to-date symlink: /home/host/ros_ws/src/install/subscriber_cpp/lib/subscriber_cpp/subscriber_node
[0.799s] -- Up-to-date symlink: /home/host/ros_ws/src/install/subscriber_cpp/share/ament_index/resource_index/package_run_dependencies/subscriber_cpp
[0.800s] -- Up-to-date symlink: /home/host/ros_ws/src/install/subscriber_cpp/share/ament_index/resource_index/parent_prefix_path/subscriber_cpp
[0.801s] -- Up-to-date symlink: /home/host/ros_ws/src/install/subscriber_cpp/share/subscriber_cpp/environment/ament_prefix_path.sh
[0.801s] -- Up-to-date symlink: /home/host/ros_ws/src/install/subscriber_cpp/share/subscriber_cpp/environment/ament_prefix_path.dsv
[0.802s] -- Up-to-date symlink: /home/host/ros_ws/src/install/subscriber_cpp/share/subscriber_cpp/environment/path.sh
[0.802s] -- Up-to-date symlink: /home/host/ros_ws/src/install/subscriber_cpp/share/subscriber_cpp/environment/path.dsv
[0.803s] -- Up-to-date symlink: /home/host/ros_ws/src/install/subscriber_cpp/share/subscriber_cpp/local_setup.bash
[0.803s] -- Up-to-date symlink: /home/host/ros_ws/src/install/subscriber_cpp/share/subscriber_cpp/local_setup.sh
[0.803s] -- Up-to-date symlink: /home/host/ros_ws/src/install/subscriber_cpp/share/subscriber_cpp/local_setup.zsh
[0.804s] -- Up-to-date symlink: /home/host/ros_ws/src/install/subscriber_cpp/share/subscriber_cpp/local_setup.dsv
[0.804s] -- Symlinking: /home/host/ros_ws/src/install/subscriber_cpp/share/subscriber_cpp/package.dsv
[0.828s] -- Up-to-date symlink: /home/host/ros_ws/src/install/subscriber_cpp/share/ament_index/resource_index/packages/subscriber_cpp
[0.829s] -- Up-to-date symlink: /home/host/ros_ws/src/install/subscriber_cpp/share/subscriber_cpp/cmake/subscriber_cppConfig.cmake
[0.829s] -- Up-to-date symlink: /home/host/ros_ws/src/install/subscriber_cpp/share/subscriber_cpp/cmake/subscriber_cppConfig-version.cmake
[0.829s] -- Up-to-date symlink: /home/host/ros_ws/src/install/subscriber_cpp/share/subscriber_cpp/package.xml
[0.836s] Invoked command in '/home/host/ros_ws/src/build/subscriber_cpp' returned '0': CMAKE_PREFIX_PATH=${CMAKE_PREFIX_PATH}:/home/host/ros_ws/src/install/python_nodes:/home/host/ros_ws/install/python_nodes:/opt/ros/jazzy PS1=(ROS_ID=$ROS_DOMAIN_ID) \u@\h:\w$ /usr/bin/cmake --install /home/host/ros_ws/src/build/subscriber_cpp
