[0.125s] DEBUG:colcon:Command line arguments: ['/usr/bin/colcon', 'build', '--symlink-install']
[0.125s] DEBUG:colcon:Parsed command line arguments: Namespace(log_base=None, log_level=None, verb_name='build', build_base='build', install_base='install', merge_install=False, symlink_install=True, test_result_base=None, continue_on_error=False, executor='parallel', parallel_workers=12, event_handlers=None, ignore_user_meta=False, metas=['./colcon.meta'], base_paths=['.'], packages_ignore=None, packages_ignore_regex=None, paths=None, packages_up_to=None, packages_up_to_regex=None, packages_above=None, packages_above_and_dependencies=None, packages_above_depth=None, packages_select_by_dep=None, packages_skip_by_dep=None, packages_skip_up_to=None, packages_select_build_failed=False, packages_skip_build_finished=False, packages_select_test_failures=False, packages_skip_test_passed=False, packages_select=None, packages_skip=None, packages_select_regex=None, packages_skip_regex=None, packages_start=None, packages_end=None, cmake_args=None, cmake_target=None, cmake_target_skip_unavailable=False, cmake_clean_cache=False, cmake_clean_first=False, cmake_force_configure=False, ament_cmake_args=None, catkin_cmake_args=None, catkin_skip_building_tests=False, mixin_files=None, mixin=None, verb_parser=<colcon_mixin.mixin.mixin_argument.MixinArgumentDecorator object at 0x73ac5aa51c10>, verb_extension=<colcon_core.verb.build.BuildVerb object at 0x73ac5abf7cb0>, main=<bound method BuildVerb.main of <colcon_core.verb.build.BuildVerb object at 0x73ac5abf7cb0>>, mixin_verb=('build',))
[0.175s] Level 1:colcon.colcon_core.package_discovery:discover_packages(colcon_meta) check parameters
[0.175s] Level 1:colcon.colcon_core.package_discovery:discover_packages(recursive) check parameters
[0.175s] Level 1:colcon.colcon_core.package_discovery:discover_packages(ignore) check parameters
[0.175s] Level 1:colcon.colcon_core.package_discovery:discover_packages(path) check parameters
[0.175s] Level 1:colcon.colcon_core.package_discovery:discover_packages(colcon_meta) discover
[0.176s] Level 1:colcon.colcon_core.package_discovery:discover_packages(recursive) discover
[0.176s] INFO:colcon.colcon_core.package_discovery:Crawling recursively for packages in '/home/host/ros_ws/src'
[0.176s] Level 1:colcon.colcon_core.package_identification:_identify(.) by extensions ['ignore', 'ignore_ament_install']
[0.176s] Level 1:colcon.colcon_core.package_identification:_identify(.) by extension 'ignore'
[0.176s] Level 1:colcon.colcon_core.package_identification:_identify(.) by extension 'ignore_ament_install'
[0.176s] Level 1:colcon.colcon_core.package_identification:_identify(.) by extensions ['colcon_pkg']
[0.176s] Level 1:colcon.colcon_core.package_identification:_identify(.) by extension 'colcon_pkg'
[0.176s] Level 1:colcon.colcon_core.package_identification:_identify(.) by extensions ['colcon_meta']
[0.176s] Level 1:colcon.colcon_core.package_identification:_identify(.) by extension 'colcon_meta'
[0.176s] Level 1:colcon.colcon_core.package_identification:_identify(.) by extensions ['ros']
[0.176s] Level 1:colcon.colcon_core.package_identification:_identify(.) by extension 'ros'
[0.214s] Level 1:colcon.colcon_core.package_identification:_identify(.) by extensions ['cmake', 'python']
[0.214s] Level 1:colcon.colcon_core.package_identification:_identify(.) by extension 'cmake'
[0.214s] Level 1:colcon.colcon_core.package_identification:_identify(.) by extension 'python'
[0.214s] Level 1:colcon.colcon_core.package_identification:_identify(.) by extensions ['python_setup_py']
[0.214s] Level 1:colcon.colcon_core.package_identification:_identify(.) by extension 'python_setup_py'
[0.214s] Level 1:colcon.colcon_core.package_identification:_identify(build) by extensions ['ignore', 'ignore_ament_install']
[0.214s] Level 1:colcon.colcon_core.package_identification:_identify(build) by extension 'ignore'
[0.215s] Level 1:colcon.colcon_core.package_identification:_identify(build) ignored
[0.215s] Level 1:colcon.colcon_core.package_identification:_identify(install) by extensions ['ignore', 'ignore_ament_install']
[0.215s] Level 1:colcon.colcon_core.package_identification:_identify(install) by extension 'ignore'
[0.215s] Level 1:colcon.colcon_core.package_identification:_identify(install) ignored
[0.215s] Level 1:colcon.colcon_core.package_identification:_identify(log) by extensions ['ignore', 'ignore_ament_install']
[0.215s] Level 1:colcon.colcon_core.package_identification:_identify(log) by extension 'ignore'
[0.215s] Level 1:colcon.colcon_core.package_identification:_identify(log) ignored
[0.215s] Level 1:colcon.colcon_core.package_identification:_identify(publisher_cpp) by extensions ['ignore', 'ignore_ament_install']
[0.216s] Level 1:colcon.colcon_core.package_identification:_identify(publisher_cpp) by extension 'ignore'
[0.216s] Level 1:colcon.colcon_core.package_identification:_identify(publisher_cpp) by extension 'ignore_ament_install'
[0.216s] Level 1:colcon.colcon_core.package_identification:_identify(publisher_cpp) by extensions ['colcon_pkg']
[0.216s] Level 1:colcon.colcon_core.package_identification:_identify(publisher_cpp) by extension 'colcon_pkg'
[0.216s] Level 1:colcon.colcon_core.package_identification:_identify(publisher_cpp) by extensions ['colcon_meta']
[0.216s] Level 1:colcon.colcon_core.package_identification:_identify(publisher_cpp) by extension 'colcon_meta'
[0.216s] Level 1:colcon.colcon_core.package_identification:_identify(publisher_cpp) by extensions ['ros']
[0.216s] Level 1:colcon.colcon_core.package_identification:_identify(publisher_cpp) by extension 'ros'
[0.220s] DEBUG:colcon.colcon_core.package_identification:Package 'publisher_cpp' with type 'ros.ament_cmake' and name 'publisher_cpp'
[0.221s] Level 1:colcon.colcon_core.package_identification:_identify(python_nodes) by extensions ['ignore', 'ignore_ament_install']
[0.221s] Level 1:colcon.colcon_core.package_identification:_identify(python_nodes) by extension 'ignore'
[0.221s] Level 1:colcon.colcon_core.package_identification:_identify(python_nodes) by extension 'ignore_ament_install'
[0.221s] Level 1:colcon.colcon_core.package_identification:_identify(python_nodes) by extensions ['colcon_pkg']
[0.221s] Level 1:colcon.colcon_core.package_identification:_identify(python_nodes) by extension 'colcon_pkg'
[0.221s] Level 1:colcon.colcon_core.package_identification:_identify(python_nodes) by extensions ['colcon_meta']
[0.221s] Level 1:colcon.colcon_core.package_identification:_identify(python_nodes) by extension 'colcon_meta'
[0.221s] Level 1:colcon.colcon_core.package_identification:_identify(python_nodes) by extensions ['ros']
[0.221s] Level 1:colcon.colcon_core.package_identification:_identify(python_nodes) by extension 'ros'
[0.222s] DEBUG:colcon.colcon_core.package_identification:Package 'python_nodes' with type 'ros.ament_python' and name 'python_nodes'
[0.222s] Level 1:colcon.colcon_core.package_identification:_identify(sub_pasta_de_projeto_1) by extensions ['ignore', 'ignore_ament_install']
[0.222s] Level 1:colcon.colcon_core.package_identification:_identify(sub_pasta_de_projeto_1) by extension 'ignore'
[0.222s] Level 1:colcon.colcon_core.package_identification:_identify(sub_pasta_de_projeto_1) by extension 'ignore_ament_install'
[0.222s] Level 1:colcon.colcon_core.package_identification:_identify(sub_pasta_de_projeto_1) by extensions ['colcon_pkg']
[0.222s] Level 1:colcon.colcon_core.package_identification:_identify(sub_pasta_de_projeto_1) by extension 'colcon_pkg'
[0.222s] Level 1:colcon.colcon_core.package_identification:_identify(sub_pasta_de_projeto_1) by extensions ['colcon_meta']
[0.222s] Level 1:colcon.colcon_core.package_identification:_identify(sub_pasta_de_projeto_1) by extension 'colcon_meta'
[0.223s] Level 1:colcon.colcon_core.package_identification:_identify(sub_pasta_de_projeto_1) by extensions ['ros']
[0.223s] Level 1:colcon.colcon_core.package_identification:_identify(sub_pasta_de_projeto_1) by extension 'ros'
[0.223s] Level 1:colcon.colcon_core.package_identification:_identify(sub_pasta_de_projeto_1) by extensions ['cmake', 'python']
[0.223s] Level 1:colcon.colcon_core.package_identification:_identify(sub_pasta_de_projeto_1) by extension 'cmake'
[0.223s] Level 1:colcon.colcon_core.package_identification:_identify(sub_pasta_de_projeto_1) by extension 'python'
[0.223s] Level 1:colcon.colcon_core.package_identification:_identify(sub_pasta_de_projeto_1) by extensions ['python_setup_py']
[0.223s] Level 1:colcon.colcon_core.package_identification:_identify(sub_pasta_de_projeto_1) by extension 'python_setup_py'
[0.223s] Level 1:colcon.colcon_core.package_identification:_identify(sub_pasta_de_projeto_1/pacote_entrega_1) by extensions ['ignore', 'ignore_ament_install']
[0.223s] Level 1:colcon.colcon_core.package_identification:_identify(sub_pasta_de_projeto_1/pacote_entrega_1) by extension 'ignore'
[0.223s] Level 1:colcon.colcon_core.package_identification:_identify(sub_pasta_de_projeto_1/pacote_entrega_1) by extension 'ignore_ament_install'
[0.223s] Level 1:colcon.colcon_core.package_identification:_identify(sub_pasta_de_projeto_1/pacote_entrega_1) by extensions ['colcon_pkg']
[0.223s] Level 1:colcon.colcon_core.package_identification:_identify(sub_pasta_de_projeto_1/pacote_entrega_1) by extension 'colcon_pkg'
[0.223s] Level 1:colcon.colcon_core.package_identification:_identify(sub_pasta_de_projeto_1/pacote_entrega_1) by extensions ['colcon_meta']
[0.223s] Level 1:colcon.colcon_core.package_identification:_identify(sub_pasta_de_projeto_1/pacote_entrega_1) by extension 'colcon_meta'
[0.223s] Level 1:colcon.colcon_core.package_identification:_identify(sub_pasta_de_projeto_1/pacote_entrega_1) by extensions ['ros']
[0.224s] Level 1:colcon.colcon_core.package_identification:_identify(sub_pasta_de_projeto_1/pacote_entrega_1) by extension 'ros'
[0.224s] Level 1:colcon.colcon_core.package_identification:_identify(sub_pasta_de_projeto_1/pacote_entrega_1) by extensions ['cmake', 'python']
[0.224s] Level 1:colcon.colcon_core.package_identification:_identify(sub_pasta_de_projeto_1/pacote_entrega_1) by extension 'cmake'
[0.224s] Level 1:colcon.colcon_core.package_identification:_identify(sub_pasta_de_projeto_1/pacote_entrega_1) by extension 'python'
[0.224s] Level 1:colcon.colcon_core.package_identification:_identify(sub_pasta_de_projeto_1/pacote_entrega_1) by extensions ['python_setup_py']
[0.224s] Level 1:colcon.colcon_core.package_identification:_identify(sub_pasta_de_projeto_1/pacote_entrega_1) by extension 'python_setup_py'
[0.224s] Level 1:colcon.colcon_core.package_identification:_identify(subscriber_cpp) by extensions ['ignore', 'ignore_ament_install']
[0.224s] Level 1:colcon.colcon_core.package_identification:_identify(subscriber_cpp) by extension 'ignore'
[0.224s] Level 1:colcon.colcon_core.package_identification:_identify(subscriber_cpp) by extension 'ignore_ament_install'
[0.224s] Level 1:colcon.colcon_core.package_identification:_identify(subscriber_cpp) by extensions ['colcon_pkg']
[0.224s] Level 1:colcon.colcon_core.package_identification:_identify(subscriber_cpp) by extension 'colcon_pkg'
[0.224s] Level 1:colcon.colcon_core.package_identification:_identify(subscriber_cpp) by extensions ['colcon_meta']
[0.224s] Level 1:colcon.colcon_core.package_identification:_identify(subscriber_cpp) by extension 'colcon_meta'
[0.224s] Level 1:colcon.colcon_core.package_identification:_identify(subscriber_cpp) by extensions ['ros']
[0.225s] Level 1:colcon.colcon_core.package_identification:_identify(subscriber_cpp) by extension 'ros'
[0.225s] DEBUG:colcon.colcon_core.package_identification:Package 'subscriber_cpp' with type 'ros.ament_cmake' and name 'subscriber_cpp'
[0.226s] Level 1:colcon.colcon_core.package_identification:_identify(tutoria_cpp_publisher) by extensions ['ignore', 'ignore_ament_install']
[0.226s] Level 1:colcon.colcon_core.package_identification:_identify(tutoria_cpp_publisher) by extension 'ignore'
[0.226s] Level 1:colcon.colcon_core.package_identification:_identify(tutoria_cpp_publisher) by extension 'ignore_ament_install'
[0.226s] Level 1:colcon.colcon_core.package_identification:_identify(tutoria_cpp_publisher) by extensions ['colcon_pkg']
[0.226s] Level 1:colcon.colcon_core.package_identification:_identify(tutoria_cpp_publisher) by extension 'colcon_pkg'
[0.226s] Level 1:colcon.colcon_core.package_identification:_identify(tutoria_cpp_publisher) by extensions ['colcon_meta']
[0.226s] Level 1:colcon.colcon_core.package_identification:_identify(tutoria_cpp_publisher) by extension 'colcon_meta'
[0.226s] Level 1:colcon.colcon_core.package_identification:_identify(tutoria_cpp_publisher) by extensions ['ros']
[0.226s] Level 1:colcon.colcon_core.package_identification:_identify(tutoria_cpp_publisher) by extension 'ros'
[0.227s] DEBUG:colcon.colcon_core.package_identification:Package 'tutoria_cpp_publisher' with type 'ros.ament_cmake' and name 'tutoria_cpp_publisher'
[0.227s] Level 1:colcon.colcon_core.package_discovery:discover_packages(recursive) using defaults
[0.227s] Level 1:colcon.colcon_core.package_discovery:discover_packages(ignore) discover
[0.227s] Level 1:colcon.colcon_core.package_discovery:discover_packages(ignore) using defaults
[0.227s] Level 1:colcon.colcon_core.package_discovery:discover_packages(path) discover
[0.227s] Level 1:colcon.colcon_core.package_discovery:discover_packages(path) using defaults
[0.259s] Level 5:colcon.colcon_core.verb:set package 'publisher_cpp' build argument 'cmake_args' from command line to 'None'
[0.259s] Level 5:colcon.colcon_core.verb:set package 'publisher_cpp' build argument 'cmake_target' from command line to 'None'
[0.259s] Level 5:colcon.colcon_core.verb:set package 'publisher_cpp' build argument 'cmake_target_skip_unavailable' from command line to 'False'
[0.259s] Level 5:colcon.colcon_core.verb:set package 'publisher_cpp' build argument 'cmake_clean_cache' from command line to 'False'
[0.259s] Level 5:colcon.colcon_core.verb:set package 'publisher_cpp' build argument 'cmake_clean_first' from command line to 'False'
[0.259s] Level 5:colcon.colcon_core.verb:set package 'publisher_cpp' build argument 'cmake_force_configure' from command line to 'False'
[0.259s] Level 5:colcon.colcon_core.verb:set package 'publisher_cpp' build argument 'ament_cmake_args' from command line to 'None'
[0.259s] Level 5:colcon.colcon_core.verb:set package 'publisher_cpp' build argument 'catkin_cmake_args' from command line to 'None'
[0.260s] Level 5:colcon.colcon_core.verb:set package 'publisher_cpp' build argument 'catkin_skip_building_tests' from command line to 'False'
[0.260s] DEBUG:colcon.colcon_core.verb:Building package 'publisher_cpp' with the following arguments: {'ament_cmake_args': None, 'build_base': '/home/host/ros_ws/src/build/publisher_cpp', 'catkin_cmake_args': None, 'catkin_skip_building_tests': False, 'cmake_args': None, 'cmake_clean_cache': False, 'cmake_clean_first': False, 'cmake_force_configure': False, 'cmake_target': None, 'cmake_target_skip_unavailable': False, 'install_base': '/home/host/ros_ws/src/install/publisher_cpp', 'merge_install': False, 'path': '/home/host/ros_ws/src/publisher_cpp', 'symlink_install': True, 'test_result_base': None}
[0.260s] Level 5:colcon.colcon_core.verb:set package 'python_nodes' build argument 'cmake_args' from command line to 'None'
[0.260s] Level 5:colcon.colcon_core.verb:set package 'python_nodes' build argument 'cmake_target' from command line to 'None'
[0.260s] Level 5:colcon.colcon_core.verb:set package 'python_nodes' build argument 'cmake_target_skip_unavailable' from command line to 'False'
[0.260s] Level 5:colcon.colcon_core.verb:set package 'python_nodes' build argument 'cmake_clean_cache' from command line to 'False'
[0.260s] Level 5:colcon.colcon_core.verb:set package 'python_nodes' build argument 'cmake_clean_first' from command line to 'False'
[0.260s] Level 5:colcon.colcon_core.verb:set package 'python_nodes' build argument 'cmake_force_configure' from command line to 'False'
[0.260s] Level 5:colcon.colcon_core.verb:set package 'python_nodes' build argument 'ament_cmake_args' from command line to 'None'
[0.260s] Level 5:colcon.colcon_core.verb:set package 'python_nodes' build argument 'catkin_cmake_args' from command line to 'None'
[0.260s] Level 5:colcon.colcon_core.verb:set package 'python_nodes' build argument 'catkin_skip_building_tests' from command line to 'False'
[0.260s] DEBUG:colcon.colcon_core.verb:Building package 'python_nodes' with the following arguments: {'ament_cmake_args': None, 'build_base': '/home/host/ros_ws/src/build/python_nodes', 'catkin_cmake_args': None, 'catkin_skip_building_tests': False, 'cmake_args': None, 'cmake_clean_cache': False, 'cmake_clean_first': False, 'cmake_force_configure': False, 'cmake_target': None, 'cmake_target_skip_unavailable': False, 'install_base': '/home/host/ros_ws/src/install/python_nodes', 'merge_install': False, 'path': '/home/host/ros_ws/src/python_nodes', 'symlink_install': True, 'test_result_base': None}
[0.261s] Level 5:colcon.colcon_core.verb:set package 'subscriber_cpp' build argument 'cmake_args' from command line to 'None'
[0.261s] Level 5:colcon.colcon_core.verb:set package 'subscriber_cpp' build argument 'cmake_target' from command line to 'None'
[0.261s] Level 5:colcon.colcon_core.verb:set package 'subscriber_cpp' build argument 'cmake_target_skip_unavailable' from command line to 'False'
[0.261s] Level 5:colcon.colcon_core.verb:set package 'subscriber_cpp' build argument 'cmake_clean_cache' from command line to 'False'
[0.261s] Level 5:colcon.colcon_core.verb:set package 'subscriber_cpp' build argument 'cmake_clean_first' from command line to 'False'
[0.261s] Level 5:colcon.colcon_core.verb:set package 'subscriber_cpp' build argument 'cmake_force_configure' from command line to 'False'
[0.261s] Level 5:colcon.colcon_core.verb:set package 'subscriber_cpp' build argument 'ament_cmake_args' from command line to 'None'
[0.261s] Level 5:colcon.colcon_core.verb:set package 'subscriber_cpp' build argument 'catkin_cmake_args' from command line to 'None'
[0.261s] Level 5:colcon.colcon_core.verb:set package 'subscriber_cpp' build argument 'catkin_skip_building_tests' from command line to 'False'
[0.261s] DEBUG:colcon.colcon_core.verb:Building package 'subscriber_cpp' with the following arguments: {'ament_cmake_args': None, 'build_base': '/home/host/ros_ws/src/build/subscriber_cpp', 'catkin_cmake_args': None, 'catkin_skip_building_tests': False, 'cmake_args': None, 'cmake_clean_cache': False, 'cmake_clean_first': False, 'cmake_force_configure': False, 'cmake_target': None, 'cmake_target_skip_unavailable': False, 'install_base': '/home/host/ros_ws/src/install/subscriber_cpp', 'merge_install': False, 'path': '/home/host/ros_ws/src/subscriber_cpp', 'symlink_install': True, 'test_result_base': None}
[0.261s] Level 5:colcon.colcon_core.verb:set package 'tutoria_cpp_publisher' build argument 'cmake_args' from command line to 'None'
[0.261s] Level 5:colcon.colcon_core.verb:set package 'tutoria_cpp_publisher' build argument 'cmake_target' from command line to 'None'
[0.261s] Level 5:colcon.colcon_core.verb:set package 'tutoria_cpp_publisher' build argument 'cmake_target_skip_unavailable' from command line to 'False'
[0.261s] Level 5:colcon.colcon_core.verb:set package 'tutoria_cpp_publisher' build argument 'cmake_clean_cache' from command line to 'False'
[0.261s] Level 5:colcon.colcon_core.verb:set package 'tutoria_cpp_publisher' build argument 'cmake_clean_first' from command line to 'False'
[0.261s] Level 5:colcon.colcon_core.verb:set package 'tutoria_cpp_publisher' build argument 'cmake_force_configure' from command line to 'False'
[0.261s] Level 5:colcon.colcon_core.verb:set package 'tutoria_cpp_publisher' build argument 'ament_cmake_args' from command line to 'None'
[0.261s] Level 5:colcon.colcon_core.verb:set package 'tutoria_cpp_publisher' build argument 'catkin_cmake_args' from command line to 'None'
[0.261s] Level 5:colcon.colcon_core.verb:set package 'tutoria_cpp_publisher' build argument 'catkin_skip_building_tests' from command line to 'False'
[0.262s] DEBUG:colcon.colcon_core.verb:Building package 'tutoria_cpp_publisher' with the following arguments: {'ament_cmake_args': None, 'build_base': '/home/host/ros_ws/src/build/tutoria_cpp_publisher', 'catkin_cmake_args': None, 'catkin_skip_building_tests': False, 'cmake_args': None, 'cmake_clean_cache': False, 'cmake_clean_first': False, 'cmake_force_configure': False, 'cmake_target': None, 'cmake_target_skip_unavailable': False, 'install_base': '/home/host/ros_ws/src/install/tutoria_cpp_publisher', 'merge_install': False, 'path': '/home/host/ros_ws/src/tutoria_cpp_publisher', 'symlink_install': True, 'test_result_base': None}
[0.262s] INFO:colcon.colcon_core.executor:Executing jobs using 'parallel' executor
[0.263s] DEBUG:colcon.colcon_parallel_executor.executor.parallel:run_until_complete
[0.264s] INFO:colcon.colcon_ros.task.ament_cmake.build:Building ROS package in '/home/host/ros_ws/src/publisher_cpp' with build type 'ament_cmake'
[0.264s] INFO:colcon.colcon_cmake.task.cmake.build:Building CMake package in '/home/host/ros_ws/src/publisher_cpp'
[0.267s] INFO:colcon.colcon_core.plugin_system:Skipping extension 'colcon_core.shell.bat': Not used on non-Windows systems
[0.268s] INFO:colcon.colcon_core.shell:Skip shell extension 'powershell' for command environment: Not usable outside of PowerShell
[0.268s] DEBUG:colcon.colcon_core.shell:Skip shell extension 'dsv' for command environment
[0.277s] INFO:colcon.colcon_ros.task.ament_python.build:Building ROS package in '/home/host/ros_ws/src/python_nodes' with build type 'ament_python'
[0.277s] Level 1:colcon.colcon_core.shell:create_environment_hook('python_nodes', 'ament_prefix_path')
[0.278s] INFO:colcon.colcon_core.shell:Creating environment hook '/home/host/ros_ws/src/install/python_nodes/share/python_nodes/hook/ament_prefix_path.ps1'
[0.279s] INFO:colcon.colcon_core.shell:Creating environment descriptor '/home/host/ros_ws/src/install/python_nodes/share/python_nodes/hook/ament_prefix_path.dsv'
[0.280s] INFO:colcon.colcon_core.shell:Creating environment hook '/home/host/ros_ws/src/install/python_nodes/share/python_nodes/hook/ament_prefix_path.sh'
[0.281s] INFO:colcon.colcon_core.shell:Skip shell extension 'powershell' for command environment: Not usable outside of PowerShell
[0.282s] DEBUG:colcon.colcon_core.shell:Skip shell extension 'dsv' for command environment
[0.290s] INFO:colcon.colcon_ros.task.ament_cmake.build:Building ROS package in '/home/host/ros_ws/src/subscriber_cpp' with build type 'ament_cmake'
[0.290s] INFO:colcon.colcon_cmake.task.cmake.build:Building CMake package in '/home/host/ros_ws/src/subscriber_cpp'
[0.291s] INFO:colcon.colcon_core.shell:Skip shell extension 'powershell' for command environment: Not usable outside of PowerShell
[0.291s] DEBUG:colcon.colcon_core.shell:Skip shell extension 'dsv' for command environment
[0.299s] INFO:colcon.colcon_ros.task.ament_cmake.build:Building ROS package in '/home/host/ros_ws/src/tutoria_cpp_publisher' with build type 'ament_cmake'
[0.300s] INFO:colcon.colcon_cmake.task.cmake.build:Building CMake package in '/home/host/ros_ws/src/tutoria_cpp_publisher'
[0.300s] INFO:colcon.colcon_core.shell:Skip shell extension 'powershell' for command environment: Not usable outside of PowerShell
[0.300s] DEBUG:colcon.colcon_core.shell:Skip shell extension 'dsv' for command environment
[0.320s] DEBUG:colcon.colcon_core.event_handler.log_command:Invoking command in '/home/host/ros_ws/src/build/publisher_cpp': CMAKE_PREFIX_PATH=${CMAKE_PREFIX_PATH}:/home/host/ros_ws/src/install/python_nodes:/home/host/ros_ws/install/python_nodes:/opt/ros/jazzy PS1=(ROS_ID=$ROS_DOMAIN_ID) \u@\h:\w$ /usr/bin/cmake --build /home/host/ros_ws/src/build/publisher_cpp -- -j12 -l12
[0.705s] INFO:colcon.colcon_core.task.python.build:Building Python package in '/home/host/ros_ws/src/python_nodes'
[0.705s] INFO:colcon.colcon_core.shell:Skip shell extension 'powershell' for command environment: Not usable outside of PowerShell
[0.705s] DEBUG:colcon.colcon_core.shell:Skip shell extension 'dsv' for command environment
[0.720s] DEBUG:colcon.colcon_core.event_handler.log_command:Invoking command in '/home/host/ros_ws/src/build/subscriber_cpp': CMAKE_PREFIX_PATH=${CMAKE_PREFIX_PATH}:/home/host/ros_ws/src/install/python_nodes:/home/host/ros_ws/install/python_nodes:/opt/ros/jazzy PS1=(ROS_ID=$ROS_DOMAIN_ID) \u@\h:\w$ /usr/bin/cmake --build /home/host/ros_ws/src/build/subscriber_cpp -- -j12 -l12
[0.725s] DEBUG:colcon.colcon_core.event_handler.log_command:Invoked command in '/home/host/ros_ws/src/build/publisher_cpp' returned '0': CMAKE_PREFIX_PATH=${CMAKE_PREFIX_PATH}:/home/host/ros_ws/src/install/python_nodes:/home/host/ros_ws/install/python_nodes:/opt/ros/jazzy PS1=(ROS_ID=$ROS_DOMAIN_ID) \u@\h:\w$ /usr/bin/cmake --build /home/host/ros_ws/src/build/publisher_cpp -- -j12 -l12
[0.755s] DEBUG:colcon.colcon_core.event_handler.log_command:Invoking command in '/home/host/ros_ws/src/build/publisher_cpp': CMAKE_PREFIX_PATH=${CMAKE_PREFIX_PATH}:/home/host/ros_ws/src/install/python_nodes:/home/host/ros_ws/install/python_nodes:/opt/ros/jazzy PS1=(ROS_ID=$ROS_DOMAIN_ID) \u@\h:\w$ /usr/bin/cmake --install /home/host/ros_ws/src/build/publisher_cpp
[0.766s] DEBUG:colcon.colcon_core.event_handler.log_command:Invoking command in '/home/host/ros_ws/src/build/tutoria_cpp_publisher': CMAKE_PREFIX_PATH=${CMAKE_PREFIX_PATH}:/home/host/ros_ws/src/install/python_nodes:/home/host/ros_ws/install/python_nodes:/opt/ros/jazzy PS1=(ROS_ID=$ROS_DOMAIN_ID) \u@\h:\w$ /usr/bin/cmake --build /home/host/ros_ws/src/build/tutoria_cpp_publisher -- -j12 -l12
[0.825s] Level 1:colcon.colcon_core.environment:create_environment_scripts_only(publisher_cpp)
[0.827s] DEBUG:colcon.colcon_core.event_handler.log_command:Invoked command in '/home/host/ros_ws/src/build/publisher_cpp' returned '0': CMAKE_PREFIX_PATH=${CMAKE_PREFIX_PATH}:/home/host/ros_ws/src/install/python_nodes:/home/host/ros_ws/install/python_nodes:/opt/ros/jazzy PS1=(ROS_ID=$ROS_DOMAIN_ID) \u@\h:\w$ /usr/bin/cmake --install /home/host/ros_ws/src/build/publisher_cpp
[0.832s] Level 1:colcon.colcon_core.environment:checking '/home/host/ros_ws/src/install/publisher_cpp' for CMake module files
[0.833s] Level 1:colcon.colcon_core.environment:checking '/home/host/ros_ws/src/install/publisher_cpp' for CMake config files
[0.834s] Level 1:colcon.colcon_core.shell:create_environment_hook('publisher_cpp', 'cmake_prefix_path')
[0.834s] INFO:colcon.colcon_core.shell:Creating environment hook '/home/host/ros_ws/src/install/publisher_cpp/share/publisher_cpp/hook/cmake_prefix_path.ps1'
[0.835s] INFO:colcon.colcon_core.shell:Creating environment descriptor '/home/host/ros_ws/src/install/publisher_cpp/share/publisher_cpp/hook/cmake_prefix_path.dsv'
[0.836s] INFO:colcon.colcon_core.shell:Creating environment hook '/home/host/ros_ws/src/install/publisher_cpp/share/publisher_cpp/hook/cmake_prefix_path.sh'
[0.837s] Level 1:colcon.colcon_core.environment:checking '/home/host/ros_ws/src/install/publisher_cpp/lib'
[0.838s] Level 1:colcon.colcon_core.environment:checking '/home/host/ros_ws/src/install/publisher_cpp/bin'
[0.838s] Level 1:colcon.colcon_core.environment:checking '/home/host/ros_ws/src/install/publisher_cpp/lib/pkgconfig/publisher_cpp.pc'
[0.839s] Level 1:colcon.colcon_core.environment:checking '/home/host/ros_ws/src/install/publisher_cpp/lib/python3.12/site-packages'
[0.840s] Level 1:colcon.colcon_core.environment:checking '/home/host/ros_ws/src/install/publisher_cpp/bin'
[0.840s] INFO:colcon.colcon_core.shell:Creating package script '/home/host/ros_ws/src/install/publisher_cpp/share/publisher_cpp/package.ps1'
[0.843s] INFO:colcon.colcon_core.shell:Creating package descriptor '/home/host/ros_ws/src/install/publisher_cpp/share/publisher_cpp/package.dsv'
[0.845s] INFO:colcon.colcon_core.shell:Creating package script '/home/host/ros_ws/src/install/publisher_cpp/share/publisher_cpp/package.sh'
[0.847s] INFO:colcon.colcon_core.shell:Creating package script '/home/host/ros_ws/src/install/publisher_cpp/share/publisher_cpp/package.bash'
[0.849s] INFO:colcon.colcon_core.shell:Creating package script '/home/host/ros_ws/src/install/publisher_cpp/share/publisher_cpp/package.zsh'
[0.850s] Level 1:colcon.colcon_core.environment:create_file_with_runtime_dependencies(/home/host/ros_ws/src/install/publisher_cpp/share/colcon-core/packages/publisher_cpp)
[0.855s] Level 1:colcon.colcon_core.environment:create_environment_scripts_only(publisher_cpp)
[0.856s] Level 1:colcon.colcon_core.environment:checking '/home/host/ros_ws/src/install/publisher_cpp' for CMake module files
[0.857s] Level 1:colcon.colcon_core.environment:checking '/home/host/ros_ws/src/install/publisher_cpp' for CMake config files
[0.857s] Level 1:colcon.colcon_core.shell:create_environment_hook('publisher_cpp', 'cmake_prefix_path')
[0.858s] INFO:colcon.colcon_core.shell:Creating environment hook '/home/host/ros_ws/src/install/publisher_cpp/share/publisher_cpp/hook/cmake_prefix_path.ps1'
[0.859s] INFO:colcon.colcon_core.shell:Creating environment descriptor '/home/host/ros_ws/src/install/publisher_cpp/share/publisher_cpp/hook/cmake_prefix_path.dsv'
[0.860s] INFO:colcon.colcon_core.shell:Creating environment hook '/home/host/ros_ws/src/install/publisher_cpp/share/publisher_cpp/hook/cmake_prefix_path.sh'
[0.861s] Level 1:colcon.colcon_core.environment:checking '/home/host/ros_ws/src/install/publisher_cpp/lib'
[0.862s] Level 1:colcon.colcon_core.environment:checking '/home/host/ros_ws/src/install/publisher_cpp/bin'
[0.862s] Level 1:colcon.colcon_core.environment:checking '/home/host/ros_ws/src/install/publisher_cpp/lib/pkgconfig/publisher_cpp.pc'
[0.862s] Level 1:colcon.colcon_core.environment:checking '/home/host/ros_ws/src/install/publisher_cpp/lib/python3.12/site-packages'
[0.863s] Level 1:colcon.colcon_core.environment:checking '/home/host/ros_ws/src/install/publisher_cpp/bin'
[0.864s] INFO:colcon.colcon_core.shell:Creating package script '/home/host/ros_ws/src/install/publisher_cpp/share/publisher_cpp/package.ps1'
[0.865s] INFO:colcon.colcon_core.shell:Creating package descriptor '/home/host/ros_ws/src/install/publisher_cpp/share/publisher_cpp/package.dsv'
[0.866s] INFO:colcon.colcon_core.shell:Creating package script '/home/host/ros_ws/src/install/publisher_cpp/share/publisher_cpp/package.sh'
[0.868s] INFO:colcon.colcon_core.shell:Creating package script '/home/host/ros_ws/src/install/publisher_cpp/share/publisher_cpp/package.bash'
[0.869s] INFO:colcon.colcon_core.shell:Creating package script '/home/host/ros_ws/src/install/publisher_cpp/share/publisher_cpp/package.zsh'
[0.870s] Level 1:colcon.colcon_core.environment:create_file_with_runtime_dependencies(/home/host/ros_ws/src/install/publisher_cpp/share/colcon-core/packages/publisher_cpp)
[0.940s] DEBUG:colcon.colcon_core.event_handler.log_command:Invoked command in '/home/host/ros_ws/src/build/subscriber_cpp' returned '0': CMAKE_PREFIX_PATH=${CMAKE_PREFIX_PATH}:/home/host/ros_ws/src/install/python_nodes:/home/host/ros_ws/install/python_nodes:/opt/ros/jazzy PS1=(ROS_ID=$ROS_DOMAIN_ID) \u@\h:\w$ /usr/bin/cmake --build /home/host/ros_ws/src/build/subscriber_cpp -- -j12 -l12
[0.944s] DEBUG:colcon.colcon_core.event_handler.log_command:Invoking command in '/home/host/ros_ws/src/build/subscriber_cpp': CMAKE_PREFIX_PATH=${CMAKE_PREFIX_PATH}:/home/host/ros_ws/src/install/python_nodes:/home/host/ros_ws/install/python_nodes:/opt/ros/jazzy PS1=(ROS_ID=$ROS_DOMAIN_ID) \u@\h:\w$ /usr/bin/cmake --install /home/host/ros_ws/src/build/subscriber_cpp
[1.022s] DEBUG:colcon.colcon_core.event_handler.log_command:Invoked command in '/home/host/ros_ws/src/build/tutoria_cpp_publisher' returned '0': CMAKE_PREFIX_PATH=${CMAKE_PREFIX_PATH}:/home/host/ros_ws/src/install/python_nodes:/home/host/ros_ws/install/python_nodes:/opt/ros/jazzy PS1=(ROS_ID=$ROS_DOMAIN_ID) \u@\h:\w$ /usr/bin/cmake --build /home/host/ros_ws/src/build/tutoria_cpp_publisher -- -j12 -l12
[1.026s] DEBUG:colcon.colcon_core.event_handler.log_command:Invoking command in '/home/host/ros_ws/src/build/tutoria_cpp_publisher': CMAKE_PREFIX_PATH=${CMAKE_PREFIX_PATH}:/home/host/ros_ws/src/install/python_nodes:/home/host/ros_ws/install/python_nodes:/opt/ros/jazzy PS1=(ROS_ID=$ROS_DOMAIN_ID) \u@\h:\w$ /usr/bin/cmake --install /home/host/ros_ws/src/build/tutoria_cpp_publisher
[1.029s] Level 1:colcon.colcon_core.environment:create_environment_scripts_only(subscriber_cpp)
[1.030s] Level 1:colcon.colcon_core.environment:checking '/home/host/ros_ws/src/install/subscriber_cpp' for CMake module files
[1.032s] DEBUG:colcon.colcon_core.event_handler.log_command:Invoked command in '/home/host/ros_ws/src/build/subscriber_cpp' returned '0': CMAKE_PREFIX_PATH=${CMAKE_PREFIX_PATH}:/home/host/ros_ws/src/install/python_nodes:/home/host/ros_ws/install/python_nodes:/opt/ros/jazzy PS1=(ROS_ID=$ROS_DOMAIN_ID) \u@\h:\w$ /usr/bin/cmake --install /home/host/ros_ws/src/build/subscriber_cpp
[1.033s] Level 1:colcon.colcon_core.environment:checking '/home/host/ros_ws/src/install/subscriber_cpp' for CMake config files
[1.034s] Level 1:colcon.colcon_core.shell:create_environment_hook('subscriber_cpp', 'cmake_prefix_path')
[1.035s] INFO:colcon.colcon_core.shell:Creating environment hook '/home/host/ros_ws/src/install/subscriber_cpp/share/subscriber_cpp/hook/cmake_prefix_path.ps1'
[1.037s] INFO:colcon.colcon_core.shell:Creating environment descriptor '/home/host/ros_ws/src/install/subscriber_cpp/share/subscriber_cpp/hook/cmake_prefix_path.dsv'
[1.040s] INFO:colcon.colcon_core.shell:Creating environment hook '/home/host/ros_ws/src/install/subscriber_cpp/share/subscriber_cpp/hook/cmake_prefix_path.sh'
[1.042s] Level 1:colcon.colcon_core.environment:checking '/home/host/ros_ws/src/install/subscriber_cpp/lib'
[1.042s] Level 1:colcon.colcon_core.environment:checking '/home/host/ros_ws/src/install/subscriber_cpp/bin'
[1.043s] Level 1:colcon.colcon_core.environment:checking '/home/host/ros_ws/src/install/subscriber_cpp/lib/pkgconfig/subscriber_cpp.pc'
[1.044s] Level 1:colcon.colcon_core.environment:checking '/home/host/ros_ws/src/install/subscriber_cpp/lib/python3.12/site-packages'
[1.045s] Level 1:colcon.colcon_core.environment:checking '/home/host/ros_ws/src/install/subscriber_cpp/bin'
[1.046s] INFO:colcon.colcon_core.shell:Creating package script '/home/host/ros_ws/src/install/subscriber_cpp/share/subscriber_cpp/package.ps1'
[1.049s] INFO:colcon.colcon_core.shell:Creating package descriptor '/home/host/ros_ws/src/install/subscriber_cpp/share/subscriber_cpp/package.dsv'
[1.053s] INFO:colcon.colcon_core.shell:Creating package script '/home/host/ros_ws/src/install/subscriber_cpp/share/subscriber_cpp/package.sh'
[1.059s] INFO:colcon.colcon_core.shell:Creating package script '/home/host/ros_ws/src/install/subscriber_cpp/share/subscriber_cpp/package.bash'
[1.061s] INFO:colcon.colcon_core.shell:Creating package script '/home/host/ros_ws/src/install/subscriber_cpp/share/subscriber_cpp/package.zsh'
[1.063s] Level 1:colcon.colcon_core.environment:create_file_with_runtime_dependencies(/home/host/ros_ws/src/install/subscriber_cpp/share/colcon-core/packages/subscriber_cpp)
[1.066s] Level 1:colcon.colcon_core.environment:create_environment_scripts_only(subscriber_cpp)
[1.070s] Level 1:colcon.colcon_core.environment:checking '/home/host/ros_ws/src/install/subscriber_cpp' for CMake module files
[1.076s] Level 1:colcon.colcon_core.environment:checking '/home/host/ros_ws/src/install/subscriber_cpp' for CMake config files
[1.080s] Level 1:colcon.colcon_core.shell:create_environment_hook('subscriber_cpp', 'cmake_prefix_path')
[1.081s] INFO:colcon.colcon_core.shell:Creating environment hook '/home/host/ros_ws/src/install/subscriber_cpp/share/subscriber_cpp/hook/cmake_prefix_path.ps1'
[1.083s] INFO:colcon.colcon_core.shell:Creating environment descriptor '/home/host/ros_ws/src/install/subscriber_cpp/share/subscriber_cpp/hook/cmake_prefix_path.dsv'
[1.085s] INFO:colcon.colcon_core.shell:Creating environment hook '/home/host/ros_ws/src/install/subscriber_cpp/share/subscriber_cpp/hook/cmake_prefix_path.sh'
[1.087s] Level 1:colcon.colcon_core.environment:checking '/home/host/ros_ws/src/install/subscriber_cpp/lib'
[1.088s] Level 1:colcon.colcon_core.environment:checking '/home/host/ros_ws/src/install/subscriber_cpp/bin'
[1.088s] Level 1:colcon.colcon_core.environment:checking '/home/host/ros_ws/src/install/subscriber_cpp/lib/pkgconfig/subscriber_cpp.pc'
[1.089s] Level 1:colcon.colcon_core.environment:checking '/home/host/ros_ws/src/install/subscriber_cpp/lib/python3.12/site-packages'
[1.090s] Level 1:colcon.colcon_core.environment:checking '/home/host/ros_ws/src/install/subscriber_cpp/bin'
[1.092s] INFO:colcon.colcon_core.shell:Creating package script '/home/host/ros_ws/src/install/subscriber_cpp/share/subscriber_cpp/package.ps1'
[1.096s] INFO:colcon.colcon_core.shell:Creating package descriptor '/home/host/ros_ws/src/install/subscriber_cpp/share/subscriber_cpp/package.dsv'
[1.099s] INFO:colcon.colcon_core.shell:Creating package script '/home/host/ros_ws/src/install/subscriber_cpp/share/subscriber_cpp/package.sh'
[1.102s] INFO:colcon.colcon_core.shell:Creating package script '/home/host/ros_ws/src/install/subscriber_cpp/share/subscriber_cpp/package.bash'
[1.104s] INFO:colcon.colcon_core.shell:Creating package script '/home/host/ros_ws/src/install/subscriber_cpp/share/subscriber_cpp/package.zsh'
[1.106s] Level 1:colcon.colcon_core.environment:create_file_with_runtime_dependencies(/home/host/ros_ws/src/install/subscriber_cpp/share/colcon-core/packages/subscriber_cpp)
[1.110s] Level 1:colcon.colcon_core.environment:create_environment_scripts_only(tutoria_cpp_publisher)
[1.111s] Level 1:colcon.colcon_core.environment:checking '/home/host/ros_ws/src/install/tutoria_cpp_publisher' for CMake module files
[1.114s] DEBUG:colcon.colcon_core.event_handler.log_command:Invoked command in '/home/host/ros_ws/src/build/tutoria_cpp_publisher' returned '0': CMAKE_PREFIX_PATH=${CMAKE_PREFIX_PATH}:/home/host/ros_ws/src/install/python_nodes:/home/host/ros_ws/install/python_nodes:/opt/ros/jazzy PS1=(ROS_ID=$ROS_DOMAIN_ID) \u@\h:\w$ /usr/bin/cmake --install /home/host/ros_ws/src/build/tutoria_cpp_publisher
[1.119s] Level 1:colcon.colcon_core.environment:checking '/home/host/ros_ws/src/install/tutoria_cpp_publisher' for CMake config files
[1.122s] Level 1:colcon.colcon_core.shell:create_environment_hook('tutoria_cpp_publisher', 'cmake_prefix_path')
[1.123s] INFO:colcon.colcon_core.shell:Creating environment hook '/home/host/ros_ws/src/install/tutoria_cpp_publisher/share/tutoria_cpp_publisher/hook/cmake_prefix_path.ps1'
[1.126s] INFO:colcon.colcon_core.shell:Creating environment descriptor '/home/host/ros_ws/src/install/tutoria_cpp_publisher/share/tutoria_cpp_publisher/hook/cmake_prefix_path.dsv'
[1.128s] INFO:colcon.colcon_core.shell:Creating environment hook '/home/host/ros_ws/src/install/tutoria_cpp_publisher/share/tutoria_cpp_publisher/hook/cmake_prefix_path.sh'
[1.130s] Level 1:colcon.colcon_core.environment:checking '/home/host/ros_ws/src/install/tutoria_cpp_publisher/lib'
[1.131s] Level 1:colcon.colcon_core.environment:checking '/home/host/ros_ws/src/install/tutoria_cpp_publisher/bin'
[1.131s] Level 1:colcon.colcon_core.environment:checking '/home/host/ros_ws/src/install/tutoria_cpp_publisher/lib/pkgconfig/tutoria_cpp_publisher.pc'
[1.132s] Level 1:colcon.colcon_core.environment:checking '/home/host/ros_ws/src/install/tutoria_cpp_publisher/lib/python3.12/site-packages'
[1.134s] Level 1:colcon.colcon_core.environment:checking '/home/host/ros_ws/src/install/tutoria_cpp_publisher/bin'
[1.135s] INFO:colcon.colcon_core.shell:Creating package script '/home/host/ros_ws/src/install/tutoria_cpp_publisher/share/tutoria_cpp_publisher/package.ps1'
[1.138s] INFO:colcon.colcon_core.shell:Creating package descriptor '/home/host/ros_ws/src/install/tutoria_cpp_publisher/share/tutoria_cpp_publisher/package.dsv'
[1.140s] INFO:colcon.colcon_core.shell:Creating package script '/home/host/ros_ws/src/install/tutoria_cpp_publisher/share/tutoria_cpp_publisher/package.sh'
[1.142s] INFO:colcon.colcon_core.shell:Creating package script '/home/host/ros_ws/src/install/tutoria_cpp_publisher/share/tutoria_cpp_publisher/package.bash'
[1.144s] INFO:colcon.colcon_core.shell:Creating package script '/home/host/ros_ws/src/install/tutoria_cpp_publisher/share/tutoria_cpp_publisher/package.zsh'
[1.146s] Level 1:colcon.colcon_core.environment:create_file_with_runtime_dependencies(/home/host/ros_ws/src/install/tutoria_cpp_publisher/share/colcon-core/packages/tutoria_cpp_publisher)
[1.148s] Level 1:colcon.colcon_core.environment:create_environment_scripts_only(tutoria_cpp_publisher)
[1.149s] Level 1:colcon.colcon_core.environment:checking '/home/host/ros_ws/src/install/tutoria_cpp_publisher' for CMake module files
[1.151s] Level 1:colcon.colcon_core.environment:checking '/home/host/ros_ws/src/install/tutoria_cpp_publisher' for CMake config files
[1.153s] Level 1:colcon.colcon_core.shell:create_environment_hook('tutoria_cpp_publisher', 'cmake_prefix_path')
[1.154s] INFO:colcon.colcon_core.shell:Creating environment hook '/home/host/ros_ws/src/install/tutoria_cpp_publisher/share/tutoria_cpp_publisher/hook/cmake_prefix_path.ps1'
[1.156s] INFO:colcon.colcon_core.shell:Creating environment descriptor '/home/host/ros_ws/src/install/tutoria_cpp_publisher/share/tutoria_cpp_publisher/hook/cmake_prefix_path.dsv'
[1.157s] INFO:colcon.colcon_core.shell:Creating environment hook '/home/host/ros_ws/src/install/tutoria_cpp_publisher/share/tutoria_cpp_publisher/hook/cmake_prefix_path.sh'
[1.159s] Level 1:colcon.colcon_core.environment:checking '/home/host/ros_ws/src/install/tutoria_cpp_publisher/lib'
[1.159s] Level 1:colcon.colcon_core.environment:checking '/home/host/ros_ws/src/install/tutoria_cpp_publisher/bin'
[1.160s] Level 1:colcon.colcon_core.environment:checking '/home/host/ros_ws/src/install/tutoria_cpp_publisher/lib/pkgconfig/tutoria_cpp_publisher.pc'
[1.160s] Level 1:colcon.colcon_core.environment:checking '/home/host/ros_ws/src/install/tutoria_cpp_publisher/lib/python3.12/site-packages'
[1.161s] Level 1:colcon.colcon_core.environment:checking '/home/host/ros_ws/src/install/tutoria_cpp_publisher/bin'
[1.162s] INFO:colcon.colcon_core.shell:Creating package script '/home/host/ros_ws/src/install/tutoria_cpp_publisher/share/tutoria_cpp_publisher/package.ps1'
[1.164s] INFO:colcon.colcon_core.shell:Creating package descriptor '/home/host/ros_ws/src/install/tutoria_cpp_publisher/share/tutoria_cpp_publisher/package.dsv'
[1.166s] INFO:colcon.colcon_core.shell:Creating package script '/home/host/ros_ws/src/install/tutoria_cpp_publisher/share/tutoria_cpp_publisher/package.sh'
[1.168s] INFO:colcon.colcon_core.shell:Creating package script '/home/host/ros_ws/src/install/tutoria_cpp_publisher/share/tutoria_cpp_publisher/package.bash'
[1.169s] INFO:colcon.colcon_core.shell:Creating package script '/home/host/ros_ws/src/install/tutoria_cpp_publisher/share/tutoria_cpp_publisher/package.zsh'
[1.171s] Level 1:colcon.colcon_core.environment:create_file_with_runtime_dependencies(/home/host/ros_ws/src/install/tutoria_cpp_publisher/share/colcon-core/packages/tutoria_cpp_publisher)
[1.946s] DEBUG:colcon.colcon_core.task.python.build:Available setuptools commands: register, install_data, build_ext, egg_info, easy_install, bdist_rpm, develop, sdist, editable_wheel, rotate, install_scripts, symlink_data, build, install_lib, build_scripts, upload, alias, build_py, bdist_wheel, dist_info, test, clean, bdist, check, bdist_egg, saveopts, upload_docs, setopt, install, build_clib, install_headers, install_egg_info, bdist_dumb
[2.727s] DEBUG:colcon.colcon_core.task.python.build:Available setuptools 'develop' options: --user, --uninstall, --optimize, --find-links, --install-dir, --local-snapshots-ok, --no-find-links, --force-installation-into-system-dir, --allow-hosts, --quiet, --site-dirs, --index-url, --dry-run, --editable, --multi-version, --no-deps, --no-user-cfg, --upgrade, --verbose, --help, --version, --exclude-scripts, --prefix, --egg-path, --record, --script-dir, --always-unzip, --zip-ok, --build-directory, --install-layout, --always-copy
[2.731s] DEBUG:colcon.colcon_core.event_handler.log_command:Invoking command in '/home/host/ros_ws/src/build/python_nodes': PS1=(ROS_ID=$ROS_DOMAIN_ID) \u@\h:\w$ PYTHONPATH=/home/host/ros_ws/src/build/python_nodes/prefix_override:/usr/lib/python3/dist-packages/colcon_core/task/python/colcon_distutils_commands:/home/host/ros_ws/src/install/python_nodes/lib/python3.12/site-packages:${PYTHONPATH} /usr/bin/python3 -W ignore:setup.py install is deprecated -W ignore:easy_install command is deprecated setup.py develop --editable --build-directory /home/host/ros_ws/src/build/python_nodes/build --no-deps symlink_data
[4.353s] Level 1:colcon.colcon_core.shell:create_environment_hook('python_nodes', 'pythonpath_develop')
[4.354s] INFO:colcon.colcon_core.shell:Creating environment hook '/home/host/ros_ws/src/build/python_nodes/share/python_nodes/hook/pythonpath_develop.ps1'
[4.355s] DEBUG:colcon.colcon_core.event_handler.log_command:Invoked command in '/home/host/ros_ws/src/build/python_nodes' returned '0': PS1=(ROS_ID=$ROS_DOMAIN_ID) \u@\h:\w$ PYTHONPATH=/home/host/ros_ws/src/build/python_nodes/prefix_override:/usr/lib/python3/dist-packages/colcon_core/task/python/colcon_distutils_commands:/home/host/ros_ws/src/install/python_nodes/lib/python3.12/site-packages:${PYTHONPATH} /usr/bin/python3 -W ignore:setup.py install is deprecated -W ignore:easy_install command is deprecated setup.py develop --editable --build-directory /home/host/ros_ws/src/build/python_nodes/build --no-deps symlink_data
[4.356s] INFO:colcon.colcon_core.shell:Creating environment descriptor '/home/host/ros_ws/src/build/python_nodes/share/python_nodes/hook/pythonpath_develop.dsv'
[4.357s] INFO:colcon.colcon_core.shell:Creating environment hook '/home/host/ros_ws/src/build/python_nodes/share/python_nodes/hook/pythonpath_develop.sh'
[4.358s] Level 1:colcon.colcon_core.environment:checking '/home/host/ros_ws/src/install/python_nodes' for CMake module files
[4.359s] Level 1:colcon.colcon_core.environment:checking '/home/host/ros_ws/src/install/python_nodes' for CMake config files
[4.360s] Level 1:colcon.colcon_core.environment:checking '/home/host/ros_ws/src/install/python_nodes/lib'
[4.360s] Level 1:colcon.colcon_core.environment:checking '/home/host/ros_ws/src/install/python_nodes/bin'
[4.361s] Level 1:colcon.colcon_core.environment:checking '/home/host/ros_ws/src/install/python_nodes/lib/pkgconfig/python_nodes.pc'
[4.361s] Level 1:colcon.colcon_core.environment:checking '/home/host/ros_ws/src/install/python_nodes/lib/python3.12/site-packages'
[4.361s] Level 1:colcon.colcon_core.shell:create_environment_hook('python_nodes', 'pythonpath')
[4.362s] INFO:colcon.colcon_core.shell:Creating environment hook '/home/host/ros_ws/src/install/python_nodes/share/python_nodes/hook/pythonpath.ps1'
[4.363s] INFO:colcon.colcon_core.shell:Creating environment descriptor '/home/host/ros_ws/src/install/python_nodes/share/python_nodes/hook/pythonpath.dsv'
[4.364s] INFO:colcon.colcon_core.shell:Creating environment hook '/home/host/ros_ws/src/install/python_nodes/share/python_nodes/hook/pythonpath.sh'
[4.365s] Level 1:colcon.colcon_core.environment:checking '/home/host/ros_ws/src/install/python_nodes/bin'
[4.365s] Level 1:colcon.colcon_core.environment:create_environment_scripts_only(python_nodes)
[4.366s] INFO:colcon.colcon_core.shell:Creating package script '/home/host/ros_ws/src/install/python_nodes/share/python_nodes/package.ps1'
[4.367s] INFO:colcon.colcon_core.shell:Creating package descriptor '/home/host/ros_ws/src/install/python_nodes/share/python_nodes/package.dsv'
[4.369s] INFO:colcon.colcon_core.shell:Creating package script '/home/host/ros_ws/src/install/python_nodes/share/python_nodes/package.sh'
[4.370s] INFO:colcon.colcon_core.shell:Creating package script '/home/host/ros_ws/src/install/python_nodes/share/python_nodes/package.bash'
[4.371s] INFO:colcon.colcon_core.shell:Creating package script '/home/host/ros_ws/src/install/python_nodes/share/python_nodes/package.zsh'
[4.372s] Level 1:colcon.colcon_core.environment:create_file_with_runtime_dependencies(/home/host/ros_ws/src/install/python_nodes/share/colcon-core/packages/python_nodes)
[4.373s] DEBUG:colcon.colcon_parallel_executor.executor.parallel:closing loop
[4.373s] DEBUG:colcon.colcon_parallel_executor.executor.parallel:loop closed
[4.374s] DEBUG:colcon.colcon_parallel_executor.executor.parallel:run_until_complete finished with '0'
[4.374s] DEBUG:colcon.colcon_core.event_reactor:joining thread
[4.395s] INFO:colcon.colcon_core.plugin_system:Skipping extension 'colcon_notification.desktop_notification.notify_send': Could not find 'notify-send'
[4.396s] INFO:colcon.colcon_core.plugin_system:Skipping extension 'colcon_notification.desktop_notification.terminal_notifier': Not used on non-Darwin systems
[4.397s] INFO:colcon.colcon_core.plugin_system:Skipping extension 'colcon_notification.desktop_notification.win32': Not used on non-Windows systems
[4.397s] INFO:colcon.colcon_notification.desktop_notification:Sending desktop notification using 'notify2'
[4.405s] DEBUG:colcon.colcon_notification.desktop_notification.notify2:Failed to initialize notify2: org.freedesktop.DBus.Error.Spawn.ExecFailed: /usr/bin/dbus-launch terminated abnormally without any error message
[4.406s] DEBUG:colcon.colcon_core.event_reactor:joined thread
[4.408s] INFO:colcon.colcon_core.shell:Creating prefix script '/home/host/ros_ws/src/install/local_setup.ps1'
[4.412s] INFO:colcon.colcon_core.shell:Creating prefix util module '/home/host/ros_ws/src/install/_local_setup_util_ps1.py'
[4.417s] INFO:colcon.colcon_core.shell:Creating prefix chain script '/home/host/ros_ws/src/install/setup.ps1'
[4.423s] INFO:colcon.colcon_core.shell:Creating prefix script '/home/host/ros_ws/src/install/local_setup.sh'
[4.425s] INFO:colcon.colcon_core.shell:Creating prefix util module '/home/host/ros_ws/src/install/_local_setup_util_sh.py'
[4.427s] INFO:colcon.colcon_core.shell:Creating prefix chain script '/home/host/ros_ws/src/install/setup.sh'
[4.431s] INFO:colcon.colcon_core.shell:Creating prefix script '/home/host/ros_ws/src/install/local_setup.bash'
[4.433s] INFO:colcon.colcon_core.shell:Creating prefix chain script '/home/host/ros_ws/src/install/setup.bash'
[4.437s] INFO:colcon.colcon_core.shell:Creating prefix script '/home/host/ros_ws/src/install/local_setup.zsh'
[4.438s] INFO:colcon.colcon_core.shell:Creating prefix chain script '/home/host/ros_ws/src/install/setup.zsh'
