[0.435s] Invoking command in '/home/host/ros_ws/src/build/subscriber_cpp': CMAKE_PREFIX_PATH=${CMAKE_PREFIX_PATH}:/home/host/ros_ws/src/install/python_nodes:/home/host/ros_ws/install/python_nodes:/opt/ros/jazzy PS1=(ROS_ID=$ROS_DOMAIN_ID) \u@\h:\w$ /usr/bin/cmake --build /home/host/ros_ws/src/build/subscriber_cpp -- -j12 -l12
[0.634s] [100%] Built target subscriber_node
[0.664s] Invoked command in '/home/host/ros_ws/src/build/subscriber_cpp' returned '0': CMAKE_PREFIX_PATH=${CMAKE_PREFIX_PATH}:/home/host/ros_ws/src/install/python_nodes:/home/host/ros_ws/install/python_nodes:/opt/ros/jazzy PS1=(ROS_ID=$ROS_DOMAIN_ID) \u@\h:\w$ /usr/bin/cmake --build /home/host/ros_ws/src/build/subscriber_cpp -- -j12 -l12
[0.668s] Invoking command in '/home/host/ros_ws/src/build/subscriber_cpp': CMAKE_PREFIX_PATH=${CMAKE_PREFIX_PATH}:/home/host/ros_ws/src/install/python_nodes:/home/host/ros_ws/install/python_nodes:/opt/ros/jazzy PS1=(ROS_ID=$ROS_DOMAIN_ID) \u@\h:\w$ /usr/bin/cmake --install /home/host/ros_ws/src/build/subscriber_cpp
[0.687s] -- Install configuration: ""
[0.688s] -- Execute custom install script
[0.689s] -- Up-to-date symlink: /home/host/ros_ws/src/install/subscriber_cpp/lib/subscriber_cpp/subscriber_node
[0.689s] -- Up-to-date symlink: /home/host/ros_ws/src/install/subscriber_cpp/share/ament_index/resource_index/package_run_dependencies/subscriber_cpp
[0.690s] -- Up-to-date symlink: /home/host/ros_ws/src/install/subscriber_cpp/share/ament_index/resource_index/parent_prefix_path/subscriber_cpp
[0.690s] -- Up-to-date symlink: /home/host/ros_ws/src/install/subscriber_cpp/share/subscriber_cpp/environment/ament_prefix_path.sh
[0.691s] -- Up-to-date symlink: /home/host/ros_ws/src/install/subscriber_cpp/share/subscriber_cpp/environment/ament_prefix_path.dsv
[0.691s] -- Up-to-date symlink: /home/host/ros_ws/src/install/subscriber_cpp/share/subscriber_cpp/environment/path.sh
[0.692s] -- Up-to-date symlink: /home/host/ros_ws/src/install/subscriber_cpp/share/subscriber_cpp/environment/path.dsv
[0.692s] -- Up-to-date symlink: /home/host/ros_ws/src/install/subscriber_cpp/share/subscriber_cpp/local_setup.bash
[0.692s] -- Up-to-date symlink: /home/host/ros_ws/src/install/subscriber_cpp/share/subscriber_cpp/local_setup.sh
[0.693s] -- Up-to-date symlink: /home/host/ros_ws/src/install/subscriber_cpp/share/subscriber_cpp/local_setup.zsh
[0.693s] -- Up-to-date symlink: /home/host/ros_ws/src/install/subscriber_cpp/share/subscriber_cpp/local_setup.dsv
[0.693s] -- Symlinking: /home/host/ros_ws/src/install/subscriber_cpp/share/subscriber_cpp/package.dsv
[0.721s] -- Up-to-date symlink: /home/host/ros_ws/src/install/subscriber_cpp/share/ament_index/resource_index/packages/subscriber_cpp
[0.721s] -- Up-to-date symlink: /home/host/ros_ws/src/install/subscriber_cpp/share/subscriber_cpp/cmake/subscriber_cppConfig.cmake
[0.722s] -- Up-to-date symlink: /home/host/ros_ws/src/install/subscriber_cpp/share/subscriber_cpp/cmake/subscriber_cppConfig-version.cmake
[0.722s] -- Up-to-date symlink: /home/host/ros_ws/src/install/subscriber_cpp/share/subscriber_cpp/package.xml
[0.728s] Invoked command in '/home/host/ros_ws/src/build/subscriber_cpp' returned '0': CMAKE_PREFIX_PATH=${CMAKE_PREFIX_PATH}:/home/host/ros_ws/src/install/python_nodes:/home/host/ros_ws/install/python_nodes:/opt/ros/jazzy PS1=(ROS_ID=$ROS_DOMAIN_ID) \u@\h:\w$ /usr/bin/cmake --install /home/host/ros_ws/src/build/subscriber_cpp
