[0.035s] Invoking command in '/home/host/ros_ws/src/build/publisher_cpp': CMAKE_PREFIX_PATH=${CMAKE_PREFIX_PATH}:/home/host/ros_ws/install/python_nodes:/opt/ros/jazzy PS1=(ROS_ID=$ROS_DOMAIN_ID) \u@\h:\w$ /usr/bin/cmake /home/host/ros_ws/src/publisher_cpp -DAMENT_CMAKE_SYMLINK_INSTALL=1 -DCMAKE_INSTALL_PREFIX=/home/host/ros_ws/src/install/publisher_cpp
[0.343s] -- The C compiler identification is GNU 13.3.0
[0.644s] -- The CXX compiler identification is GNU 13.3.0
[0.670s] -- Detecting C compiler ABI info
[0.851s] -- Detecting C compiler ABI info - done
[0.868s] -- Check for working C compiler: /usr/bin/cc - skipped
[0.869s] -- Detecting C compile features
[0.870s] -- Detecting C compile features - done
[0.894s] -- Detecting CXX compiler ABI info
[1.155s] -- Detecting CXX compiler ABI info - done
[1.192s] -- Check for working CXX compiler: /usr/bin/c++ - skipped
[1.193s] -- Detecting CXX compile features
[1.194s] -- Detecting CXX compile features - done
[1.251s] -- Found ament_cmake: 2.5.6 (/opt/ros/jazzy/share/ament_cmake/cmake)
[1.598s] -- Found Python3: /usr/bin/python3 (found version "3.12.3") found components: Interpreter 
[1.856s] -- Override CMake install command with custom implementation using symlinks instead of copying resources
[2.035s] -- Found rclcpp: 28.1.21 (/opt/ros/jazzy/share/rclcpp/cmake)
[2.184s] -- Found rosidl_generator_c: 4.6.9 (/opt/ros/jazzy/share/rosidl_generator_c/cmake)
[2.262s] -- Found rosidl_generator_cpp: 4.6.9 (/opt/ros/jazzy/share/rosidl_generator_cpp/cmake)
[2.365s] -- Using all available rosidl_typesupport_c: rosidl_typesupport_fastrtps_c;rosidl_typesupport_introspection_c
[2.423s] -- Using all available rosidl_typesupport_cpp: rosidl_typesupport_fastrtps_cpp;rosidl_typesupport_introspection_cpp
[2.754s] -- Found rmw_implementation_cmake: 7.3.3 (/opt/ros/jazzy/share/rmw_implementation_cmake/cmake)
[2.762s] -- Found rmw_fastrtps_cpp: 8.4.4 (/opt/ros/jazzy/share/rmw_fastrtps_cpp/cmake)
[3.030s] -- Found OpenSSL: /usr/lib/x86_64-linux-gnu/libcrypto.so (found version "3.0.13")  
[3.096s] -- Found FastRTPS: /opt/ros/jazzy/include (Required is at least version "2.13") 
[3.154s] -- Using RMW implementation 'rmw_fastrtps_cpp' as default
[3.355s] -- Found std_msgs: 5.3.8 (/opt/ros/jazzy/share/std_msgs/cmake)
[3.391s] -- Found ament_lint_auto: 0.17.5 (/opt/ros/jazzy/share/ament_lint_auto/cmake)
[3.517s] -- Added test 'cppcheck' to perform static code analysis on C / C++ code
[3.517s] -- Configured cppcheck include dirs: 
[3.517s] -- Configured cppcheck exclude dirs and/or files: 
[3.520s] -- Added test 'lint_cmake' to check CMake code style
[3.522s] -- Added test 'uncrustify' to check C / C++ code style
[3.522s] -- Configured uncrustify additional arguments: 
[3.524s] -- Added test 'xmllint' to check XML markup files
[3.528s] -- Configuring done (3.5s)
[3.543s] -- Generating done (0.0s)
[3.550s] -- Build files have been written to: /home/host/ros_ws/src/build/publisher_cpp
[3.563s] Invoked command in '/home/host/ros_ws/src/build/publisher_cpp' returned '0': CMAKE_PREFIX_PATH=${CMAKE_PREFIX_PATH}:/home/host/ros_ws/install/python_nodes:/opt/ros/jazzy PS1=(ROS_ID=$ROS_DOMAIN_ID) \u@\h:\w$ /usr/bin/cmake /home/host/ros_ws/src/publisher_cpp -DAMENT_CMAKE_SYMLINK_INSTALL=1 -DCMAKE_INSTALL_PREFIX=/home/host/ros_ws/src/install/publisher_cpp
[3.564s] Invoking command in '/home/host/ros_ws/src/build/publisher_cpp': CMAKE_PREFIX_PATH=${CMAKE_PREFIX_PATH}:/home/host/ros_ws/install/python_nodes:/opt/ros/jazzy PS1=(ROS_ID=$ROS_DOMAIN_ID) \u@\h:\w$ /usr/bin/cmake --build /home/host/ros_ws/src/build/publisher_cpp -- -j12 -l12
[3.624s] [ 50%] [32mBuilding CXX object CMakeFiles/publisher_node.dir/src/publisher_node.cpp.o[0m
[9.141s] [100%] [32m[1mLinking CXX executable publisher_node[0m
[9.600s] [100%] Built target publisher_node
[9.624s] Invoked command in '/home/host/ros_ws/src/build/publisher_cpp' returned '0': CMAKE_PREFIX_PATH=${CMAKE_PREFIX_PATH}:/home/host/ros_ws/install/python_nodes:/opt/ros/jazzy PS1=(ROS_ID=$ROS_DOMAIN_ID) \u@\h:\w$ /usr/bin/cmake --build /home/host/ros_ws/src/build/publisher_cpp -- -j12 -l12
[9.648s] Invoking command in '/home/host/ros_ws/src/build/publisher_cpp': CMAKE_PREFIX_PATH=${CMAKE_PREFIX_PATH}:/home/host/ros_ws/install/python_nodes:/opt/ros/jazzy PS1=(ROS_ID=$ROS_DOMAIN_ID) \u@\h:\w$ /usr/bin/cmake --install /home/host/ros_ws/src/build/publisher_cpp
[9.667s] -- Install configuration: ""
[9.668s] -- Execute custom install script
[9.668s] -- Symlinking: /home/host/ros_ws/src/install/publisher_cpp/lib/publisher_cpp/publisher_node
[9.694s] -- Symlinking: /home/host/ros_ws/src/install/publisher_cpp/share/ament_index/resource_index/package_run_dependencies/publisher_cpp
[9.722s] -- Symlinking: /home/host/ros_ws/src/install/publisher_cpp/share/ament_index/resource_index/parent_prefix_path/publisher_cpp
[9.749s] -- Symlinking: /home/host/ros_ws/src/install/publisher_cpp/share/publisher_cpp/environment/ament_prefix_path.sh
[9.776s] -- Symlinking: /home/host/ros_ws/src/install/publisher_cpp/share/publisher_cpp/environment/ament_prefix_path.dsv
[9.793s] -- Symlinking: /home/host/ros_ws/src/install/publisher_cpp/share/publisher_cpp/environment/path.sh
[9.806s] -- Symlinking: /home/host/ros_ws/src/install/publisher_cpp/share/publisher_cpp/environment/path.dsv
[9.815s] -- Symlinking: /home/host/ros_ws/src/install/publisher_cpp/share/publisher_cpp/local_setup.bash
[9.826s] -- Symlinking: /home/host/ros_ws/src/install/publisher_cpp/share/publisher_cpp/local_setup.sh
[9.837s] -- Symlinking: /home/host/ros_ws/src/install/publisher_cpp/share/publisher_cpp/local_setup.zsh
[9.844s] -- Symlinking: /home/host/ros_ws/src/install/publisher_cpp/share/publisher_cpp/local_setup.dsv
[9.859s] -- Symlinking: /home/host/ros_ws/src/install/publisher_cpp/share/publisher_cpp/package.dsv
[9.874s] -- Symlinking: /home/host/ros_ws/src/install/publisher_cpp/share/ament_index/resource_index/packages/publisher_cpp
[9.890s] -- Symlinking: /home/host/ros_ws/src/install/publisher_cpp/share/publisher_cpp/cmake/publisher_cppConfig.cmake
[9.905s] -- Symlinking: /home/host/ros_ws/src/install/publisher_cpp/share/publisher_cpp/cmake/publisher_cppConfig-version.cmake
[9.922s] -- Symlinking: /home/host/ros_ws/src/install/publisher_cpp/share/publisher_cpp/package.xml
[9.939s] Invoked command in '/home/host/ros_ws/src/build/publisher_cpp' returned '0': CMAKE_PREFIX_PATH=${CMAKE_PREFIX_PATH}:/home/host/ros_ws/install/python_nodes:/opt/ros/jazzy PS1=(ROS_ID=$ROS_DOMAIN_ID) \u@\h:\w$ /usr/bin/cmake --install /home/host/ros_ws/src/build/publisher_cpp
