[0.000000] (-) TimerEvent: {}
[0.000239] (publisher_cpp) JobQueued: {'identifier': 'publisher_cpp', 'dependencies': OrderedDict()}
[0.000301] (python_nodes) JobQueued: {'identifier': 'python_nodes', 'dependencies': OrderedDict()}
[0.000340] (publisher_cpp) JobStarted: {'identifier': 'publisher_cpp'}
[0.019470] (python_nodes) JobStarted: {'identifier': 'python_nodes'}
[0.032917] (publisher_cpp) JobProgress: {'identifier': 'publisher_cpp', 'progress': 'cmake'}
[0.034123] (publisher_cpp) Command: {'cmd': ['/usr/bin/cmake', '/home/host/ros_ws/src/publisher_cpp', '-DAMENT_CMAKE_SYMLINK_INSTALL=1', '-DCMAKE_INSTALL_PREFIX=/home/host/ros_ws/src/install/publisher_cpp'], 'cwd': '/home/host/ros_ws/src/build/publisher_cpp', 'env': OrderedDict({'GZ_SIM_RESOURCE_PATH': '/opt/ros/jazzy/share', 'GZ_CONFIG_PATH': '/opt/ros/jazzy/opt/gz_sim_vendor/share/gz:/opt/ros/jazzy/opt/sdformat_vendor/share/gz:/opt/ros/jazzy/opt/gz_gui_vendor/share/gz:/opt/ros/jazzy/opt/gz_transport_vendor/share/gz:/opt/ros/jazzy/opt/gz_rendering_vendor/share/gz:/opt/ros/jazzy/opt/gz_plugin_vendor/share/gz:/opt/ros/jazzy/opt/gz_fuel_tools_vendor/share/gz:/opt/ros/jazzy/opt/gz_msgs_vendor/share/gz:/opt/ros/jazzy/opt/gz_common_vendor/share/gz', 'HOSTNAME': 'laptop-linux-nardiber', 'SHLVL': '1', 'LD_LIBRARY_PATH': '/opt/ros/jazzy/opt/gz_sim_vendor/lib:/opt/ros/jazzy/opt/gz_sensors_vendor/lib:/opt/ros/jazzy/opt/gz_physics_vendor/lib:/opt/ros/jazzy/opt/sdformat_vendor/lib:/opt/ros/jazzy/opt/rviz_ogre_vendor/lib:/opt/ros/jazzy/lib/x86_64-linux-gnu:/opt/ros/jazzy/opt/gz_gui_vendor/lib:/opt/ros/jazzy/opt/gz_transport_vendor/lib:/opt/ros/jazzy/opt/gz_rendering_vendor/lib:/opt/ros/jazzy/opt/gz_plugin_vendor/lib:/opt/ros/jazzy/opt/gz_fuel_tools_vendor/lib:/opt/ros/jazzy/opt/gz_msgs_vendor/lib:/opt/ros/jazzy/opt/gz_common_vendor/lib:/opt/ros/jazzy/opt/gz_math_vendor/lib:/opt/ros/jazzy/opt/gz_utils_vendor/lib:/opt/ros/jazzy/opt/gz_tools_vendor/lib:/opt/ros/jazzy/opt/gz_ogre_next_vendor/lib:/opt/ros/jazzy/opt/gz_dartsim_vendor/lib:/opt/ros/jazzy/opt/gz_cmake_vendor/lib:/opt/ros/jazzy/lib', 'HOME': '/home/host', 'OLDPWD': '/home/host/ros_ws', 'ROS_PYTHON_VERSION': '3', 'PS1': '(ROS_ID=$ROS_DOMAIN_ID) \\u@\\h:\\w$', 'COLCON_PREFIX_PATH': '/home/host/ros_ws/install', 'ROS_DISTRO': 'jazzy', '_': '/usr/bin/colcon', 'ROS_VERSION': '2', 'TERM': 'xterm', 'QT_X11_NO_MITSHM': '1', 'PATH': '/opt/ros/jazzy/opt/gz_msgs_vendor/bin:/opt/ros/jazzy/opt/gz_tools_vendor/bin:/opt/ros/jazzy/opt/gz_ogre_next_vendor/bin:/opt/ros/jazzy/bin:/usr/local/sbin:/usr/local/bin:/usr/sbin:/usr/bin:/sbin:/bin', 'DISPLAY': ':0', 'LANG': 'C.UTF-8', 'ROS_DOMAIN_ID': '0', 'AMENT_PREFIX_PATH': '/home/host/ros_ws/install/python_nodes:/opt/ros/jazzy', 'DEBIAN_FRONTEND': 'noninteractive', 'ROS_AUTOMATIC_DISCOVERY_RANGE': 'SUBNET', 'PWD': '/home/host/ros_ws/src/build/publisher_cpp', 'LC_ALL': 'C.UTF-8', 'PYTHONPATH': '/home/host/ros_ws/install/python_nodes/lib/python3.12/site-packages:/opt/ros/jazzy/lib/python3.12/site-packages', 'COLCON': '1', 'CMAKE_PREFIX_PATH': '/opt/ros/jazzy/opt/gz_sim_vendor:/opt/ros/jazzy/opt/gz_sensors_vendor:/opt/ros/jazzy/opt/gz_physics_vendor:/opt/ros/jazzy/opt/sdformat_vendor:/opt/ros/jazzy/opt/gz_gui_vendor:/opt/ros/jazzy/opt/gz_transport_vendor:/opt/ros/jazzy/opt/gz_rendering_vendor:/opt/ros/jazzy/opt/gz_plugin_vendor:/opt/ros/jazzy/opt/gz_fuel_tools_vendor:/opt/ros/jazzy/opt/gz_msgs_vendor:/opt/ros/jazzy/opt/gz_common_vendor:/opt/ros/jazzy/opt/gz_math_vendor:/opt/ros/jazzy/opt/gz_utils_vendor:/opt/ros/jazzy/opt/gz_tools_vendor:/opt/ros/jazzy/opt/gz_ogre_next_vendor:/opt/ros/jazzy/opt/gz_dartsim_vendor:/opt/ros/jazzy/opt/gz_cmake_vendor:/home/host/ros_ws/install/python_nodes:/opt/ros/jazzy'}), 'shell': False}
[0.098998] (-) TimerEvent: {}
[0.199395] (-) TimerEvent: {}
[0.299790] (-) TimerEvent: {}
[0.343282] (publisher_cpp) StdoutLine: {'line': b'-- The C compiler identification is GNU 13.3.0\n'}
[0.402696] (-) TimerEvent: {}
[0.507807] (-) TimerEvent: {}
[0.608467] (-) TimerEvent: {}
[0.643788] (publisher_cpp) StdoutLine: {'line': b'-- The CXX compiler identification is GNU 13.3.0\n'}
[0.670238] (publisher_cpp) StdoutLine: {'line': b'-- Detecting C compiler ABI info\n'}
[0.708553] (-) TimerEvent: {}
[0.808924] (-) TimerEvent: {}
[0.850880] (publisher_cpp) StdoutLine: {'line': b'-- Detecting C compiler ABI info - done\n'}
[0.868027] (publisher_cpp) StdoutLine: {'line': b'-- Check for working C compiler: /usr/bin/cc - skipped\n'}
[0.869143] (publisher_cpp) StdoutLine: {'line': b'-- Detecting C compile features\n'}
[0.870534] (publisher_cpp) StdoutLine: {'line': b'-- Detecting C compile features - done\n'}
[0.894398] (publisher_cpp) StdoutLine: {'line': b'-- Detecting CXX compiler ABI info\n'}
[0.909079] (-) TimerEvent: {}
[1.009550] (-) TimerEvent: {}
[1.109998] (-) TimerEvent: {}
[1.154883] (publisher_cpp) StdoutLine: {'line': b'-- Detecting CXX compiler ABI info - done\n'}
[1.191722] (publisher_cpp) StdoutLine: {'line': b'-- Check for working CXX compiler: /usr/bin/c++ - skipped\n'}
[1.192710] (publisher_cpp) StdoutLine: {'line': b'-- Detecting CXX compile features\n'}
[1.194509] (publisher_cpp) StdoutLine: {'line': b'-- Detecting CXX compile features - done\n'}
[1.210134] (-) TimerEvent: {}
[1.250566] (publisher_cpp) StdoutLine: {'line': b'-- Found ament_cmake: 2.5.6 (/opt/ros/jazzy/share/ament_cmake/cmake)\n'}
[1.310281] (-) TimerEvent: {}
[1.410822] (-) TimerEvent: {}
[1.511203] (-) TimerEvent: {}
[1.598594] (publisher_cpp) StdoutLine: {'line': b'-- Found Python3: /usr/bin/python3 (found version "3.12.3") found components: Interpreter \n'}
[1.611345] (-) TimerEvent: {}
[1.711744] (-) TimerEvent: {}
[1.812302] (-) TimerEvent: {}
[1.856206] (publisher_cpp) StdoutLine: {'line': b'-- Override CMake install command with custom implementation using symlinks instead of copying resources\n'}
[1.912474] (-) TimerEvent: {}
[2.012962] (-) TimerEvent: {}
[2.035035] (publisher_cpp) StdoutLine: {'line': b'-- Found rclcpp: 28.1.21 (/opt/ros/jazzy/share/rclcpp/cmake)\n'}
[2.113126] (-) TimerEvent: {}
[2.183862] (publisher_cpp) StdoutLine: {'line': b'-- Found rosidl_generator_c: 4.6.9 (/opt/ros/jazzy/share/rosidl_generator_c/cmake)\n'}
[2.213323] (-) TimerEvent: {}
[2.262116] (publisher_cpp) StdoutLine: {'line': b'-- Found rosidl_generator_cpp: 4.6.9 (/opt/ros/jazzy/share/rosidl_generator_cpp/cmake)\n'}
[2.313535] (-) TimerEvent: {}
[2.365164] (publisher_cpp) StdoutLine: {'line': b'-- Using all available rosidl_typesupport_c: rosidl_typesupport_fastrtps_c;rosidl_typesupport_introspection_c\n'}
[2.413651] (-) TimerEvent: {}
[2.423393] (publisher_cpp) StdoutLine: {'line': b'-- Using all available rosidl_typesupport_cpp: rosidl_typesupport_fastrtps_cpp;rosidl_typesupport_introspection_cpp\n'}
[2.514301] (-) TimerEvent: {}
[2.515827] (python_nodes) Command: {'cmd': ['/usr/bin/python3', '-W', 'ignore:setup.py install is deprecated', '-W', 'ignore:easy_install command is deprecated', 'setup.py', 'develop', '--editable', '--build-directory', '/home/host/ros_ws/src/build/python_nodes/build', '--no-deps', 'symlink_data'], 'cwd': '/home/host/ros_ws/src/build/python_nodes', 'env': {'GZ_SIM_RESOURCE_PATH': '/opt/ros/jazzy/share', 'GZ_CONFIG_PATH': '/opt/ros/jazzy/opt/gz_sim_vendor/share/gz:/opt/ros/jazzy/opt/sdformat_vendor/share/gz:/opt/ros/jazzy/opt/gz_gui_vendor/share/gz:/opt/ros/jazzy/opt/gz_transport_vendor/share/gz:/opt/ros/jazzy/opt/gz_rendering_vendor/share/gz:/opt/ros/jazzy/opt/gz_plugin_vendor/share/gz:/opt/ros/jazzy/opt/gz_fuel_tools_vendor/share/gz:/opt/ros/jazzy/opt/gz_msgs_vendor/share/gz:/opt/ros/jazzy/opt/gz_common_vendor/share/gz', 'HOSTNAME': 'laptop-linux-nardiber', 'SHLVL': '1', 'LD_LIBRARY_PATH': '/opt/ros/jazzy/opt/gz_sim_vendor/lib:/opt/ros/jazzy/opt/gz_sensors_vendor/lib:/opt/ros/jazzy/opt/gz_physics_vendor/lib:/opt/ros/jazzy/opt/sdformat_vendor/lib:/opt/ros/jazzy/opt/rviz_ogre_vendor/lib:/opt/ros/jazzy/lib/x86_64-linux-gnu:/opt/ros/jazzy/opt/gz_gui_vendor/lib:/opt/ros/jazzy/opt/gz_transport_vendor/lib:/opt/ros/jazzy/opt/gz_rendering_vendor/lib:/opt/ros/jazzy/opt/gz_plugin_vendor/lib:/opt/ros/jazzy/opt/gz_fuel_tools_vendor/lib:/opt/ros/jazzy/opt/gz_msgs_vendor/lib:/opt/ros/jazzy/opt/gz_common_vendor/lib:/opt/ros/jazzy/opt/gz_math_vendor/lib:/opt/ros/jazzy/opt/gz_utils_vendor/lib:/opt/ros/jazzy/opt/gz_tools_vendor/lib:/opt/ros/jazzy/opt/gz_ogre_next_vendor/lib:/opt/ros/jazzy/opt/gz_dartsim_vendor/lib:/opt/ros/jazzy/opt/gz_cmake_vendor/lib:/opt/ros/jazzy/lib', 'HOME': '/home/host', 'OLDPWD': '/home/host/ros_ws', 'ROS_PYTHON_VERSION': '3', 'PS1': '(ROS_ID=$ROS_DOMAIN_ID) \\u@\\h:\\w$', 'COLCON_PREFIX_PATH': '/home/host/ros_ws/install', 'ROS_DISTRO': 'jazzy', '_': '/usr/bin/colcon', 'ROS_VERSION': '2', 'TERM': 'xterm', 'QT_X11_NO_MITSHM': '1', 'PATH': '/opt/ros/jazzy/opt/gz_msgs_vendor/bin:/opt/ros/jazzy/opt/gz_tools_vendor/bin:/opt/ros/jazzy/opt/gz_ogre_next_vendor/bin:/opt/ros/jazzy/bin:/usr/local/sbin:/usr/local/bin:/usr/sbin:/usr/bin:/sbin:/bin', 'DISPLAY': ':0', 'LANG': 'C.UTF-8', 'ROS_DOMAIN_ID': '0', 'AMENT_PREFIX_PATH': '/home/host/ros_ws/install/python_nodes:/opt/ros/jazzy', 'DEBIAN_FRONTEND': 'noninteractive', 'ROS_AUTOMATIC_DISCOVERY_RANGE': 'SUBNET', 'PWD': '/home/host/ros_ws/src/build/python_nodes', 'LC_ALL': 'C.UTF-8', 'PYTHONPATH': '/home/host/ros_ws/src/build/python_nodes/prefix_override:/usr/lib/python3/dist-packages/colcon_core/task/python/colcon_distutils_commands:/home/host/ros_ws/src/install/python_nodes/lib/python3.12/site-packages:/home/host/ros_ws/install/python_nodes/lib/python3.12/site-packages:/opt/ros/jazzy/lib/python3.12/site-packages', 'COLCON': '1', 'CMAKE_PREFIX_PATH': '/opt/ros/jazzy/opt/gz_sim_vendor:/opt/ros/jazzy/opt/gz_sensors_vendor:/opt/ros/jazzy/opt/gz_physics_vendor:/opt/ros/jazzy/opt/sdformat_vendor:/opt/ros/jazzy/opt/gz_gui_vendor:/opt/ros/jazzy/opt/gz_transport_vendor:/opt/ros/jazzy/opt/gz_rendering_vendor:/opt/ros/jazzy/opt/gz_plugin_vendor:/opt/ros/jazzy/opt/gz_fuel_tools_vendor:/opt/ros/jazzy/opt/gz_msgs_vendor:/opt/ros/jazzy/opt/gz_common_vendor:/opt/ros/jazzy/opt/gz_math_vendor:/opt/ros/jazzy/opt/gz_utils_vendor:/opt/ros/jazzy/opt/gz_tools_vendor:/opt/ros/jazzy/opt/gz_ogre_next_vendor:/opt/ros/jazzy/opt/gz_dartsim_vendor:/opt/ros/jazzy/opt/gz_cmake_vendor'}, 'shell': False}
[2.614599] (-) TimerEvent: {}
[2.715141] (-) TimerEvent: {}
[2.753794] (publisher_cpp) StdoutLine: {'line': b'-- Found rmw_implementation_cmake: 7.3.3 (/opt/ros/jazzy/share/rmw_implementation_cmake/cmake)\n'}
[2.762213] (publisher_cpp) StdoutLine: {'line': b'-- Found rmw_fastrtps_cpp: 8.4.4 (/opt/ros/jazzy/share/rmw_fastrtps_cpp/cmake)\n'}
[2.815289] (-) TimerEvent: {}
[2.915834] (-) TimerEvent: {}
[3.016381] (-) TimerEvent: {}
[3.029890] (publisher_cpp) StdoutLine: {'line': b'-- Found OpenSSL: /usr/lib/x86_64-linux-gnu/libcrypto.so (found version "3.0.13")  \n'}
[3.038687] (python_nodes) StdoutLine: {'line': b'running develop\n'}
[3.096400] (publisher_cpp) StdoutLine: {'line': b'-- Found FastRTPS: /opt/ros/jazzy/include (Required is at least version "2.13") \n'}
[3.116536] (-) TimerEvent: {}
[3.153970] (publisher_cpp) StdoutLine: {'line': b"-- Using RMW implementation 'rmw_fastrtps_cpp' as default\n"}
[3.216727] (-) TimerEvent: {}
[3.256243] (python_nodes) StdoutLine: {'line': b'running egg_info\n'}
[3.256483] (python_nodes) StdoutLine: {'line': b'creating python_nodes.egg-info\n'}
[3.271573] (python_nodes) StdoutLine: {'line': b'writing python_nodes.egg-info/PKG-INFO\n'}
[3.271756] (python_nodes) StdoutLine: {'line': b'writing dependency_links to python_nodes.egg-info/dependency_links.txt\n'}
[3.271887] (python_nodes) StdoutLine: {'line': b'writing entry points to python_nodes.egg-info/entry_points.txt\n'}
[3.272002] (python_nodes) StdoutLine: {'line': b'writing requirements to python_nodes.egg-info/requires.txt\n'}
[3.272096] (python_nodes) StdoutLine: {'line': b'writing top-level names to python_nodes.egg-info/top_level.txt\n'}
[3.272188] (python_nodes) StdoutLine: {'line': b"writing manifest file 'python_nodes.egg-info/SOURCES.txt'\n"}
[3.289284] (python_nodes) StdoutLine: {'line': b"reading manifest file 'python_nodes.egg-info/SOURCES.txt'\n"}
[3.289777] (python_nodes) StdoutLine: {'line': b"writing manifest file 'python_nodes.egg-info/SOURCES.txt'\n"}
[3.300092] (python_nodes) StdoutLine: {'line': b'running build_ext\n'}
[3.300264] (python_nodes) StdoutLine: {'line': b'Creating /home/host/ros_ws/src/install/python_nodes/lib/python3.12/site-packages/python-nodes.egg-link (link to .)\n'}
[3.300819] (python_nodes) StdoutLine: {'line': b'Installing publisher script to /home/host/ros_ws/src/install/python_nodes/lib/python_nodes\n'}
[3.300994] (python_nodes) StdoutLine: {'line': b'Installing subscriber script to /home/host/ros_ws/src/install/python_nodes/lib/python_nodes\n'}
[3.301138] (python_nodes) StdoutLine: {'line': b'\n'}
[3.301211] (python_nodes) StdoutLine: {'line': b'Installed /home/host/ros_ws/src/build/python_nodes\n'}
[3.301272] (python_nodes) StdoutLine: {'line': b'running symlink_data\n'}
[3.301362] (python_nodes) StdoutLine: {'line': b'creating /home/host/ros_ws/src/install/python_nodes/share/ament_index\n'}
[3.301433] (python_nodes) StdoutLine: {'line': b'creating /home/host/ros_ws/src/install/python_nodes/share/ament_index/resource_index\n'}
[3.301521] (python_nodes) StdoutLine: {'line': b'creating /home/host/ros_ws/src/install/python_nodes/share/ament_index/resource_index/packages\n'}
[3.301584] (python_nodes) StdoutLine: {'line': b'symbolically linking /home/host/ros_ws/src/build/python_nodes/resource/python_nodes -> /home/host/ros_ws/src/install/python_nodes/share/ament_index/resource_index/packages\n'}
[3.301650] (python_nodes) StdoutLine: {'line': b'symbolically linking /home/host/ros_ws/src/build/python_nodes/package.xml -> /home/host/ros_ws/src/install/python_nodes/share/python_nodes\n'}
[3.316829] (-) TimerEvent: {}
[3.341278] (python_nodes) CommandEnded: {'returncode': 0}
[3.355155] (publisher_cpp) StdoutLine: {'line': b'-- Found std_msgs: 5.3.8 (/opt/ros/jazzy/share/std_msgs/cmake)\n'}
[3.358381] (python_nodes) JobEnded: {'identifier': 'python_nodes', 'rc': 0}
[3.391462] (publisher_cpp) StdoutLine: {'line': b'-- Found ament_lint_auto: 0.17.5 (/opt/ros/jazzy/share/ament_lint_auto/cmake)\n'}
[3.416930] (-) TimerEvent: {}
[3.517043] (publisher_cpp) StdoutLine: {'line': b"-- Added test 'cppcheck' to perform static code analysis on C / C++ code\n"}
[3.517376] (-) TimerEvent: {}
[3.517500] (publisher_cpp) StdoutLine: {'line': b'-- Configured cppcheck include dirs: \n'}
[3.517594] (publisher_cpp) StdoutLine: {'line': b'-- Configured cppcheck exclude dirs and/or files: \n'}
[3.520023] (publisher_cpp) StdoutLine: {'line': b"-- Added test 'lint_cmake' to check CMake code style\n"}
[3.522369] (publisher_cpp) StdoutLine: {'line': b"-- Added test 'uncrustify' to check C / C++ code style\n"}
[3.522581] (publisher_cpp) StdoutLine: {'line': b'-- Configured uncrustify additional arguments: \n'}
[3.523989] (publisher_cpp) StdoutLine: {'line': b"-- Added test 'xmllint' to check XML markup files\n"}
[3.528390] (publisher_cpp) StdoutLine: {'line': b'-- Configuring done (3.5s)\n'}
[3.543246] (publisher_cpp) StdoutLine: {'line': b'-- Generating done (0.0s)\n'}
[3.550498] (publisher_cpp) StdoutLine: {'line': b'-- Build files have been written to: /home/host/ros_ws/src/build/publisher_cpp\n'}
[3.562817] (publisher_cpp) CommandEnded: {'returncode': 0}
[3.563460] (publisher_cpp) JobProgress: {'identifier': 'publisher_cpp', 'progress': 'build'}
[3.564048] (publisher_cpp) Command: {'cmd': ['/usr/bin/cmake', '--build', '/home/host/ros_ws/src/build/publisher_cpp', '--', '-j12', '-l12'], 'cwd': '/home/host/ros_ws/src/build/publisher_cpp', 'env': OrderedDict({'GZ_SIM_RESOURCE_PATH': '/opt/ros/jazzy/share', 'GZ_CONFIG_PATH': '/opt/ros/jazzy/opt/gz_sim_vendor/share/gz:/opt/ros/jazzy/opt/sdformat_vendor/share/gz:/opt/ros/jazzy/opt/gz_gui_vendor/share/gz:/opt/ros/jazzy/opt/gz_transport_vendor/share/gz:/opt/ros/jazzy/opt/gz_rendering_vendor/share/gz:/opt/ros/jazzy/opt/gz_plugin_vendor/share/gz:/opt/ros/jazzy/opt/gz_fuel_tools_vendor/share/gz:/opt/ros/jazzy/opt/gz_msgs_vendor/share/gz:/opt/ros/jazzy/opt/gz_common_vendor/share/gz', 'HOSTNAME': 'laptop-linux-nardiber', 'SHLVL': '1', 'LD_LIBRARY_PATH': '/opt/ros/jazzy/opt/gz_sim_vendor/lib:/opt/ros/jazzy/opt/gz_sensors_vendor/lib:/opt/ros/jazzy/opt/gz_physics_vendor/lib:/opt/ros/jazzy/opt/sdformat_vendor/lib:/opt/ros/jazzy/opt/rviz_ogre_vendor/lib:/opt/ros/jazzy/lib/x86_64-linux-gnu:/opt/ros/jazzy/opt/gz_gui_vendor/lib:/opt/ros/jazzy/opt/gz_transport_vendor/lib:/opt/ros/jazzy/opt/gz_rendering_vendor/lib:/opt/ros/jazzy/opt/gz_plugin_vendor/lib:/opt/ros/jazzy/opt/gz_fuel_tools_vendor/lib:/opt/ros/jazzy/opt/gz_msgs_vendor/lib:/opt/ros/jazzy/opt/gz_common_vendor/lib:/opt/ros/jazzy/opt/gz_math_vendor/lib:/opt/ros/jazzy/opt/gz_utils_vendor/lib:/opt/ros/jazzy/opt/gz_tools_vendor/lib:/opt/ros/jazzy/opt/gz_ogre_next_vendor/lib:/opt/ros/jazzy/opt/gz_dartsim_vendor/lib:/opt/ros/jazzy/opt/gz_cmake_vendor/lib:/opt/ros/jazzy/lib', 'HOME': '/home/host', 'OLDPWD': '/home/host/ros_ws', 'ROS_PYTHON_VERSION': '3', 'PS1': '(ROS_ID=$ROS_DOMAIN_ID) \\u@\\h:\\w$', 'COLCON_PREFIX_PATH': '/home/host/ros_ws/install', 'ROS_DISTRO': 'jazzy', '_': '/usr/bin/colcon', 'ROS_VERSION': '2', 'TERM': 'xterm', 'QT_X11_NO_MITSHM': '1', 'PATH': '/opt/ros/jazzy/opt/gz_msgs_vendor/bin:/opt/ros/jazzy/opt/gz_tools_vendor/bin:/opt/ros/jazzy/opt/gz_ogre_next_vendor/bin:/opt/ros/jazzy/bin:/usr/local/sbin:/usr/local/bin:/usr/sbin:/usr/bin:/sbin:/bin', 'DISPLAY': ':0', 'LANG': 'C.UTF-8', 'ROS_DOMAIN_ID': '0', 'AMENT_PREFIX_PATH': '/home/host/ros_ws/install/python_nodes:/opt/ros/jazzy', 'DEBIAN_FRONTEND': 'noninteractive', 'ROS_AUTOMATIC_DISCOVERY_RANGE': 'SUBNET', 'PWD': '/home/host/ros_ws/src/build/publisher_cpp', 'LC_ALL': 'C.UTF-8', 'PYTHONPATH': '/home/host/ros_ws/install/python_nodes/lib/python3.12/site-packages:/opt/ros/jazzy/lib/python3.12/site-packages', 'COLCON': '1', 'CMAKE_PREFIX_PATH': '/opt/ros/jazzy/opt/gz_sim_vendor:/opt/ros/jazzy/opt/gz_sensors_vendor:/opt/ros/jazzy/opt/gz_physics_vendor:/opt/ros/jazzy/opt/sdformat_vendor:/opt/ros/jazzy/opt/gz_gui_vendor:/opt/ros/jazzy/opt/gz_transport_vendor:/opt/ros/jazzy/opt/gz_rendering_vendor:/opt/ros/jazzy/opt/gz_plugin_vendor:/opt/ros/jazzy/opt/gz_fuel_tools_vendor:/opt/ros/jazzy/opt/gz_msgs_vendor:/opt/ros/jazzy/opt/gz_common_vendor:/opt/ros/jazzy/opt/gz_math_vendor:/opt/ros/jazzy/opt/gz_utils_vendor:/opt/ros/jazzy/opt/gz_tools_vendor:/opt/ros/jazzy/opt/gz_ogre_next_vendor:/opt/ros/jazzy/opt/gz_dartsim_vendor:/opt/ros/jazzy/opt/gz_cmake_vendor:/home/host/ros_ws/install/python_nodes:/opt/ros/jazzy'}), 'shell': False}
[3.617532] (-) TimerEvent: {}
[3.624277] (publisher_cpp) StdoutLine: {'line': b'[ 50%] \x1b[32mBuilding CXX object CMakeFiles/publisher_node.dir/src/publisher_node.cpp.o\x1b[0m\n'}
[3.717731] (-) TimerEvent: {}
[3.818155] (-) TimerEvent: {}
[3.918590] (-) TimerEvent: {}
[4.019052] (-) TimerEvent: {}
[4.119611] (-) TimerEvent: {}
[4.220136] (-) TimerEvent: {}
[4.320564] (-) TimerEvent: {}
[4.420946] (-) TimerEvent: {}
[4.521483] (-) TimerEvent: {}
[4.621977] (-) TimerEvent: {}
[4.722458] (-) TimerEvent: {}
[4.822946] (-) TimerEvent: {}
[4.923333] (-) TimerEvent: {}
[5.023831] (-) TimerEvent: {}
[5.124245] (-) TimerEvent: {}
[5.224740] (-) TimerEvent: {}
[5.325212] (-) TimerEvent: {}
[5.425603] (-) TimerEvent: {}
[5.526140] (-) TimerEvent: {}
[5.626700] (-) TimerEvent: {}
[5.727234] (-) TimerEvent: {}
[5.827833] (-) TimerEvent: {}
[5.928336] (-) TimerEvent: {}
[6.028862] (-) TimerEvent: {}
[6.129328] (-) TimerEvent: {}
[6.229885] (-) TimerEvent: {}
[6.330289] (-) TimerEvent: {}
[6.430686] (-) TimerEvent: {}
[6.531204] (-) TimerEvent: {}
[6.631727] (-) TimerEvent: {}
[6.732323] (-) TimerEvent: {}
[6.832759] (-) TimerEvent: {}
[6.933208] (-) TimerEvent: {}
[7.033748] (-) TimerEvent: {}
[7.134342] (-) TimerEvent: {}
[7.234788] (-) TimerEvent: {}
[7.335313] (-) TimerEvent: {}
[7.435772] (-) TimerEvent: {}
[7.536067] (-) TimerEvent: {}
[7.636399] (-) TimerEvent: {}
[7.736832] (-) TimerEvent: {}
[7.837170] (-) TimerEvent: {}
[7.937714] (-) TimerEvent: {}
[8.038132] (-) TimerEvent: {}
[8.138546] (-) TimerEvent: {}
[8.238980] (-) TimerEvent: {}
[8.339386] (-) TimerEvent: {}
[8.439853] (-) TimerEvent: {}
[8.540186] (-) TimerEvent: {}
[8.640548] (-) TimerEvent: {}
[8.740892] (-) TimerEvent: {}
[8.841275] (-) TimerEvent: {}
[8.941947] (-) TimerEvent: {}
[9.042593] (-) TimerEvent: {}
[9.141086] (publisher_cpp) StdoutLine: {'line': b'[100%] \x1b[32m\x1b[1mLinking CXX executable publisher_node\x1b[0m\n'}
[9.142901] (-) TimerEvent: {}
[9.243417] (-) TimerEvent: {}
[9.344108] (-) TimerEvent: {}
[9.444722] (-) TimerEvent: {}
[9.545185] (-) TimerEvent: {}
[9.600195] (publisher_cpp) StdoutLine: {'line': b'[100%] Built target publisher_node\n'}
[9.624390] (publisher_cpp) CommandEnded: {'returncode': 0}
[9.625473] (publisher_cpp) JobProgress: {'identifier': 'publisher_cpp', 'progress': 'install'}
[9.645318] (-) TimerEvent: {}
[9.647583] (publisher_cpp) Command: {'cmd': ['/usr/bin/cmake', '--install', '/home/host/ros_ws/src/build/publisher_cpp'], 'cwd': '/home/host/ros_ws/src/build/publisher_cpp', 'env': OrderedDict({'GZ_SIM_RESOURCE_PATH': '/opt/ros/jazzy/share', 'GZ_CONFIG_PATH': '/opt/ros/jazzy/opt/gz_sim_vendor/share/gz:/opt/ros/jazzy/opt/sdformat_vendor/share/gz:/opt/ros/jazzy/opt/gz_gui_vendor/share/gz:/opt/ros/jazzy/opt/gz_transport_vendor/share/gz:/opt/ros/jazzy/opt/gz_rendering_vendor/share/gz:/opt/ros/jazzy/opt/gz_plugin_vendor/share/gz:/opt/ros/jazzy/opt/gz_fuel_tools_vendor/share/gz:/opt/ros/jazzy/opt/gz_msgs_vendor/share/gz:/opt/ros/jazzy/opt/gz_common_vendor/share/gz', 'HOSTNAME': 'laptop-linux-nardiber', 'SHLVL': '1', 'LD_LIBRARY_PATH': '/opt/ros/jazzy/opt/gz_sim_vendor/lib:/opt/ros/jazzy/opt/gz_sensors_vendor/lib:/opt/ros/jazzy/opt/gz_physics_vendor/lib:/opt/ros/jazzy/opt/sdformat_vendor/lib:/opt/ros/jazzy/opt/rviz_ogre_vendor/lib:/opt/ros/jazzy/lib/x86_64-linux-gnu:/opt/ros/jazzy/opt/gz_gui_vendor/lib:/opt/ros/jazzy/opt/gz_transport_vendor/lib:/opt/ros/jazzy/opt/gz_rendering_vendor/lib:/opt/ros/jazzy/opt/gz_plugin_vendor/lib:/opt/ros/jazzy/opt/gz_fuel_tools_vendor/lib:/opt/ros/jazzy/opt/gz_msgs_vendor/lib:/opt/ros/jazzy/opt/gz_common_vendor/lib:/opt/ros/jazzy/opt/gz_math_vendor/lib:/opt/ros/jazzy/opt/gz_utils_vendor/lib:/opt/ros/jazzy/opt/gz_tools_vendor/lib:/opt/ros/jazzy/opt/gz_ogre_next_vendor/lib:/opt/ros/jazzy/opt/gz_dartsim_vendor/lib:/opt/ros/jazzy/opt/gz_cmake_vendor/lib:/opt/ros/jazzy/lib', 'HOME': '/home/host', 'OLDPWD': '/home/host/ros_ws', 'ROS_PYTHON_VERSION': '3', 'PS1': '(ROS_ID=$ROS_DOMAIN_ID) \\u@\\h:\\w$', 'COLCON_PREFIX_PATH': '/home/host/ros_ws/install', 'ROS_DISTRO': 'jazzy', '_': '/usr/bin/colcon', 'ROS_VERSION': '2', 'TERM': 'xterm', 'QT_X11_NO_MITSHM': '1', 'PATH': '/opt/ros/jazzy/opt/gz_msgs_vendor/bin:/opt/ros/jazzy/opt/gz_tools_vendor/bin:/opt/ros/jazzy/opt/gz_ogre_next_vendor/bin:/opt/ros/jazzy/bin:/usr/local/sbin:/usr/local/bin:/usr/sbin:/usr/bin:/sbin:/bin', 'DISPLAY': ':0', 'LANG': 'C.UTF-8', 'ROS_DOMAIN_ID': '0', 'AMENT_PREFIX_PATH': '/home/host/ros_ws/install/python_nodes:/opt/ros/jazzy', 'DEBIAN_FRONTEND': 'noninteractive', 'ROS_AUTOMATIC_DISCOVERY_RANGE': 'SUBNET', 'PWD': '/home/host/ros_ws/src/build/publisher_cpp', 'LC_ALL': 'C.UTF-8', 'PYTHONPATH': '/home/host/ros_ws/install/python_nodes/lib/python3.12/site-packages:/opt/ros/jazzy/lib/python3.12/site-packages', 'COLCON': '1', 'CMAKE_PREFIX_PATH': '/opt/ros/jazzy/opt/gz_sim_vendor:/opt/ros/jazzy/opt/gz_sensors_vendor:/opt/ros/jazzy/opt/gz_physics_vendor:/opt/ros/jazzy/opt/sdformat_vendor:/opt/ros/jazzy/opt/gz_gui_vendor:/opt/ros/jazzy/opt/gz_transport_vendor:/opt/ros/jazzy/opt/gz_rendering_vendor:/opt/ros/jazzy/opt/gz_plugin_vendor:/opt/ros/jazzy/opt/gz_fuel_tools_vendor:/opt/ros/jazzy/opt/gz_msgs_vendor:/opt/ros/jazzy/opt/gz_common_vendor:/opt/ros/jazzy/opt/gz_math_vendor:/opt/ros/jazzy/opt/gz_utils_vendor:/opt/ros/jazzy/opt/gz_tools_vendor:/opt/ros/jazzy/opt/gz_ogre_next_vendor:/opt/ros/jazzy/opt/gz_dartsim_vendor:/opt/ros/jazzy/opt/gz_cmake_vendor:/home/host/ros_ws/install/python_nodes:/opt/ros/jazzy'}), 'shell': False}
[9.666754] (publisher_cpp) StdoutLine: {'line': b'-- Install configuration: ""\n'}
[9.667646] (publisher_cpp) StdoutLine: {'line': b'-- Execute custom install script\n'}
[9.668235] (publisher_cpp) StdoutLine: {'line': b'-- Symlinking: /home/host/ros_ws/src/install/publisher_cpp/lib/publisher_cpp/publisher_node\n'}
[9.694223] (publisher_cpp) StdoutLine: {'line': b'-- Symlinking: /home/host/ros_ws/src/install/publisher_cpp/share/ament_index/resource_index/package_run_dependencies/publisher_cpp\n'}
[9.721563] (publisher_cpp) StdoutLine: {'line': b'-- Symlinking: /home/host/ros_ws/src/install/publisher_cpp/share/ament_index/resource_index/parent_prefix_path/publisher_cpp\n'}
[9.745535] (-) TimerEvent: {}
[9.748731] (publisher_cpp) StdoutLine: {'line': b'-- Symlinking: /home/host/ros_ws/src/install/publisher_cpp/share/publisher_cpp/environment/ament_prefix_path.sh\n'}
[9.776455] (publisher_cpp) StdoutLine: {'line': b'-- Symlinking: /home/host/ros_ws/src/install/publisher_cpp/share/publisher_cpp/environment/ament_prefix_path.dsv\n'}
[9.793539] (publisher_cpp) StdoutLine: {'line': b'-- Symlinking: /home/host/ros_ws/src/install/publisher_cpp/share/publisher_cpp/environment/path.sh\n'}
[9.805719] (publisher_cpp) StdoutLine: {'line': b'-- Symlinking: /home/host/ros_ws/src/install/publisher_cpp/share/publisher_cpp/environment/path.dsv\n'}
[9.815458] (publisher_cpp) StdoutLine: {'line': b'-- Symlinking: /home/host/ros_ws/src/install/publisher_cpp/share/publisher_cpp/local_setup.bash\n'}
[9.825759] (publisher_cpp) StdoutLine: {'line': b'-- Symlinking: /home/host/ros_ws/src/install/publisher_cpp/share/publisher_cpp/local_setup.sh\n'}
[9.837026] (publisher_cpp) StdoutLine: {'line': b'-- Symlinking: /home/host/ros_ws/src/install/publisher_cpp/share/publisher_cpp/local_setup.zsh\n'}
[9.844441] (publisher_cpp) StdoutLine: {'line': b'-- Symlinking: /home/host/ros_ws/src/install/publisher_cpp/share/publisher_cpp/local_setup.dsv\n'}
[9.845686] (-) TimerEvent: {}
[9.859163] (publisher_cpp) StdoutLine: {'line': b'-- Symlinking: /home/host/ros_ws/src/install/publisher_cpp/share/publisher_cpp/package.dsv\n'}
[9.874498] (publisher_cpp) StdoutLine: {'line': b'-- Symlinking: /home/host/ros_ws/src/install/publisher_cpp/share/ament_index/resource_index/packages/publisher_cpp\n'}
[9.889588] (publisher_cpp) StdoutLine: {'line': b'-- Symlinking: /home/host/ros_ws/src/install/publisher_cpp/share/publisher_cpp/cmake/publisher_cppConfig.cmake\n'}
[9.905402] (publisher_cpp) StdoutLine: {'line': b'-- Symlinking: /home/host/ros_ws/src/install/publisher_cpp/share/publisher_cpp/cmake/publisher_cppConfig-version.cmake\n'}
[9.922185] (publisher_cpp) StdoutLine: {'line': b'-- Symlinking: /home/host/ros_ws/src/install/publisher_cpp/share/publisher_cpp/package.xml\n'}
[9.938227] (publisher_cpp) CommandEnded: {'returncode': 0}
[9.946459] (-) TimerEvent: {}
[9.961502] (publisher_cpp) JobEnded: {'identifier': 'publisher_cpp', 'rc': 0}
[9.963541] (-) EventReactorShutdown: {}
