[0.000000] (-) TimerEvent: {}
[0.000240] (publisher_cpp) JobQueued: {'identifier': 'publisher_cpp', 'dependencies': OrderedDict()}
[0.000459] (python_nodes) JobQueued: {'identifier': 'python_nodes', 'dependencies': OrderedDict()}
[0.000536] (subscriber_cpp) JobQueued: {'identifier': 'subscriber_cpp', 'dependencies': OrderedDict()}
[0.000593] (tutoria_cpp_publisher) JobQueued: {'identifier': 'tutoria_cpp_publisher', 'dependencies': OrderedDict()}
[0.000737] (publisher_cpp) JobStarted: {'identifier': 'publisher_cpp'}
[0.020160] (python_nodes) JobStarted: {'identifier': 'python_nodes'}
[0.032733] (subscriber_cpp) JobStarted: {'identifier': 'subscriber_cpp'}
[0.044702] (tutoria_cpp_publisher) JobStarted: {'identifier': 'tutoria_cpp_publisher'}
[0.058926] (publisher_cpp) JobProgress: {'identifier': 'publisher_cpp', 'progress': 'cmake'}
[0.061465] (publisher_cpp) JobProgress: {'identifier': 'publisher_cpp', 'progress': 'build'}
[0.061637] (publisher_cpp) Command: {'cmd': ['/usr/bin/cmake', '--build', '/home/host/ros_ws/src/build/publisher_cpp', '--', '-j12', '-l12'], 'cwd': '/home/host/ros_ws/src/build/publisher_cpp', 'env': OrderedDict({'GZ_SIM_RESOURCE_PATH': '/opt/ros/jazzy/share', 'GZ_CONFIG_PATH': '/opt/ros/jazzy/opt/gz_sim_vendor/share/gz:/opt/ros/jazzy/opt/sdformat_vendor/share/gz:/opt/ros/jazzy/opt/gz_gui_vendor/share/gz:/opt/ros/jazzy/opt/gz_transport_vendor/share/gz:/opt/ros/jazzy/opt/gz_rendering_vendor/share/gz:/opt/ros/jazzy/opt/gz_plugin_vendor/share/gz:/opt/ros/jazzy/opt/gz_fuel_tools_vendor/share/gz:/opt/ros/jazzy/opt/gz_msgs_vendor/share/gz:/opt/ros/jazzy/opt/gz_common_vendor/share/gz', 'HOSTNAME': 'laptop-linux-nardiber', 'SHLVL': '1', 'LD_LIBRARY_PATH': '/opt/ros/jazzy/opt/gz_sim_vendor/lib:/opt/ros/jazzy/opt/gz_sensors_vendor/lib:/opt/ros/jazzy/opt/gz_physics_vendor/lib:/opt/ros/jazzy/opt/sdformat_vendor/lib:/opt/ros/jazzy/opt/rviz_ogre_vendor/lib:/opt/ros/jazzy/lib/x86_64-linux-gnu:/opt/ros/jazzy/opt/gz_gui_vendor/lib:/opt/ros/jazzy/opt/gz_transport_vendor/lib:/opt/ros/jazzy/opt/gz_rendering_vendor/lib:/opt/ros/jazzy/opt/gz_plugin_vendor/lib:/opt/ros/jazzy/opt/gz_fuel_tools_vendor/lib:/opt/ros/jazzy/opt/gz_msgs_vendor/lib:/opt/ros/jazzy/opt/gz_common_vendor/lib:/opt/ros/jazzy/opt/gz_math_vendor/lib:/opt/ros/jazzy/opt/gz_utils_vendor/lib:/opt/ros/jazzy/opt/gz_tools_vendor/lib:/opt/ros/jazzy/opt/gz_ogre_next_vendor/lib:/opt/ros/jazzy/opt/gz_dartsim_vendor/lib:/opt/ros/jazzy/opt/gz_cmake_vendor/lib:/opt/ros/jazzy/lib', 'HOME': '/home/host', 'OLDPWD': '/home/host/ros_ws', 'ROS_PYTHON_VERSION': '3', 'PS1': '(ROS_ID=$ROS_DOMAIN_ID) \\u@\\h:\\w$', 'COLCON_PREFIX_PATH': '/home/host/ros_ws/src/install:/home/host/ros_ws/install', 'ROS_DISTRO': 'jazzy', '_': '/usr/bin/colcon', 'ROS_VERSION': '2', 'TERM': 'xterm', 'QT_X11_NO_MITSHM': '1', 'PATH': '/opt/ros/jazzy/opt/gz_msgs_vendor/bin:/opt/ros/jazzy/opt/gz_tools_vendor/bin:/opt/ros/jazzy/opt/gz_ogre_next_vendor/bin:/opt/ros/jazzy/bin:/usr/local/sbin:/usr/local/bin:/usr/sbin:/usr/bin:/sbin:/bin', 'DISPLAY': ':0', 'LANG': 'C.UTF-8', 'ROS_DOMAIN_ID': '0', 'AMENT_PREFIX_PATH': '/home/host/ros_ws/src/install/subscriber_cpp:/home/host/ros_ws/src/install/python_nodes:/home/host/ros_ws/src/install/publisher_cpp:/home/host/ros_ws/install/subscriber_cpp:/home/host/ros_ws/install/publisher_cpp:/home/host/ros_ws/install/python_nodes:/opt/ros/jazzy', 'DEBIAN_FRONTEND': 'noninteractive', 'ROS_AUTOMATIC_DISCOVERY_RANGE': 'SUBNET', 'PWD': '/home/host/ros_ws/src/build/publisher_cpp', 'LC_ALL': 'C.UTF-8', 'PYTHONPATH': '/home/host/ros_ws/src/build/python_nodes:/home/host/ros_ws/src/install/python_nodes/lib/python3.12/site-packages:/home/host/ros_ws/build/python_nodes:/home/host/ros_ws/install/python_nodes/lib/python3.12/site-packages:/opt/ros/jazzy/lib/python3.12/site-packages', 'COLCON': '1', 'CMAKE_PREFIX_PATH': '/home/host/ros_ws/src/install/subscriber_cpp:/home/host/ros_ws/src/install/publisher_cpp:/home/host/ros_ws/install/subscriber_cpp:/home/host/ros_ws/install/publisher_cpp:/opt/ros/jazzy/opt/gz_sim_vendor:/opt/ros/jazzy/opt/gz_sensors_vendor:/opt/ros/jazzy/opt/gz_physics_vendor:/opt/ros/jazzy/opt/sdformat_vendor:/opt/ros/jazzy/opt/gz_gui_vendor:/opt/ros/jazzy/opt/gz_transport_vendor:/opt/ros/jazzy/opt/gz_rendering_vendor:/opt/ros/jazzy/opt/gz_plugin_vendor:/opt/ros/jazzy/opt/gz_fuel_tools_vendor:/opt/ros/jazzy/opt/gz_msgs_vendor:/opt/ros/jazzy/opt/gz_common_vendor:/opt/ros/jazzy/opt/gz_math_vendor:/opt/ros/jazzy/opt/gz_utils_vendor:/opt/ros/jazzy/opt/gz_tools_vendor:/opt/ros/jazzy/opt/gz_ogre_next_vendor:/opt/ros/jazzy/opt/gz_dartsim_vendor:/opt/ros/jazzy/opt/gz_cmake_vendor:/home/host/ros_ws/src/install/python_nodes:/home/host/ros_ws/install/python_nodes:/opt/ros/jazzy'}), 'shell': False}
[0.098485] (-) TimerEvent: {}
[0.199028] (-) TimerEvent: {}
[0.299595] (-) TimerEvent: {}
[0.400223] (-) TimerEvent: {}
[0.500945] (-) TimerEvent: {}
[0.561171] (subscriber_cpp) JobProgress: {'identifier': 'subscriber_cpp', 'progress': 'cmake'}
[0.565005] (subscriber_cpp) JobProgress: {'identifier': 'subscriber_cpp', 'progress': 'build'}
[0.565203] (subscriber_cpp) Command: {'cmd': ['/usr/bin/cmake', '--build', '/home/host/ros_ws/src/build/subscriber_cpp', '--', '-j12', '-l12'], 'cwd': '/home/host/ros_ws/src/build/subscriber_cpp', 'env': OrderedDict({'GZ_SIM_RESOURCE_PATH': '/opt/ros/jazzy/share', 'GZ_CONFIG_PATH': '/opt/ros/jazzy/opt/gz_sim_vendor/share/gz:/opt/ros/jazzy/opt/sdformat_vendor/share/gz:/opt/ros/jazzy/opt/gz_gui_vendor/share/gz:/opt/ros/jazzy/opt/gz_transport_vendor/share/gz:/opt/ros/jazzy/opt/gz_rendering_vendor/share/gz:/opt/ros/jazzy/opt/gz_plugin_vendor/share/gz:/opt/ros/jazzy/opt/gz_fuel_tools_vendor/share/gz:/opt/ros/jazzy/opt/gz_msgs_vendor/share/gz:/opt/ros/jazzy/opt/gz_common_vendor/share/gz', 'HOSTNAME': 'laptop-linux-nardiber', 'SHLVL': '1', 'LD_LIBRARY_PATH': '/opt/ros/jazzy/opt/gz_sim_vendor/lib:/opt/ros/jazzy/opt/gz_sensors_vendor/lib:/opt/ros/jazzy/opt/gz_physics_vendor/lib:/opt/ros/jazzy/opt/sdformat_vendor/lib:/opt/ros/jazzy/opt/rviz_ogre_vendor/lib:/opt/ros/jazzy/lib/x86_64-linux-gnu:/opt/ros/jazzy/opt/gz_gui_vendor/lib:/opt/ros/jazzy/opt/gz_transport_vendor/lib:/opt/ros/jazzy/opt/gz_rendering_vendor/lib:/opt/ros/jazzy/opt/gz_plugin_vendor/lib:/opt/ros/jazzy/opt/gz_fuel_tools_vendor/lib:/opt/ros/jazzy/opt/gz_msgs_vendor/lib:/opt/ros/jazzy/opt/gz_common_vendor/lib:/opt/ros/jazzy/opt/gz_math_vendor/lib:/opt/ros/jazzy/opt/gz_utils_vendor/lib:/opt/ros/jazzy/opt/gz_tools_vendor/lib:/opt/ros/jazzy/opt/gz_ogre_next_vendor/lib:/opt/ros/jazzy/opt/gz_dartsim_vendor/lib:/opt/ros/jazzy/opt/gz_cmake_vendor/lib:/opt/ros/jazzy/lib', 'HOME': '/home/host', 'OLDPWD': '/home/host/ros_ws', 'ROS_PYTHON_VERSION': '3', 'PS1': '(ROS_ID=$ROS_DOMAIN_ID) \\u@\\h:\\w$', 'COLCON_PREFIX_PATH': '/home/host/ros_ws/src/install:/home/host/ros_ws/install', 'ROS_DISTRO': 'jazzy', '_': '/usr/bin/colcon', 'ROS_VERSION': '2', 'TERM': 'xterm', 'QT_X11_NO_MITSHM': '1', 'PATH': '/opt/ros/jazzy/opt/gz_msgs_vendor/bin:/opt/ros/jazzy/opt/gz_tools_vendor/bin:/opt/ros/jazzy/opt/gz_ogre_next_vendor/bin:/opt/ros/jazzy/bin:/usr/local/sbin:/usr/local/bin:/usr/sbin:/usr/bin:/sbin:/bin', 'DISPLAY': ':0', 'LANG': 'C.UTF-8', 'ROS_DOMAIN_ID': '0', 'AMENT_PREFIX_PATH': '/home/host/ros_ws/src/install/subscriber_cpp:/home/host/ros_ws/src/install/python_nodes:/home/host/ros_ws/src/install/publisher_cpp:/home/host/ros_ws/install/subscriber_cpp:/home/host/ros_ws/install/publisher_cpp:/home/host/ros_ws/install/python_nodes:/opt/ros/jazzy', 'DEBIAN_FRONTEND': 'noninteractive', 'ROS_AUTOMATIC_DISCOVERY_RANGE': 'SUBNET', 'PWD': '/home/host/ros_ws/src/build/subscriber_cpp', 'LC_ALL': 'C.UTF-8', 'PYTHONPATH': '/home/host/ros_ws/src/build/python_nodes:/home/host/ros_ws/src/install/python_nodes/lib/python3.12/site-packages:/home/host/ros_ws/build/python_nodes:/home/host/ros_ws/install/python_nodes/lib/python3.12/site-packages:/opt/ros/jazzy/lib/python3.12/site-packages', 'COLCON': '1', 'CMAKE_PREFIX_PATH': '/home/host/ros_ws/src/install/subscriber_cpp:/home/host/ros_ws/src/install/publisher_cpp:/home/host/ros_ws/install/subscriber_cpp:/home/host/ros_ws/install/publisher_cpp:/opt/ros/jazzy/opt/gz_sim_vendor:/opt/ros/jazzy/opt/gz_sensors_vendor:/opt/ros/jazzy/opt/gz_physics_vendor:/opt/ros/jazzy/opt/sdformat_vendor:/opt/ros/jazzy/opt/gz_gui_vendor:/opt/ros/jazzy/opt/gz_transport_vendor:/opt/ros/jazzy/opt/gz_rendering_vendor:/opt/ros/jazzy/opt/gz_plugin_vendor:/opt/ros/jazzy/opt/gz_fuel_tools_vendor:/opt/ros/jazzy/opt/gz_msgs_vendor:/opt/ros/jazzy/opt/gz_common_vendor:/opt/ros/jazzy/opt/gz_math_vendor:/opt/ros/jazzy/opt/gz_utils_vendor:/opt/ros/jazzy/opt/gz_tools_vendor:/opt/ros/jazzy/opt/gz_ogre_next_vendor:/opt/ros/jazzy/opt/gz_dartsim_vendor:/opt/ros/jazzy/opt/gz_cmake_vendor:/home/host/ros_ws/src/install/python_nodes:/home/host/ros_ws/install/python_nodes:/opt/ros/jazzy'}), 'shell': False}
[0.580137] (publisher_cpp) StdoutLine: {'line': b'[100%] Built target publisher_node\n'}
[0.587920] (publisher_cpp) CommandEnded: {'returncode': 0}
[0.589737] (publisher_cpp) JobProgress: {'identifier': 'publisher_cpp', 'progress': 'install'}
[0.601122] (-) TimerEvent: {}
[0.618825] (publisher_cpp) Command: {'cmd': ['/usr/bin/cmake', '--install', '/home/host/ros_ws/src/build/publisher_cpp'], 'cwd': '/home/host/ros_ws/src/build/publisher_cpp', 'env': OrderedDict({'GZ_SIM_RESOURCE_PATH': '/opt/ros/jazzy/share', 'GZ_CONFIG_PATH': '/opt/ros/jazzy/opt/gz_sim_vendor/share/gz:/opt/ros/jazzy/opt/sdformat_vendor/share/gz:/opt/ros/jazzy/opt/gz_gui_vendor/share/gz:/opt/ros/jazzy/opt/gz_transport_vendor/share/gz:/opt/ros/jazzy/opt/gz_rendering_vendor/share/gz:/opt/ros/jazzy/opt/gz_plugin_vendor/share/gz:/opt/ros/jazzy/opt/gz_fuel_tools_vendor/share/gz:/opt/ros/jazzy/opt/gz_msgs_vendor/share/gz:/opt/ros/jazzy/opt/gz_common_vendor/share/gz', 'HOSTNAME': 'laptop-linux-nardiber', 'SHLVL': '1', 'LD_LIBRARY_PATH': '/opt/ros/jazzy/opt/gz_sim_vendor/lib:/opt/ros/jazzy/opt/gz_sensors_vendor/lib:/opt/ros/jazzy/opt/gz_physics_vendor/lib:/opt/ros/jazzy/opt/sdformat_vendor/lib:/opt/ros/jazzy/opt/rviz_ogre_vendor/lib:/opt/ros/jazzy/lib/x86_64-linux-gnu:/opt/ros/jazzy/opt/gz_gui_vendor/lib:/opt/ros/jazzy/opt/gz_transport_vendor/lib:/opt/ros/jazzy/opt/gz_rendering_vendor/lib:/opt/ros/jazzy/opt/gz_plugin_vendor/lib:/opt/ros/jazzy/opt/gz_fuel_tools_vendor/lib:/opt/ros/jazzy/opt/gz_msgs_vendor/lib:/opt/ros/jazzy/opt/gz_common_vendor/lib:/opt/ros/jazzy/opt/gz_math_vendor/lib:/opt/ros/jazzy/opt/gz_utils_vendor/lib:/opt/ros/jazzy/opt/gz_tools_vendor/lib:/opt/ros/jazzy/opt/gz_ogre_next_vendor/lib:/opt/ros/jazzy/opt/gz_dartsim_vendor/lib:/opt/ros/jazzy/opt/gz_cmake_vendor/lib:/opt/ros/jazzy/lib', 'HOME': '/home/host', 'OLDPWD': '/home/host/ros_ws', 'ROS_PYTHON_VERSION': '3', 'PS1': '(ROS_ID=$ROS_DOMAIN_ID) \\u@\\h:\\w$', 'COLCON_PREFIX_PATH': '/home/host/ros_ws/src/install:/home/host/ros_ws/install', 'ROS_DISTRO': 'jazzy', '_': '/usr/bin/colcon', 'ROS_VERSION': '2', 'TERM': 'xterm', 'QT_X11_NO_MITSHM': '1', 'PATH': '/opt/ros/jazzy/opt/gz_msgs_vendor/bin:/opt/ros/jazzy/opt/gz_tools_vendor/bin:/opt/ros/jazzy/opt/gz_ogre_next_vendor/bin:/opt/ros/jazzy/bin:/usr/local/sbin:/usr/local/bin:/usr/sbin:/usr/bin:/sbin:/bin', 'DISPLAY': ':0', 'LANG': 'C.UTF-8', 'ROS_DOMAIN_ID': '0', 'AMENT_PREFIX_PATH': '/home/host/ros_ws/src/install/subscriber_cpp:/home/host/ros_ws/src/install/python_nodes:/home/host/ros_ws/src/install/publisher_cpp:/home/host/ros_ws/install/subscriber_cpp:/home/host/ros_ws/install/publisher_cpp:/home/host/ros_ws/install/python_nodes:/opt/ros/jazzy', 'DEBIAN_FRONTEND': 'noninteractive', 'ROS_AUTOMATIC_DISCOVERY_RANGE': 'SUBNET', 'PWD': '/home/host/ros_ws/src/build/publisher_cpp', 'LC_ALL': 'C.UTF-8', 'PYTHONPATH': '/home/host/ros_ws/src/build/python_nodes:/home/host/ros_ws/src/install/python_nodes/lib/python3.12/site-packages:/home/host/ros_ws/build/python_nodes:/home/host/ros_ws/install/python_nodes/lib/python3.12/site-packages:/opt/ros/jazzy/lib/python3.12/site-packages', 'COLCON': '1', 'CMAKE_PREFIX_PATH': '/home/host/ros_ws/src/install/subscriber_cpp:/home/host/ros_ws/src/install/publisher_cpp:/home/host/ros_ws/install/subscriber_cpp:/home/host/ros_ws/install/publisher_cpp:/opt/ros/jazzy/opt/gz_sim_vendor:/opt/ros/jazzy/opt/gz_sensors_vendor:/opt/ros/jazzy/opt/gz_physics_vendor:/opt/ros/jazzy/opt/sdformat_vendor:/opt/ros/jazzy/opt/gz_gui_vendor:/opt/ros/jazzy/opt/gz_transport_vendor:/opt/ros/jazzy/opt/gz_rendering_vendor:/opt/ros/jazzy/opt/gz_plugin_vendor:/opt/ros/jazzy/opt/gz_fuel_tools_vendor:/opt/ros/jazzy/opt/gz_msgs_vendor:/opt/ros/jazzy/opt/gz_common_vendor:/opt/ros/jazzy/opt/gz_math_vendor:/opt/ros/jazzy/opt/gz_utils_vendor:/opt/ros/jazzy/opt/gz_tools_vendor:/opt/ros/jazzy/opt/gz_ogre_next_vendor:/opt/ros/jazzy/opt/gz_dartsim_vendor:/opt/ros/jazzy/opt/gz_cmake_vendor:/home/host/ros_ws/src/install/python_nodes:/home/host/ros_ws/install/python_nodes:/opt/ros/jazzy'}), 'shell': False}
[0.629293] (tutoria_cpp_publisher) JobProgress: {'identifier': 'tutoria_cpp_publisher', 'progress': 'cmake'}
[0.630291] (tutoria_cpp_publisher) JobProgress: {'identifier': 'tutoria_cpp_publisher', 'progress': 'build'}
[0.632171] (tutoria_cpp_publisher) Command: {'cmd': ['/usr/bin/cmake', '--build', '/home/host/ros_ws/src/build/tutoria_cpp_publisher', '--', '-j12', '-l12'], 'cwd': '/home/host/ros_ws/src/build/tutoria_cpp_publisher', 'env': OrderedDict({'GZ_SIM_RESOURCE_PATH': '/opt/ros/jazzy/share', 'GZ_CONFIG_PATH': '/opt/ros/jazzy/opt/gz_sim_vendor/share/gz:/opt/ros/jazzy/opt/sdformat_vendor/share/gz:/opt/ros/jazzy/opt/gz_gui_vendor/share/gz:/opt/ros/jazzy/opt/gz_transport_vendor/share/gz:/opt/ros/jazzy/opt/gz_rendering_vendor/share/gz:/opt/ros/jazzy/opt/gz_plugin_vendor/share/gz:/opt/ros/jazzy/opt/gz_fuel_tools_vendor/share/gz:/opt/ros/jazzy/opt/gz_msgs_vendor/share/gz:/opt/ros/jazzy/opt/gz_common_vendor/share/gz', 'HOSTNAME': 'laptop-linux-nardiber', 'SHLVL': '1', 'LD_LIBRARY_PATH': '/opt/ros/jazzy/opt/gz_sim_vendor/lib:/opt/ros/jazzy/opt/gz_sensors_vendor/lib:/opt/ros/jazzy/opt/gz_physics_vendor/lib:/opt/ros/jazzy/opt/sdformat_vendor/lib:/opt/ros/jazzy/opt/rviz_ogre_vendor/lib:/opt/ros/jazzy/lib/x86_64-linux-gnu:/opt/ros/jazzy/opt/gz_gui_vendor/lib:/opt/ros/jazzy/opt/gz_transport_vendor/lib:/opt/ros/jazzy/opt/gz_rendering_vendor/lib:/opt/ros/jazzy/opt/gz_plugin_vendor/lib:/opt/ros/jazzy/opt/gz_fuel_tools_vendor/lib:/opt/ros/jazzy/opt/gz_msgs_vendor/lib:/opt/ros/jazzy/opt/gz_common_vendor/lib:/opt/ros/jazzy/opt/gz_math_vendor/lib:/opt/ros/jazzy/opt/gz_utils_vendor/lib:/opt/ros/jazzy/opt/gz_tools_vendor/lib:/opt/ros/jazzy/opt/gz_ogre_next_vendor/lib:/opt/ros/jazzy/opt/gz_dartsim_vendor/lib:/opt/ros/jazzy/opt/gz_cmake_vendor/lib:/opt/ros/jazzy/lib', 'HOME': '/home/host', 'OLDPWD': '/home/host/ros_ws', 'ROS_PYTHON_VERSION': '3', 'PS1': '(ROS_ID=$ROS_DOMAIN_ID) \\u@\\h:\\w$', 'COLCON_PREFIX_PATH': '/home/host/ros_ws/src/install:/home/host/ros_ws/install', 'ROS_DISTRO': 'jazzy', '_': '/usr/bin/colcon', 'ROS_VERSION': '2', 'TERM': 'xterm', 'QT_X11_NO_MITSHM': '1', 'PATH': '/opt/ros/jazzy/opt/gz_msgs_vendor/bin:/opt/ros/jazzy/opt/gz_tools_vendor/bin:/opt/ros/jazzy/opt/gz_ogre_next_vendor/bin:/opt/ros/jazzy/bin:/usr/local/sbin:/usr/local/bin:/usr/sbin:/usr/bin:/sbin:/bin', 'DISPLAY': ':0', 'LANG': 'C.UTF-8', 'ROS_DOMAIN_ID': '0', 'AMENT_PREFIX_PATH': '/home/host/ros_ws/src/install/subscriber_cpp:/home/host/ros_ws/src/install/python_nodes:/home/host/ros_ws/src/install/publisher_cpp:/home/host/ros_ws/install/subscriber_cpp:/home/host/ros_ws/install/publisher_cpp:/home/host/ros_ws/install/python_nodes:/opt/ros/jazzy', 'DEBIAN_FRONTEND': 'noninteractive', 'ROS_AUTOMATIC_DISCOVERY_RANGE': 'SUBNET', 'PWD': '/home/host/ros_ws/src/build/tutoria_cpp_publisher', 'LC_ALL': 'C.UTF-8', 'PYTHONPATH': '/home/host/ros_ws/src/build/python_nodes:/home/host/ros_ws/src/install/python_nodes/lib/python3.12/site-packages:/home/host/ros_ws/build/python_nodes:/home/host/ros_ws/install/python_nodes/lib/python3.12/site-packages:/opt/ros/jazzy/lib/python3.12/site-packages', 'COLCON': '1', 'CMAKE_PREFIX_PATH': '/home/host/ros_ws/src/install/subscriber_cpp:/home/host/ros_ws/src/install/publisher_cpp:/home/host/ros_ws/install/subscriber_cpp:/home/host/ros_ws/install/publisher_cpp:/opt/ros/jazzy/opt/gz_sim_vendor:/opt/ros/jazzy/opt/gz_sensors_vendor:/opt/ros/jazzy/opt/gz_physics_vendor:/opt/ros/jazzy/opt/sdformat_vendor:/opt/ros/jazzy/opt/gz_gui_vendor:/opt/ros/jazzy/opt/gz_transport_vendor:/opt/ros/jazzy/opt/gz_rendering_vendor:/opt/ros/jazzy/opt/gz_plugin_vendor:/opt/ros/jazzy/opt/gz_fuel_tools_vendor:/opt/ros/jazzy/opt/gz_msgs_vendor:/opt/ros/jazzy/opt/gz_common_vendor:/opt/ros/jazzy/opt/gz_math_vendor:/opt/ros/jazzy/opt/gz_utils_vendor:/opt/ros/jazzy/opt/gz_tools_vendor:/opt/ros/jazzy/opt/gz_ogre_next_vendor:/opt/ros/jazzy/opt/gz_dartsim_vendor:/opt/ros/jazzy/opt/gz_cmake_vendor:/home/host/ros_ws/src/install/python_nodes:/home/host/ros_ws/install/python_nodes:/opt/ros/jazzy'}), 'shell': False}
[0.644987] (publisher_cpp) StdoutLine: {'line': b'-- Install configuration: ""\n'}
[0.646346] (publisher_cpp) StdoutLine: {'line': b'-- Execute custom install script\n'}
[0.648489] (publisher_cpp) StdoutLine: {'line': b'-- Up-to-date symlink: /home/host/ros_ws/src/install/publisher_cpp/lib/publisher_cpp/publisher_node\n'}
[0.650047] (publisher_cpp) StdoutLine: {'line': b'-- Up-to-date symlink: /home/host/ros_ws/src/install/publisher_cpp/share/ament_index/resource_index/package_run_dependencies/publisher_cpp\n'}
[0.653249] (publisher_cpp) StdoutLine: {'line': b'-- Up-to-date symlink: /home/host/ros_ws/src/install/publisher_cpp/share/ament_index/resource_index/parent_prefix_path/publisher_cpp\n'}
[0.655617] (publisher_cpp) StdoutLine: {'line': b'-- Up-to-date symlink: /home/host/ros_ws/src/install/publisher_cpp/share/publisher_cpp/environment/ament_prefix_path.sh\n'}
[0.656446] (publisher_cpp) StdoutLine: {'line': b'-- Up-to-date symlink: /home/host/ros_ws/src/install/publisher_cpp/share/publisher_cpp/environment/ament_prefix_path.dsv\n'}
[0.656782] (publisher_cpp) StdoutLine: {'line': b'-- Up-to-date symlink: /home/host/ros_ws/src/install/publisher_cpp/share/publisher_cpp/environment/path.sh\n'}
[0.657107] (publisher_cpp) StdoutLine: {'line': b'-- Up-to-date symlink: /home/host/ros_ws/src/install/publisher_cpp/share/publisher_cpp/environment/path.dsv\n'}
[0.657402] (publisher_cpp) StdoutLine: {'line': b'-- Up-to-date symlink: /home/host/ros_ws/src/install/publisher_cpp/share/publisher_cpp/local_setup.bash\n'}
[0.657702] (publisher_cpp) StdoutLine: {'line': b'-- Up-to-date symlink: /home/host/ros_ws/src/install/publisher_cpp/share/publisher_cpp/local_setup.sh\n'}
[0.658099] (publisher_cpp) StdoutLine: {'line': b'-- Up-to-date symlink: /home/host/ros_ws/src/install/publisher_cpp/share/publisher_cpp/local_setup.zsh\n'}
[0.658411] (publisher_cpp) StdoutLine: {'line': b'-- Up-to-date symlink: /home/host/ros_ws/src/install/publisher_cpp/share/publisher_cpp/local_setup.dsv\n'}
[0.658707] (publisher_cpp) StdoutLine: {'line': b'-- Symlinking: /home/host/ros_ws/src/install/publisher_cpp/share/publisher_cpp/package.dsv\n'}
[0.683830] (publisher_cpp) StdoutLine: {'line': b'-- Up-to-date symlink: /home/host/ros_ws/src/install/publisher_cpp/share/ament_index/resource_index/packages/publisher_cpp\n'}
[0.684473] (publisher_cpp) StdoutLine: {'line': b'-- Up-to-date symlink: /home/host/ros_ws/src/install/publisher_cpp/share/publisher_cpp/cmake/publisher_cppConfig.cmake\n'}
[0.684916] (publisher_cpp) StdoutLine: {'line': b'-- Up-to-date symlink: /home/host/ros_ws/src/install/publisher_cpp/share/publisher_cpp/cmake/publisher_cppConfig-version.cmake\n'}
[0.685325] (publisher_cpp) StdoutLine: {'line': b'-- Up-to-date symlink: /home/host/ros_ws/src/install/publisher_cpp/share/publisher_cpp/package.xml\n'}
[0.691020] (publisher_cpp) CommandEnded: {'returncode': 0}
[0.701426] (-) TimerEvent: {}
[0.758266] (publisher_cpp) JobEnded: {'identifier': 'publisher_cpp', 'rc': 0}
[0.769022] (subscriber_cpp) StdoutLine: {'line': b'[100%] Built target subscriber_node\n'}
[0.801640] (-) TimerEvent: {}
[0.805044] (subscriber_cpp) CommandEnded: {'returncode': 0}
[0.806812] (subscriber_cpp) JobProgress: {'identifier': 'subscriber_cpp', 'progress': 'install'}
[0.808319] (subscriber_cpp) Command: {'cmd': ['/usr/bin/cmake', '--install', '/home/host/ros_ws/src/build/subscriber_cpp'], 'cwd': '/home/host/ros_ws/src/build/subscriber_cpp', 'env': OrderedDict({'GZ_SIM_RESOURCE_PATH': '/opt/ros/jazzy/share', 'GZ_CONFIG_PATH': '/opt/ros/jazzy/opt/gz_sim_vendor/share/gz:/opt/ros/jazzy/opt/sdformat_vendor/share/gz:/opt/ros/jazzy/opt/gz_gui_vendor/share/gz:/opt/ros/jazzy/opt/gz_transport_vendor/share/gz:/opt/ros/jazzy/opt/gz_rendering_vendor/share/gz:/opt/ros/jazzy/opt/gz_plugin_vendor/share/gz:/opt/ros/jazzy/opt/gz_fuel_tools_vendor/share/gz:/opt/ros/jazzy/opt/gz_msgs_vendor/share/gz:/opt/ros/jazzy/opt/gz_common_vendor/share/gz', 'HOSTNAME': 'laptop-linux-nardiber', 'SHLVL': '1', 'LD_LIBRARY_PATH': '/opt/ros/jazzy/opt/gz_sim_vendor/lib:/opt/ros/jazzy/opt/gz_sensors_vendor/lib:/opt/ros/jazzy/opt/gz_physics_vendor/lib:/opt/ros/jazzy/opt/sdformat_vendor/lib:/opt/ros/jazzy/opt/rviz_ogre_vendor/lib:/opt/ros/jazzy/lib/x86_64-linux-gnu:/opt/ros/jazzy/opt/gz_gui_vendor/lib:/opt/ros/jazzy/opt/gz_transport_vendor/lib:/opt/ros/jazzy/opt/gz_rendering_vendor/lib:/opt/ros/jazzy/opt/gz_plugin_vendor/lib:/opt/ros/jazzy/opt/gz_fuel_tools_vendor/lib:/opt/ros/jazzy/opt/gz_msgs_vendor/lib:/opt/ros/jazzy/opt/gz_common_vendor/lib:/opt/ros/jazzy/opt/gz_math_vendor/lib:/opt/ros/jazzy/opt/gz_utils_vendor/lib:/opt/ros/jazzy/opt/gz_tools_vendor/lib:/opt/ros/jazzy/opt/gz_ogre_next_vendor/lib:/opt/ros/jazzy/opt/gz_dartsim_vendor/lib:/opt/ros/jazzy/opt/gz_cmake_vendor/lib:/opt/ros/jazzy/lib', 'HOME': '/home/host', 'OLDPWD': '/home/host/ros_ws', 'ROS_PYTHON_VERSION': '3', 'PS1': '(ROS_ID=$ROS_DOMAIN_ID) \\u@\\h:\\w$', 'COLCON_PREFIX_PATH': '/home/host/ros_ws/src/install:/home/host/ros_ws/install', 'ROS_DISTRO': 'jazzy', '_': '/usr/bin/colcon', 'ROS_VERSION': '2', 'TERM': 'xterm', 'QT_X11_NO_MITSHM': '1', 'PATH': '/opt/ros/jazzy/opt/gz_msgs_vendor/bin:/opt/ros/jazzy/opt/gz_tools_vendor/bin:/opt/ros/jazzy/opt/gz_ogre_next_vendor/bin:/opt/ros/jazzy/bin:/usr/local/sbin:/usr/local/bin:/usr/sbin:/usr/bin:/sbin:/bin', 'DISPLAY': ':0', 'LANG': 'C.UTF-8', 'ROS_DOMAIN_ID': '0', 'AMENT_PREFIX_PATH': '/home/host/ros_ws/src/install/subscriber_cpp:/home/host/ros_ws/src/install/python_nodes:/home/host/ros_ws/src/install/publisher_cpp:/home/host/ros_ws/install/subscriber_cpp:/home/host/ros_ws/install/publisher_cpp:/home/host/ros_ws/install/python_nodes:/opt/ros/jazzy', 'DEBIAN_FRONTEND': 'noninteractive', 'ROS_AUTOMATIC_DISCOVERY_RANGE': 'SUBNET', 'PWD': '/home/host/ros_ws/src/build/subscriber_cpp', 'LC_ALL': 'C.UTF-8', 'PYTHONPATH': '/home/host/ros_ws/src/build/python_nodes:/home/host/ros_ws/src/install/python_nodes/lib/python3.12/site-packages:/home/host/ros_ws/build/python_nodes:/home/host/ros_ws/install/python_nodes/lib/python3.12/site-packages:/opt/ros/jazzy/lib/python3.12/site-packages', 'COLCON': '1', 'CMAKE_PREFIX_PATH': '/home/host/ros_ws/src/install/subscriber_cpp:/home/host/ros_ws/src/install/publisher_cpp:/home/host/ros_ws/install/subscriber_cpp:/home/host/ros_ws/install/publisher_cpp:/opt/ros/jazzy/opt/gz_sim_vendor:/opt/ros/jazzy/opt/gz_sensors_vendor:/opt/ros/jazzy/opt/gz_physics_vendor:/opt/ros/jazzy/opt/sdformat_vendor:/opt/ros/jazzy/opt/gz_gui_vendor:/opt/ros/jazzy/opt/gz_transport_vendor:/opt/ros/jazzy/opt/gz_rendering_vendor:/opt/ros/jazzy/opt/gz_plugin_vendor:/opt/ros/jazzy/opt/gz_fuel_tools_vendor:/opt/ros/jazzy/opt/gz_msgs_vendor:/opt/ros/jazzy/opt/gz_common_vendor:/opt/ros/jazzy/opt/gz_math_vendor:/opt/ros/jazzy/opt/gz_utils_vendor:/opt/ros/jazzy/opt/gz_tools_vendor:/opt/ros/jazzy/opt/gz_ogre_next_vendor:/opt/ros/jazzy/opt/gz_dartsim_vendor:/opt/ros/jazzy/opt/gz_cmake_vendor:/home/host/ros_ws/src/install/python_nodes:/home/host/ros_ws/install/python_nodes:/opt/ros/jazzy'}), 'shell': False}
[0.827939] (subscriber_cpp) StdoutLine: {'line': b'-- Install configuration: ""\n'}
[0.829631] (subscriber_cpp) StdoutLine: {'line': b'-- Execute custom install script\n'}
[0.830573] (subscriber_cpp) StdoutLine: {'line': b'-- Up-to-date symlink: /home/host/ros_ws/src/install/subscriber_cpp/lib/subscriber_cpp/subscriber_node\n'}
[0.831289] (subscriber_cpp) StdoutLine: {'line': b'-- Up-to-date symlink: /home/host/ros_ws/src/install/subscriber_cpp/share/ament_index/resource_index/package_run_dependencies/subscriber_cpp\n'}
[0.832306] (subscriber_cpp) StdoutLine: {'line': b'-- Up-to-date symlink: /home/host/ros_ws/src/install/subscriber_cpp/share/ament_index/resource_index/parent_prefix_path/subscriber_cpp\n'}
[0.832904] (subscriber_cpp) StdoutLine: {'line': b'-- Up-to-date symlink: /home/host/ros_ws/src/install/subscriber_cpp/share/subscriber_cpp/environment/ament_prefix_path.sh\n'}
[0.833591] (subscriber_cpp) StdoutLine: {'line': b'-- Up-to-date symlink: /home/host/ros_ws/src/install/subscriber_cpp/share/subscriber_cpp/environment/ament_prefix_path.dsv\n'}
[0.834021] (subscriber_cpp) StdoutLine: {'line': b'-- Up-to-date symlink: /home/host/ros_ws/src/install/subscriber_cpp/share/subscriber_cpp/environment/path.sh\n'}
[0.834465] (subscriber_cpp) StdoutLine: {'line': b'-- Up-to-date symlink: /home/host/ros_ws/src/install/subscriber_cpp/share/subscriber_cpp/environment/path.dsv\n'}
[0.834890] (subscriber_cpp) StdoutLine: {'line': b'-- Up-to-date symlink: /home/host/ros_ws/src/install/subscriber_cpp/share/subscriber_cpp/local_setup.bash\n'}
[0.835450] (subscriber_cpp) StdoutLine: {'line': b'-- Up-to-date symlink: /home/host/ros_ws/src/install/subscriber_cpp/share/subscriber_cpp/local_setup.sh\n'}
[0.835938] (subscriber_cpp) StdoutLine: {'line': b'-- Up-to-date symlink: /home/host/ros_ws/src/install/subscriber_cpp/share/subscriber_cpp/local_setup.zsh\n'}
[0.836357] (subscriber_cpp) StdoutLine: {'line': b'-- Up-to-date symlink: /home/host/ros_ws/src/install/subscriber_cpp/share/subscriber_cpp/local_setup.dsv\n'}
[0.836787] (subscriber_cpp) StdoutLine: {'line': b'-- Symlinking: /home/host/ros_ws/src/install/subscriber_cpp/share/subscriber_cpp/package.dsv\n'}
[0.844541] (tutoria_cpp_publisher) StdoutLine: {'line': b'[ 50%] \x1b[32mBuilding CXX object CMakeFiles/publisher_node_area.dir/src/publisher_node_area.cpp.o\x1b[0m\n'}
[0.860451] (subscriber_cpp) StdoutLine: {'line': b'-- Up-to-date symlink: /home/host/ros_ws/src/install/subscriber_cpp/share/ament_index/resource_index/packages/subscriber_cpp\n'}
[0.861191] (subscriber_cpp) StdoutLine: {'line': b'-- Up-to-date symlink: /home/host/ros_ws/src/install/subscriber_cpp/share/subscriber_cpp/cmake/subscriber_cppConfig.cmake\n'}
[0.861550] (subscriber_cpp) StdoutLine: {'line': b'-- Up-to-date symlink: /home/host/ros_ws/src/install/subscriber_cpp/share/subscriber_cpp/cmake/subscriber_cppConfig-version.cmake\n'}
[0.861996] (subscriber_cpp) StdoutLine: {'line': b'-- Up-to-date symlink: /home/host/ros_ws/src/install/subscriber_cpp/share/subscriber_cpp/package.xml\n'}
[0.867017] (subscriber_cpp) CommandEnded: {'returncode': 0}
[0.899519] (subscriber_cpp) JobEnded: {'identifier': 'subscriber_cpp', 'rc': 0}
[0.901758] (-) TimerEvent: {}
[1.002202] (-) TimerEvent: {}
[1.102661] (-) TimerEvent: {}
[1.203071] (-) TimerEvent: {}
[1.303528] (-) TimerEvent: {}
[1.404145] (-) TimerEvent: {}
[1.504824] (-) TimerEvent: {}
[1.605425] (-) TimerEvent: {}
[1.705939] (-) TimerEvent: {}
[1.806552] (-) TimerEvent: {}
[1.907043] (-) TimerEvent: {}
[2.007688] (-) TimerEvent: {}
[2.108429] (-) TimerEvent: {}
[2.212297] (-) TimerEvent: {}
[2.312954] (-) TimerEvent: {}
[2.413472] (-) TimerEvent: {}
[2.514160] (-) TimerEvent: {}
[2.580818] (python_nodes) Command: {'cmd': ['/usr/bin/python3', '-W', 'ignore:setup.py install is deprecated', '-W', 'ignore:easy_install command is deprecated', 'setup.py', 'develop', '--editable', '--build-directory', '/home/host/ros_ws/src/build/python_nodes/build', '--no-deps', 'symlink_data'], 'cwd': '/home/host/ros_ws/src/build/python_nodes', 'env': {'GZ_SIM_RESOURCE_PATH': '/opt/ros/jazzy/share', 'GZ_CONFIG_PATH': '/opt/ros/jazzy/opt/gz_sim_vendor/share/gz:/opt/ros/jazzy/opt/sdformat_vendor/share/gz:/opt/ros/jazzy/opt/gz_gui_vendor/share/gz:/opt/ros/jazzy/opt/gz_transport_vendor/share/gz:/opt/ros/jazzy/opt/gz_rendering_vendor/share/gz:/opt/ros/jazzy/opt/gz_plugin_vendor/share/gz:/opt/ros/jazzy/opt/gz_fuel_tools_vendor/share/gz:/opt/ros/jazzy/opt/gz_msgs_vendor/share/gz:/opt/ros/jazzy/opt/gz_common_vendor/share/gz', 'HOSTNAME': 'laptop-linux-nardiber', 'SHLVL': '1', 'LD_LIBRARY_PATH': '/opt/ros/jazzy/opt/gz_sim_vendor/lib:/opt/ros/jazzy/opt/gz_sensors_vendor/lib:/opt/ros/jazzy/opt/gz_physics_vendor/lib:/opt/ros/jazzy/opt/sdformat_vendor/lib:/opt/ros/jazzy/opt/rviz_ogre_vendor/lib:/opt/ros/jazzy/lib/x86_64-linux-gnu:/opt/ros/jazzy/opt/gz_gui_vendor/lib:/opt/ros/jazzy/opt/gz_transport_vendor/lib:/opt/ros/jazzy/opt/gz_rendering_vendor/lib:/opt/ros/jazzy/opt/gz_plugin_vendor/lib:/opt/ros/jazzy/opt/gz_fuel_tools_vendor/lib:/opt/ros/jazzy/opt/gz_msgs_vendor/lib:/opt/ros/jazzy/opt/gz_common_vendor/lib:/opt/ros/jazzy/opt/gz_math_vendor/lib:/opt/ros/jazzy/opt/gz_utils_vendor/lib:/opt/ros/jazzy/opt/gz_tools_vendor/lib:/opt/ros/jazzy/opt/gz_ogre_next_vendor/lib:/opt/ros/jazzy/opt/gz_dartsim_vendor/lib:/opt/ros/jazzy/opt/gz_cmake_vendor/lib:/opt/ros/jazzy/lib', 'HOME': '/home/host', 'OLDPWD': '/home/host/ros_ws', 'ROS_PYTHON_VERSION': '3', 'PS1': '(ROS_ID=$ROS_DOMAIN_ID) \\u@\\h:\\w$', 'COLCON_PREFIX_PATH': '/home/host/ros_ws/src/install:/home/host/ros_ws/install', 'ROS_DISTRO': 'jazzy', '_': '/usr/bin/colcon', 'ROS_VERSION': '2', 'TERM': 'xterm', 'QT_X11_NO_MITSHM': '1', 'PATH': '/opt/ros/jazzy/opt/gz_msgs_vendor/bin:/opt/ros/jazzy/opt/gz_tools_vendor/bin:/opt/ros/jazzy/opt/gz_ogre_next_vendor/bin:/opt/ros/jazzy/bin:/usr/local/sbin:/usr/local/bin:/usr/sbin:/usr/bin:/sbin:/bin', 'DISPLAY': ':0', 'LANG': 'C.UTF-8', 'ROS_DOMAIN_ID': '0', 'AMENT_PREFIX_PATH': '/home/host/ros_ws/src/install/subscriber_cpp:/home/host/ros_ws/src/install/python_nodes:/home/host/ros_ws/src/install/publisher_cpp:/home/host/ros_ws/install/subscriber_cpp:/home/host/ros_ws/install/publisher_cpp:/home/host/ros_ws/install/python_nodes:/opt/ros/jazzy', 'DEBIAN_FRONTEND': 'noninteractive', 'ROS_AUTOMATIC_DISCOVERY_RANGE': 'SUBNET', 'PWD': '/home/host/ros_ws/src/build/python_nodes', 'LC_ALL': 'C.UTF-8', 'PYTHONPATH': '/home/host/ros_ws/src/build/python_nodes/prefix_override:/usr/lib/python3/dist-packages/colcon_core/task/python/colcon_distutils_commands:/home/host/ros_ws/src/install/python_nodes/lib/python3.12/site-packages:/home/host/ros_ws/src/build/python_nodes:/home/host/ros_ws/src/install/python_nodes/lib/python3.12/site-packages:/home/host/ros_ws/build/python_nodes:/home/host/ros_ws/install/python_nodes/lib/python3.12/site-packages:/opt/ros/jazzy/lib/python3.12/site-packages', 'COLCON': '1', 'CMAKE_PREFIX_PATH': '/home/host/ros_ws/src/install/subscriber_cpp:/home/host/ros_ws/src/install/publisher_cpp:/home/host/ros_ws/install/subscriber_cpp:/home/host/ros_ws/install/publisher_cpp:/opt/ros/jazzy/opt/gz_sim_vendor:/opt/ros/jazzy/opt/gz_sensors_vendor:/opt/ros/jazzy/opt/gz_physics_vendor:/opt/ros/jazzy/opt/sdformat_vendor:/opt/ros/jazzy/opt/gz_gui_vendor:/opt/ros/jazzy/opt/gz_transport_vendor:/opt/ros/jazzy/opt/gz_rendering_vendor:/opt/ros/jazzy/opt/gz_plugin_vendor:/opt/ros/jazzy/opt/gz_fuel_tools_vendor:/opt/ros/jazzy/opt/gz_msgs_vendor:/opt/ros/jazzy/opt/gz_common_vendor:/opt/ros/jazzy/opt/gz_math_vendor:/opt/ros/jazzy/opt/gz_utils_vendor:/opt/ros/jazzy/opt/gz_tools_vendor:/opt/ros/jazzy/opt/gz_ogre_next_vendor:/opt/ros/jazzy/opt/gz_dartsim_vendor:/opt/ros/jazzy/opt/gz_cmake_vendor'}, 'shell': False}
[2.614311] (-) TimerEvent: {}
[2.714954] (-) TimerEvent: {}
[2.815534] (-) TimerEvent: {}
[2.916074] (-) TimerEvent: {}
[3.016629] (-) TimerEvent: {}
[3.117111] (-) TimerEvent: {}
[3.217604] (-) TimerEvent: {}
[3.318142] (-) TimerEvent: {}
[3.418668] (-) TimerEvent: {}
[3.483685] (python_nodes) StdoutLine: {'line': b'running develop\n'}
[3.518877] (-) TimerEvent: {}
[3.619437] (-) TimerEvent: {}
[3.720029] (-) TimerEvent: {}
[3.820599] (-) TimerEvent: {}
[3.921206] (-) TimerEvent: {}
[3.960781] (python_nodes) StdoutLine: {'line': b'running egg_info\n'}
[4.002338] (python_nodes) StdoutLine: {'line': b'writing python_nodes.egg-info/PKG-INFO\n'}
[4.002904] (python_nodes) StdoutLine: {'line': b'writing dependency_links to python_nodes.egg-info/dependency_links.txt\n'}
[4.003325] (python_nodes) StdoutLine: {'line': b'writing entry points to python_nodes.egg-info/entry_points.txt\n'}
[4.003665] (python_nodes) StdoutLine: {'line': b'writing requirements to python_nodes.egg-info/requires.txt\n'}
[4.004061] (python_nodes) StdoutLine: {'line': b'writing top-level names to python_nodes.egg-info/top_level.txt\n'}
[4.021372] (-) TimerEvent: {}
[4.083818] (python_nodes) StdoutLine: {'line': b"reading manifest file 'python_nodes.egg-info/SOURCES.txt'\n"}
[4.085511] (python_nodes) StdoutLine: {'line': b"writing manifest file 'python_nodes.egg-info/SOURCES.txt'\n"}
[4.121513] (-) TimerEvent: {}
[4.124615] (python_nodes) StdoutLine: {'line': b'running build_ext\n'}
[4.125170] (python_nodes) StdoutLine: {'line': b'Creating /home/host/ros_ws/src/install/python_nodes/lib/python3.12/site-packages/python-nodes.egg-link (link to .)\n'}
[4.126902] (python_nodes) StdoutLine: {'line': b'Installing publisher script to /home/host/ros_ws/src/install/python_nodes/lib/python_nodes\n'}
[4.127622] (python_nodes) StdoutLine: {'line': b'Installing subscriber script to /home/host/ros_ws/src/install/python_nodes/lib/python_nodes\n'}
[4.128321] (python_nodes) StdoutLine: {'line': b'\n'}
[4.128736] (python_nodes) StdoutLine: {'line': b'Installed /home/host/ros_ws/src/build/python_nodes\n'}
[4.129024] (python_nodes) StdoutLine: {'line': b'running symlink_data\n'}
[4.221665] (-) TimerEvent: {}
[4.225864] (python_nodes) CommandEnded: {'returncode': 0}
[4.249693] (python_nodes) JobEnded: {'identifier': 'python_nodes', 'rc': 0}
[4.321916] (-) TimerEvent: {}
[4.422354] (-) TimerEvent: {}
[4.522915] (-) TimerEvent: {}
[4.623373] (-) TimerEvent: {}
[4.723885] (-) TimerEvent: {}
[4.824364] (-) TimerEvent: {}
[4.924921] (-) TimerEvent: {}
[5.025472] (-) TimerEvent: {}
[5.126003] (-) TimerEvent: {}
[5.226519] (-) TimerEvent: {}
[5.327068] (-) TimerEvent: {}
[5.427685] (-) TimerEvent: {}
[5.528258] (-) TimerEvent: {}
[5.628848] (-) TimerEvent: {}
[5.729393] (-) TimerEvent: {}
[5.829929] (-) TimerEvent: {}
[5.930448] (-) TimerEvent: {}
[6.031012] (-) TimerEvent: {}
[6.131590] (-) TimerEvent: {}
[6.232279] (-) TimerEvent: {}
[6.332966] (-) TimerEvent: {}
[6.433577] (-) TimerEvent: {}
[6.534163] (-) TimerEvent: {}
[6.634699] (-) TimerEvent: {}
[6.735173] (-) TimerEvent: {}
[6.835692] (-) TimerEvent: {}
[6.936273] (-) TimerEvent: {}
[7.036861] (-) TimerEvent: {}
[7.137375] (-) TimerEvent: {}
[7.237953] (-) TimerEvent: {}
[7.338449] (-) TimerEvent: {}
[7.438976] (-) TimerEvent: {}
[7.539416] (-) TimerEvent: {}
[7.639943] (-) TimerEvent: {}
[7.740469] (-) TimerEvent: {}
[7.840940] (-) TimerEvent: {}
[7.941455] (-) TimerEvent: {}
[8.042006] (-) TimerEvent: {}
[8.142528] (-) TimerEvent: {}
[8.242974] (-) TimerEvent: {}
[8.343401] (-) TimerEvent: {}
[8.443924] (-) TimerEvent: {}
[8.544443] (-) TimerEvent: {}
[8.644947] (-) TimerEvent: {}
[8.745368] (-) TimerEvent: {}
[8.845925] (-) TimerEvent: {}
[8.905372] (tutoria_cpp_publisher) StdoutLine: {'line': b'[100%] \x1b[32m\x1b[1mLinking CXX executable publisher_node_area\x1b[0m\n'}
[8.946093] (-) TimerEvent: {}
[9.046561] (-) TimerEvent: {}
[9.147126] (-) TimerEvent: {}
[9.247916] (-) TimerEvent: {}
[9.348525] (-) TimerEvent: {}
[9.388980] (tutoria_cpp_publisher) StdoutLine: {'line': b'[100%] Built target publisher_node_area\n'}
[9.414447] (tutoria_cpp_publisher) CommandEnded: {'returncode': 0}
[9.415775] (tutoria_cpp_publisher) JobProgress: {'identifier': 'tutoria_cpp_publisher', 'progress': 'install'}
[9.416673] (tutoria_cpp_publisher) Command: {'cmd': ['/usr/bin/cmake', '--install', '/home/host/ros_ws/src/build/tutoria_cpp_publisher'], 'cwd': '/home/host/ros_ws/src/build/tutoria_cpp_publisher', 'env': OrderedDict({'GZ_SIM_RESOURCE_PATH': '/opt/ros/jazzy/share', 'GZ_CONFIG_PATH': '/opt/ros/jazzy/opt/gz_sim_vendor/share/gz:/opt/ros/jazzy/opt/sdformat_vendor/share/gz:/opt/ros/jazzy/opt/gz_gui_vendor/share/gz:/opt/ros/jazzy/opt/gz_transport_vendor/share/gz:/opt/ros/jazzy/opt/gz_rendering_vendor/share/gz:/opt/ros/jazzy/opt/gz_plugin_vendor/share/gz:/opt/ros/jazzy/opt/gz_fuel_tools_vendor/share/gz:/opt/ros/jazzy/opt/gz_msgs_vendor/share/gz:/opt/ros/jazzy/opt/gz_common_vendor/share/gz', 'HOSTNAME': 'laptop-linux-nardiber', 'SHLVL': '1', 'LD_LIBRARY_PATH': '/opt/ros/jazzy/opt/gz_sim_vendor/lib:/opt/ros/jazzy/opt/gz_sensors_vendor/lib:/opt/ros/jazzy/opt/gz_physics_vendor/lib:/opt/ros/jazzy/opt/sdformat_vendor/lib:/opt/ros/jazzy/opt/rviz_ogre_vendor/lib:/opt/ros/jazzy/lib/x86_64-linux-gnu:/opt/ros/jazzy/opt/gz_gui_vendor/lib:/opt/ros/jazzy/opt/gz_transport_vendor/lib:/opt/ros/jazzy/opt/gz_rendering_vendor/lib:/opt/ros/jazzy/opt/gz_plugin_vendor/lib:/opt/ros/jazzy/opt/gz_fuel_tools_vendor/lib:/opt/ros/jazzy/opt/gz_msgs_vendor/lib:/opt/ros/jazzy/opt/gz_common_vendor/lib:/opt/ros/jazzy/opt/gz_math_vendor/lib:/opt/ros/jazzy/opt/gz_utils_vendor/lib:/opt/ros/jazzy/opt/gz_tools_vendor/lib:/opt/ros/jazzy/opt/gz_ogre_next_vendor/lib:/opt/ros/jazzy/opt/gz_dartsim_vendor/lib:/opt/ros/jazzy/opt/gz_cmake_vendor/lib:/opt/ros/jazzy/lib', 'HOME': '/home/host', 'OLDPWD': '/home/host/ros_ws', 'ROS_PYTHON_VERSION': '3', 'PS1': '(ROS_ID=$ROS_DOMAIN_ID) \\u@\\h:\\w$', 'COLCON_PREFIX_PATH': '/home/host/ros_ws/src/install:/home/host/ros_ws/install', 'ROS_DISTRO': 'jazzy', '_': '/usr/bin/colcon', 'ROS_VERSION': '2', 'TERM': 'xterm', 'QT_X11_NO_MITSHM': '1', 'PATH': '/opt/ros/jazzy/opt/gz_msgs_vendor/bin:/opt/ros/jazzy/opt/gz_tools_vendor/bin:/opt/ros/jazzy/opt/gz_ogre_next_vendor/bin:/opt/ros/jazzy/bin:/usr/local/sbin:/usr/local/bin:/usr/sbin:/usr/bin:/sbin:/bin', 'DISPLAY': ':0', 'LANG': 'C.UTF-8', 'ROS_DOMAIN_ID': '0', 'AMENT_PREFIX_PATH': '/home/host/ros_ws/src/install/subscriber_cpp:/home/host/ros_ws/src/install/python_nodes:/home/host/ros_ws/src/install/publisher_cpp:/home/host/ros_ws/install/subscriber_cpp:/home/host/ros_ws/install/publisher_cpp:/home/host/ros_ws/install/python_nodes:/opt/ros/jazzy', 'DEBIAN_FRONTEND': 'noninteractive', 'ROS_AUTOMATIC_DISCOVERY_RANGE': 'SUBNET', 'PWD': '/home/host/ros_ws/src/build/tutoria_cpp_publisher', 'LC_ALL': 'C.UTF-8', 'PYTHONPATH': '/home/host/ros_ws/src/build/python_nodes:/home/host/ros_ws/src/install/python_nodes/lib/python3.12/site-packages:/home/host/ros_ws/build/python_nodes:/home/host/ros_ws/install/python_nodes/lib/python3.12/site-packages:/opt/ros/jazzy/lib/python3.12/site-packages', 'COLCON': '1', 'CMAKE_PREFIX_PATH': '/home/host/ros_ws/src/install/subscriber_cpp:/home/host/ros_ws/src/install/publisher_cpp:/home/host/ros_ws/install/subscriber_cpp:/home/host/ros_ws/install/publisher_cpp:/opt/ros/jazzy/opt/gz_sim_vendor:/opt/ros/jazzy/opt/gz_sensors_vendor:/opt/ros/jazzy/opt/gz_physics_vendor:/opt/ros/jazzy/opt/sdformat_vendor:/opt/ros/jazzy/opt/gz_gui_vendor:/opt/ros/jazzy/opt/gz_transport_vendor:/opt/ros/jazzy/opt/gz_rendering_vendor:/opt/ros/jazzy/opt/gz_plugin_vendor:/opt/ros/jazzy/opt/gz_fuel_tools_vendor:/opt/ros/jazzy/opt/gz_msgs_vendor:/opt/ros/jazzy/opt/gz_common_vendor:/opt/ros/jazzy/opt/gz_math_vendor:/opt/ros/jazzy/opt/gz_utils_vendor:/opt/ros/jazzy/opt/gz_tools_vendor:/opt/ros/jazzy/opt/gz_ogre_next_vendor:/opt/ros/jazzy/opt/gz_dartsim_vendor:/opt/ros/jazzy/opt/gz_cmake_vendor:/home/host/ros_ws/src/install/python_nodes:/home/host/ros_ws/install/python_nodes:/opt/ros/jazzy'}), 'shell': False}
[9.433561] (tutoria_cpp_publisher) StdoutLine: {'line': b'-- Install configuration: ""\n'}
[9.434405] (tutoria_cpp_publisher) StdoutLine: {'line': b'-- Execute custom install script\n'}
[9.435103] (tutoria_cpp_publisher) StdoutLine: {'line': b'-- Symlinking: /home/host/ros_ws/src/install/tutoria_cpp_publisher/lib/tutoria_cpp_publisher/publisher_node_area\n'}
[9.448784] (-) TimerEvent: {}
[9.451491] (tutoria_cpp_publisher) StdoutLine: {'line': b'-- Symlinking: /home/host/ros_ws/src/install/tutoria_cpp_publisher/share/ament_index/resource_index/package_run_dependencies/tutoria_cpp_publisher\n'}
[9.470744] (tutoria_cpp_publisher) StdoutLine: {'line': b'-- Symlinking: /home/host/ros_ws/src/install/tutoria_cpp_publisher/share/ament_index/resource_index/parent_prefix_path/tutoria_cpp_publisher\n'}
[9.485402] (tutoria_cpp_publisher) StdoutLine: {'line': b'-- Symlinking: /home/host/ros_ws/src/install/tutoria_cpp_publisher/share/tutoria_cpp_publisher/environment/ament_prefix_path.sh\n'}
[9.500439] (tutoria_cpp_publisher) StdoutLine: {'line': b'-- Symlinking: /home/host/ros_ws/src/install/tutoria_cpp_publisher/share/tutoria_cpp_publisher/environment/ament_prefix_path.dsv\n'}
[9.513637] (tutoria_cpp_publisher) StdoutLine: {'line': b'-- Symlinking: /home/host/ros_ws/src/install/tutoria_cpp_publisher/share/tutoria_cpp_publisher/environment/path.sh\n'}
[9.528778] (tutoria_cpp_publisher) StdoutLine: {'line': b'-- Symlinking: /home/host/ros_ws/src/install/tutoria_cpp_publisher/share/tutoria_cpp_publisher/environment/path.dsv\n'}
[9.546409] (tutoria_cpp_publisher) StdoutLine: {'line': b'-- Symlinking: /home/host/ros_ws/src/install/tutoria_cpp_publisher/share/tutoria_cpp_publisher/local_setup.bash\n'}
[9.548965] (-) TimerEvent: {}
[9.562097] (tutoria_cpp_publisher) StdoutLine: {'line': b'-- Symlinking: /home/host/ros_ws/src/install/tutoria_cpp_publisher/share/tutoria_cpp_publisher/local_setup.sh\n'}
[9.577126] (tutoria_cpp_publisher) StdoutLine: {'line': b'-- Symlinking: /home/host/ros_ws/src/install/tutoria_cpp_publisher/share/tutoria_cpp_publisher/local_setup.zsh\n'}
[9.597408] (tutoria_cpp_publisher) StdoutLine: {'line': b'-- Symlinking: /home/host/ros_ws/src/install/tutoria_cpp_publisher/share/tutoria_cpp_publisher/local_setup.dsv\n'}
[9.614909] (tutoria_cpp_publisher) StdoutLine: {'line': b'-- Symlinking: /home/host/ros_ws/src/install/tutoria_cpp_publisher/share/tutoria_cpp_publisher/package.dsv\n'}
[9.630323] (tutoria_cpp_publisher) StdoutLine: {'line': b'-- Symlinking: /home/host/ros_ws/src/install/tutoria_cpp_publisher/share/ament_index/resource_index/packages/tutoria_cpp_publisher\n'}
[9.649120] (-) TimerEvent: {}
[9.655882] (tutoria_cpp_publisher) StdoutLine: {'line': b'-- Symlinking: /home/host/ros_ws/src/install/tutoria_cpp_publisher/share/tutoria_cpp_publisher/cmake/tutoria_cpp_publisherConfig.cmake\n'}
[9.676061] (tutoria_cpp_publisher) StdoutLine: {'line': b'-- Symlinking: /home/host/ros_ws/src/install/tutoria_cpp_publisher/share/tutoria_cpp_publisher/cmake/tutoria_cpp_publisherConfig-version.cmake\n'}
[9.693087] (tutoria_cpp_publisher) StdoutLine: {'line': b'-- Symlinking: /home/host/ros_ws/src/install/tutoria_cpp_publisher/share/tutoria_cpp_publisher/package.xml\n'}
[9.714638] (tutoria_cpp_publisher) CommandEnded: {'returncode': 0}
[9.734376] (tutoria_cpp_publisher) JobEnded: {'identifier': 'tutoria_cpp_publisher', 'rc': 0}
[9.736817] (-) EventReactorShutdown: {}
