[0.113s] DEBUG:colcon:Command line arguments: ['/usr/bin/colcon', 'build', '--symlink-install']
[0.113s] DEBUG:colcon:Parsed command line arguments: Namespace(log_base=None, log_level=None, verb_name='build', build_base='build', install_base='install', merge_install=False, symlink_install=True, test_result_base=None, continue_on_error=False, executor='parallel', parallel_workers=12, event_handlers=None, ignore_user_meta=False, metas=['./colcon.meta'], base_paths=['.'], packages_ignore=None, packages_ignore_regex=None, paths=None, packages_up_to=None, packages_up_to_regex=None, packages_above=None, packages_above_and_dependencies=None, packages_above_depth=None, packages_select_by_dep=None, packages_skip_by_dep=None, packages_skip_up_to=None, packages_select_build_failed=False, packages_skip_build_finished=False, packages_select_test_failures=False, packages_skip_test_passed=False, packages_select=None, packages_skip=None, packages_select_regex=None, packages_skip_regex=None, packages_start=None, packages_end=None, cmake_args=None, cmake_target=None, cmake_target_skip_unavailable=False, cmake_clean_cache=False, cmake_clean_first=False, cmake_force_configure=False, ament_cmake_args=None, catkin_cmake_args=None, catkin_skip_building_tests=False, mixin_files=None, mixin=None, verb_parser=<colcon_mixin.mixin.mixin_argument.MixinArgumentDecorator object at 0x7d39b1873ad0>, verb_extension=<colcon_core.verb.build.BuildVerb object at 0x7d39b19f0470>, main=<bound method BuildVerb.main of <colcon_core.verb.build.BuildVerb object at 0x7d39b19f0470>>, mixin_verb=('build',))
[0.156s] Level 1:colcon.colcon_core.package_discovery:discover_packages(colcon_meta) check parameters
[0.157s] Level 1:colcon.colcon_core.package_discovery:discover_packages(recursive) check parameters
[0.157s] Level 1:colcon.colcon_core.package_discovery:discover_packages(ignore) check parameters
[0.157s] Level 1:colcon.colcon_core.package_discovery:discover_packages(path) check parameters
[0.157s] Level 1:colcon.colcon_core.package_discovery:discover_packages(colcon_meta) discover
[0.157s] Level 1:colcon.colcon_core.package_discovery:discover_packages(recursive) discover
[0.157s] INFO:colcon.colcon_core.package_discovery:Crawling recursively for packages in '/home/host/ros_ws/src'
[0.157s] Level 1:colcon.colcon_core.package_identification:_identify(.) by extensions ['ignore', 'ignore_ament_install']
[0.157s] Level 1:colcon.colcon_core.package_identification:_identify(.) by extension 'ignore'
[0.157s] Level 1:colcon.colcon_core.package_identification:_identify(.) by extension 'ignore_ament_install'
[0.157s] Level 1:colcon.colcon_core.package_identification:_identify(.) by extensions ['colcon_pkg']
[0.157s] Level 1:colcon.colcon_core.package_identification:_identify(.) by extension 'colcon_pkg'
[0.157s] Level 1:colcon.colcon_core.package_identification:_identify(.) by extensions ['colcon_meta']
[0.157s] Level 1:colcon.colcon_core.package_identification:_identify(.) by extension 'colcon_meta'
[0.157s] Level 1:colcon.colcon_core.package_identification:_identify(.) by extensions ['ros']
[0.157s] Level 1:colcon.colcon_core.package_identification:_identify(.) by extension 'ros'
[0.187s] Level 1:colcon.colcon_core.package_identification:_identify(.) by extensions ['cmake', 'python']
[0.187s] Level 1:colcon.colcon_core.package_identification:_identify(.) by extension 'cmake'
[0.187s] Level 1:colcon.colcon_core.package_identification:_identify(.) by extension 'python'
[0.187s] Level 1:colcon.colcon_core.package_identification:_identify(.) by extensions ['python_setup_py']
[0.187s] Level 1:colcon.colcon_core.package_identification:_identify(.) by extension 'python_setup_py'
[0.187s] Level 1:colcon.colcon_core.package_identification:_identify(build) by extensions ['ignore', 'ignore_ament_install']
[0.187s] Level 1:colcon.colcon_core.package_identification:_identify(build) by extension 'ignore'
[0.187s] Level 1:colcon.colcon_core.package_identification:_identify(build) ignored
[0.188s] Level 1:colcon.colcon_core.package_identification:_identify(install) by extensions ['ignore', 'ignore_ament_install']
[0.188s] Level 1:colcon.colcon_core.package_identification:_identify(install) by extension 'ignore'
[0.188s] Level 1:colcon.colcon_core.package_identification:_identify(install) ignored
[0.188s] Level 1:colcon.colcon_core.package_identification:_identify(log) by extensions ['ignore', 'ignore_ament_install']
[0.188s] Level 1:colcon.colcon_core.package_identification:_identify(log) by extension 'ignore'
[0.188s] Level 1:colcon.colcon_core.package_identification:_identify(log) ignored
[0.188s] Level 1:colcon.colcon_core.package_identification:_identify(publisher_cpp) by extensions ['ignore', 'ignore_ament_install']
[0.188s] Level 1:colcon.colcon_core.package_identification:_identify(publisher_cpp) by extension 'ignore'
[0.188s] Level 1:colcon.colcon_core.package_identification:_identify(publisher_cpp) by extension 'ignore_ament_install'
[0.188s] Level 1:colcon.colcon_core.package_identification:_identify(publisher_cpp) by extensions ['colcon_pkg']
[0.188s] Level 1:colcon.colcon_core.package_identification:_identify(publisher_cpp) by extension 'colcon_pkg'
[0.188s] Level 1:colcon.colcon_core.package_identification:_identify(publisher_cpp) by extensions ['colcon_meta']
[0.188s] Level 1:colcon.colcon_core.package_identification:_identify(publisher_cpp) by extension 'colcon_meta'
[0.188s] Level 1:colcon.colcon_core.package_identification:_identify(publisher_cpp) by extensions ['ros']
[0.188s] Level 1:colcon.colcon_core.package_identification:_identify(publisher_cpp) by extension 'ros'
[0.192s] DEBUG:colcon.colcon_core.package_identification:Package 'publisher_cpp' with type 'ros.ament_cmake' and name 'publisher_cpp'
[0.192s] Level 1:colcon.colcon_core.package_identification:_identify(python_nodes) by extensions ['ignore', 'ignore_ament_install']
[0.192s] Level 1:colcon.colcon_core.package_identification:_identify(python_nodes) by extension 'ignore'
[0.192s] Level 1:colcon.colcon_core.package_identification:_identify(python_nodes) by extension 'ignore_ament_install'
[0.192s] Level 1:colcon.colcon_core.package_identification:_identify(python_nodes) by extensions ['colcon_pkg']
[0.192s] Level 1:colcon.colcon_core.package_identification:_identify(python_nodes) by extension 'colcon_pkg'
[0.192s] Level 1:colcon.colcon_core.package_identification:_identify(python_nodes) by extensions ['colcon_meta']
[0.192s] Level 1:colcon.colcon_core.package_identification:_identify(python_nodes) by extension 'colcon_meta'
[0.192s] Level 1:colcon.colcon_core.package_identification:_identify(python_nodes) by extensions ['ros']
[0.192s] Level 1:colcon.colcon_core.package_identification:_identify(python_nodes) by extension 'ros'
[0.193s] DEBUG:colcon.colcon_core.package_identification:Package 'python_nodes' with type 'ros.ament_python' and name 'python_nodes'
[0.193s] Level 1:colcon.colcon_core.package_identification:_identify(sub_pasta_de_projeto_1) by extensions ['ignore', 'ignore_ament_install']
[0.193s] Level 1:colcon.colcon_core.package_identification:_identify(sub_pasta_de_projeto_1) by extension 'ignore'
[0.193s] Level 1:colcon.colcon_core.package_identification:_identify(sub_pasta_de_projeto_1) by extension 'ignore_ament_install'
[0.193s] Level 1:colcon.colcon_core.package_identification:_identify(sub_pasta_de_projeto_1) by extensions ['colcon_pkg']
[0.193s] Level 1:colcon.colcon_core.package_identification:_identify(sub_pasta_de_projeto_1) by extension 'colcon_pkg'
[0.193s] Level 1:colcon.colcon_core.package_identification:_identify(sub_pasta_de_projeto_1) by extensions ['colcon_meta']
[0.193s] Level 1:colcon.colcon_core.package_identification:_identify(sub_pasta_de_projeto_1) by extension 'colcon_meta'
[0.193s] Level 1:colcon.colcon_core.package_identification:_identify(sub_pasta_de_projeto_1) by extensions ['ros']
[0.193s] Level 1:colcon.colcon_core.package_identification:_identify(sub_pasta_de_projeto_1) by extension 'ros'
[0.193s] Level 1:colcon.colcon_core.package_identification:_identify(sub_pasta_de_projeto_1) by extensions ['cmake', 'python']
[0.194s] Level 1:colcon.colcon_core.package_identification:_identify(sub_pasta_de_projeto_1) by extension 'cmake'
[0.194s] Level 1:colcon.colcon_core.package_identification:_identify(sub_pasta_de_projeto_1) by extension 'python'
[0.194s] Level 1:colcon.colcon_core.package_identification:_identify(sub_pasta_de_projeto_1) by extensions ['python_setup_py']
[0.194s] Level 1:colcon.colcon_core.package_identification:_identify(sub_pasta_de_projeto_1) by extension 'python_setup_py'
[0.194s] Level 1:colcon.colcon_core.package_identification:_identify(sub_pasta_de_projeto_1/pacote_entrega_1) by extensions ['ignore', 'ignore_ament_install']
[0.194s] Level 1:colcon.colcon_core.package_identification:_identify(sub_pasta_de_projeto_1/pacote_entrega_1) by extension 'ignore'
[0.194s] Level 1:colcon.colcon_core.package_identification:_identify(sub_pasta_de_projeto_1/pacote_entrega_1) by extension 'ignore_ament_install'
[0.194s] Level 1:colcon.colcon_core.package_identification:_identify(sub_pasta_de_projeto_1/pacote_entrega_1) by extensions ['colcon_pkg']
[0.194s] Level 1:colcon.colcon_core.package_identification:_identify(sub_pasta_de_projeto_1/pacote_entrega_1) by extension 'colcon_pkg'
[0.194s] Level 1:colcon.colcon_core.package_identification:_identify(sub_pasta_de_projeto_1/pacote_entrega_1) by extensions ['colcon_meta']
[0.194s] Level 1:colcon.colcon_core.package_identification:_identify(sub_pasta_de_projeto_1/pacote_entrega_1) by extension 'colcon_meta'
[0.194s] Level 1:colcon.colcon_core.package_identification:_identify(sub_pasta_de_projeto_1/pacote_entrega_1) by extensions ['ros']
[0.194s] Level 1:colcon.colcon_core.package_identification:_identify(sub_pasta_de_projeto_1/pacote_entrega_1) by extension 'ros'
[0.194s] Level 1:colcon.colcon_core.package_identification:_identify(sub_pasta_de_projeto_1/pacote_entrega_1) by extensions ['cmake', 'python']
[0.194s] Level 1:colcon.colcon_core.package_identification:_identify(sub_pasta_de_projeto_1/pacote_entrega_1) by extension 'cmake'
[0.194s] Level 1:colcon.colcon_core.package_identification:_identify(sub_pasta_de_projeto_1/pacote_entrega_1) by extension 'python'
[0.194s] Level 1:colcon.colcon_core.package_identification:_identify(sub_pasta_de_projeto_1/pacote_entrega_1) by extensions ['python_setup_py']
[0.194s] Level 1:colcon.colcon_core.package_identification:_identify(sub_pasta_de_projeto_1/pacote_entrega_1) by extension 'python_setup_py'
[0.195s] Level 1:colcon.colcon_core.package_identification:_identify(subscriber_cpp) by extensions ['ignore', 'ignore_ament_install']
[0.195s] Level 1:colcon.colcon_core.package_identification:_identify(subscriber_cpp) by extension 'ignore'
[0.195s] Level 1:colcon.colcon_core.package_identification:_identify(subscriber_cpp) by extension 'ignore_ament_install'
[0.195s] Level 1:colcon.colcon_core.package_identification:_identify(subscriber_cpp) by extensions ['colcon_pkg']
[0.195s] Level 1:colcon.colcon_core.package_identification:_identify(subscriber_cpp) by extension 'colcon_pkg'
[0.195s] Level 1:colcon.colcon_core.package_identification:_identify(subscriber_cpp) by extensions ['colcon_meta']
[0.195s] Level 1:colcon.colcon_core.package_identification:_identify(subscriber_cpp) by extension 'colcon_meta'
[0.195s] Level 1:colcon.colcon_core.package_identification:_identify(subscriber_cpp) by extensions ['ros']
[0.195s] Level 1:colcon.colcon_core.package_identification:_identify(subscriber_cpp) by extension 'ros'
[0.196s] DEBUG:colcon.colcon_core.package_identification:Package 'subscriber_cpp' with type 'ros.ament_cmake' and name 'subscriber_cpp'
[0.196s] Level 1:colcon.colcon_core.package_identification:_identify(tutoria_cpp_publisher) by extensions ['ignore', 'ignore_ament_install']
[0.196s] Level 1:colcon.colcon_core.package_identification:_identify(tutoria_cpp_publisher) by extension 'ignore'
[0.196s] Level 1:colcon.colcon_core.package_identification:_identify(tutoria_cpp_publisher) by extension 'ignore_ament_install'
[0.196s] Level 1:colcon.colcon_core.package_identification:_identify(tutoria_cpp_publisher) by extensions ['colcon_pkg']
[0.196s] Level 1:colcon.colcon_core.package_identification:_identify(tutoria_cpp_publisher) by extension 'colcon_pkg'
[0.196s] Level 1:colcon.colcon_core.package_identification:_identify(tutoria_cpp_publisher) by extensions ['colcon_meta']
[0.196s] Level 1:colcon.colcon_core.package_identification:_identify(tutoria_cpp_publisher) by extension 'colcon_meta'
[0.196s] Level 1:colcon.colcon_core.package_identification:_identify(tutoria_cpp_publisher) by extensions ['ros']
[0.196s] Level 1:colcon.colcon_core.package_identification:_identify(tutoria_cpp_publisher) by extension 'ros'
[0.197s] DEBUG:colcon.colcon_core.package_identification:Package 'tutoria_cpp_publisher' with type 'ros.ament_cmake' and name 'tutoria_cpp_publisher'
[0.197s] Level 1:colcon.colcon_core.package_discovery:discover_packages(recursive) using defaults
[0.197s] Level 1:colcon.colcon_core.package_discovery:discover_packages(ignore) discover
[0.197s] Level 1:colcon.colcon_core.package_discovery:discover_packages(ignore) using defaults
[0.197s] Level 1:colcon.colcon_core.package_discovery:discover_packages(path) discover
[0.197s] Level 1:colcon.colcon_core.package_discovery:discover_packages(path) using defaults
[0.230s] Level 5:colcon.colcon_core.verb:set package 'publisher_cpp' build argument 'cmake_args' from command line to 'None'
[0.230s] Level 5:colcon.colcon_core.verb:set package 'publisher_cpp' build argument 'cmake_target' from command line to 'None'
[0.230s] Level 5:colcon.colcon_core.verb:set package 'publisher_cpp' build argument 'cmake_target_skip_unavailable' from command line to 'False'
[0.230s] Level 5:colcon.colcon_core.verb:set package 'publisher_cpp' build argument 'cmake_clean_cache' from command line to 'False'
[0.230s] Level 5:colcon.colcon_core.verb:set package 'publisher_cpp' build argument 'cmake_clean_first' from command line to 'False'
[0.230s] Level 5:colcon.colcon_core.verb:set package 'publisher_cpp' build argument 'cmake_force_configure' from command line to 'False'
[0.230s] Level 5:colcon.colcon_core.verb:set package 'publisher_cpp' build argument 'ament_cmake_args' from command line to 'None'
[0.230s] Level 5:colcon.colcon_core.verb:set package 'publisher_cpp' build argument 'catkin_cmake_args' from command line to 'None'
[0.230s] Level 5:colcon.colcon_core.verb:set package 'publisher_cpp' build argument 'catkin_skip_building_tests' from command line to 'False'
[0.230s] DEBUG:colcon.colcon_core.verb:Building package 'publisher_cpp' with the following arguments: {'ament_cmake_args': None, 'build_base': '/home/host/ros_ws/src/build/publisher_cpp', 'catkin_cmake_args': None, 'catkin_skip_building_tests': False, 'cmake_args': None, 'cmake_clean_cache': False, 'cmake_clean_first': False, 'cmake_force_configure': False, 'cmake_target': None, 'cmake_target_skip_unavailable': False, 'install_base': '/home/host/ros_ws/src/install/publisher_cpp', 'merge_install': False, 'path': '/home/host/ros_ws/src/publisher_cpp', 'symlink_install': True, 'test_result_base': None}
[0.230s] Level 5:colcon.colcon_core.verb:set package 'python_nodes' build argument 'cmake_args' from command line to 'None'
[0.230s] Level 5:colcon.colcon_core.verb:set package 'python_nodes' build argument 'cmake_target' from command line to 'None'
[0.230s] Level 5:colcon.colcon_core.verb:set package 'python_nodes' build argument 'cmake_target_skip_unavailable' from command line to 'False'
[0.231s] Level 5:colcon.colcon_core.verb:set package 'python_nodes' build argument 'cmake_clean_cache' from command line to 'False'
[0.231s] Level 5:colcon.colcon_core.verb:set package 'python_nodes' build argument 'cmake_clean_first' from command line to 'False'
[0.231s] Level 5:colcon.colcon_core.verb:set package 'python_nodes' build argument 'cmake_force_configure' from command line to 'False'
[0.231s] Level 5:colcon.colcon_core.verb:set package 'python_nodes' build argument 'ament_cmake_args' from command line to 'None'
[0.231s] Level 5:colcon.colcon_core.verb:set package 'python_nodes' build argument 'catkin_cmake_args' from command line to 'None'
[0.231s] Level 5:colcon.colcon_core.verb:set package 'python_nodes' build argument 'catkin_skip_building_tests' from command line to 'False'
[0.231s] DEBUG:colcon.colcon_core.verb:Building package 'python_nodes' with the following arguments: {'ament_cmake_args': None, 'build_base': '/home/host/ros_ws/src/build/python_nodes', 'catkin_cmake_args': None, 'catkin_skip_building_tests': False, 'cmake_args': None, 'cmake_clean_cache': False, 'cmake_clean_first': False, 'cmake_force_configure': False, 'cmake_target': None, 'cmake_target_skip_unavailable': False, 'install_base': '/home/host/ros_ws/src/install/python_nodes', 'merge_install': False, 'path': '/home/host/ros_ws/src/python_nodes', 'symlink_install': True, 'test_result_base': None}
[0.231s] Level 5:colcon.colcon_core.verb:set package 'subscriber_cpp' build argument 'cmake_args' from command line to 'None'
[0.231s] Level 5:colcon.colcon_core.verb:set package 'subscriber_cpp' build argument 'cmake_target' from command line to 'None'
[0.231s] Level 5:colcon.colcon_core.verb:set package 'subscriber_cpp' build argument 'cmake_target_skip_unavailable' from command line to 'False'
[0.231s] Level 5:colcon.colcon_core.verb:set package 'subscriber_cpp' build argument 'cmake_clean_cache' from command line to 'False'
[0.231s] Level 5:colcon.colcon_core.verb:set package 'subscriber_cpp' build argument 'cmake_clean_first' from command line to 'False'
[0.231s] Level 5:colcon.colcon_core.verb:set package 'subscriber_cpp' build argument 'cmake_force_configure' from command line to 'False'
[0.231s] Level 5:colcon.colcon_core.verb:set package 'subscriber_cpp' build argument 'ament_cmake_args' from command line to 'None'
[0.231s] Level 5:colcon.colcon_core.verb:set package 'subscriber_cpp' build argument 'catkin_cmake_args' from command line to 'None'
[0.231s] Level 5:colcon.colcon_core.verb:set package 'subscriber_cpp' build argument 'catkin_skip_building_tests' from command line to 'False'
[0.231s] DEBUG:colcon.colcon_core.verb:Building package 'subscriber_cpp' with the following arguments: {'ament_cmake_args': None, 'build_base': '/home/host/ros_ws/src/build/subscriber_cpp', 'catkin_cmake_args': None, 'catkin_skip_building_tests': False, 'cmake_args': None, 'cmake_clean_cache': False, 'cmake_clean_first': False, 'cmake_force_configure': False, 'cmake_target': None, 'cmake_target_skip_unavailable': False, 'install_base': '/home/host/ros_ws/src/install/subscriber_cpp', 'merge_install': False, 'path': '/home/host/ros_ws/src/subscriber_cpp', 'symlink_install': True, 'test_result_base': None}
[0.232s] Level 5:colcon.colcon_core.verb:set package 'tutoria_cpp_publisher' build argument 'cmake_args' from command line to 'None'
[0.232s] Level 5:colcon.colcon_core.verb:set package 'tutoria_cpp_publisher' build argument 'cmake_target' from command line to 'None'
[0.232s] Level 5:colcon.colcon_core.verb:set package 'tutoria_cpp_publisher' build argument 'cmake_target_skip_unavailable' from command line to 'False'
[0.232s] Level 5:colcon.colcon_core.verb:set package 'tutoria_cpp_publisher' build argument 'cmake_clean_cache' from command line to 'False'
[0.232s] Level 5:colcon.colcon_core.verb:set package 'tutoria_cpp_publisher' build argument 'cmake_clean_first' from command line to 'False'
[0.232s] Level 5:colcon.colcon_core.verb:set package 'tutoria_cpp_publisher' build argument 'cmake_force_configure' from command line to 'False'
[0.232s] Level 5:colcon.colcon_core.verb:set package 'tutoria_cpp_publisher' build argument 'ament_cmake_args' from command line to 'None'
[0.232s] Level 5:colcon.colcon_core.verb:set package 'tutoria_cpp_publisher' build argument 'catkin_cmake_args' from command line to 'None'
[0.232s] Level 5:colcon.colcon_core.verb:set package 'tutoria_cpp_publisher' build argument 'catkin_skip_building_tests' from command line to 'False'
[0.232s] DEBUG:colcon.colcon_core.verb:Building package 'tutoria_cpp_publisher' with the following arguments: {'ament_cmake_args': None, 'build_base': '/home/host/ros_ws/src/build/tutoria_cpp_publisher', 'catkin_cmake_args': None, 'catkin_skip_building_tests': False, 'cmake_args': None, 'cmake_clean_cache': False, 'cmake_clean_first': False, 'cmake_force_configure': False, 'cmake_target': None, 'cmake_target_skip_unavailable': False, 'install_base': '/home/host/ros_ws/src/install/tutoria_cpp_publisher', 'merge_install': False, 'path': '/home/host/ros_ws/src/tutoria_cpp_publisher', 'symlink_install': True, 'test_result_base': None}
[0.232s] INFO:colcon.colcon_core.executor:Executing jobs using 'parallel' executor
[0.234s] DEBUG:colcon.colcon_parallel_executor.executor.parallel:run_until_complete
[0.234s] INFO:colcon.colcon_ros.task.ament_cmake.build:Building ROS package in '/home/host/ros_ws/src/publisher_cpp' with build type 'ament_cmake'
[0.234s] INFO:colcon.colcon_cmake.task.cmake.build:Building CMake package in '/home/host/ros_ws/src/publisher_cpp'
[0.241s] INFO:colcon.colcon_core.plugin_system:Skipping extension 'colcon_core.shell.bat': Not used on non-Windows systems
[0.241s] INFO:colcon.colcon_core.shell:Skip shell extension 'powershell' for command environment: Not usable outside of PowerShell
[0.241s] DEBUG:colcon.colcon_core.shell:Skip shell extension 'dsv' for command environment
[0.255s] INFO:colcon.colcon_ros.task.ament_python.build:Building ROS package in '/home/host/ros_ws/src/python_nodes' with build type 'ament_python'
[0.255s] Level 1:colcon.colcon_core.shell:create_environment_hook('python_nodes', 'ament_prefix_path')
[0.255s] INFO:colcon.colcon_core.shell:Creating environment hook '/home/host/ros_ws/src/install/python_nodes/share/python_nodes/hook/ament_prefix_path.ps1'
[0.257s] INFO:colcon.colcon_core.shell:Creating environment descriptor '/home/host/ros_ws/src/install/python_nodes/share/python_nodes/hook/ament_prefix_path.dsv'
[0.258s] INFO:colcon.colcon_core.shell:Creating environment hook '/home/host/ros_ws/src/install/python_nodes/share/python_nodes/hook/ament_prefix_path.sh'
[0.259s] INFO:colcon.colcon_core.shell:Skip shell extension 'powershell' for command environment: Not usable outside of PowerShell
[0.259s] DEBUG:colcon.colcon_core.shell:Skip shell extension 'dsv' for command environment
[0.267s] INFO:colcon.colcon_ros.task.ament_cmake.build:Building ROS package in '/home/host/ros_ws/src/subscriber_cpp' with build type 'ament_cmake'
[0.267s] INFO:colcon.colcon_cmake.task.cmake.build:Building CMake package in '/home/host/ros_ws/src/subscriber_cpp'
[0.267s] INFO:colcon.colcon_core.shell:Skip shell extension 'powershell' for command environment: Not usable outside of PowerShell
[0.268s] DEBUG:colcon.colcon_core.shell:Skip shell extension 'dsv' for command environment
[0.278s] INFO:colcon.colcon_ros.task.ament_cmake.build:Building ROS package in '/home/host/ros_ws/src/tutoria_cpp_publisher' with build type 'ament_cmake'
[0.279s] INFO:colcon.colcon_cmake.task.cmake.build:Building CMake package in '/home/host/ros_ws/src/tutoria_cpp_publisher'
[0.279s] INFO:colcon.colcon_core.shell:Skip shell extension 'powershell' for command environment: Not usable outside of PowerShell
[0.279s] DEBUG:colcon.colcon_core.shell:Skip shell extension 'dsv' for command environment
[0.298s] DEBUG:colcon.colcon_core.event_handler.log_command:Invoking command in '/home/host/ros_ws/src/build/publisher_cpp': CMAKE_PREFIX_PATH=${CMAKE_PREFIX_PATH}:/home/host/ros_ws/src/install/python_nodes:/home/host/ros_ws/install/python_nodes:/opt/ros/jazzy PS1=(ROS_ID=$ROS_DOMAIN_ID) \u@\h:\w$ /usr/bin/cmake --build /home/host/ros_ws/src/build/publisher_cpp -- -j12 -l12
[0.761s] INFO:colcon.colcon_core.task.python.build:Building Python package in '/home/host/ros_ws/src/python_nodes'
[0.765s] INFO:colcon.colcon_core.shell:Skip shell extension 'powershell' for command environment: Not usable outside of PowerShell
[0.766s] DEBUG:colcon.colcon_core.shell:Skip shell extension 'dsv' for command environment
[0.809s] DEBUG:colcon.colcon_core.event_handler.log_command:Invoking command in '/home/host/ros_ws/src/build/subscriber_cpp': CMAKE_PREFIX_PATH=${CMAKE_PREFIX_PATH}:/home/host/ros_ws/src/install/python_nodes:/home/host/ros_ws/install/python_nodes:/opt/ros/jazzy PS1=(ROS_ID=$ROS_DOMAIN_ID) \u@\h:\w$ /usr/bin/cmake --build /home/host/ros_ws/src/build/subscriber_cpp -- -j12 -l12
[0.824s] DEBUG:colcon.colcon_core.event_handler.log_command:Invoked command in '/home/host/ros_ws/src/build/publisher_cpp' returned '0': CMAKE_PREFIX_PATH=${CMAKE_PREFIX_PATH}:/home/host/ros_ws/src/install/python_nodes:/home/host/ros_ws/install/python_nodes:/opt/ros/jazzy PS1=(ROS_ID=$ROS_DOMAIN_ID) \u@\h:\w$ /usr/bin/cmake --build /home/host/ros_ws/src/build/publisher_cpp -- -j12 -l12
[0.864s] DEBUG:colcon.colcon_core.event_handler.log_command:Invoking command in '/home/host/ros_ws/src/build/publisher_cpp': CMAKE_PREFIX_PATH=${CMAKE_PREFIX_PATH}:/home/host/ros_ws/src/install/python_nodes:/home/host/ros_ws/install/python_nodes:/opt/ros/jazzy PS1=(ROS_ID=$ROS_DOMAIN_ID) \u@\h:\w$ /usr/bin/cmake --install /home/host/ros_ws/src/build/publisher_cpp
[0.870s] DEBUG:colcon.colcon_core.event_handler.log_command:Invoking command in '/home/host/ros_ws/src/build/tutoria_cpp_publisher': CMAKE_PREFIX_PATH=${CMAKE_PREFIX_PATH}:/home/host/ros_ws/src/install/python_nodes:/home/host/ros_ws/install/python_nodes:/opt/ros/jazzy PS1=(ROS_ID=$ROS_DOMAIN_ID) \u@\h:\w$ /usr/bin/cmake --build /home/host/ros_ws/src/build/tutoria_cpp_publisher -- -j12 -l12
[0.925s] Level 1:colcon.colcon_core.environment:create_environment_scripts_only(publisher_cpp)
[0.927s] DEBUG:colcon.colcon_core.event_handler.log_command:Invoked command in '/home/host/ros_ws/src/build/publisher_cpp' returned '0': CMAKE_PREFIX_PATH=${CMAKE_PREFIX_PATH}:/home/host/ros_ws/src/install/python_nodes:/home/host/ros_ws/install/python_nodes:/opt/ros/jazzy PS1=(ROS_ID=$ROS_DOMAIN_ID) \u@\h:\w$ /usr/bin/cmake --install /home/host/ros_ws/src/build/publisher_cpp
[0.934s] Level 1:colcon.colcon_core.environment:checking '/home/host/ros_ws/src/install/publisher_cpp' for CMake module files
[0.937s] Level 1:colcon.colcon_core.environment:checking '/home/host/ros_ws/src/install/publisher_cpp' for CMake config files
[0.938s] Level 1:colcon.colcon_core.shell:create_environment_hook('publisher_cpp', 'cmake_prefix_path')
[0.939s] INFO:colcon.colcon_core.shell:Creating environment hook '/home/host/ros_ws/src/install/publisher_cpp/share/publisher_cpp/hook/cmake_prefix_path.ps1'
[0.941s] INFO:colcon.colcon_core.shell:Creating environment descriptor '/home/host/ros_ws/src/install/publisher_cpp/share/publisher_cpp/hook/cmake_prefix_path.dsv'
[0.943s] INFO:colcon.colcon_core.shell:Creating environment hook '/home/host/ros_ws/src/install/publisher_cpp/share/publisher_cpp/hook/cmake_prefix_path.sh'
[0.946s] Level 1:colcon.colcon_core.environment:checking '/home/host/ros_ws/src/install/publisher_cpp/lib'
[0.947s] Level 1:colcon.colcon_core.environment:checking '/home/host/ros_ws/src/install/publisher_cpp/bin'
[0.947s] Level 1:colcon.colcon_core.environment:checking '/home/host/ros_ws/src/install/publisher_cpp/lib/pkgconfig/publisher_cpp.pc'
[0.948s] Level 1:colcon.colcon_core.environment:checking '/home/host/ros_ws/src/install/publisher_cpp/lib/python3.12/site-packages'
[0.950s] Level 1:colcon.colcon_core.environment:checking '/home/host/ros_ws/src/install/publisher_cpp/bin'
[0.951s] INFO:colcon.colcon_core.shell:Creating package script '/home/host/ros_ws/src/install/publisher_cpp/share/publisher_cpp/package.ps1'
[0.955s] INFO:colcon.colcon_core.shell:Creating package descriptor '/home/host/ros_ws/src/install/publisher_cpp/share/publisher_cpp/package.dsv'
[0.957s] INFO:colcon.colcon_core.shell:Creating package script '/home/host/ros_ws/src/install/publisher_cpp/share/publisher_cpp/package.sh'
[0.960s] INFO:colcon.colcon_core.shell:Creating package script '/home/host/ros_ws/src/install/publisher_cpp/share/publisher_cpp/package.bash'
[0.962s] INFO:colcon.colcon_core.shell:Creating package script '/home/host/ros_ws/src/install/publisher_cpp/share/publisher_cpp/package.zsh'
[0.964s] Level 1:colcon.colcon_core.environment:create_file_with_runtime_dependencies(/home/host/ros_ws/src/install/publisher_cpp/share/colcon-core/packages/publisher_cpp)
[0.966s] Level 1:colcon.colcon_core.environment:create_environment_scripts_only(publisher_cpp)
[0.970s] Level 1:colcon.colcon_core.environment:checking '/home/host/ros_ws/src/install/publisher_cpp' for CMake module files
[0.972s] Level 1:colcon.colcon_core.environment:checking '/home/host/ros_ws/src/install/publisher_cpp' for CMake config files
[0.974s] Level 1:colcon.colcon_core.shell:create_environment_hook('publisher_cpp', 'cmake_prefix_path')
[0.974s] INFO:colcon.colcon_core.shell:Creating environment hook '/home/host/ros_ws/src/install/publisher_cpp/share/publisher_cpp/hook/cmake_prefix_path.ps1'
[0.976s] INFO:colcon.colcon_core.shell:Creating environment descriptor '/home/host/ros_ws/src/install/publisher_cpp/share/publisher_cpp/hook/cmake_prefix_path.dsv'
[0.977s] INFO:colcon.colcon_core.shell:Creating environment hook '/home/host/ros_ws/src/install/publisher_cpp/share/publisher_cpp/hook/cmake_prefix_path.sh'
[0.980s] Level 1:colcon.colcon_core.environment:checking '/home/host/ros_ws/src/install/publisher_cpp/lib'
[0.980s] Level 1:colcon.colcon_core.environment:checking '/home/host/ros_ws/src/install/publisher_cpp/bin'
[0.980s] Level 1:colcon.colcon_core.environment:checking '/home/host/ros_ws/src/install/publisher_cpp/lib/pkgconfig/publisher_cpp.pc'
[0.981s] Level 1:colcon.colcon_core.environment:checking '/home/host/ros_ws/src/install/publisher_cpp/lib/python3.12/site-packages'
[0.982s] Level 1:colcon.colcon_core.environment:checking '/home/host/ros_ws/src/install/publisher_cpp/bin'
[0.983s] INFO:colcon.colcon_core.shell:Creating package script '/home/host/ros_ws/src/install/publisher_cpp/share/publisher_cpp/package.ps1'
[0.986s] INFO:colcon.colcon_core.shell:Creating package descriptor '/home/host/ros_ws/src/install/publisher_cpp/share/publisher_cpp/package.dsv'
[0.987s] INFO:colcon.colcon_core.shell:Creating package script '/home/host/ros_ws/src/install/publisher_cpp/share/publisher_cpp/package.sh'
[0.989s] INFO:colcon.colcon_core.shell:Creating package script '/home/host/ros_ws/src/install/publisher_cpp/share/publisher_cpp/package.bash'
[0.990s] INFO:colcon.colcon_core.shell:Creating package script '/home/host/ros_ws/src/install/publisher_cpp/share/publisher_cpp/package.zsh'
[0.992s] Level 1:colcon.colcon_core.environment:create_file_with_runtime_dependencies(/home/host/ros_ws/src/install/publisher_cpp/share/colcon-core/packages/publisher_cpp)
[1.040s] DEBUG:colcon.colcon_core.event_handler.log_command:Invoked command in '/home/host/ros_ws/src/build/subscriber_cpp' returned '0': CMAKE_PREFIX_PATH=${CMAKE_PREFIX_PATH}:/home/host/ros_ws/src/install/python_nodes:/home/host/ros_ws/install/python_nodes:/opt/ros/jazzy PS1=(ROS_ID=$ROS_DOMAIN_ID) \u@\h:\w$ /usr/bin/cmake --build /home/host/ros_ws/src/build/subscriber_cpp -- -j12 -l12
[1.045s] DEBUG:colcon.colcon_core.event_handler.log_command:Invoking command in '/home/host/ros_ws/src/build/subscriber_cpp': CMAKE_PREFIX_PATH=${CMAKE_PREFIX_PATH}:/home/host/ros_ws/src/install/python_nodes:/home/host/ros_ws/install/python_nodes:/opt/ros/jazzy PS1=(ROS_ID=$ROS_DOMAIN_ID) \u@\h:\w$ /usr/bin/cmake --install /home/host/ros_ws/src/build/subscriber_cpp
[1.101s] Level 1:colcon.colcon_core.environment:create_environment_scripts_only(subscriber_cpp)
[1.102s] Level 1:colcon.colcon_core.environment:checking '/home/host/ros_ws/src/install/subscriber_cpp' for CMake module files
[1.103s] DEBUG:colcon.colcon_core.event_handler.log_command:Invoked command in '/home/host/ros_ws/src/build/subscriber_cpp' returned '0': CMAKE_PREFIX_PATH=${CMAKE_PREFIX_PATH}:/home/host/ros_ws/src/install/python_nodes:/home/host/ros_ws/install/python_nodes:/opt/ros/jazzy PS1=(ROS_ID=$ROS_DOMAIN_ID) \u@\h:\w$ /usr/bin/cmake --install /home/host/ros_ws/src/build/subscriber_cpp
[1.105s] Level 1:colcon.colcon_core.environment:checking '/home/host/ros_ws/src/install/subscriber_cpp' for CMake config files
[1.106s] Level 1:colcon.colcon_core.shell:create_environment_hook('subscriber_cpp', 'cmake_prefix_path')
[1.107s] INFO:colcon.colcon_core.shell:Creating environment hook '/home/host/ros_ws/src/install/subscriber_cpp/share/subscriber_cpp/hook/cmake_prefix_path.ps1'
[1.108s] INFO:colcon.colcon_core.shell:Creating environment descriptor '/home/host/ros_ws/src/install/subscriber_cpp/share/subscriber_cpp/hook/cmake_prefix_path.dsv'
[1.109s] INFO:colcon.colcon_core.shell:Creating environment hook '/home/host/ros_ws/src/install/subscriber_cpp/share/subscriber_cpp/hook/cmake_prefix_path.sh'
[1.110s] Level 1:colcon.colcon_core.environment:checking '/home/host/ros_ws/src/install/subscriber_cpp/lib'
[1.110s] Level 1:colcon.colcon_core.environment:checking '/home/host/ros_ws/src/install/subscriber_cpp/bin'
[1.111s] Level 1:colcon.colcon_core.environment:checking '/home/host/ros_ws/src/install/subscriber_cpp/lib/pkgconfig/subscriber_cpp.pc'
[1.111s] Level 1:colcon.colcon_core.environment:checking '/home/host/ros_ws/src/install/subscriber_cpp/lib/python3.12/site-packages'
[1.112s] Level 1:colcon.colcon_core.environment:checking '/home/host/ros_ws/src/install/subscriber_cpp/bin'
[1.113s] INFO:colcon.colcon_core.shell:Creating package script '/home/host/ros_ws/src/install/subscriber_cpp/share/subscriber_cpp/package.ps1'
[1.114s] INFO:colcon.colcon_core.shell:Creating package descriptor '/home/host/ros_ws/src/install/subscriber_cpp/share/subscriber_cpp/package.dsv'
[1.115s] INFO:colcon.colcon_core.shell:Creating package script '/home/host/ros_ws/src/install/subscriber_cpp/share/subscriber_cpp/package.sh'
[1.116s] INFO:colcon.colcon_core.shell:Creating package script '/home/host/ros_ws/src/install/subscriber_cpp/share/subscriber_cpp/package.bash'
[1.117s] INFO:colcon.colcon_core.shell:Creating package script '/home/host/ros_ws/src/install/subscriber_cpp/share/subscriber_cpp/package.zsh'
[1.118s] Level 1:colcon.colcon_core.environment:create_file_with_runtime_dependencies(/home/host/ros_ws/src/install/subscriber_cpp/share/colcon-core/packages/subscriber_cpp)
[1.119s] Level 1:colcon.colcon_core.environment:create_environment_scripts_only(subscriber_cpp)
[1.119s] Level 1:colcon.colcon_core.environment:checking '/home/host/ros_ws/src/install/subscriber_cpp' for CMake module files
[1.120s] Level 1:colcon.colcon_core.environment:checking '/home/host/ros_ws/src/install/subscriber_cpp' for CMake config files
[1.121s] Level 1:colcon.colcon_core.shell:create_environment_hook('subscriber_cpp', 'cmake_prefix_path')
[1.121s] INFO:colcon.colcon_core.shell:Creating environment hook '/home/host/ros_ws/src/install/subscriber_cpp/share/subscriber_cpp/hook/cmake_prefix_path.ps1'
[1.123s] INFO:colcon.colcon_core.shell:Creating environment descriptor '/home/host/ros_ws/src/install/subscriber_cpp/share/subscriber_cpp/hook/cmake_prefix_path.dsv'
[1.123s] INFO:colcon.colcon_core.shell:Creating environment hook '/home/host/ros_ws/src/install/subscriber_cpp/share/subscriber_cpp/hook/cmake_prefix_path.sh'
[1.125s] Level 1:colcon.colcon_core.environment:checking '/home/host/ros_ws/src/install/subscriber_cpp/lib'
[1.125s] Level 1:colcon.colcon_core.environment:checking '/home/host/ros_ws/src/install/subscriber_cpp/bin'
[1.125s] Level 1:colcon.colcon_core.environment:checking '/home/host/ros_ws/src/install/subscriber_cpp/lib/pkgconfig/subscriber_cpp.pc'
[1.126s] Level 1:colcon.colcon_core.environment:checking '/home/host/ros_ws/src/install/subscriber_cpp/lib/python3.12/site-packages'
[1.126s] Level 1:colcon.colcon_core.environment:checking '/home/host/ros_ws/src/install/subscriber_cpp/bin'
[1.127s] INFO:colcon.colcon_core.shell:Creating package script '/home/host/ros_ws/src/install/subscriber_cpp/share/subscriber_cpp/package.ps1'
[1.129s] INFO:colcon.colcon_core.shell:Creating package descriptor '/home/host/ros_ws/src/install/subscriber_cpp/share/subscriber_cpp/package.dsv'
[1.130s] INFO:colcon.colcon_core.shell:Creating package script '/home/host/ros_ws/src/install/subscriber_cpp/share/subscriber_cpp/package.sh'
[1.131s] INFO:colcon.colcon_core.shell:Creating package script '/home/host/ros_ws/src/install/subscriber_cpp/share/subscriber_cpp/package.bash'
[1.132s] INFO:colcon.colcon_core.shell:Creating package script '/home/host/ros_ws/src/install/subscriber_cpp/share/subscriber_cpp/package.zsh'
[1.133s] Level 1:colcon.colcon_core.environment:create_file_with_runtime_dependencies(/home/host/ros_ws/src/install/subscriber_cpp/share/colcon-core/packages/subscriber_cpp)
[1.943s] DEBUG:colcon.colcon_core.task.python.build:Available setuptools commands: upload_docs, build, dist_info, saveopts, install_egg_info, bdist_wheel, bdist, easy_install, sdist, bdist_rpm, editable_wheel, install, clean, egg_info, setopt, build_clib, install_scripts, upload, rotate, install_data, test, check, install_headers, register, develop, alias, bdist_dumb, build_ext, build_scripts, build_py, install_lib, symlink_data, bdist_egg
[2.814s] DEBUG:colcon.colcon_core.task.python.build:Available setuptools 'develop' options: --verbose, --prefix, --quiet, --force-installation-into-system-dir, --version, --record, --allow-hosts, --install-layout, --build-directory, --zip-ok, --site-dirs, --egg-path, --always-unzip, --no-user-cfg, --no-deps, --no-find-links, --upgrade, --local-snapshots-ok, --uninstall, --exclude-scripts, --script-dir, --find-links, --dry-run, --editable, --user, --install-dir, --optimize, --index-url, --always-copy, --help, --multi-version
[2.819s] DEBUG:colcon.colcon_core.event_handler.log_command:Invoking command in '/home/host/ros_ws/src/build/python_nodes': PS1=(ROS_ID=$ROS_DOMAIN_ID) \u@\h:\w$ PYTHONPATH=/home/host/ros_ws/src/build/python_nodes/prefix_override:/usr/lib/python3/dist-packages/colcon_core/task/python/colcon_distutils_commands:/home/host/ros_ws/src/install/python_nodes/lib/python3.12/site-packages:${PYTHONPATH} /usr/bin/python3 -W ignore:setup.py install is deprecated -W ignore:easy_install command is deprecated setup.py develop --editable --build-directory /home/host/ros_ws/src/build/python_nodes/build --no-deps symlink_data
[4.459s] Level 1:colcon.colcon_core.shell:create_environment_hook('python_nodes', 'pythonpath_develop')
[4.460s] INFO:colcon.colcon_core.shell:Creating environment hook '/home/host/ros_ws/src/build/python_nodes/share/python_nodes/hook/pythonpath_develop.ps1'
[4.461s] DEBUG:colcon.colcon_core.event_handler.log_command:Invoked command in '/home/host/ros_ws/src/build/python_nodes' returned '0': PS1=(ROS_ID=$ROS_DOMAIN_ID) \u@\h:\w$ PYTHONPATH=/home/host/ros_ws/src/build/python_nodes/prefix_override:/usr/lib/python3/dist-packages/colcon_core/task/python/colcon_distutils_commands:/home/host/ros_ws/src/install/python_nodes/lib/python3.12/site-packages:${PYTHONPATH} /usr/bin/python3 -W ignore:setup.py install is deprecated -W ignore:easy_install command is deprecated setup.py develop --editable --build-directory /home/host/ros_ws/src/build/python_nodes/build --no-deps symlink_data
[4.463s] INFO:colcon.colcon_core.shell:Creating environment descriptor '/home/host/ros_ws/src/build/python_nodes/share/python_nodes/hook/pythonpath_develop.dsv'
[4.464s] INFO:colcon.colcon_core.shell:Creating environment hook '/home/host/ros_ws/src/build/python_nodes/share/python_nodes/hook/pythonpath_develop.sh'
[4.465s] Level 1:colcon.colcon_core.environment:checking '/home/host/ros_ws/src/install/python_nodes' for CMake module files
[4.467s] Level 1:colcon.colcon_core.environment:checking '/home/host/ros_ws/src/install/python_nodes' for CMake config files
[4.468s] Level 1:colcon.colcon_core.environment:checking '/home/host/ros_ws/src/install/python_nodes/lib'
[4.469s] Level 1:colcon.colcon_core.environment:checking '/home/host/ros_ws/src/install/python_nodes/bin'
[4.469s] Level 1:colcon.colcon_core.environment:checking '/home/host/ros_ws/src/install/python_nodes/lib/pkgconfig/python_nodes.pc'
[4.470s] Level 1:colcon.colcon_core.environment:checking '/home/host/ros_ws/src/install/python_nodes/lib/python3.12/site-packages'
[4.470s] Level 1:colcon.colcon_core.shell:create_environment_hook('python_nodes', 'pythonpath')
[4.471s] INFO:colcon.colcon_core.shell:Creating environment hook '/home/host/ros_ws/src/install/python_nodes/share/python_nodes/hook/pythonpath.ps1'
[4.472s] INFO:colcon.colcon_core.shell:Creating environment descriptor '/home/host/ros_ws/src/install/python_nodes/share/python_nodes/hook/pythonpath.dsv'
[4.473s] INFO:colcon.colcon_core.shell:Creating environment hook '/home/host/ros_ws/src/install/python_nodes/share/python_nodes/hook/pythonpath.sh'
[4.476s] Level 1:colcon.colcon_core.environment:checking '/home/host/ros_ws/src/install/python_nodes/bin'
[4.476s] Level 1:colcon.colcon_core.environment:create_environment_scripts_only(python_nodes)
[4.477s] INFO:colcon.colcon_core.shell:Creating package script '/home/host/ros_ws/src/install/python_nodes/share/python_nodes/package.ps1'
[4.479s] INFO:colcon.colcon_core.shell:Creating package descriptor '/home/host/ros_ws/src/install/python_nodes/share/python_nodes/package.dsv'
[4.480s] INFO:colcon.colcon_core.shell:Creating package script '/home/host/ros_ws/src/install/python_nodes/share/python_nodes/package.sh'
[4.482s] INFO:colcon.colcon_core.shell:Creating package script '/home/host/ros_ws/src/install/python_nodes/share/python_nodes/package.bash'
[4.483s] INFO:colcon.colcon_core.shell:Creating package script '/home/host/ros_ws/src/install/python_nodes/share/python_nodes/package.zsh'
[4.484s] Level 1:colcon.colcon_core.environment:create_file_with_runtime_dependencies(/home/host/ros_ws/src/install/python_nodes/share/colcon-core/packages/python_nodes)
[9.650s] DEBUG:colcon.colcon_core.event_handler.log_command:Invoked command in '/home/host/ros_ws/src/build/tutoria_cpp_publisher' returned '0': CMAKE_PREFIX_PATH=${CMAKE_PREFIX_PATH}:/home/host/ros_ws/src/install/python_nodes:/home/host/ros_ws/install/python_nodes:/opt/ros/jazzy PS1=(ROS_ID=$ROS_DOMAIN_ID) \u@\h:\w$ /usr/bin/cmake --build /home/host/ros_ws/src/build/tutoria_cpp_publisher -- -j12 -l12
[9.652s] DEBUG:colcon.colcon_core.event_handler.log_command:Invoking command in '/home/host/ros_ws/src/build/tutoria_cpp_publisher': CMAKE_PREFIX_PATH=${CMAKE_PREFIX_PATH}:/home/host/ros_ws/src/install/python_nodes:/home/host/ros_ws/install/python_nodes:/opt/ros/jazzy PS1=(ROS_ID=$ROS_DOMAIN_ID) \u@\h:\w$ /usr/bin/cmake --install /home/host/ros_ws/src/build/tutoria_cpp_publisher
[9.949s] Level 1:colcon.colcon_core.environment:create_environment_scripts_only(tutoria_cpp_publisher)
[9.950s] Level 1:colcon.colcon_core.environment:checking '/home/host/ros_ws/src/install/tutoria_cpp_publisher' for CMake module files
[9.951s] DEBUG:colcon.colcon_core.event_handler.log_command:Invoked command in '/home/host/ros_ws/src/build/tutoria_cpp_publisher' returned '0': CMAKE_PREFIX_PATH=${CMAKE_PREFIX_PATH}:/home/host/ros_ws/src/install/python_nodes:/home/host/ros_ws/install/python_nodes:/opt/ros/jazzy PS1=(ROS_ID=$ROS_DOMAIN_ID) \u@\h:\w$ /usr/bin/cmake --install /home/host/ros_ws/src/build/tutoria_cpp_publisher
[9.952s] Level 1:colcon.colcon_core.environment:checking '/home/host/ros_ws/src/install/tutoria_cpp_publisher' for CMake config files
[9.952s] Level 1:colcon.colcon_core.shell:create_environment_hook('tutoria_cpp_publisher', 'cmake_prefix_path')
[9.953s] INFO:colcon.colcon_core.shell:Creating environment hook '/home/host/ros_ws/src/install/tutoria_cpp_publisher/share/tutoria_cpp_publisher/hook/cmake_prefix_path.ps1'
[9.954s] INFO:colcon.colcon_core.shell:Creating environment descriptor '/home/host/ros_ws/src/install/tutoria_cpp_publisher/share/tutoria_cpp_publisher/hook/cmake_prefix_path.dsv'
[9.954s] INFO:colcon.colcon_core.shell:Creating environment hook '/home/host/ros_ws/src/install/tutoria_cpp_publisher/share/tutoria_cpp_publisher/hook/cmake_prefix_path.sh'
[9.955s] Level 1:colcon.colcon_core.environment:checking '/home/host/ros_ws/src/install/tutoria_cpp_publisher/lib'
[9.955s] Level 1:colcon.colcon_core.environment:checking '/home/host/ros_ws/src/install/tutoria_cpp_publisher/bin'
[9.955s] Level 1:colcon.colcon_core.environment:checking '/home/host/ros_ws/src/install/tutoria_cpp_publisher/lib/pkgconfig/tutoria_cpp_publisher.pc'
[9.955s] Level 1:colcon.colcon_core.environment:checking '/home/host/ros_ws/src/install/tutoria_cpp_publisher/lib/python3.12/site-packages'
[9.956s] Level 1:colcon.colcon_core.environment:checking '/home/host/ros_ws/src/install/tutoria_cpp_publisher/bin'
[9.956s] INFO:colcon.colcon_core.shell:Creating package script '/home/host/ros_ws/src/install/tutoria_cpp_publisher/share/tutoria_cpp_publisher/package.ps1'
[9.957s] INFO:colcon.colcon_core.shell:Creating package descriptor '/home/host/ros_ws/src/install/tutoria_cpp_publisher/share/tutoria_cpp_publisher/package.dsv'
[9.958s] INFO:colcon.colcon_core.shell:Creating package script '/home/host/ros_ws/src/install/tutoria_cpp_publisher/share/tutoria_cpp_publisher/package.sh'
[9.958s] INFO:colcon.colcon_core.shell:Creating package script '/home/host/ros_ws/src/install/tutoria_cpp_publisher/share/tutoria_cpp_publisher/package.bash'
[9.959s] INFO:colcon.colcon_core.shell:Creating package script '/home/host/ros_ws/src/install/tutoria_cpp_publisher/share/tutoria_cpp_publisher/package.zsh'
[9.959s] Level 1:colcon.colcon_core.environment:create_file_with_runtime_dependencies(/home/host/ros_ws/src/install/tutoria_cpp_publisher/share/colcon-core/packages/tutoria_cpp_publisher)
[9.960s] Level 1:colcon.colcon_core.environment:create_environment_scripts_only(tutoria_cpp_publisher)
[9.960s] Level 1:colcon.colcon_core.environment:checking '/home/host/ros_ws/src/install/tutoria_cpp_publisher' for CMake module files
[9.961s] Level 1:colcon.colcon_core.environment:checking '/home/host/ros_ws/src/install/tutoria_cpp_publisher' for CMake config files
[9.961s] Level 1:colcon.colcon_core.shell:create_environment_hook('tutoria_cpp_publisher', 'cmake_prefix_path')
[9.961s] INFO:colcon.colcon_core.shell:Creating environment hook '/home/host/ros_ws/src/install/tutoria_cpp_publisher/share/tutoria_cpp_publisher/hook/cmake_prefix_path.ps1'
[9.962s] INFO:colcon.colcon_core.shell:Creating environment descriptor '/home/host/ros_ws/src/install/tutoria_cpp_publisher/share/tutoria_cpp_publisher/hook/cmake_prefix_path.dsv'
[9.962s] INFO:colcon.colcon_core.shell:Creating environment hook '/home/host/ros_ws/src/install/tutoria_cpp_publisher/share/tutoria_cpp_publisher/hook/cmake_prefix_path.sh'
[9.963s] Level 1:colcon.colcon_core.environment:checking '/home/host/ros_ws/src/install/tutoria_cpp_publisher/lib'
[9.963s] Level 1:colcon.colcon_core.environment:checking '/home/host/ros_ws/src/install/tutoria_cpp_publisher/bin'
[9.963s] Level 1:colcon.colcon_core.environment:checking '/home/host/ros_ws/src/install/tutoria_cpp_publisher/lib/pkgconfig/tutoria_cpp_publisher.pc'
[9.964s] Level 1:colcon.colcon_core.environment:checking '/home/host/ros_ws/src/install/tutoria_cpp_publisher/lib/python3.12/site-packages'
[9.964s] Level 1:colcon.colcon_core.environment:checking '/home/host/ros_ws/src/install/tutoria_cpp_publisher/bin'
[9.965s] INFO:colcon.colcon_core.shell:Creating package script '/home/host/ros_ws/src/install/tutoria_cpp_publisher/share/tutoria_cpp_publisher/package.ps1'
[9.966s] INFO:colcon.colcon_core.shell:Creating package descriptor '/home/host/ros_ws/src/install/tutoria_cpp_publisher/share/tutoria_cpp_publisher/package.dsv'
[9.967s] INFO:colcon.colcon_core.shell:Creating package script '/home/host/ros_ws/src/install/tutoria_cpp_publisher/share/tutoria_cpp_publisher/package.sh'
[9.967s] INFO:colcon.colcon_core.shell:Creating package script '/home/host/ros_ws/src/install/tutoria_cpp_publisher/share/tutoria_cpp_publisher/package.bash'
[9.968s] INFO:colcon.colcon_core.shell:Creating package script '/home/host/ros_ws/src/install/tutoria_cpp_publisher/share/tutoria_cpp_publisher/package.zsh'
[9.968s] Level 1:colcon.colcon_core.environment:create_file_with_runtime_dependencies(/home/host/ros_ws/src/install/tutoria_cpp_publisher/share/colcon-core/packages/tutoria_cpp_publisher)
[9.969s] DEBUG:colcon.colcon_parallel_executor.executor.parallel:closing loop
[9.969s] DEBUG:colcon.colcon_parallel_executor.executor.parallel:loop closed
[9.969s] DEBUG:colcon.colcon_parallel_executor.executor.parallel:run_until_complete finished with '0'
[9.970s] DEBUG:colcon.colcon_core.event_reactor:joining thread
[9.985s] INFO:colcon.colcon_core.plugin_system:Skipping extension 'colcon_notification.desktop_notification.notify_send': Could not find 'notify-send'
[9.986s] INFO:colcon.colcon_core.plugin_system:Skipping extension 'colcon_notification.desktop_notification.terminal_notifier': Not used on non-Darwin systems
[9.986s] INFO:colcon.colcon_core.plugin_system:Skipping extension 'colcon_notification.desktop_notification.win32': Not used on non-Windows systems
[9.986s] INFO:colcon.colcon_notification.desktop_notification:Sending desktop notification using 'notify2'
[9.992s] DEBUG:colcon.colcon_notification.desktop_notification.notify2:Failed to initialize notify2: org.freedesktop.DBus.Error.Spawn.ExecFailed: /usr/bin/dbus-launch terminated abnormally without any error message
[9.993s] DEBUG:colcon.colcon_core.event_reactor:joined thread
[9.994s] INFO:colcon.colcon_core.shell:Creating prefix script '/home/host/ros_ws/src/install/local_setup.ps1'
[9.996s] INFO:colcon.colcon_core.shell:Creating prefix util module '/home/host/ros_ws/src/install/_local_setup_util_ps1.py'
[9.998s] INFO:colcon.colcon_core.shell:Creating prefix chain script '/home/host/ros_ws/src/install/setup.ps1'
[10.000s] INFO:colcon.colcon_core.shell:Creating prefix script '/home/host/ros_ws/src/install/local_setup.sh'
[10.001s] INFO:colcon.colcon_core.shell:Creating prefix util module '/home/host/ros_ws/src/install/_local_setup_util_sh.py'
[10.002s] INFO:colcon.colcon_core.shell:Creating prefix chain script '/home/host/ros_ws/src/install/setup.sh'
[10.005s] INFO:colcon.colcon_core.shell:Creating prefix script '/home/host/ros_ws/src/install/local_setup.bash'
[10.006s] INFO:colcon.colcon_core.shell:Creating prefix chain script '/home/host/ros_ws/src/install/setup.bash'
[10.008s] INFO:colcon.colcon_core.shell:Creating prefix script '/home/host/ros_ws/src/install/local_setup.zsh'
[10.009s] INFO:colcon.colcon_core.shell:Creating prefix chain script '/home/host/ros_ws/src/install/setup.zsh'
