[0.000000] (-) TimerEvent: {}
[0.000222] (publisher_cpp) JobQueued: {'identifier': 'publisher_cpp', 'dependencies': OrderedDict()}
[0.000396] (python_nodes) JobQueued: {'identifier': 'python_nodes', 'dependencies': OrderedDict()}
[0.000486] (subscriber_cpp) JobQueued: {'identifier': 'subscriber_cpp', 'dependencies': OrderedDict()}
[0.000672] (tutoria_cpp_publisher) JobQueued: {'identifier': 'tutoria_cpp_publisher', 'dependencies': OrderedDict()}
[0.000728] (publisher_cpp) JobStarted: {'identifier': 'publisher_cpp'}
[0.021715] (python_nodes) JobStarted: {'identifier': 'python_nodes'}
[0.034196] (subscriber_cpp) JobStarted: {'identifier': 'subscriber_cpp'}
[0.043445] (tutoria_cpp_publisher) JobStarted: {'identifier': 'tutoria_cpp_publisher'}
[0.055240] (publisher_cpp) JobProgress: {'identifier': 'publisher_cpp', 'progress': 'cmake'}
[0.060665] (publisher_cpp) JobProgress: {'identifier': 'publisher_cpp', 'progress': 'build'}
[0.060810] (publisher_cpp) Command: {'cmd': ['/usr/bin/cmake', '--build', '/home/host/ros_ws/src/build/publisher_cpp', '--', '-j12', '-l12'], 'cwd': '/home/host/ros_ws/src/build/publisher_cpp', 'env': OrderedDict({'GZ_SIM_RESOURCE_PATH': '/opt/ros/jazzy/share', 'GZ_CONFIG_PATH': '/opt/ros/jazzy/opt/gz_sim_vendor/share/gz:/opt/ros/jazzy/opt/sdformat_vendor/share/gz:/opt/ros/jazzy/opt/gz_gui_vendor/share/gz:/opt/ros/jazzy/opt/gz_transport_vendor/share/gz:/opt/ros/jazzy/opt/gz_rendering_vendor/share/gz:/opt/ros/jazzy/opt/gz_plugin_vendor/share/gz:/opt/ros/jazzy/opt/gz_fuel_tools_vendor/share/gz:/opt/ros/jazzy/opt/gz_msgs_vendor/share/gz:/opt/ros/jazzy/opt/gz_common_vendor/share/gz', 'HOSTNAME': 'laptop-linux-nardiber', 'SHLVL': '1', 'LD_LIBRARY_PATH': '/opt/ros/jazzy/opt/gz_sim_vendor/lib:/opt/ros/jazzy/opt/gz_sensors_vendor/lib:/opt/ros/jazzy/opt/gz_physics_vendor/lib:/opt/ros/jazzy/opt/sdformat_vendor/lib:/opt/ros/jazzy/opt/rviz_ogre_vendor/lib:/opt/ros/jazzy/lib/x86_64-linux-gnu:/opt/ros/jazzy/opt/gz_gui_vendor/lib:/opt/ros/jazzy/opt/gz_transport_vendor/lib:/opt/ros/jazzy/opt/gz_rendering_vendor/lib:/opt/ros/jazzy/opt/gz_plugin_vendor/lib:/opt/ros/jazzy/opt/gz_fuel_tools_vendor/lib:/opt/ros/jazzy/opt/gz_msgs_vendor/lib:/opt/ros/jazzy/opt/gz_common_vendor/lib:/opt/ros/jazzy/opt/gz_math_vendor/lib:/opt/ros/jazzy/opt/gz_utils_vendor/lib:/opt/ros/jazzy/opt/gz_tools_vendor/lib:/opt/ros/jazzy/opt/gz_ogre_next_vendor/lib:/opt/ros/jazzy/opt/gz_dartsim_vendor/lib:/opt/ros/jazzy/opt/gz_cmake_vendor/lib:/opt/ros/jazzy/lib', 'HOME': '/home/host', 'OLDPWD': '/home/host/ros_ws', 'ROS_PYTHON_VERSION': '3', 'PS1': '(ROS_ID=$ROS_DOMAIN_ID) \\u@\\h:\\w$', 'COLCON_PREFIX_PATH': '/home/host/ros_ws/src/install:/home/host/ros_ws/install', 'ROS_DISTRO': 'jazzy', '_': '/usr/bin/colcon', 'ROS_VERSION': '2', 'TERM': 'xterm', 'QT_X11_NO_MITSHM': '1', 'PATH': '/opt/ros/jazzy/opt/gz_msgs_vendor/bin:/opt/ros/jazzy/opt/gz_tools_vendor/bin:/opt/ros/jazzy/opt/gz_ogre_next_vendor/bin:/opt/ros/jazzy/bin:/usr/local/sbin:/usr/local/bin:/usr/sbin:/usr/bin:/sbin:/bin', 'DISPLAY': ':0', 'LANG': 'C.UTF-8', 'ROS_DOMAIN_ID': '0', 'AMENT_PREFIX_PATH': '/home/host/ros_ws/src/install/subscriber_cpp:/home/host/ros_ws/src/install/python_nodes:/home/host/ros_ws/src/install/publisher_cpp:/home/host/ros_ws/install/subscriber_cpp:/home/host/ros_ws/install/publisher_cpp:/home/host/ros_ws/install/python_nodes:/opt/ros/jazzy', 'DEBIAN_FRONTEND': 'noninteractive', 'ROS_AUTOMATIC_DISCOVERY_RANGE': 'SUBNET', 'PWD': '/home/host/ros_ws/src/build/publisher_cpp', 'LC_ALL': 'C.UTF-8', 'PYTHONPATH': '/home/host/ros_ws/src/build/python_nodes:/home/host/ros_ws/src/install/python_nodes/lib/python3.12/site-packages:/home/host/ros_ws/build/python_nodes:/home/host/ros_ws/install/python_nodes/lib/python3.12/site-packages:/opt/ros/jazzy/lib/python3.12/site-packages', 'COLCON': '1', 'CMAKE_PREFIX_PATH': '/home/host/ros_ws/src/install/subscriber_cpp:/home/host/ros_ws/src/install/publisher_cpp:/home/host/ros_ws/install/subscriber_cpp:/home/host/ros_ws/install/publisher_cpp:/opt/ros/jazzy/opt/gz_sim_vendor:/opt/ros/jazzy/opt/gz_sensors_vendor:/opt/ros/jazzy/opt/gz_physics_vendor:/opt/ros/jazzy/opt/sdformat_vendor:/opt/ros/jazzy/opt/gz_gui_vendor:/opt/ros/jazzy/opt/gz_transport_vendor:/opt/ros/jazzy/opt/gz_rendering_vendor:/opt/ros/jazzy/opt/gz_plugin_vendor:/opt/ros/jazzy/opt/gz_fuel_tools_vendor:/opt/ros/jazzy/opt/gz_msgs_vendor:/opt/ros/jazzy/opt/gz_common_vendor:/opt/ros/jazzy/opt/gz_math_vendor:/opt/ros/jazzy/opt/gz_utils_vendor:/opt/ros/jazzy/opt/gz_tools_vendor:/opt/ros/jazzy/opt/gz_ogre_next_vendor:/opt/ros/jazzy/opt/gz_dartsim_vendor:/opt/ros/jazzy/opt/gz_cmake_vendor:/home/host/ros_ws/src/install/python_nodes:/home/host/ros_ws/install/python_nodes:/opt/ros/jazzy'}), 'shell': False}
[0.098675] (-) TimerEvent: {}
[0.199189] (-) TimerEvent: {}
[0.299714] (-) TimerEvent: {}
[0.400188] (-) TimerEvent: {}
[0.433811] (subscriber_cpp) JobProgress: {'identifier': 'subscriber_cpp', 'progress': 'cmake'}
[0.435756] (subscriber_cpp) JobProgress: {'identifier': 'subscriber_cpp', 'progress': 'build'}
[0.436804] (subscriber_cpp) Command: {'cmd': ['/usr/bin/cmake', '--build', '/home/host/ros_ws/src/build/subscriber_cpp', '--', '-j12', '-l12'], 'cwd': '/home/host/ros_ws/src/build/subscriber_cpp', 'env': OrderedDict({'GZ_SIM_RESOURCE_PATH': '/opt/ros/jazzy/share', 'GZ_CONFIG_PATH': '/opt/ros/jazzy/opt/gz_sim_vendor/share/gz:/opt/ros/jazzy/opt/sdformat_vendor/share/gz:/opt/ros/jazzy/opt/gz_gui_vendor/share/gz:/opt/ros/jazzy/opt/gz_transport_vendor/share/gz:/opt/ros/jazzy/opt/gz_rendering_vendor/share/gz:/opt/ros/jazzy/opt/gz_plugin_vendor/share/gz:/opt/ros/jazzy/opt/gz_fuel_tools_vendor/share/gz:/opt/ros/jazzy/opt/gz_msgs_vendor/share/gz:/opt/ros/jazzy/opt/gz_common_vendor/share/gz', 'HOSTNAME': 'laptop-linux-nardiber', 'SHLVL': '1', 'LD_LIBRARY_PATH': '/opt/ros/jazzy/opt/gz_sim_vendor/lib:/opt/ros/jazzy/opt/gz_sensors_vendor/lib:/opt/ros/jazzy/opt/gz_physics_vendor/lib:/opt/ros/jazzy/opt/sdformat_vendor/lib:/opt/ros/jazzy/opt/rviz_ogre_vendor/lib:/opt/ros/jazzy/lib/x86_64-linux-gnu:/opt/ros/jazzy/opt/gz_gui_vendor/lib:/opt/ros/jazzy/opt/gz_transport_vendor/lib:/opt/ros/jazzy/opt/gz_rendering_vendor/lib:/opt/ros/jazzy/opt/gz_plugin_vendor/lib:/opt/ros/jazzy/opt/gz_fuel_tools_vendor/lib:/opt/ros/jazzy/opt/gz_msgs_vendor/lib:/opt/ros/jazzy/opt/gz_common_vendor/lib:/opt/ros/jazzy/opt/gz_math_vendor/lib:/opt/ros/jazzy/opt/gz_utils_vendor/lib:/opt/ros/jazzy/opt/gz_tools_vendor/lib:/opt/ros/jazzy/opt/gz_ogre_next_vendor/lib:/opt/ros/jazzy/opt/gz_dartsim_vendor/lib:/opt/ros/jazzy/opt/gz_cmake_vendor/lib:/opt/ros/jazzy/lib', 'HOME': '/home/host', 'OLDPWD': '/home/host/ros_ws', 'ROS_PYTHON_VERSION': '3', 'PS1': '(ROS_ID=$ROS_DOMAIN_ID) \\u@\\h:\\w$', 'COLCON_PREFIX_PATH': '/home/host/ros_ws/src/install:/home/host/ros_ws/install', 'ROS_DISTRO': 'jazzy', '_': '/usr/bin/colcon', 'ROS_VERSION': '2', 'TERM': 'xterm', 'QT_X11_NO_MITSHM': '1', 'PATH': '/opt/ros/jazzy/opt/gz_msgs_vendor/bin:/opt/ros/jazzy/opt/gz_tools_vendor/bin:/opt/ros/jazzy/opt/gz_ogre_next_vendor/bin:/opt/ros/jazzy/bin:/usr/local/sbin:/usr/local/bin:/usr/sbin:/usr/bin:/sbin:/bin', 'DISPLAY': ':0', 'LANG': 'C.UTF-8', 'ROS_DOMAIN_ID': '0', 'AMENT_PREFIX_PATH': '/home/host/ros_ws/src/install/subscriber_cpp:/home/host/ros_ws/src/install/python_nodes:/home/host/ros_ws/src/install/publisher_cpp:/home/host/ros_ws/install/subscriber_cpp:/home/host/ros_ws/install/publisher_cpp:/home/host/ros_ws/install/python_nodes:/opt/ros/jazzy', 'DEBIAN_FRONTEND': 'noninteractive', 'ROS_AUTOMATIC_DISCOVERY_RANGE': 'SUBNET', 'PWD': '/home/host/ros_ws/src/build/subscriber_cpp', 'LC_ALL': 'C.UTF-8', 'PYTHONPATH': '/home/host/ros_ws/src/build/python_nodes:/home/host/ros_ws/src/install/python_nodes/lib/python3.12/site-packages:/home/host/ros_ws/build/python_nodes:/home/host/ros_ws/install/python_nodes/lib/python3.12/site-packages:/opt/ros/jazzy/lib/python3.12/site-packages', 'COLCON': '1', 'CMAKE_PREFIX_PATH': '/home/host/ros_ws/src/install/subscriber_cpp:/home/host/ros_ws/src/install/publisher_cpp:/home/host/ros_ws/install/subscriber_cpp:/home/host/ros_ws/install/publisher_cpp:/opt/ros/jazzy/opt/gz_sim_vendor:/opt/ros/jazzy/opt/gz_sensors_vendor:/opt/ros/jazzy/opt/gz_physics_vendor:/opt/ros/jazzy/opt/sdformat_vendor:/opt/ros/jazzy/opt/gz_gui_vendor:/opt/ros/jazzy/opt/gz_transport_vendor:/opt/ros/jazzy/opt/gz_rendering_vendor:/opt/ros/jazzy/opt/gz_plugin_vendor:/opt/ros/jazzy/opt/gz_fuel_tools_vendor:/opt/ros/jazzy/opt/gz_msgs_vendor:/opt/ros/jazzy/opt/gz_common_vendor:/opt/ros/jazzy/opt/gz_math_vendor:/opt/ros/jazzy/opt/gz_utils_vendor:/opt/ros/jazzy/opt/gz_tools_vendor:/opt/ros/jazzy/opt/gz_ogre_next_vendor:/opt/ros/jazzy/opt/gz_dartsim_vendor:/opt/ros/jazzy/opt/gz_cmake_vendor:/home/host/ros_ws/src/install/python_nodes:/home/host/ros_ws/install/python_nodes:/opt/ros/jazzy'}), 'shell': False}
[0.444883] (publisher_cpp) StdoutLine: {'line': b'[100%] Built target publisher_node\n'}
[0.446983] (publisher_cpp) CommandEnded: {'returncode': 0}
[0.452580] (publisher_cpp) JobProgress: {'identifier': 'publisher_cpp', 'progress': 'install'}
[0.474212] (publisher_cpp) Command: {'cmd': ['/usr/bin/cmake', '--install', '/home/host/ros_ws/src/build/publisher_cpp'], 'cwd': '/home/host/ros_ws/src/build/publisher_cpp', 'env': OrderedDict({'GZ_SIM_RESOURCE_PATH': '/opt/ros/jazzy/share', 'GZ_CONFIG_PATH': '/opt/ros/jazzy/opt/gz_sim_vendor/share/gz:/opt/ros/jazzy/opt/sdformat_vendor/share/gz:/opt/ros/jazzy/opt/gz_gui_vendor/share/gz:/opt/ros/jazzy/opt/gz_transport_vendor/share/gz:/opt/ros/jazzy/opt/gz_rendering_vendor/share/gz:/opt/ros/jazzy/opt/gz_plugin_vendor/share/gz:/opt/ros/jazzy/opt/gz_fuel_tools_vendor/share/gz:/opt/ros/jazzy/opt/gz_msgs_vendor/share/gz:/opt/ros/jazzy/opt/gz_common_vendor/share/gz', 'HOSTNAME': 'laptop-linux-nardiber', 'SHLVL': '1', 'LD_LIBRARY_PATH': '/opt/ros/jazzy/opt/gz_sim_vendor/lib:/opt/ros/jazzy/opt/gz_sensors_vendor/lib:/opt/ros/jazzy/opt/gz_physics_vendor/lib:/opt/ros/jazzy/opt/sdformat_vendor/lib:/opt/ros/jazzy/opt/rviz_ogre_vendor/lib:/opt/ros/jazzy/lib/x86_64-linux-gnu:/opt/ros/jazzy/opt/gz_gui_vendor/lib:/opt/ros/jazzy/opt/gz_transport_vendor/lib:/opt/ros/jazzy/opt/gz_rendering_vendor/lib:/opt/ros/jazzy/opt/gz_plugin_vendor/lib:/opt/ros/jazzy/opt/gz_fuel_tools_vendor/lib:/opt/ros/jazzy/opt/gz_msgs_vendor/lib:/opt/ros/jazzy/opt/gz_common_vendor/lib:/opt/ros/jazzy/opt/gz_math_vendor/lib:/opt/ros/jazzy/opt/gz_utils_vendor/lib:/opt/ros/jazzy/opt/gz_tools_vendor/lib:/opt/ros/jazzy/opt/gz_ogre_next_vendor/lib:/opt/ros/jazzy/opt/gz_dartsim_vendor/lib:/opt/ros/jazzy/opt/gz_cmake_vendor/lib:/opt/ros/jazzy/lib', 'HOME': '/home/host', 'OLDPWD': '/home/host/ros_ws', 'ROS_PYTHON_VERSION': '3', 'PS1': '(ROS_ID=$ROS_DOMAIN_ID) \\u@\\h:\\w$', 'COLCON_PREFIX_PATH': '/home/host/ros_ws/src/install:/home/host/ros_ws/install', 'ROS_DISTRO': 'jazzy', '_': '/usr/bin/colcon', 'ROS_VERSION': '2', 'TERM': 'xterm', 'QT_X11_NO_MITSHM': '1', 'PATH': '/opt/ros/jazzy/opt/gz_msgs_vendor/bin:/opt/ros/jazzy/opt/gz_tools_vendor/bin:/opt/ros/jazzy/opt/gz_ogre_next_vendor/bin:/opt/ros/jazzy/bin:/usr/local/sbin:/usr/local/bin:/usr/sbin:/usr/bin:/sbin:/bin', 'DISPLAY': ':0', 'LANG': 'C.UTF-8', 'ROS_DOMAIN_ID': '0', 'AMENT_PREFIX_PATH': '/home/host/ros_ws/src/install/subscriber_cpp:/home/host/ros_ws/src/install/python_nodes:/home/host/ros_ws/src/install/publisher_cpp:/home/host/ros_ws/install/subscriber_cpp:/home/host/ros_ws/install/publisher_cpp:/home/host/ros_ws/install/python_nodes:/opt/ros/jazzy', 'DEBIAN_FRONTEND': 'noninteractive', 'ROS_AUTOMATIC_DISCOVERY_RANGE': 'SUBNET', 'PWD': '/home/host/ros_ws/src/build/publisher_cpp', 'LC_ALL': 'C.UTF-8', 'PYTHONPATH': '/home/host/ros_ws/src/build/python_nodes:/home/host/ros_ws/src/install/python_nodes/lib/python3.12/site-packages:/home/host/ros_ws/build/python_nodes:/home/host/ros_ws/install/python_nodes/lib/python3.12/site-packages:/opt/ros/jazzy/lib/python3.12/site-packages', 'COLCON': '1', 'CMAKE_PREFIX_PATH': '/home/host/ros_ws/src/install/subscriber_cpp:/home/host/ros_ws/src/install/publisher_cpp:/home/host/ros_ws/install/subscriber_cpp:/home/host/ros_ws/install/publisher_cpp:/opt/ros/jazzy/opt/gz_sim_vendor:/opt/ros/jazzy/opt/gz_sensors_vendor:/opt/ros/jazzy/opt/gz_physics_vendor:/opt/ros/jazzy/opt/sdformat_vendor:/opt/ros/jazzy/opt/gz_gui_vendor:/opt/ros/jazzy/opt/gz_transport_vendor:/opt/ros/jazzy/opt/gz_rendering_vendor:/opt/ros/jazzy/opt/gz_plugin_vendor:/opt/ros/jazzy/opt/gz_fuel_tools_vendor:/opt/ros/jazzy/opt/gz_msgs_vendor:/opt/ros/jazzy/opt/gz_common_vendor:/opt/ros/jazzy/opt/gz_math_vendor:/opt/ros/jazzy/opt/gz_utils_vendor:/opt/ros/jazzy/opt/gz_tools_vendor:/opt/ros/jazzy/opt/gz_ogre_next_vendor:/opt/ros/jazzy/opt/gz_dartsim_vendor:/opt/ros/jazzy/opt/gz_cmake_vendor:/home/host/ros_ws/src/install/python_nodes:/home/host/ros_ws/install/python_nodes:/opt/ros/jazzy'}), 'shell': False}
[0.477112] (tutoria_cpp_publisher) JobProgress: {'identifier': 'tutoria_cpp_publisher', 'progress': 'cmake'}
[0.478372] (tutoria_cpp_publisher) Command: {'cmd': ['/usr/bin/cmake', '/home/host/ros_ws/src/tutoria_cpp_publisher', '-DAMENT_CMAKE_SYMLINK_INSTALL=1', '-DCMAKE_INSTALL_PREFIX=/home/host/ros_ws/src/install/tutoria_cpp_publisher'], 'cwd': '/home/host/ros_ws/src/build/tutoria_cpp_publisher', 'env': OrderedDict({'GZ_SIM_RESOURCE_PATH': '/opt/ros/jazzy/share', 'GZ_CONFIG_PATH': '/opt/ros/jazzy/opt/gz_sim_vendor/share/gz:/opt/ros/jazzy/opt/sdformat_vendor/share/gz:/opt/ros/jazzy/opt/gz_gui_vendor/share/gz:/opt/ros/jazzy/opt/gz_transport_vendor/share/gz:/opt/ros/jazzy/opt/gz_rendering_vendor/share/gz:/opt/ros/jazzy/opt/gz_plugin_vendor/share/gz:/opt/ros/jazzy/opt/gz_fuel_tools_vendor/share/gz:/opt/ros/jazzy/opt/gz_msgs_vendor/share/gz:/opt/ros/jazzy/opt/gz_common_vendor/share/gz', 'HOSTNAME': 'laptop-linux-nardiber', 'SHLVL': '1', 'LD_LIBRARY_PATH': '/opt/ros/jazzy/opt/gz_sim_vendor/lib:/opt/ros/jazzy/opt/gz_sensors_vendor/lib:/opt/ros/jazzy/opt/gz_physics_vendor/lib:/opt/ros/jazzy/opt/sdformat_vendor/lib:/opt/ros/jazzy/opt/rviz_ogre_vendor/lib:/opt/ros/jazzy/lib/x86_64-linux-gnu:/opt/ros/jazzy/opt/gz_gui_vendor/lib:/opt/ros/jazzy/opt/gz_transport_vendor/lib:/opt/ros/jazzy/opt/gz_rendering_vendor/lib:/opt/ros/jazzy/opt/gz_plugin_vendor/lib:/opt/ros/jazzy/opt/gz_fuel_tools_vendor/lib:/opt/ros/jazzy/opt/gz_msgs_vendor/lib:/opt/ros/jazzy/opt/gz_common_vendor/lib:/opt/ros/jazzy/opt/gz_math_vendor/lib:/opt/ros/jazzy/opt/gz_utils_vendor/lib:/opt/ros/jazzy/opt/gz_tools_vendor/lib:/opt/ros/jazzy/opt/gz_ogre_next_vendor/lib:/opt/ros/jazzy/opt/gz_dartsim_vendor/lib:/opt/ros/jazzy/opt/gz_cmake_vendor/lib:/opt/ros/jazzy/lib', 'HOME': '/home/host', 'OLDPWD': '/home/host/ros_ws', 'ROS_PYTHON_VERSION': '3', 'PS1': '(ROS_ID=$ROS_DOMAIN_ID) \\u@\\h:\\w$', 'COLCON_PREFIX_PATH': '/home/host/ros_ws/src/install:/home/host/ros_ws/install', 'ROS_DISTRO': 'jazzy', '_': '/usr/bin/colcon', 'ROS_VERSION': '2', 'TERM': 'xterm', 'QT_X11_NO_MITSHM': '1', 'PATH': '/opt/ros/jazzy/opt/gz_msgs_vendor/bin:/opt/ros/jazzy/opt/gz_tools_vendor/bin:/opt/ros/jazzy/opt/gz_ogre_next_vendor/bin:/opt/ros/jazzy/bin:/usr/local/sbin:/usr/local/bin:/usr/sbin:/usr/bin:/sbin:/bin', 'DISPLAY': ':0', 'LANG': 'C.UTF-8', 'ROS_DOMAIN_ID': '0', 'AMENT_PREFIX_PATH': '/home/host/ros_ws/src/install/subscriber_cpp:/home/host/ros_ws/src/install/python_nodes:/home/host/ros_ws/src/install/publisher_cpp:/home/host/ros_ws/install/subscriber_cpp:/home/host/ros_ws/install/publisher_cpp:/home/host/ros_ws/install/python_nodes:/opt/ros/jazzy', 'DEBIAN_FRONTEND': 'noninteractive', 'ROS_AUTOMATIC_DISCOVERY_RANGE': 'SUBNET', 'PWD': '/home/host/ros_ws/src/build/tutoria_cpp_publisher', 'LC_ALL': 'C.UTF-8', 'PYTHONPATH': '/home/host/ros_ws/src/build/python_nodes:/home/host/ros_ws/src/install/python_nodes/lib/python3.12/site-packages:/home/host/ros_ws/build/python_nodes:/home/host/ros_ws/install/python_nodes/lib/python3.12/site-packages:/opt/ros/jazzy/lib/python3.12/site-packages', 'COLCON': '1', 'CMAKE_PREFIX_PATH': '/home/host/ros_ws/src/install/subscriber_cpp:/home/host/ros_ws/src/install/publisher_cpp:/home/host/ros_ws/install/subscriber_cpp:/home/host/ros_ws/install/publisher_cpp:/opt/ros/jazzy/opt/gz_sim_vendor:/opt/ros/jazzy/opt/gz_sensors_vendor:/opt/ros/jazzy/opt/gz_physics_vendor:/opt/ros/jazzy/opt/sdformat_vendor:/opt/ros/jazzy/opt/gz_gui_vendor:/opt/ros/jazzy/opt/gz_transport_vendor:/opt/ros/jazzy/opt/gz_rendering_vendor:/opt/ros/jazzy/opt/gz_plugin_vendor:/opt/ros/jazzy/opt/gz_fuel_tools_vendor:/opt/ros/jazzy/opt/gz_msgs_vendor:/opt/ros/jazzy/opt/gz_common_vendor:/opt/ros/jazzy/opt/gz_math_vendor:/opt/ros/jazzy/opt/gz_utils_vendor:/opt/ros/jazzy/opt/gz_tools_vendor:/opt/ros/jazzy/opt/gz_ogre_next_vendor:/opt/ros/jazzy/opt/gz_dartsim_vendor:/opt/ros/jazzy/opt/gz_cmake_vendor:/home/host/ros_ws/src/install/python_nodes:/home/host/ros_ws/install/python_nodes:/opt/ros/jazzy'}), 'shell': False}
[0.499677] (publisher_cpp) StdoutLine: {'line': b'-- Install configuration: ""\n'}
[0.500301] (-) TimerEvent: {}
[0.501426] (publisher_cpp) StdoutLine: {'line': b'-- Execute custom install script\n'}
[0.503122] (publisher_cpp) StdoutLine: {'line': b'-- Up-to-date symlink: /home/host/ros_ws/src/install/publisher_cpp/lib/publisher_cpp/publisher_node\n'}
[0.503930] (publisher_cpp) StdoutLine: {'line': b'-- Up-to-date symlink: /home/host/ros_ws/src/install/publisher_cpp/share/ament_index/resource_index/package_run_dependencies/publisher_cpp\n'}
[0.504371] (publisher_cpp) StdoutLine: {'line': b'-- Up-to-date symlink: /home/host/ros_ws/src/install/publisher_cpp/share/ament_index/resource_index/parent_prefix_path/publisher_cpp\n'}
[0.504919] (publisher_cpp) StdoutLine: {'line': b'-- Up-to-date symlink: /home/host/ros_ws/src/install/publisher_cpp/share/publisher_cpp/environment/ament_prefix_path.sh\n'}
[0.507829] (publisher_cpp) StdoutLine: {'line': b'-- Up-to-date symlink: /home/host/ros_ws/src/install/publisher_cpp/share/publisher_cpp/environment/ament_prefix_path.dsv\n'}
[0.508484] (publisher_cpp) StdoutLine: {'line': b'-- Up-to-date symlink: /home/host/ros_ws/src/install/publisher_cpp/share/publisher_cpp/environment/path.sh\n'}
[0.509571] (publisher_cpp) StdoutLine: {'line': b'-- Up-to-date symlink: /home/host/ros_ws/src/install/publisher_cpp/share/publisher_cpp/environment/path.dsv\n'}
[0.509948] (publisher_cpp) StdoutLine: {'line': b'-- Up-to-date symlink: /home/host/ros_ws/src/install/publisher_cpp/share/publisher_cpp/local_setup.bash\n'}
[0.510275] (publisher_cpp) StdoutLine: {'line': b'-- Up-to-date symlink: /home/host/ros_ws/src/install/publisher_cpp/share/publisher_cpp/local_setup.sh\n'}
[0.510604] (publisher_cpp) StdoutLine: {'line': b'-- Up-to-date symlink: /home/host/ros_ws/src/install/publisher_cpp/share/publisher_cpp/local_setup.zsh\n'}
[0.511223] (publisher_cpp) StdoutLine: {'line': b'-- Up-to-date symlink: /home/host/ros_ws/src/install/publisher_cpp/share/publisher_cpp/local_setup.dsv\n'}
[0.511596] (publisher_cpp) StdoutLine: {'line': b'-- Symlinking: /home/host/ros_ws/src/install/publisher_cpp/share/publisher_cpp/package.dsv\n'}
[0.545753] (publisher_cpp) StdoutLine: {'line': b'-- Up-to-date symlink: /home/host/ros_ws/src/install/publisher_cpp/share/ament_index/resource_index/packages/publisher_cpp\n'}
[0.546623] (publisher_cpp) StdoutLine: {'line': b'-- Up-to-date symlink: /home/host/ros_ws/src/install/publisher_cpp/share/publisher_cpp/cmake/publisher_cppConfig.cmake\n'}
[0.547115] (publisher_cpp) StdoutLine: {'line': b'-- Up-to-date symlink: /home/host/ros_ws/src/install/publisher_cpp/share/publisher_cpp/cmake/publisher_cppConfig-version.cmake\n'}
[0.547723] (publisher_cpp) StdoutLine: {'line': b'-- Up-to-date symlink: /home/host/ros_ws/src/install/publisher_cpp/share/publisher_cpp/package.xml\n'}
[0.553487] (publisher_cpp) CommandEnded: {'returncode': 0}
[0.600860] (-) TimerEvent: {}
[0.615990] (publisher_cpp) JobEnded: {'identifier': 'publisher_cpp', 'rc': 0}
[0.660545] (subscriber_cpp) StdoutLine: {'line': b'[100%] Built target subscriber_node\n'}
[0.666089] (tutoria_cpp_publisher) StdoutLine: {'line': b'-- The C compiler identification is GNU 13.3.0\n'}
[0.693483] (subscriber_cpp) CommandEnded: {'returncode': 0}
[0.696015] (subscriber_cpp) JobProgress: {'identifier': 'subscriber_cpp', 'progress': 'install'}
[0.697120] (subscriber_cpp) Command: {'cmd': ['/usr/bin/cmake', '--install', '/home/host/ros_ws/src/build/subscriber_cpp'], 'cwd': '/home/host/ros_ws/src/build/subscriber_cpp', 'env': OrderedDict({'GZ_SIM_RESOURCE_PATH': '/opt/ros/jazzy/share', 'GZ_CONFIG_PATH': '/opt/ros/jazzy/opt/gz_sim_vendor/share/gz:/opt/ros/jazzy/opt/sdformat_vendor/share/gz:/opt/ros/jazzy/opt/gz_gui_vendor/share/gz:/opt/ros/jazzy/opt/gz_transport_vendor/share/gz:/opt/ros/jazzy/opt/gz_rendering_vendor/share/gz:/opt/ros/jazzy/opt/gz_plugin_vendor/share/gz:/opt/ros/jazzy/opt/gz_fuel_tools_vendor/share/gz:/opt/ros/jazzy/opt/gz_msgs_vendor/share/gz:/opt/ros/jazzy/opt/gz_common_vendor/share/gz', 'HOSTNAME': 'laptop-linux-nardiber', 'SHLVL': '1', 'LD_LIBRARY_PATH': '/opt/ros/jazzy/opt/gz_sim_vendor/lib:/opt/ros/jazzy/opt/gz_sensors_vendor/lib:/opt/ros/jazzy/opt/gz_physics_vendor/lib:/opt/ros/jazzy/opt/sdformat_vendor/lib:/opt/ros/jazzy/opt/rviz_ogre_vendor/lib:/opt/ros/jazzy/lib/x86_64-linux-gnu:/opt/ros/jazzy/opt/gz_gui_vendor/lib:/opt/ros/jazzy/opt/gz_transport_vendor/lib:/opt/ros/jazzy/opt/gz_rendering_vendor/lib:/opt/ros/jazzy/opt/gz_plugin_vendor/lib:/opt/ros/jazzy/opt/gz_fuel_tools_vendor/lib:/opt/ros/jazzy/opt/gz_msgs_vendor/lib:/opt/ros/jazzy/opt/gz_common_vendor/lib:/opt/ros/jazzy/opt/gz_math_vendor/lib:/opt/ros/jazzy/opt/gz_utils_vendor/lib:/opt/ros/jazzy/opt/gz_tools_vendor/lib:/opt/ros/jazzy/opt/gz_ogre_next_vendor/lib:/opt/ros/jazzy/opt/gz_dartsim_vendor/lib:/opt/ros/jazzy/opt/gz_cmake_vendor/lib:/opt/ros/jazzy/lib', 'HOME': '/home/host', 'OLDPWD': '/home/host/ros_ws', 'ROS_PYTHON_VERSION': '3', 'PS1': '(ROS_ID=$ROS_DOMAIN_ID) \\u@\\h:\\w$', 'COLCON_PREFIX_PATH': '/home/host/ros_ws/src/install:/home/host/ros_ws/install', 'ROS_DISTRO': 'jazzy', '_': '/usr/bin/colcon', 'ROS_VERSION': '2', 'TERM': 'xterm', 'QT_X11_NO_MITSHM': '1', 'PATH': '/opt/ros/jazzy/opt/gz_msgs_vendor/bin:/opt/ros/jazzy/opt/gz_tools_vendor/bin:/opt/ros/jazzy/opt/gz_ogre_next_vendor/bin:/opt/ros/jazzy/bin:/usr/local/sbin:/usr/local/bin:/usr/sbin:/usr/bin:/sbin:/bin', 'DISPLAY': ':0', 'LANG': 'C.UTF-8', 'ROS_DOMAIN_ID': '0', 'AMENT_PREFIX_PATH': '/home/host/ros_ws/src/install/subscriber_cpp:/home/host/ros_ws/src/install/python_nodes:/home/host/ros_ws/src/install/publisher_cpp:/home/host/ros_ws/install/subscriber_cpp:/home/host/ros_ws/install/publisher_cpp:/home/host/ros_ws/install/python_nodes:/opt/ros/jazzy', 'DEBIAN_FRONTEND': 'noninteractive', 'ROS_AUTOMATIC_DISCOVERY_RANGE': 'SUBNET', 'PWD': '/home/host/ros_ws/src/build/subscriber_cpp', 'LC_ALL': 'C.UTF-8', 'PYTHONPATH': '/home/host/ros_ws/src/build/python_nodes:/home/host/ros_ws/src/install/python_nodes/lib/python3.12/site-packages:/home/host/ros_ws/build/python_nodes:/home/host/ros_ws/install/python_nodes/lib/python3.12/site-packages:/opt/ros/jazzy/lib/python3.12/site-packages', 'COLCON': '1', 'CMAKE_PREFIX_PATH': '/home/host/ros_ws/src/install/subscriber_cpp:/home/host/ros_ws/src/install/publisher_cpp:/home/host/ros_ws/install/subscriber_cpp:/home/host/ros_ws/install/publisher_cpp:/opt/ros/jazzy/opt/gz_sim_vendor:/opt/ros/jazzy/opt/gz_sensors_vendor:/opt/ros/jazzy/opt/gz_physics_vendor:/opt/ros/jazzy/opt/sdformat_vendor:/opt/ros/jazzy/opt/gz_gui_vendor:/opt/ros/jazzy/opt/gz_transport_vendor:/opt/ros/jazzy/opt/gz_rendering_vendor:/opt/ros/jazzy/opt/gz_plugin_vendor:/opt/ros/jazzy/opt/gz_fuel_tools_vendor:/opt/ros/jazzy/opt/gz_msgs_vendor:/opt/ros/jazzy/opt/gz_common_vendor:/opt/ros/jazzy/opt/gz_math_vendor:/opt/ros/jazzy/opt/gz_utils_vendor:/opt/ros/jazzy/opt/gz_tools_vendor:/opt/ros/jazzy/opt/gz_ogre_next_vendor:/opt/ros/jazzy/opt/gz_dartsim_vendor:/opt/ros/jazzy/opt/gz_cmake_vendor:/home/host/ros_ws/src/install/python_nodes:/home/host/ros_ws/install/python_nodes:/opt/ros/jazzy'}), 'shell': False}
[0.700990] (-) TimerEvent: {}
[0.727884] (subscriber_cpp) StdoutLine: {'line': b'-- Install configuration: ""\n'}
[0.729864] (subscriber_cpp) StdoutLine: {'line': b'-- Execute custom install script\n'}
[0.731074] (subscriber_cpp) StdoutLine: {'line': b'-- Up-to-date symlink: /home/host/ros_ws/src/install/subscriber_cpp/lib/subscriber_cpp/subscriber_node\n'}
[0.731676] (subscriber_cpp) StdoutLine: {'line': b'-- Up-to-date symlink: /home/host/ros_ws/src/install/subscriber_cpp/share/ament_index/resource_index/package_run_dependencies/subscriber_cpp\n'}
[0.732100] (subscriber_cpp) StdoutLine: {'line': b'-- Up-to-date symlink: /home/host/ros_ws/src/install/subscriber_cpp/share/ament_index/resource_index/parent_prefix_path/subscriber_cpp\n'}
[0.732536] (subscriber_cpp) StdoutLine: {'line': b'-- Up-to-date symlink: /home/host/ros_ws/src/install/subscriber_cpp/share/subscriber_cpp/environment/ament_prefix_path.sh\n'}
[0.733001] (subscriber_cpp) StdoutLine: {'line': b'-- Up-to-date symlink: /home/host/ros_ws/src/install/subscriber_cpp/share/subscriber_cpp/environment/ament_prefix_path.dsv\n'}
[0.733391] (subscriber_cpp) StdoutLine: {'line': b'-- Up-to-date symlink: /home/host/ros_ws/src/install/subscriber_cpp/share/subscriber_cpp/environment/path.sh\n'}
[0.733859] (subscriber_cpp) StdoutLine: {'line': b'-- Up-to-date symlink: /home/host/ros_ws/src/install/subscriber_cpp/share/subscriber_cpp/environment/path.dsv\n'}
[0.734702] (subscriber_cpp) StdoutLine: {'line': b'-- Up-to-date symlink: /home/host/ros_ws/src/install/subscriber_cpp/share/subscriber_cpp/local_setup.bash\n'}
[0.735133] (subscriber_cpp) StdoutLine: {'line': b'-- Up-to-date symlink: /home/host/ros_ws/src/install/subscriber_cpp/share/subscriber_cpp/local_setup.sh\n'}
[0.735652] (subscriber_cpp) StdoutLine: {'line': b'-- Up-to-date symlink: /home/host/ros_ws/src/install/subscriber_cpp/share/subscriber_cpp/local_setup.zsh\n'}
[0.736155] (subscriber_cpp) StdoutLine: {'line': b'-- Up-to-date symlink: /home/host/ros_ws/src/install/subscriber_cpp/share/subscriber_cpp/local_setup.dsv\n'}
[0.736691] (subscriber_cpp) StdoutLine: {'line': b'-- Symlinking: /home/host/ros_ws/src/install/subscriber_cpp/share/subscriber_cpp/package.dsv\n'}
[0.763315] (subscriber_cpp) StdoutLine: {'line': b'-- Up-to-date symlink: /home/host/ros_ws/src/install/subscriber_cpp/share/ament_index/resource_index/packages/subscriber_cpp\n'}
[0.764068] (subscriber_cpp) StdoutLine: {'line': b'-- Up-to-date symlink: /home/host/ros_ws/src/install/subscriber_cpp/share/subscriber_cpp/cmake/subscriber_cppConfig.cmake\n'}
[0.764468] (subscriber_cpp) StdoutLine: {'line': b'-- Up-to-date symlink: /home/host/ros_ws/src/install/subscriber_cpp/share/subscriber_cpp/cmake/subscriber_cppConfig-version.cmake\n'}
[0.765095] (subscriber_cpp) StdoutLine: {'line': b'-- Up-to-date symlink: /home/host/ros_ws/src/install/subscriber_cpp/share/subscriber_cpp/package.xml\n'}
[0.769478] (subscriber_cpp) CommandEnded: {'returncode': 0}
[0.797580] (subscriber_cpp) JobEnded: {'identifier': 'subscriber_cpp', 'rc': 0}
[0.801137] (-) TimerEvent: {}
[0.832798] (tutoria_cpp_publisher) StdoutLine: {'line': b'-- The CXX compiler identification is GNU 13.3.0\n'}
[0.875007] (tutoria_cpp_publisher) StdoutLine: {'line': b'-- Detecting C compiler ABI info\n'}
[0.901330] (-) TimerEvent: {}
[1.001934] (-) TimerEvent: {}
[1.073061] (tutoria_cpp_publisher) StdoutLine: {'line': b'-- Detecting C compiler ABI info - done\n'}
[1.096961] (tutoria_cpp_publisher) StdoutLine: {'line': b'-- Check for working C compiler: /usr/bin/cc - skipped\n'}
[1.097401] (tutoria_cpp_publisher) StdoutLine: {'line': b'-- Detecting C compile features\n'}
[1.098521] (tutoria_cpp_publisher) StdoutLine: {'line': b'-- Detecting C compile features - done\n'}
[1.102041] (-) TimerEvent: {}
[1.126036] (tutoria_cpp_publisher) StdoutLine: {'line': b'-- Detecting CXX compiler ABI info\n'}
[1.202209] (-) TimerEvent: {}
[1.302749] (-) TimerEvent: {}
[1.330839] (tutoria_cpp_publisher) StdoutLine: {'line': b'-- Detecting CXX compiler ABI info - done\n'}
[1.352527] (tutoria_cpp_publisher) StdoutLine: {'line': b'-- Check for working CXX compiler: /usr/bin/c++ - skipped\n'}
[1.353242] (tutoria_cpp_publisher) StdoutLine: {'line': b'-- Detecting CXX compile features\n'}
[1.354338] (tutoria_cpp_publisher) StdoutLine: {'line': b'-- Detecting CXX compile features - done\n'}
[1.368445] (tutoria_cpp_publisher) StdoutLine: {'line': b'-- Found ament_cmake: 2.5.6 (/opt/ros/jazzy/share/ament_cmake/cmake)\n'}
[1.402900] (-) TimerEvent: {}
[1.503403] (-) TimerEvent: {}
[1.603997] (-) TimerEvent: {}
[1.704595] (-) TimerEvent: {}
[1.787996] (tutoria_cpp_publisher) StdoutLine: {'line': b'-- Found Python3: /usr/bin/python3 (found version "3.12.3") found components: Interpreter \n'}
[1.804713] (-) TimerEvent: {}
[1.905144] (-) TimerEvent: {}
[1.965130] (tutoria_cpp_publisher) StdoutLine: {'line': b'-- Override CMake install command with custom implementation using symlinks instead of copying resources\n'}
[2.005300] (-) TimerEvent: {}
[2.096886] (tutoria_cpp_publisher) StdoutLine: {'line': b'-- Found std_msgs: 5.3.8 (/opt/ros/jazzy/share/std_msgs/cmake)\n'}
[2.105546] (-) TimerEvent: {}
[2.205947] (-) TimerEvent: {}
[2.212872] (tutoria_cpp_publisher) StdoutLine: {'line': b'-- Found rosidl_generator_c: 4.6.9 (/opt/ros/jazzy/share/rosidl_generator_c/cmake)\n'}
[2.230900] (python_nodes) Command: {'cmd': ['/usr/bin/python3', '-W', 'ignore:setup.py install is deprecated', '-W', 'ignore:easy_install command is deprecated', 'setup.py', 'develop', '--editable', '--build-directory', '/home/host/ros_ws/src/build/python_nodes/build', '--no-deps', 'symlink_data'], 'cwd': '/home/host/ros_ws/src/build/python_nodes', 'env': {'GZ_SIM_RESOURCE_PATH': '/opt/ros/jazzy/share', 'GZ_CONFIG_PATH': '/opt/ros/jazzy/opt/gz_sim_vendor/share/gz:/opt/ros/jazzy/opt/sdformat_vendor/share/gz:/opt/ros/jazzy/opt/gz_gui_vendor/share/gz:/opt/ros/jazzy/opt/gz_transport_vendor/share/gz:/opt/ros/jazzy/opt/gz_rendering_vendor/share/gz:/opt/ros/jazzy/opt/gz_plugin_vendor/share/gz:/opt/ros/jazzy/opt/gz_fuel_tools_vendor/share/gz:/opt/ros/jazzy/opt/gz_msgs_vendor/share/gz:/opt/ros/jazzy/opt/gz_common_vendor/share/gz', 'HOSTNAME': 'laptop-linux-nardiber', 'SHLVL': '1', 'LD_LIBRARY_PATH': '/opt/ros/jazzy/opt/gz_sim_vendor/lib:/opt/ros/jazzy/opt/gz_sensors_vendor/lib:/opt/ros/jazzy/opt/gz_physics_vendor/lib:/opt/ros/jazzy/opt/sdformat_vendor/lib:/opt/ros/jazzy/opt/rviz_ogre_vendor/lib:/opt/ros/jazzy/lib/x86_64-linux-gnu:/opt/ros/jazzy/opt/gz_gui_vendor/lib:/opt/ros/jazzy/opt/gz_transport_vendor/lib:/opt/ros/jazzy/opt/gz_rendering_vendor/lib:/opt/ros/jazzy/opt/gz_plugin_vendor/lib:/opt/ros/jazzy/opt/gz_fuel_tools_vendor/lib:/opt/ros/jazzy/opt/gz_msgs_vendor/lib:/opt/ros/jazzy/opt/gz_common_vendor/lib:/opt/ros/jazzy/opt/gz_math_vendor/lib:/opt/ros/jazzy/opt/gz_utils_vendor/lib:/opt/ros/jazzy/opt/gz_tools_vendor/lib:/opt/ros/jazzy/opt/gz_ogre_next_vendor/lib:/opt/ros/jazzy/opt/gz_dartsim_vendor/lib:/opt/ros/jazzy/opt/gz_cmake_vendor/lib:/opt/ros/jazzy/lib', 'HOME': '/home/host', 'OLDPWD': '/home/host/ros_ws', 'ROS_PYTHON_VERSION': '3', 'PS1': '(ROS_ID=$ROS_DOMAIN_ID) \\u@\\h:\\w$', 'COLCON_PREFIX_PATH': '/home/host/ros_ws/src/install:/home/host/ros_ws/install', 'ROS_DISTRO': 'jazzy', '_': '/usr/bin/colcon', 'ROS_VERSION': '2', 'TERM': 'xterm', 'QT_X11_NO_MITSHM': '1', 'PATH': '/opt/ros/jazzy/opt/gz_msgs_vendor/bin:/opt/ros/jazzy/opt/gz_tools_vendor/bin:/opt/ros/jazzy/opt/gz_ogre_next_vendor/bin:/opt/ros/jazzy/bin:/usr/local/sbin:/usr/local/bin:/usr/sbin:/usr/bin:/sbin:/bin', 'DISPLAY': ':0', 'LANG': 'C.UTF-8', 'ROS_DOMAIN_ID': '0', 'AMENT_PREFIX_PATH': '/home/host/ros_ws/src/install/subscriber_cpp:/home/host/ros_ws/src/install/python_nodes:/home/host/ros_ws/src/install/publisher_cpp:/home/host/ros_ws/install/subscriber_cpp:/home/host/ros_ws/install/publisher_cpp:/home/host/ros_ws/install/python_nodes:/opt/ros/jazzy', 'DEBIAN_FRONTEND': 'noninteractive', 'ROS_AUTOMATIC_DISCOVERY_RANGE': 'SUBNET', 'PWD': '/home/host/ros_ws/src/build/python_nodes', 'LC_ALL': 'C.UTF-8', 'PYTHONPATH': '/home/host/ros_ws/src/build/python_nodes/prefix_override:/usr/lib/python3/dist-packages/colcon_core/task/python/colcon_distutils_commands:/home/host/ros_ws/src/install/python_nodes/lib/python3.12/site-packages:/home/host/ros_ws/src/build/python_nodes:/home/host/ros_ws/src/install/python_nodes/lib/python3.12/site-packages:/home/host/ros_ws/build/python_nodes:/home/host/ros_ws/install/python_nodes/lib/python3.12/site-packages:/opt/ros/jazzy/lib/python3.12/site-packages', 'COLCON': '1', 'CMAKE_PREFIX_PATH': '/home/host/ros_ws/src/install/subscriber_cpp:/home/host/ros_ws/src/install/publisher_cpp:/home/host/ros_ws/install/subscriber_cpp:/home/host/ros_ws/install/publisher_cpp:/opt/ros/jazzy/opt/gz_sim_vendor:/opt/ros/jazzy/opt/gz_sensors_vendor:/opt/ros/jazzy/opt/gz_physics_vendor:/opt/ros/jazzy/opt/sdformat_vendor:/opt/ros/jazzy/opt/gz_gui_vendor:/opt/ros/jazzy/opt/gz_transport_vendor:/opt/ros/jazzy/opt/gz_rendering_vendor:/opt/ros/jazzy/opt/gz_plugin_vendor:/opt/ros/jazzy/opt/gz_fuel_tools_vendor:/opt/ros/jazzy/opt/gz_msgs_vendor:/opt/ros/jazzy/opt/gz_common_vendor:/opt/ros/jazzy/opt/gz_math_vendor:/opt/ros/jazzy/opt/gz_utils_vendor:/opt/ros/jazzy/opt/gz_tools_vendor:/opt/ros/jazzy/opt/gz_ogre_next_vendor:/opt/ros/jazzy/opt/gz_dartsim_vendor:/opt/ros/jazzy/opt/gz_cmake_vendor'}, 'shell': False}
[2.269816] (tutoria_cpp_publisher) StdoutLine: {'line': b'-- Found rosidl_generator_cpp: 4.6.9 (/opt/ros/jazzy/share/rosidl_generator_cpp/cmake)\n'}
[2.306082] (-) TimerEvent: {}
[2.322050] (tutoria_cpp_publisher) StdoutLine: {'line': b'-- Using all available rosidl_typesupport_c: rosidl_typesupport_fastrtps_c;rosidl_typesupport_introspection_c\n'}
[2.370974] (tutoria_cpp_publisher) StdoutLine: {'line': b'-- Using all available rosidl_typesupport_cpp: rosidl_typesupport_fastrtps_cpp;rosidl_typesupport_introspection_cpp\n'}
[2.406347] (-) TimerEvent: {}
[2.461476] (tutoria_cpp_publisher) StdoutLine: {'line': b'-- Found rclcpp: 28.1.21 (/opt/ros/jazzy/share/rclcpp/cmake)\n'}
[2.506535] (-) TimerEvent: {}
[2.606998] (-) TimerEvent: {}
[2.687284] (tutoria_cpp_publisher) StdoutLine: {'line': b'-- Found rmw_implementation_cmake: 7.3.3 (/opt/ros/jazzy/share/rmw_implementation_cmake/cmake)\n'}
[2.699602] (tutoria_cpp_publisher) StdoutLine: {'line': b'-- Found rmw_fastrtps_cpp: 8.4.4 (/opt/ros/jazzy/share/rmw_fastrtps_cpp/cmake)\n'}
[2.707213] (-) TimerEvent: {}
[2.708400] (python_nodes) StdoutLine: {'line': b'running develop\n'}
[2.807467] (-) TimerEvent: {}
[2.901037] (tutoria_cpp_publisher) StdoutLine: {'line': b'-- Found OpenSSL: /usr/lib/x86_64-linux-gnu/libcrypto.so (found version "3.0.13")  \n'}
[2.907679] (-) TimerEvent: {}
[2.930900] (python_nodes) StdoutLine: {'line': b'running egg_info\n'}
[2.947555] (tutoria_cpp_publisher) StdoutLine: {'line': b'-- Found FastRTPS: /opt/ros/jazzy/include (Required is at least version "2.13") \n'}
[2.955439] (python_nodes) StdoutLine: {'line': b'writing python_nodes.egg-info/PKG-INFO\n'}
[2.955971] (python_nodes) StdoutLine: {'line': b'writing dependency_links to python_nodes.egg-info/dependency_links.txt\n'}
[2.956434] (python_nodes) StdoutLine: {'line': b'writing entry points to python_nodes.egg-info/entry_points.txt\n'}
[2.956662] (python_nodes) StdoutLine: {'line': b'writing requirements to python_nodes.egg-info/requires.txt\n'}
[2.956857] (python_nodes) StdoutLine: {'line': b'writing top-level names to python_nodes.egg-info/top_level.txt\n'}
[2.994848] (tutoria_cpp_publisher) StdoutLine: {'line': b"-- Using RMW implementation 'rmw_fastrtps_cpp' as default\n"}
[2.997119] (python_nodes) StdoutLine: {'line': b"reading manifest file 'python_nodes.egg-info/SOURCES.txt'\n"}
[2.998720] (python_nodes) StdoutLine: {'line': b"writing manifest file 'python_nodes.egg-info/SOURCES.txt'\n"}
[3.007793] (-) TimerEvent: {}
[3.020919] (python_nodes) StdoutLine: {'line': b'running build_ext\n'}
[3.021380] (python_nodes) StdoutLine: {'line': b'Creating /home/host/ros_ws/src/install/python_nodes/lib/python3.12/site-packages/python-nodes.egg-link (link to .)\n'}
[3.022465] (python_nodes) StdoutLine: {'line': b'Installing publisher script to /home/host/ros_ws/src/install/python_nodes/lib/python_nodes\n'}
[3.023014] (python_nodes) StdoutLine: {'line': b'Installing subscriber script to /home/host/ros_ws/src/install/python_nodes/lib/python_nodes\n'}
[3.023430] (python_nodes) StdoutLine: {'line': b'\n'}
[3.023695] (python_nodes) StdoutLine: {'line': b'Installed /home/host/ros_ws/src/build/python_nodes\n'}
[3.023901] (python_nodes) StdoutLine: {'line': b'running symlink_data\n'}
[3.076269] (python_nodes) CommandEnded: {'returncode': 0}
[3.088999] (python_nodes) JobEnded: {'identifier': 'python_nodes', 'rc': 0}
[3.108070] (-) TimerEvent: {}
[3.208673] (-) TimerEvent: {}
[3.210322] (tutoria_cpp_publisher) StderrLine: {'line': b'\x1b[31mCMake Error at /opt/ros/jazzy/share/ament_cmake_core/cmake/symlink_install/ament_cmake_symlink_install_targets.cmake:67 (message):\n'}
[3.210899] (tutoria_cpp_publisher) StderrLine: {'line': b"  ament_cmake_symlink_install_targets() 'publisher_node' is not a target\n"}
[3.211128] (tutoria_cpp_publisher) StderrLine: {'line': b'Call Stack (most recent call first):\n'}
[3.211333] (tutoria_cpp_publisher) StderrLine: {'line': b'  /opt/ros/jazzy/share/ament_cmake_core/cmake/symlink_install/install.cmake:37 (ament_cmake_symlink_install_targets)\n'}
[3.211555] (tutoria_cpp_publisher) StderrLine: {'line': b'  CMakeLists.txt:17 (install)\n'}
[3.211762] (tutoria_cpp_publisher) StderrLine: {'line': b'\n'}
[3.211968] (tutoria_cpp_publisher) StderrLine: {'line': b'\x1b[0m\n'}
[3.212173] (tutoria_cpp_publisher) StdoutLine: {'line': b'-- Configuring incomplete, errors occurred!\n'}
[3.225452] (tutoria_cpp_publisher) CommandEnded: {'returncode': 1}
[3.257303] (tutoria_cpp_publisher) JobEnded: {'identifier': 'tutoria_cpp_publisher', 'rc': 1}
[3.268454] (-) EventReactorShutdown: {}
