[0.064s] Invoking command in '/home/host/ros_ws/src/build/publisher_cpp': CMAKE_PREFIX_PATH=${CMAKE_PREFIX_PATH}:/home/host/ros_ws/src/install/python_nodes:/home/host/ros_ws/install/python_nodes:/opt/ros/jazzy PS1=(ROS_ID=$ROS_DOMAIN_ID) \u@\h:\w$ /usr/bin/cmake --build /home/host/ros_ws/src/build/publisher_cpp -- -j12 -l12
[0.445s] [100%] Built target publisher_node
[0.447s] Invoked command in '/home/host/ros_ws/src/build/publisher_cpp' returned '0': CMAKE_PREFIX_PATH=${CMAKE_PREFIX_PATH}:/home/host/ros_ws/src/install/python_nodes:/home/host/ros_ws/install/python_nodes:/opt/ros/jazzy PS1=(ROS_ID=$ROS_DOMAIN_ID) \u@\h:\w$ /usr/bin/cmake --build /home/host/ros_ws/src/build/publisher_cpp -- -j12 -l12
[0.475s] Invoking command in '/home/host/ros_ws/src/build/publisher_cpp': CMAKE_PREFIX_PATH=${CMAKE_PREFIX_PATH}:/home/host/ros_ws/src/install/python_nodes:/home/host/ros_ws/install/python_nodes:/opt/ros/jazzy PS1=(ROS_ID=$ROS_DOMAIN_ID) \u@\h:\w$ /usr/bin/cmake --install /home/host/ros_ws/src/build/publisher_cpp
[0.499s] -- Install configuration: ""
[0.501s] -- Execute custom install script
[0.503s] -- Up-to-date symlink: /home/host/ros_ws/src/install/publisher_cpp/lib/publisher_cpp/publisher_node
[0.504s] -- Up-to-date symlink: /home/host/ros_ws/src/install/publisher_cpp/share/ament_index/resource_index/package_run_dependencies/publisher_cpp
[0.504s] -- Up-to-date symlink: /home/host/ros_ws/src/install/publisher_cpp/share/ament_index/resource_index/parent_prefix_path/publisher_cpp
[0.504s] -- Up-to-date symlink: /home/host/ros_ws/src/install/publisher_cpp/share/publisher_cpp/environment/ament_prefix_path.sh
[0.508s] -- Up-to-date symlink: /home/host/ros_ws/src/install/publisher_cpp/share/publisher_cpp/environment/ament_prefix_path.dsv
[0.509s] -- Up-to-date symlink: /home/host/ros_ws/src/install/publisher_cpp/share/publisher_cpp/environment/path.sh
[0.509s] -- Up-to-date symlink: /home/host/ros_ws/src/install/publisher_cpp/share/publisher_cpp/environment/path.dsv
[0.509s] -- Up-to-date symlink: /home/host/ros_ws/src/install/publisher_cpp/share/publisher_cpp/local_setup.bash
[0.510s] -- Up-to-date symlink: /home/host/ros_ws/src/install/publisher_cpp/share/publisher_cpp/local_setup.sh
[0.510s] -- Up-to-date symlink: /home/host/ros_ws/src/install/publisher_cpp/share/publisher_cpp/local_setup.zsh
[0.511s] -- Up-to-date symlink: /home/host/ros_ws/src/install/publisher_cpp/share/publisher_cpp/local_setup.dsv
[0.511s] -- Symlinking: /home/host/ros_ws/src/install/publisher_cpp/share/publisher_cpp/package.dsv
[0.546s] -- Up-to-date symlink: /home/host/ros_ws/src/install/publisher_cpp/share/ament_index/resource_index/packages/publisher_cpp
[0.546s] -- Up-to-date symlink: /home/host/ros_ws/src/install/publisher_cpp/share/publisher_cpp/cmake/publisher_cppConfig.cmake
[0.547s] -- Up-to-date symlink: /home/host/ros_ws/src/install/publisher_cpp/share/publisher_cpp/cmake/publisher_cppConfig-version.cmake
[0.547s] -- Up-to-date symlink: /home/host/ros_ws/src/install/publisher_cpp/share/publisher_cpp/package.xml
[0.554s] Invoked command in '/home/host/ros_ws/src/build/publisher_cpp' returned '0': CMAKE_PREFIX_PATH=${CMAKE_PREFIX_PATH}:/home/host/ros_ws/src/install/python_nodes:/home/host/ros_ws/install/python_nodes:/opt/ros/jazzy PS1=(ROS_ID=$ROS_DOMAIN_ID) \u@\h:\w$ /usr/bin/cmake --install /home/host/ros_ws/src/build/publisher_cpp
