[0.055s] Invoking command in '/home/host/ros_ws/src/build/publisher_cpp': CMAKE_PREFIX_PATH=${CMAKE_PREFIX_PATH}:/home/host/ros_ws/src/install/python_nodes:/home/host/ros_ws/install/python_nodes:/opt/ros/jazzy PS1=(ROS_ID=$ROS_DOMAIN_ID) \u@\h:\w$ /usr/bin/cmake --build /home/host/ros_ws/src/build/publisher_cpp -- -j12 -l12
[0.458s] [100%] Built target publisher_node
[0.460s] Invoked command in '/home/host/ros_ws/src/build/publisher_cpp' returned '0': CMAKE_PREFIX_PATH=${CMAKE_PREFIX_PATH}:/home/host/ros_ws/src/install/python_nodes:/home/host/ros_ws/install/python_nodes:/opt/ros/jazzy PS1=(ROS_ID=$ROS_DOMAIN_ID) \u@\h:\w$ /usr/bin/cmake --build /home/host/ros_ws/src/build/publisher_cpp -- -j12 -l12
[0.490s] Invoking command in '/home/host/ros_ws/src/build/publisher_cpp': CMAKE_PREFIX_PATH=${CMAKE_PREFIX_PATH}:/home/host/ros_ws/src/install/python_nodes:/home/host/ros_ws/install/python_nodes:/opt/ros/jazzy PS1=(ROS_ID=$ROS_DOMAIN_ID) \u@\h:\w$ /usr/bin/cmake --install /home/host/ros_ws/src/build/publisher_cpp
[0.514s] -- Install configuration: ""
[0.516s] -- Execute custom install script
[0.516s] -- Up-to-date symlink: /home/host/ros_ws/src/install/publisher_cpp/lib/publisher_cpp/publisher_node
[0.517s] -- Up-to-date symlink: /home/host/ros_ws/src/install/publisher_cpp/share/ament_index/resource_index/package_run_dependencies/publisher_cpp
[0.518s] -- Up-to-date symlink: /home/host/ros_ws/src/install/publisher_cpp/share/ament_index/resource_index/parent_prefix_path/publisher_cpp
[0.518s] -- Up-to-date symlink: /home/host/ros_ws/src/install/publisher_cpp/share/publisher_cpp/environment/ament_prefix_path.sh
[0.519s] -- Up-to-date symlink: /home/host/ros_ws/src/install/publisher_cpp/share/publisher_cpp/environment/ament_prefix_path.dsv
[0.520s] -- Up-to-date symlink: /home/host/ros_ws/src/install/publisher_cpp/share/publisher_cpp/environment/path.sh
[0.520s] -- Up-to-date symlink: /home/host/ros_ws/src/install/publisher_cpp/share/publisher_cpp/environment/path.dsv
[0.521s] -- Up-to-date symlink: /home/host/ros_ws/src/install/publisher_cpp/share/publisher_cpp/local_setup.bash
[0.521s] -- Up-to-date symlink: /home/host/ros_ws/src/install/publisher_cpp/share/publisher_cpp/local_setup.sh
[0.522s] -- Up-to-date symlink: /home/host/ros_ws/src/install/publisher_cpp/share/publisher_cpp/local_setup.zsh
[0.522s] -- Up-to-date symlink: /home/host/ros_ws/src/install/publisher_cpp/share/publisher_cpp/local_setup.dsv
[0.522s] -- Symlinking: /home/host/ros_ws/src/install/publisher_cpp/share/publisher_cpp/package.dsv
[0.554s] -- Up-to-date symlink: /home/host/ros_ws/src/install/publisher_cpp/share/ament_index/resource_index/packages/publisher_cpp
[0.555s] -- Up-to-date symlink: /home/host/ros_ws/src/install/publisher_cpp/share/publisher_cpp/cmake/publisher_cppConfig.cmake
[0.555s] -- Up-to-date symlink: /home/host/ros_ws/src/install/publisher_cpp/share/publisher_cpp/cmake/publisher_cppConfig-version.cmake
[0.556s] -- Up-to-date symlink: /home/host/ros_ws/src/install/publisher_cpp/share/publisher_cpp/package.xml
[0.562s] Invoked command in '/home/host/ros_ws/src/build/publisher_cpp' returned '0': CMAKE_PREFIX_PATH=${CMAKE_PREFIX_PATH}:/home/host/ros_ws/src/install/python_nodes:/home/host/ros_ws/install/python_nodes:/opt/ros/jazzy PS1=(ROS_ID=$ROS_DOMAIN_ID) \u@\h:\w$ /usr/bin/cmake --install /home/host/ros_ws/src/build/publisher_cpp
