[0.289s] Invoking command in '/home/host/ros_ws/src/build/subscriber_cpp': CMAKE_PREFIX_PATH=${CMAKE_PREFIX_PATH}:/home/host/ros_ws/install/python_nodes:/opt/ros/jazzy PS1=(ROS_ID=$ROS_DOMAIN_ID) \u@\h:\w$ /usr/bin/cmake /home/host/ros_ws/src/subscriber_cpp -DAMENT_CMAKE_SYMLINK_INSTALL=1 -DCMAKE_INSTALL_PREFIX=/home/host/ros_ws/src/install/subscriber_cpp
[0.431s] -- The C compiler identification is GNU 13.3.0
[0.543s] -- The CXX compiler identification is GNU 13.3.0
[0.569s] -- Detecting C compiler ABI info
[0.661s] -- Detecting C compiler ABI info - done
[0.669s] -- Check for working C compiler: /usr/bin/cc - skipped
[0.669s] -- Detecting C compile features
[0.669s] -- Detecting C compile features - done
[0.678s] -- Detecting CXX compiler ABI info
[0.837s] -- Detecting CXX compiler ABI info - done
[0.855s] -- Check for working CXX compiler: /usr/bin/c++ - skipped
[0.856s] -- Detecting CXX compile features
[0.857s] -- Detecting CXX compile features - done
[0.865s] -- Found ament_cmake: 2.5.6 (/opt/ros/jazzy/share/ament_cmake/cmake)
[1.098s] -- Found Python3: /usr/bin/python3 (found version "3.12.3") found components: Interpreter 
[1.157s] -- Override CMake install command with custom implementation using symlinks instead of copying resources
[1.226s] -- Found rclcpp: 28.1.21 (/opt/ros/jazzy/share/rclcpp/cmake)
[1.307s] -- Found rosidl_generator_c: 4.6.9 (/opt/ros/jazzy/share/rosidl_generator_c/cmake)
[1.327s] -- Found rosidl_generator_cpp: 4.6.9 (/opt/ros/jazzy/share/rosidl_generator_cpp/cmake)
[1.343s] -- Using all available rosidl_typesupport_c: rosidl_typesupport_fastrtps_c;rosidl_typesupport_introspection_c
[1.357s] -- Using all available rosidl_typesupport_cpp: rosidl_typesupport_fastrtps_cpp;rosidl_typesupport_introspection_cpp
[1.418s] -- Found rmw_implementation_cmake: 7.3.3 (/opt/ros/jazzy/share/rmw_implementation_cmake/cmake)
[1.420s] -- Found rmw_fastrtps_cpp: 8.4.4 (/opt/ros/jazzy/share/rmw_fastrtps_cpp/cmake)
[1.497s] -- Found OpenSSL: /usr/lib/x86_64-linux-gnu/libcrypto.so (found version "3.0.13")  
[1.512s] -- Found FastRTPS: /opt/ros/jazzy/include (Required is at least version "2.13") 
[1.529s] -- Using RMW implementation 'rmw_fastrtps_cpp' as default
[1.618s] -- Found std_msgs: 5.3.8 (/opt/ros/jazzy/share/std_msgs/cmake)
[1.639s] -- Found ament_lint_auto: 0.17.5 (/opt/ros/jazzy/share/ament_lint_auto/cmake)
[1.793s] -- Added test 'cppcheck' to perform static code analysis on C / C++ code
[1.793s] -- Configured cppcheck include dirs: 
[1.793s] -- Configured cppcheck exclude dirs and/or files: 
[1.794s] -- Added test 'lint_cmake' to check CMake code style
[1.796s] -- Added test 'uncrustify' to check C / C++ code style
[1.796s] -- Configured uncrustify additional arguments: 
[1.799s] -- Added test 'xmllint' to check XML markup files
[1.802s] -- Configuring done (1.5s)
[1.817s] -- Generating done (0.0s)
[1.822s] -- Build files have been written to: /home/host/ros_ws/src/build/subscriber_cpp
[1.835s] Invoked command in '/home/host/ros_ws/src/build/subscriber_cpp' returned '0': CMAKE_PREFIX_PATH=${CMAKE_PREFIX_PATH}:/home/host/ros_ws/install/python_nodes:/opt/ros/jazzy PS1=(ROS_ID=$ROS_DOMAIN_ID) \u@\h:\w$ /usr/bin/cmake /home/host/ros_ws/src/subscriber_cpp -DAMENT_CMAKE_SYMLINK_INSTALL=1 -DCMAKE_INSTALL_PREFIX=/home/host/ros_ws/src/install/subscriber_cpp
[1.836s] Invoking command in '/home/host/ros_ws/src/build/subscriber_cpp': CMAKE_PREFIX_PATH=${CMAKE_PREFIX_PATH}:/home/host/ros_ws/install/python_nodes:/opt/ros/jazzy PS1=(ROS_ID=$ROS_DOMAIN_ID) \u@\h:\w$ /usr/bin/cmake --build /home/host/ros_ws/src/build/subscriber_cpp -- -j12 -l12
[1.924s] [ 50%] [32mBuilding CXX object CMakeFiles/subscriber_node.dir/src/subscriber_node.cpp.o[0m
[7.098s] [100%] [32m[1mLinking CXX executable subscriber_node[0m
[7.461s] [100%] Built target subscriber_node
[7.477s] Invoked command in '/home/host/ros_ws/src/build/subscriber_cpp' returned '0': CMAKE_PREFIX_PATH=${CMAKE_PREFIX_PATH}:/home/host/ros_ws/install/python_nodes:/opt/ros/jazzy PS1=(ROS_ID=$ROS_DOMAIN_ID) \u@\h:\w$ /usr/bin/cmake --build /home/host/ros_ws/src/build/subscriber_cpp -- -j12 -l12
[7.479s] Invoking command in '/home/host/ros_ws/src/build/subscriber_cpp': CMAKE_PREFIX_PATH=${CMAKE_PREFIX_PATH}:/home/host/ros_ws/install/python_nodes:/opt/ros/jazzy PS1=(ROS_ID=$ROS_DOMAIN_ID) \u@\h:\w$ /usr/bin/cmake --install /home/host/ros_ws/src/build/subscriber_cpp
[7.494s] -- Install configuration: ""
[7.494s] -- Execute custom install script
[7.495s] -- Symlinking: /home/host/ros_ws/src/install/subscriber_cpp/lib/subscriber_cpp/subscriber_node
[7.510s] -- Symlinking: /home/host/ros_ws/src/install/subscriber_cpp/share/ament_index/resource_index/package_run_dependencies/subscriber_cpp
[7.528s] -- Symlinking: /home/host/ros_ws/src/install/subscriber_cpp/share/ament_index/resource_index/parent_prefix_path/subscriber_cpp
[7.546s] -- Symlinking: /home/host/ros_ws/src/install/subscriber_cpp/share/subscriber_cpp/environment/ament_prefix_path.sh
[7.560s] -- Symlinking: /home/host/ros_ws/src/install/subscriber_cpp/share/subscriber_cpp/environment/ament_prefix_path.dsv
[7.573s] -- Symlinking: /home/host/ros_ws/src/install/subscriber_cpp/share/subscriber_cpp/environment/path.sh
[7.585s] -- Symlinking: /home/host/ros_ws/src/install/subscriber_cpp/share/subscriber_cpp/environment/path.dsv
[7.597s] -- Symlinking: /home/host/ros_ws/src/install/subscriber_cpp/share/subscriber_cpp/local_setup.bash
[7.608s] -- Symlinking: /home/host/ros_ws/src/install/subscriber_cpp/share/subscriber_cpp/local_setup.sh
[7.622s] -- Symlinking: /home/host/ros_ws/src/install/subscriber_cpp/share/subscriber_cpp/local_setup.zsh
[7.639s] -- Symlinking: /home/host/ros_ws/src/install/subscriber_cpp/share/subscriber_cpp/local_setup.dsv
[7.653s] -- Symlinking: /home/host/ros_ws/src/install/subscriber_cpp/share/subscriber_cpp/package.dsv
[7.665s] -- Symlinking: /home/host/ros_ws/src/install/subscriber_cpp/share/ament_index/resource_index/packages/subscriber_cpp
[7.677s] -- Symlinking: /home/host/ros_ws/src/install/subscriber_cpp/share/subscriber_cpp/cmake/subscriber_cppConfig.cmake
[7.688s] -- Symlinking: /home/host/ros_ws/src/install/subscriber_cpp/share/subscriber_cpp/cmake/subscriber_cppConfig-version.cmake
[7.702s] -- Symlinking: /home/host/ros_ws/src/install/subscriber_cpp/share/subscriber_cpp/package.xml
[7.724s] Invoked command in '/home/host/ros_ws/src/build/subscriber_cpp' returned '0': CMAKE_PREFIX_PATH=${CMAKE_PREFIX_PATH}:/home/host/ros_ws/install/python_nodes:/opt/ros/jazzy PS1=(ROS_ID=$ROS_DOMAIN_ID) \u@\h:\w$ /usr/bin/cmake --install /home/host/ros_ws/src/build/subscriber_cpp
