[0.483s] Invoking command in '/home/host/ros_ws/src/build/tutoria_cpp_publisher': CMAKE_PREFIX_PATH=${CMAKE_PREFIX_PATH}:/home/host/ros_ws/src/install/python_nodes:/home/host/ros_ws/install/python_nodes:/opt/ros/jazzy PS1=(ROS_ID=$ROS_DOMAIN_ID) \u@\h:\w$ /usr/bin/cmake /home/host/ros_ws/src/tutoria_cpp_publisher -DAMENT_CMAKE_SYMLINK_INSTALL=1 -DCMAKE_INSTALL_PREFIX=/home/host/ros_ws/src/install/tutoria_cpp_publisher
[0.522s] -- Found ament_cmake: 2.5.6 (/opt/ros/jazzy/share/ament_cmake/cmake)
[1.146s] -- Override CMake install command with custom implementation using symlinks instead of copying resources
[1.162s] -- Found std_msgs: 5.3.8 (/opt/ros/jazzy/share/std_msgs/cmake)
[1.216s] -- Found rosidl_generator_c: 4.6.9 (/opt/ros/jazzy/share/rosidl_generator_c/cmake)
[1.234s] -- Found rosidl_generator_cpp: 4.6.9 (/opt/ros/jazzy/share/rosidl_generator_cpp/cmake)
[1.255s] -- Using all available rosidl_typesupport_c: rosidl_typesupport_fastrtps_c;rosidl_typesupport_introspection_c
[1.285s] -- Using all available rosidl_typesupport_cpp: rosidl_typesupport_fastrtps_cpp;rosidl_typesupport_introspection_cpp
[1.336s] -- Found rclcpp: 28.1.21 (/opt/ros/jazzy/share/rclcpp/cmake)
[1.442s] -- Found rmw_implementation_cmake: 7.3.3 (/opt/ros/jazzy/share/rmw_implementation_cmake/cmake)
[1.445s] -- Found rmw_fastrtps_cpp: 8.4.4 (/opt/ros/jazzy/share/rmw_fastrtps_cpp/cmake)
[1.617s] -- Using RMW implementation 'rmw_fastrtps_cpp' as default
[1.829s] -- Found ament_lint_auto: 0.17.5 (/opt/ros/jazzy/share/ament_lint_auto/cmake)
[2.165s] -- Added test 'cppcheck' to perform static code analysis on C / C++ code
[2.165s] -- Configured cppcheck include dirs: 
[2.166s] -- Configured cppcheck exclude dirs and/or files: 
[2.169s] -- Added test 'lint_cmake' to check CMake code style
[2.174s] -- Added test 'uncrustify' to check C / C++ code style
[2.174s] -- Configured uncrustify additional arguments: 
[2.177s] -- Added test 'xmllint' to check XML markup files
[2.184s] -- Configuring done (1.7s)
[2.205s] -- Generating done (0.0s)
[2.213s] -- Build files have been written to: /home/host/ros_ws/src/build/tutoria_cpp_publisher
[2.228s] Invoked command in '/home/host/ros_ws/src/build/tutoria_cpp_publisher' returned '0': CMAKE_PREFIX_PATH=${CMAKE_PREFIX_PATH}:/home/host/ros_ws/src/install/python_nodes:/home/host/ros_ws/install/python_nodes:/opt/ros/jazzy PS1=(ROS_ID=$ROS_DOMAIN_ID) \u@\h:\w$ /usr/bin/cmake /home/host/ros_ws/src/tutoria_cpp_publisher -DAMENT_CMAKE_SYMLINK_INSTALL=1 -DCMAKE_INSTALL_PREFIX=/home/host/ros_ws/src/install/tutoria_cpp_publisher
[2.231s] Invoking command in '/home/host/ros_ws/src/build/tutoria_cpp_publisher': CMAKE_PREFIX_PATH=${CMAKE_PREFIX_PATH}:/home/host/ros_ws/src/install/python_nodes:/home/host/ros_ws/install/python_nodes:/opt/ros/jazzy PS1=(ROS_ID=$ROS_DOMAIN_ID) \u@\h:\w$ /usr/bin/cmake --build /home/host/ros_ws/src/build/tutoria_cpp_publisher -- -j12 -l12
[2.352s] [ 50%] [32mBuilding CXX object CMakeFiles/publisher_node_area.dir/src/publisher_node_area.cpp.o[0m
[6.961s] [01m[K/home/host/ros_ws/src/tutoria_cpp_publisher/src/publisher_node_area.cpp:[m[K In member function ‘[01m[Kvoid PublisherNodeArea::[01;32m[Kmsg[m[K()[m[K’:
[6.961s] [01m[K/home/host/ros_ws/src/tutoria_cpp_publisher/src/publisher_node_area.cpp:27:28:[m[K [01;35m[Kwarning: [m[Knarrowing conversion of ‘[01m[K(((double)((float)Pi)) * pow(((double)raio), (double)2))[m[K’ from ‘[01m[Kdouble[m[K’ to ‘[01m[Kfloat[m[K’ [[01;35m[K-Wnarrowing[m[K]
[6.961s]    27 |             float area {[01;35m[KPi * pow(raio, 2)[m[K};
[6.962s]       |                         [01;35m[K~~~^~~~~~~~~~~~~~[m[K
[6.962s] In file included from [01m[K/opt/ros/jazzy/include/rclcpp/rclcpp/logging.hpp:24[m[K,
[6.962s]                  from [01m[K/opt/ros/jazzy/include/rclcpp/rclcpp/copy_all_parameter_values.hpp:27[m[K,
[6.962s]                  from [01m[K/opt/ros/jazzy/include/rclcpp/rclcpp/rclcpp.hpp:175[m[K,
[6.962s]                  from [01m[K/home/host/ros_ws/src/tutoria_cpp_publisher/src/publisher_node_area.cpp:8[m[K:
[6.963s] [01m[K/home/host/ros_ws/src/tutoria_cpp_publisher/src/publisher_node_area.cpp:31:71:[m[K [01;31m[Kerror: [m[Kexpression cannot be used as a function
[6.963s]    31 |             RCLCPP_INFO(this->get_logger(), "Área: '%f'", [01;31m[Kmessage.data()[m[K);
[6.963s]       |                                                           [01;31m[K~~~~~~~~~~~~^~[m[K
[6.975s] [01m[K/home/host/ros_ws/src/tutoria_cpp_publisher/src/publisher_node_area.cpp:[m[K In constructor ‘[01m[KPublisherNodeArea::[01;32m[KPublisherNodeArea[m[K()[m[K’:
[6.975s] [01m[K/home/host/ros_ws/src/tutoria_cpp_publisher/src/publisher_node_area.cpp:39:97:[m[K [01;31m[Kerror: [m[Kno match for ‘[01m[Koperator=[m[K’ (operand types are ‘[01m[Krclcpp::Publisher<std_msgs::msg::Float64_<std::allocator<void> > >::SharedPtr[m[K’ {aka ‘[01m[Kstd::shared_ptr<rclcpp::Publisher<std_msgs::msg::Float64_<std::allocator<void> > > >[m[K’} and ‘[01m[Kstd::shared_ptr<rclcpp::Publisher<std_msgs::msg::String_<std::allocator<void> >, std::allocator<void> > >[m[K’)
[6.976s]    39 |             publisher_ = this->create_publisher<std_msgs::msg::String>("publisher_node_area", 10[01;31m[K)[m[K; //QoS
[6.976s]       |                                                                                                 [01;31m[K^[m[K
[6.976s] In file included from [01m[K/usr/include/c++/13/memory:80[m[K,
[6.976s]                  from [01m[K/home/host/ros_ws/src/tutoria_cpp_publisher/src/publisher_node_area.cpp:2[m[K:
[6.977s] [01m[K/usr/include/c++/13/bits/shared_ptr.h:418:9:[m[K [01;36m[Knote: [m[Kcandidate: ‘[01m[Ktemplate<class _Yp> std::shared_ptr<_Tp>::_Assignable<const std::shared_ptr<_Yp>&> std::shared_ptr<_Tp>::[01;32m[Koperator=[m[K(const std::shared_ptr<_Yp>&) [35m[K[with _Tp = rclcpp::Publisher<std_msgs::msg::Float64_<std::allocator<void> > >][m[K[m[K’
[6.977s]   418 |         [01;36m[Koperator[m[K=(const shared_ptr<_Yp>& __r) noexcept
[6.977s]       |         [01;36m[K^~~~~~~~[m[K
[6.977s] [01m[K/usr/include/c++/13/bits/shared_ptr.h:418:9:[m[K [01;36m[Knote: [m[K  template argument deduction/substitution failed:
[6.978s] /usr/include/c++/13/bits/shared_ptr.h: In substitution of ‘[01m[Ktemplate<class _Tp> template<class _Arg> using std::shared_ptr<_Tp>::_Assignable = typename std::enable_if<std::is_assignable<std::__shared_ptr<_Tp>&, _Arg>::value, std::shared_ptr<_Tp>&>::type [35m[K[with _Arg = const std::shared_ptr<rclcpp::Publisher<std_msgs::msg::String_<std::allocator<void> >, std::allocator<void> > >&; _Tp = rclcpp::Publisher<std_msgs::msg::Float64_<std::allocator<void> > >][m[K[m[K’:
[6.978s] [01m[K/usr/include/c++/13/bits/shared_ptr.h:418:2:[m[K   required by substitution of ‘[01m[Ktemplate<class _Yp> std::shared_ptr<rclcpp::Publisher<std_msgs::msg::Float64_<std::allocator<void> > > >::_Assignable<const std::shared_ptr<_Tp>&> std::shared_ptr<rclcpp::Publisher<std_msgs::msg::Float64_<std::allocator<void> > > >::[01;32m[Koperator=[m[K(const std::shared_ptr<_Tp>&) [35m[K[with _Yp = rclcpp::Publisher<std_msgs::msg::String_<std::allocator<void> >, std::allocator<void> >][m[K[m[K’
[6.978s] [01m[K/home/host/ros_ws/src/tutoria_cpp_publisher/src/publisher_node_area.cpp:39:97:[m[K   required from here
[6.978s] [01m[K/usr/include/c++/13/bits/shared_ptr.h:183:15:[m[K [01;31m[Kerror: [m[Kno type named ‘[01m[Ktype[m[K’ in ‘[01m[Kstruct std::enable_if<false, std::shared_ptr<rclcpp::Publisher<std_msgs::msg::Float64_<std::allocator<void> > > >&>[m[K’
[6.978s]   183 |         using [01;31m[K_Assignable[m[K = typename enable_if<
[6.978s]       |               [01;31m[K^~~~~~~~~~~[m[K
[6.979s] [01m[K/usr/include/c++/13/bits/shared_ptr.h:429:9:[m[K [01;36m[Knote: [m[Kcandidate: ‘[01m[Ktemplate<class _Yp> std::shared_ptr<_Tp>::_Assignable<std::auto_ptr<_Up> > std::shared_ptr<_Tp>::[01;32m[Koperator=[m[K(std::auto_ptr<_Up>&&) [35m[K[with _Tp = rclcpp::Publisher<std_msgs::msg::Float64_<std::allocator<void> > >][m[K[m[K’
[6.979s]   429 |         [01;36m[Koperator[m[K=(auto_ptr<_Yp>&& __r)
[6.979s]       |         [01;36m[K^~~~~~~~[m[K
[6.979s] [01m[K/usr/include/c++/13/bits/shared_ptr.h:429:9:[m[K [01;36m[Knote: [m[K  template argument deduction/substitution failed:
[6.979s] [01m[K/home/host/ros_ws/src/tutoria_cpp_publisher/src/publisher_node_area.cpp:39:97:[m[K [01;36m[Knote: [m[K  ‘[01m[Kstd::shared_ptr<rclcpp::Publisher<std_msgs::msg::String_<std::allocator<void> >, std::allocator<void> > >[m[K’ is not derived from ‘[01m[Kstd::auto_ptr<_Up>[m[K’
[6.980s]    39 |             publisher_ = this->create_publisher<std_msgs::msg::String>("publisher_node_area", 10[01;36m[K)[m[K; //QoS
[6.980s]       |                                                                                                 [01;36m[K^[m[K
[6.980s] [01m[K/usr/include/c++/13/bits/shared_ptr.h:446:9:[m[K [01;36m[Knote: [m[Kcandidate: ‘[01m[Ktemplate<class _Yp> std::shared_ptr<_Tp>::_Assignable<std::shared_ptr<_Yp> > std::shared_ptr<_Tp>::[01;32m[Koperator=[m[K(std::shared_ptr<_Yp>&&) [35m[K[with _Tp = rclcpp::Publisher<std_msgs::msg::Float64_<std::allocator<void> > >][m[K[m[K’
[6.980s]   446 |         [01;36m[Koperator[m[K=(shared_ptr<_Yp>&& __r) noexcept
[6.981s]       |         [01;36m[K^~~~~~~~[m[K
[6.981s] [01m[K/usr/include/c++/13/bits/shared_ptr.h:446:9:[m[K [01;36m[Knote: [m[K  template argument deduction/substitution failed:
[6.981s] /usr/include/c++/13/bits/shared_ptr.h: In substitution of ‘[01m[Ktemplate<class _Tp> template<class _Arg> using std::shared_ptr<_Tp>::_Assignable = typename std::enable_if<std::is_assignable<std::__shared_ptr<_Tp>&, _Arg>::value, std::shared_ptr<_Tp>&>::type [35m[K[with _Arg = std::shared_ptr<rclcpp::Publisher<std_msgs::msg::String_<std::allocator<void> >, std::allocator<void> > >; _Tp = rclcpp::Publisher<std_msgs::msg::Float64_<std::allocator<void> > >][m[K[m[K’:
[6.982s] [01m[K/usr/include/c++/13/bits/shared_ptr.h:446:2:[m[K   required by substitution of ‘[01m[Ktemplate<class _Yp> std::shared_ptr<rclcpp::Publisher<std_msgs::msg::Float64_<std::allocator<void> > > >::_Assignable<std::shared_ptr<_Tp> > std::shared_ptr<rclcpp::Publisher<std_msgs::msg::Float64_<std::allocator<void> > > >::[01;32m[Koperator=[m[K(std::shared_ptr<_Tp>&&) [35m[K[with _Yp = rclcpp::Publisher<std_msgs::msg::String_<std::allocator<void> >, std::allocator<void> >][m[K[m[K’
[6.982s] [01m[K/home/host/ros_ws/src/tutoria_cpp_publisher/src/publisher_node_area.cpp:39:97:[m[K   required from here
[6.982s] [01m[K/usr/include/c++/13/bits/shared_ptr.h:183:15:[m[K [01;31m[Kerror: [m[Kno type named ‘[01m[Ktype[m[K’ in ‘[01m[Kstruct std::enable_if<false, std::shared_ptr<rclcpp::Publisher<std_msgs::msg::Float64_<std::allocator<void> > > >&>[m[K’
[6.982s]   183 |         using [01;31m[K_Assignable[m[K = typename enable_if<
[6.982s]       |               [01;31m[K^~~~~~~~~~~[m[K
[6.983s] [01m[K/usr/include/c++/13/bits/shared_ptr.h:454:9:[m[K [01;36m[Knote: [m[Kcandidate: ‘[01m[Ktemplate<class _Yp, class _Del> std::shared_ptr<_Tp>::_Assignable<std::unique_ptr<_Up, _Ep> > std::shared_ptr<_Tp>::[01;32m[Koperator=[m[K(std::unique_ptr<_Up, _Ep>&&) [35m[K[with _Del = _Yp; _Tp = rclcpp::Publisher<std_msgs::msg::Float64_<std::allocator<void> > >][m[K[m[K’
[6.983s]   454 |         [01;36m[Koperator[m[K=(unique_ptr<_Yp, _Del>&& __r)
[6.983s]       |         [01;36m[K^~~~~~~~[m[K
[6.983s] [01m[K/usr/include/c++/13/bits/shared_ptr.h:454:9:[m[K [01;36m[Knote: [m[K  template argument deduction/substitution failed:
[6.983s] [01m[K/home/host/ros_ws/src/tutoria_cpp_publisher/src/publisher_node_area.cpp:39:97:[m[K [01;36m[Knote: [m[K  ‘[01m[Kstd::shared_ptr<rclcpp::Publisher<std_msgs::msg::String_<std::allocator<void> >, std::allocator<void> > >[m[K’ is not derived from ‘[01m[Kstd::unique_ptr<_Tp, _Dp>[m[K’
[6.984s]    39 |             publisher_ = this->create_publisher<std_msgs::msg::String>("publisher_node_area", 10[01;36m[K)[m[K; //QoS
[6.984s]       |                                                                                                 [01;36m[K^[m[K
[6.984s] [01m[K/usr/include/c++/13/bits/shared_ptr.h:414:19:[m[K [01;36m[Knote: [m[Kcandidate: ‘[01m[Kstd::shared_ptr<_Tp>& std::shared_ptr<_Tp>::[01;32m[Koperator=[m[K(const std::shared_ptr<_Tp>&) [35m[K[with _Tp = rclcpp::Publisher<std_msgs::msg::Float64_<std::allocator<void> > >][m[K[m[K’
[6.984s]   414 |       shared_ptr& [01;36m[Koperator[m[K=(const shared_ptr&) noexcept = default;
[6.985s]       |                   [01;36m[K^~~~~~~~[m[K
[6.985s] [01m[K/usr/include/c++/13/bits/shared_ptr.h:414:29:[m[K [01;36m[Knote: [m[K  no known conversion for argument 1 from ‘[01m[Kstd::shared_ptr<rclcpp::Publisher<std_msgs::msg::String_<std::allocator<void> >, std::allocator<void> > >[m[K’ to ‘[01m[Kconst std::shared_ptr<rclcpp::Publisher<std_msgs::msg::Float64_<std::allocator<void> > > >&[m[K’
[6.985s]   414 |       shared_ptr& operator=([01;36m[Kconst shared_ptr&[m[K) noexcept = default;
[6.985s]       |                             [01;36m[K^~~~~~~~~~~~~~~~~[m[K
[6.986s] [01m[K/usr/include/c++/13/bits/shared_ptr.h:438:7:[m[K [01;36m[Knote: [m[Kcandidate: ‘[01m[Kstd::shared_ptr<_Tp>& std::shared_ptr<_Tp>::[01;32m[Koperator=[m[K(std::shared_ptr<_Tp>&&) [35m[K[with _Tp = rclcpp::Publisher<std_msgs::msg::Float64_<std::allocator<void> > >][m[K[m[K’
[6.986s]   438 |       [01;36m[Koperator[m[K=(shared_ptr&& __r) noexcept
[6.986s]       |       [01;36m[K^~~~~~~~[m[K
[6.986s] [01m[K/usr/include/c++/13/bits/shared_ptr.h:438:30:[m[K [01;36m[Knote: [m[K  no known conversion for argument 1 from ‘[01m[Kstd::shared_ptr<rclcpp::Publisher<std_msgs::msg::String_<std::allocator<void> >, std::allocator<void> > >[m[K’ to ‘[01m[Kstd::shared_ptr<rclcpp::Publisher<std_msgs::msg::Float64_<std::allocator<void> > > >&&[m[K’
[6.986s]   438 |       operator=([01;36m[Kshared_ptr&& __r[m[K) noexcept
[6.987s]       |                 [01;36m[K~~~~~~~~~~~~~^~~[m[K
[8.760s] gmake[2]: *** [CMakeFiles/publisher_node_area.dir/build.make:76: CMakeFiles/publisher_node_area.dir/src/publisher_node_area.cpp.o] Error 1
[8.760s] gmake[1]: *** [CMakeFiles/Makefile2:137: CMakeFiles/publisher_node_area.dir/all] Error 2
[8.760s] gmake: *** [Makefile:146: all] Error 2
[8.764s] Invoked command in '/home/host/ros_ws/src/build/tutoria_cpp_publisher' returned '2': CMAKE_PREFIX_PATH=${CMAKE_PREFIX_PATH}:/home/host/ros_ws/src/install/python_nodes:/home/host/ros_ws/install/python_nodes:/opt/ros/jazzy PS1=(ROS_ID=$ROS_DOMAIN_ID) \u@\h:\w$ /usr/bin/cmake --build /home/host/ros_ws/src/build/tutoria_cpp_publisher -- -j12 -l12
