[0.000000] (-) TimerEvent: {}
[0.000269] (publisher_cpp) JobQueued: {'identifier': 'publisher_cpp', 'dependencies': OrderedDict()}
[0.000641] (python_nodes) JobQueued: {'identifier': 'python_nodes', 'dependencies': OrderedDict()}
[0.000963] (subscriber_cpp) JobQueued: {'identifier': 'subscriber_cpp', 'dependencies': OrderedDict()}
[0.001061] (tutoria_cpp_publisher) JobQueued: {'identifier': 'tutoria_cpp_publisher', 'dependencies': OrderedDict()}
[0.001124] (publisher_cpp) JobStarted: {'identifier': 'publisher_cpp'}
[0.029039] (python_nodes) JobStarted: {'identifier': 'python_nodes'}
[0.040951] (subscriber_cpp) JobStarted: {'identifier': 'subscriber_cpp'}
[0.049529] (tutoria_cpp_publisher) JobStarted: {'identifier': 'tutoria_cpp_publisher'}
[0.063544] (publisher_cpp) JobProgress: {'identifier': 'publisher_cpp', 'progress': 'cmake'}
[0.066733] (publisher_cpp) JobProgress: {'identifier': 'publisher_cpp', 'progress': 'build'}
[0.068931] (publisher_cpp) Command: {'cmd': ['/usr/bin/cmake', '--build', '/home/host/ros_ws/src/build/publisher_cpp', '--', '-j12', '-l12'], 'cwd': '/home/host/ros_ws/src/build/publisher_cpp', 'env': OrderedDict({'GZ_SIM_RESOURCE_PATH': '/opt/ros/jazzy/share', 'GZ_CONFIG_PATH': '/opt/ros/jazzy/opt/gz_sim_vendor/share/gz:/opt/ros/jazzy/opt/sdformat_vendor/share/gz:/opt/ros/jazzy/opt/gz_gui_vendor/share/gz:/opt/ros/jazzy/opt/gz_transport_vendor/share/gz:/opt/ros/jazzy/opt/gz_rendering_vendor/share/gz:/opt/ros/jazzy/opt/gz_plugin_vendor/share/gz:/opt/ros/jazzy/opt/gz_fuel_tools_vendor/share/gz:/opt/ros/jazzy/opt/gz_msgs_vendor/share/gz:/opt/ros/jazzy/opt/gz_common_vendor/share/gz', 'HOSTNAME': 'laptop-linux-nardiber', 'SHLVL': '1', 'LD_LIBRARY_PATH': '/opt/ros/jazzy/opt/gz_sim_vendor/lib:/opt/ros/jazzy/opt/gz_sensors_vendor/lib:/opt/ros/jazzy/opt/gz_physics_vendor/lib:/opt/ros/jazzy/opt/sdformat_vendor/lib:/opt/ros/jazzy/opt/rviz_ogre_vendor/lib:/opt/ros/jazzy/lib/x86_64-linux-gnu:/opt/ros/jazzy/opt/gz_gui_vendor/lib:/opt/ros/jazzy/opt/gz_transport_vendor/lib:/opt/ros/jazzy/opt/gz_rendering_vendor/lib:/opt/ros/jazzy/opt/gz_plugin_vendor/lib:/opt/ros/jazzy/opt/gz_fuel_tools_vendor/lib:/opt/ros/jazzy/opt/gz_msgs_vendor/lib:/opt/ros/jazzy/opt/gz_common_vendor/lib:/opt/ros/jazzy/opt/gz_math_vendor/lib:/opt/ros/jazzy/opt/gz_utils_vendor/lib:/opt/ros/jazzy/opt/gz_tools_vendor/lib:/opt/ros/jazzy/opt/gz_ogre_next_vendor/lib:/opt/ros/jazzy/opt/gz_dartsim_vendor/lib:/opt/ros/jazzy/opt/gz_cmake_vendor/lib:/opt/ros/jazzy/lib', 'HOME': '/home/host', 'OLDPWD': '/home/host/ros_ws', 'ROS_PYTHON_VERSION': '3', 'PS1': '(ROS_ID=$ROS_DOMAIN_ID) \\u@\\h:\\w$', 'COLCON_PREFIX_PATH': '/home/host/ros_ws/src/install:/home/host/ros_ws/install', 'ROS_DISTRO': 'jazzy', '_': '/usr/bin/colcon', 'ROS_VERSION': '2', 'TERM': 'xterm', 'QT_X11_NO_MITSHM': '1', 'PATH': '/opt/ros/jazzy/opt/gz_msgs_vendor/bin:/opt/ros/jazzy/opt/gz_tools_vendor/bin:/opt/ros/jazzy/opt/gz_ogre_next_vendor/bin:/opt/ros/jazzy/bin:/usr/local/sbin:/usr/local/bin:/usr/sbin:/usr/bin:/sbin:/bin', 'DISPLAY': ':0', 'LANG': 'C.UTF-8', 'ROS_DOMAIN_ID': '0', 'AMENT_PREFIX_PATH': '/home/host/ros_ws/src/install/subscriber_cpp:/home/host/ros_ws/src/install/python_nodes:/home/host/ros_ws/src/install/publisher_cpp:/home/host/ros_ws/install/subscriber_cpp:/home/host/ros_ws/install/publisher_cpp:/home/host/ros_ws/install/python_nodes:/opt/ros/jazzy', 'DEBIAN_FRONTEND': 'noninteractive', 'ROS_AUTOMATIC_DISCOVERY_RANGE': 'SUBNET', 'PWD': '/home/host/ros_ws/src/build/publisher_cpp', 'LC_ALL': 'C.UTF-8', 'PYTHONPATH': '/home/host/ros_ws/src/build/python_nodes:/home/host/ros_ws/src/install/python_nodes/lib/python3.12/site-packages:/home/host/ros_ws/build/python_nodes:/home/host/ros_ws/install/python_nodes/lib/python3.12/site-packages:/opt/ros/jazzy/lib/python3.12/site-packages', 'COLCON': '1', 'CMAKE_PREFIX_PATH': '/home/host/ros_ws/src/install/subscriber_cpp:/home/host/ros_ws/src/install/publisher_cpp:/home/host/ros_ws/install/subscriber_cpp:/home/host/ros_ws/install/publisher_cpp:/opt/ros/jazzy/opt/gz_sim_vendor:/opt/ros/jazzy/opt/gz_sensors_vendor:/opt/ros/jazzy/opt/gz_physics_vendor:/opt/ros/jazzy/opt/sdformat_vendor:/opt/ros/jazzy/opt/gz_gui_vendor:/opt/ros/jazzy/opt/gz_transport_vendor:/opt/ros/jazzy/opt/gz_rendering_vendor:/opt/ros/jazzy/opt/gz_plugin_vendor:/opt/ros/jazzy/opt/gz_fuel_tools_vendor:/opt/ros/jazzy/opt/gz_msgs_vendor:/opt/ros/jazzy/opt/gz_common_vendor:/opt/ros/jazzy/opt/gz_math_vendor:/opt/ros/jazzy/opt/gz_utils_vendor:/opt/ros/jazzy/opt/gz_tools_vendor:/opt/ros/jazzy/opt/gz_ogre_next_vendor:/opt/ros/jazzy/opt/gz_dartsim_vendor:/opt/ros/jazzy/opt/gz_cmake_vendor:/home/host/ros_ws/src/install/python_nodes:/home/host/ros_ws/install/python_nodes:/opt/ros/jazzy'}), 'shell': False}
[0.098834] (-) TimerEvent: {}
[0.199460] (-) TimerEvent: {}
[0.299982] (-) TimerEvent: {}
[0.400574] (-) TimerEvent: {}
[0.480909] (subscriber_cpp) JobProgress: {'identifier': 'subscriber_cpp', 'progress': 'cmake'}
[0.484051] (subscriber_cpp) JobProgress: {'identifier': 'subscriber_cpp', 'progress': 'build'}
[0.484179] (subscriber_cpp) Command: {'cmd': ['/usr/bin/cmake', '--build', '/home/host/ros_ws/src/build/subscriber_cpp', '--', '-j12', '-l12'], 'cwd': '/home/host/ros_ws/src/build/subscriber_cpp', 'env': OrderedDict({'GZ_SIM_RESOURCE_PATH': '/opt/ros/jazzy/share', 'GZ_CONFIG_PATH': '/opt/ros/jazzy/opt/gz_sim_vendor/share/gz:/opt/ros/jazzy/opt/sdformat_vendor/share/gz:/opt/ros/jazzy/opt/gz_gui_vendor/share/gz:/opt/ros/jazzy/opt/gz_transport_vendor/share/gz:/opt/ros/jazzy/opt/gz_rendering_vendor/share/gz:/opt/ros/jazzy/opt/gz_plugin_vendor/share/gz:/opt/ros/jazzy/opt/gz_fuel_tools_vendor/share/gz:/opt/ros/jazzy/opt/gz_msgs_vendor/share/gz:/opt/ros/jazzy/opt/gz_common_vendor/share/gz', 'HOSTNAME': 'laptop-linux-nardiber', 'SHLVL': '1', 'LD_LIBRARY_PATH': '/opt/ros/jazzy/opt/gz_sim_vendor/lib:/opt/ros/jazzy/opt/gz_sensors_vendor/lib:/opt/ros/jazzy/opt/gz_physics_vendor/lib:/opt/ros/jazzy/opt/sdformat_vendor/lib:/opt/ros/jazzy/opt/rviz_ogre_vendor/lib:/opt/ros/jazzy/lib/x86_64-linux-gnu:/opt/ros/jazzy/opt/gz_gui_vendor/lib:/opt/ros/jazzy/opt/gz_transport_vendor/lib:/opt/ros/jazzy/opt/gz_rendering_vendor/lib:/opt/ros/jazzy/opt/gz_plugin_vendor/lib:/opt/ros/jazzy/opt/gz_fuel_tools_vendor/lib:/opt/ros/jazzy/opt/gz_msgs_vendor/lib:/opt/ros/jazzy/opt/gz_common_vendor/lib:/opt/ros/jazzy/opt/gz_math_vendor/lib:/opt/ros/jazzy/opt/gz_utils_vendor/lib:/opt/ros/jazzy/opt/gz_tools_vendor/lib:/opt/ros/jazzy/opt/gz_ogre_next_vendor/lib:/opt/ros/jazzy/opt/gz_dartsim_vendor/lib:/opt/ros/jazzy/opt/gz_cmake_vendor/lib:/opt/ros/jazzy/lib', 'HOME': '/home/host', 'OLDPWD': '/home/host/ros_ws', 'ROS_PYTHON_VERSION': '3', 'PS1': '(ROS_ID=$ROS_DOMAIN_ID) \\u@\\h:\\w$', 'COLCON_PREFIX_PATH': '/home/host/ros_ws/src/install:/home/host/ros_ws/install', 'ROS_DISTRO': 'jazzy', '_': '/usr/bin/colcon', 'ROS_VERSION': '2', 'TERM': 'xterm', 'QT_X11_NO_MITSHM': '1', 'PATH': '/opt/ros/jazzy/opt/gz_msgs_vendor/bin:/opt/ros/jazzy/opt/gz_tools_vendor/bin:/opt/ros/jazzy/opt/gz_ogre_next_vendor/bin:/opt/ros/jazzy/bin:/usr/local/sbin:/usr/local/bin:/usr/sbin:/usr/bin:/sbin:/bin', 'DISPLAY': ':0', 'LANG': 'C.UTF-8', 'ROS_DOMAIN_ID': '0', 'AMENT_PREFIX_PATH': '/home/host/ros_ws/src/install/subscriber_cpp:/home/host/ros_ws/src/install/python_nodes:/home/host/ros_ws/src/install/publisher_cpp:/home/host/ros_ws/install/subscriber_cpp:/home/host/ros_ws/install/publisher_cpp:/home/host/ros_ws/install/python_nodes:/opt/ros/jazzy', 'DEBIAN_FRONTEND': 'noninteractive', 'ROS_AUTOMATIC_DISCOVERY_RANGE': 'SUBNET', 'PWD': '/home/host/ros_ws/src/build/subscriber_cpp', 'LC_ALL': 'C.UTF-8', 'PYTHONPATH': '/home/host/ros_ws/src/build/python_nodes:/home/host/ros_ws/src/install/python_nodes/lib/python3.12/site-packages:/home/host/ros_ws/build/python_nodes:/home/host/ros_ws/install/python_nodes/lib/python3.12/site-packages:/opt/ros/jazzy/lib/python3.12/site-packages', 'COLCON': '1', 'CMAKE_PREFIX_PATH': '/home/host/ros_ws/src/install/subscriber_cpp:/home/host/ros_ws/src/install/publisher_cpp:/home/host/ros_ws/install/subscriber_cpp:/home/host/ros_ws/install/publisher_cpp:/opt/ros/jazzy/opt/gz_sim_vendor:/opt/ros/jazzy/opt/gz_sensors_vendor:/opt/ros/jazzy/opt/gz_physics_vendor:/opt/ros/jazzy/opt/sdformat_vendor:/opt/ros/jazzy/opt/gz_gui_vendor:/opt/ros/jazzy/opt/gz_transport_vendor:/opt/ros/jazzy/opt/gz_rendering_vendor:/opt/ros/jazzy/opt/gz_plugin_vendor:/opt/ros/jazzy/opt/gz_fuel_tools_vendor:/opt/ros/jazzy/opt/gz_msgs_vendor:/opt/ros/jazzy/opt/gz_common_vendor:/opt/ros/jazzy/opt/gz_math_vendor:/opt/ros/jazzy/opt/gz_utils_vendor:/opt/ros/jazzy/opt/gz_tools_vendor:/opt/ros/jazzy/opt/gz_ogre_next_vendor:/opt/ros/jazzy/opt/gz_dartsim_vendor:/opt/ros/jazzy/opt/gz_cmake_vendor:/home/host/ros_ws/src/install/python_nodes:/home/host/ros_ws/install/python_nodes:/opt/ros/jazzy'}), 'shell': False}
[0.490114] (publisher_cpp) StdoutLine: {'line': b'[100%] Built target publisher_node\n'}
[0.492988] (publisher_cpp) CommandEnded: {'returncode': 0}
[0.497311] (publisher_cpp) JobProgress: {'identifier': 'publisher_cpp', 'progress': 'install'}
[0.500732] (-) TimerEvent: {}
[0.523423] (publisher_cpp) Command: {'cmd': ['/usr/bin/cmake', '--install', '/home/host/ros_ws/src/build/publisher_cpp'], 'cwd': '/home/host/ros_ws/src/build/publisher_cpp', 'env': OrderedDict({'GZ_SIM_RESOURCE_PATH': '/opt/ros/jazzy/share', 'GZ_CONFIG_PATH': '/opt/ros/jazzy/opt/gz_sim_vendor/share/gz:/opt/ros/jazzy/opt/sdformat_vendor/share/gz:/opt/ros/jazzy/opt/gz_gui_vendor/share/gz:/opt/ros/jazzy/opt/gz_transport_vendor/share/gz:/opt/ros/jazzy/opt/gz_rendering_vendor/share/gz:/opt/ros/jazzy/opt/gz_plugin_vendor/share/gz:/opt/ros/jazzy/opt/gz_fuel_tools_vendor/share/gz:/opt/ros/jazzy/opt/gz_msgs_vendor/share/gz:/opt/ros/jazzy/opt/gz_common_vendor/share/gz', 'HOSTNAME': 'laptop-linux-nardiber', 'SHLVL': '1', 'LD_LIBRARY_PATH': '/opt/ros/jazzy/opt/gz_sim_vendor/lib:/opt/ros/jazzy/opt/gz_sensors_vendor/lib:/opt/ros/jazzy/opt/gz_physics_vendor/lib:/opt/ros/jazzy/opt/sdformat_vendor/lib:/opt/ros/jazzy/opt/rviz_ogre_vendor/lib:/opt/ros/jazzy/lib/x86_64-linux-gnu:/opt/ros/jazzy/opt/gz_gui_vendor/lib:/opt/ros/jazzy/opt/gz_transport_vendor/lib:/opt/ros/jazzy/opt/gz_rendering_vendor/lib:/opt/ros/jazzy/opt/gz_plugin_vendor/lib:/opt/ros/jazzy/opt/gz_fuel_tools_vendor/lib:/opt/ros/jazzy/opt/gz_msgs_vendor/lib:/opt/ros/jazzy/opt/gz_common_vendor/lib:/opt/ros/jazzy/opt/gz_math_vendor/lib:/opt/ros/jazzy/opt/gz_utils_vendor/lib:/opt/ros/jazzy/opt/gz_tools_vendor/lib:/opt/ros/jazzy/opt/gz_ogre_next_vendor/lib:/opt/ros/jazzy/opt/gz_dartsim_vendor/lib:/opt/ros/jazzy/opt/gz_cmake_vendor/lib:/opt/ros/jazzy/lib', 'HOME': '/home/host', 'OLDPWD': '/home/host/ros_ws', 'ROS_PYTHON_VERSION': '3', 'PS1': '(ROS_ID=$ROS_DOMAIN_ID) \\u@\\h:\\w$', 'COLCON_PREFIX_PATH': '/home/host/ros_ws/src/install:/home/host/ros_ws/install', 'ROS_DISTRO': 'jazzy', '_': '/usr/bin/colcon', 'ROS_VERSION': '2', 'TERM': 'xterm', 'QT_X11_NO_MITSHM': '1', 'PATH': '/opt/ros/jazzy/opt/gz_msgs_vendor/bin:/opt/ros/jazzy/opt/gz_tools_vendor/bin:/opt/ros/jazzy/opt/gz_ogre_next_vendor/bin:/opt/ros/jazzy/bin:/usr/local/sbin:/usr/local/bin:/usr/sbin:/usr/bin:/sbin:/bin', 'DISPLAY': ':0', 'LANG': 'C.UTF-8', 'ROS_DOMAIN_ID': '0', 'AMENT_PREFIX_PATH': '/home/host/ros_ws/src/install/subscriber_cpp:/home/host/ros_ws/src/install/python_nodes:/home/host/ros_ws/src/install/publisher_cpp:/home/host/ros_ws/install/subscriber_cpp:/home/host/ros_ws/install/publisher_cpp:/home/host/ros_ws/install/python_nodes:/opt/ros/jazzy', 'DEBIAN_FRONTEND': 'noninteractive', 'ROS_AUTOMATIC_DISCOVERY_RANGE': 'SUBNET', 'PWD': '/home/host/ros_ws/src/build/publisher_cpp', 'LC_ALL': 'C.UTF-8', 'PYTHONPATH': '/home/host/ros_ws/src/build/python_nodes:/home/host/ros_ws/src/install/python_nodes/lib/python3.12/site-packages:/home/host/ros_ws/build/python_nodes:/home/host/ros_ws/install/python_nodes/lib/python3.12/site-packages:/opt/ros/jazzy/lib/python3.12/site-packages', 'COLCON': '1', 'CMAKE_PREFIX_PATH': '/home/host/ros_ws/src/install/subscriber_cpp:/home/host/ros_ws/src/install/publisher_cpp:/home/host/ros_ws/install/subscriber_cpp:/home/host/ros_ws/install/publisher_cpp:/opt/ros/jazzy/opt/gz_sim_vendor:/opt/ros/jazzy/opt/gz_sensors_vendor:/opt/ros/jazzy/opt/gz_physics_vendor:/opt/ros/jazzy/opt/sdformat_vendor:/opt/ros/jazzy/opt/gz_gui_vendor:/opt/ros/jazzy/opt/gz_transport_vendor:/opt/ros/jazzy/opt/gz_rendering_vendor:/opt/ros/jazzy/opt/gz_plugin_vendor:/opt/ros/jazzy/opt/gz_fuel_tools_vendor:/opt/ros/jazzy/opt/gz_msgs_vendor:/opt/ros/jazzy/opt/gz_common_vendor:/opt/ros/jazzy/opt/gz_math_vendor:/opt/ros/jazzy/opt/gz_utils_vendor:/opt/ros/jazzy/opt/gz_tools_vendor:/opt/ros/jazzy/opt/gz_ogre_next_vendor:/opt/ros/jazzy/opt/gz_dartsim_vendor:/opt/ros/jazzy/opt/gz_cmake_vendor:/home/host/ros_ws/src/install/python_nodes:/home/host/ros_ws/install/python_nodes:/opt/ros/jazzy'}), 'shell': False}
[0.526555] (tutoria_cpp_publisher) JobProgress: {'identifier': 'tutoria_cpp_publisher', 'progress': 'cmake'}
[0.529800] (tutoria_cpp_publisher) Command: {'cmd': ['/usr/bin/cmake', '/home/host/ros_ws/src/tutoria_cpp_publisher', '-DAMENT_CMAKE_SYMLINK_INSTALL=1', '-DCMAKE_INSTALL_PREFIX=/home/host/ros_ws/src/install/tutoria_cpp_publisher'], 'cwd': '/home/host/ros_ws/src/build/tutoria_cpp_publisher', 'env': OrderedDict({'GZ_SIM_RESOURCE_PATH': '/opt/ros/jazzy/share', 'GZ_CONFIG_PATH': '/opt/ros/jazzy/opt/gz_sim_vendor/share/gz:/opt/ros/jazzy/opt/sdformat_vendor/share/gz:/opt/ros/jazzy/opt/gz_gui_vendor/share/gz:/opt/ros/jazzy/opt/gz_transport_vendor/share/gz:/opt/ros/jazzy/opt/gz_rendering_vendor/share/gz:/opt/ros/jazzy/opt/gz_plugin_vendor/share/gz:/opt/ros/jazzy/opt/gz_fuel_tools_vendor/share/gz:/opt/ros/jazzy/opt/gz_msgs_vendor/share/gz:/opt/ros/jazzy/opt/gz_common_vendor/share/gz', 'HOSTNAME': 'laptop-linux-nardiber', 'SHLVL': '1', 'LD_LIBRARY_PATH': '/opt/ros/jazzy/opt/gz_sim_vendor/lib:/opt/ros/jazzy/opt/gz_sensors_vendor/lib:/opt/ros/jazzy/opt/gz_physics_vendor/lib:/opt/ros/jazzy/opt/sdformat_vendor/lib:/opt/ros/jazzy/opt/rviz_ogre_vendor/lib:/opt/ros/jazzy/lib/x86_64-linux-gnu:/opt/ros/jazzy/opt/gz_gui_vendor/lib:/opt/ros/jazzy/opt/gz_transport_vendor/lib:/opt/ros/jazzy/opt/gz_rendering_vendor/lib:/opt/ros/jazzy/opt/gz_plugin_vendor/lib:/opt/ros/jazzy/opt/gz_fuel_tools_vendor/lib:/opt/ros/jazzy/opt/gz_msgs_vendor/lib:/opt/ros/jazzy/opt/gz_common_vendor/lib:/opt/ros/jazzy/opt/gz_math_vendor/lib:/opt/ros/jazzy/opt/gz_utils_vendor/lib:/opt/ros/jazzy/opt/gz_tools_vendor/lib:/opt/ros/jazzy/opt/gz_ogre_next_vendor/lib:/opt/ros/jazzy/opt/gz_dartsim_vendor/lib:/opt/ros/jazzy/opt/gz_cmake_vendor/lib:/opt/ros/jazzy/lib', 'HOME': '/home/host', 'OLDPWD': '/home/host/ros_ws', 'ROS_PYTHON_VERSION': '3', 'PS1': '(ROS_ID=$ROS_DOMAIN_ID) \\u@\\h:\\w$', 'COLCON_PREFIX_PATH': '/home/host/ros_ws/src/install:/home/host/ros_ws/install', 'ROS_DISTRO': 'jazzy', '_': '/usr/bin/colcon', 'ROS_VERSION': '2', 'TERM': 'xterm', 'QT_X11_NO_MITSHM': '1', 'PATH': '/opt/ros/jazzy/opt/gz_msgs_vendor/bin:/opt/ros/jazzy/opt/gz_tools_vendor/bin:/opt/ros/jazzy/opt/gz_ogre_next_vendor/bin:/opt/ros/jazzy/bin:/usr/local/sbin:/usr/local/bin:/usr/sbin:/usr/bin:/sbin:/bin', 'DISPLAY': ':0', 'LANG': 'C.UTF-8', 'ROS_DOMAIN_ID': '0', 'AMENT_PREFIX_PATH': '/home/host/ros_ws/src/install/subscriber_cpp:/home/host/ros_ws/src/install/python_nodes:/home/host/ros_ws/src/install/publisher_cpp:/home/host/ros_ws/install/subscriber_cpp:/home/host/ros_ws/install/publisher_cpp:/home/host/ros_ws/install/python_nodes:/opt/ros/jazzy', 'DEBIAN_FRONTEND': 'noninteractive', 'ROS_AUTOMATIC_DISCOVERY_RANGE': 'SUBNET', 'PWD': '/home/host/ros_ws/src/build/tutoria_cpp_publisher', 'LC_ALL': 'C.UTF-8', 'PYTHONPATH': '/home/host/ros_ws/src/build/python_nodes:/home/host/ros_ws/src/install/python_nodes/lib/python3.12/site-packages:/home/host/ros_ws/build/python_nodes:/home/host/ros_ws/install/python_nodes/lib/python3.12/site-packages:/opt/ros/jazzy/lib/python3.12/site-packages', 'COLCON': '1', 'CMAKE_PREFIX_PATH': '/home/host/ros_ws/src/install/subscriber_cpp:/home/host/ros_ws/src/install/publisher_cpp:/home/host/ros_ws/install/subscriber_cpp:/home/host/ros_ws/install/publisher_cpp:/opt/ros/jazzy/opt/gz_sim_vendor:/opt/ros/jazzy/opt/gz_sensors_vendor:/opt/ros/jazzy/opt/gz_physics_vendor:/opt/ros/jazzy/opt/sdformat_vendor:/opt/ros/jazzy/opt/gz_gui_vendor:/opt/ros/jazzy/opt/gz_transport_vendor:/opt/ros/jazzy/opt/gz_rendering_vendor:/opt/ros/jazzy/opt/gz_plugin_vendor:/opt/ros/jazzy/opt/gz_fuel_tools_vendor:/opt/ros/jazzy/opt/gz_msgs_vendor:/opt/ros/jazzy/opt/gz_common_vendor:/opt/ros/jazzy/opt/gz_math_vendor:/opt/ros/jazzy/opt/gz_utils_vendor:/opt/ros/jazzy/opt/gz_tools_vendor:/opt/ros/jazzy/opt/gz_ogre_next_vendor:/opt/ros/jazzy/opt/gz_dartsim_vendor:/opt/ros/jazzy/opt/gz_cmake_vendor:/home/host/ros_ws/src/install/python_nodes:/home/host/ros_ws/install/python_nodes:/opt/ros/jazzy'}), 'shell': False}
[0.550309] (publisher_cpp) StdoutLine: {'line': b'-- Install configuration: ""\n'}
[0.552480] (publisher_cpp) StdoutLine: {'line': b'-- Execute custom install script\n'}
[0.553778] (publisher_cpp) StdoutLine: {'line': b'-- Up-to-date symlink: /home/host/ros_ws/src/install/publisher_cpp/lib/publisher_cpp/publisher_node\n'}
[0.554340] (publisher_cpp) StdoutLine: {'line': b'-- Up-to-date symlink: /home/host/ros_ws/src/install/publisher_cpp/share/ament_index/resource_index/package_run_dependencies/publisher_cpp\n'}
[0.554770] (publisher_cpp) StdoutLine: {'line': b'-- Up-to-date symlink: /home/host/ros_ws/src/install/publisher_cpp/share/ament_index/resource_index/parent_prefix_path/publisher_cpp\n'}
[0.555294] (publisher_cpp) StdoutLine: {'line': b'-- Up-to-date symlink: /home/host/ros_ws/src/install/publisher_cpp/share/publisher_cpp/environment/ament_prefix_path.sh\n'}
[0.555783] (publisher_cpp) StdoutLine: {'line': b'-- Up-to-date symlink: /home/host/ros_ws/src/install/publisher_cpp/share/publisher_cpp/environment/ament_prefix_path.dsv\n'}
[0.556286] (publisher_cpp) StdoutLine: {'line': b'-- Up-to-date symlink: /home/host/ros_ws/src/install/publisher_cpp/share/publisher_cpp/environment/path.sh\n'}
[0.556798] (publisher_cpp) StdoutLine: {'line': b'-- Up-to-date symlink: /home/host/ros_ws/src/install/publisher_cpp/share/publisher_cpp/environment/path.dsv\n'}
[0.558178] (publisher_cpp) StdoutLine: {'line': b'-- Up-to-date symlink: /home/host/ros_ws/src/install/publisher_cpp/share/publisher_cpp/local_setup.bash\n'}
[0.559642] (publisher_cpp) StdoutLine: {'line': b'-- Up-to-date symlink: /home/host/ros_ws/src/install/publisher_cpp/share/publisher_cpp/local_setup.sh\n'}
[0.560620] (publisher_cpp) StdoutLine: {'line': b'-- Up-to-date symlink: /home/host/ros_ws/src/install/publisher_cpp/share/publisher_cpp/local_setup.zsh\n'}
[0.561090] (publisher_cpp) StdoutLine: {'line': b'-- Up-to-date symlink: /home/host/ros_ws/src/install/publisher_cpp/share/publisher_cpp/local_setup.dsv\n'}
[0.561427] (publisher_cpp) StdoutLine: {'line': b'-- Symlinking: /home/host/ros_ws/src/install/publisher_cpp/share/publisher_cpp/package.dsv\n'}
[0.570905] (tutoria_cpp_publisher) StdoutLine: {'line': b'-- Found ament_cmake: 2.5.6 (/opt/ros/jazzy/share/ament_cmake/cmake)\n'}
[0.592785] (publisher_cpp) StdoutLine: {'line': b'-- Up-to-date symlink: /home/host/ros_ws/src/install/publisher_cpp/share/ament_index/resource_index/packages/publisher_cpp\n'}
[0.593641] (publisher_cpp) StdoutLine: {'line': b'-- Up-to-date symlink: /home/host/ros_ws/src/install/publisher_cpp/share/publisher_cpp/cmake/publisher_cppConfig.cmake\n'}
[0.594242] (publisher_cpp) StdoutLine: {'line': b'-- Up-to-date symlink: /home/host/ros_ws/src/install/publisher_cpp/share/publisher_cpp/cmake/publisher_cppConfig-version.cmake\n'}
[0.594744] (publisher_cpp) StdoutLine: {'line': b'-- Up-to-date symlink: /home/host/ros_ws/src/install/publisher_cpp/share/publisher_cpp/package.xml\n'}
[0.599946] (publisher_cpp) CommandEnded: {'returncode': 0}
[0.601293] (-) TimerEvent: {}
[0.676894] (publisher_cpp) JobEnded: {'identifier': 'publisher_cpp', 'rc': 0}
[0.678764] (subscriber_cpp) StdoutLine: {'line': b'[100%] Built target subscriber_node\n'}
[0.701518] (-) TimerEvent: {}
[0.718946] (subscriber_cpp) CommandEnded: {'returncode': 0}
[0.722916] (subscriber_cpp) JobProgress: {'identifier': 'subscriber_cpp', 'progress': 'install'}
[0.723757] (subscriber_cpp) Command: {'cmd': ['/usr/bin/cmake', '--install', '/home/host/ros_ws/src/build/subscriber_cpp'], 'cwd': '/home/host/ros_ws/src/build/subscriber_cpp', 'env': OrderedDict({'GZ_SIM_RESOURCE_PATH': '/opt/ros/jazzy/share', 'GZ_CONFIG_PATH': '/opt/ros/jazzy/opt/gz_sim_vendor/share/gz:/opt/ros/jazzy/opt/sdformat_vendor/share/gz:/opt/ros/jazzy/opt/gz_gui_vendor/share/gz:/opt/ros/jazzy/opt/gz_transport_vendor/share/gz:/opt/ros/jazzy/opt/gz_rendering_vendor/share/gz:/opt/ros/jazzy/opt/gz_plugin_vendor/share/gz:/opt/ros/jazzy/opt/gz_fuel_tools_vendor/share/gz:/opt/ros/jazzy/opt/gz_msgs_vendor/share/gz:/opt/ros/jazzy/opt/gz_common_vendor/share/gz', 'HOSTNAME': 'laptop-linux-nardiber', 'SHLVL': '1', 'LD_LIBRARY_PATH': '/opt/ros/jazzy/opt/gz_sim_vendor/lib:/opt/ros/jazzy/opt/gz_sensors_vendor/lib:/opt/ros/jazzy/opt/gz_physics_vendor/lib:/opt/ros/jazzy/opt/sdformat_vendor/lib:/opt/ros/jazzy/opt/rviz_ogre_vendor/lib:/opt/ros/jazzy/lib/x86_64-linux-gnu:/opt/ros/jazzy/opt/gz_gui_vendor/lib:/opt/ros/jazzy/opt/gz_transport_vendor/lib:/opt/ros/jazzy/opt/gz_rendering_vendor/lib:/opt/ros/jazzy/opt/gz_plugin_vendor/lib:/opt/ros/jazzy/opt/gz_fuel_tools_vendor/lib:/opt/ros/jazzy/opt/gz_msgs_vendor/lib:/opt/ros/jazzy/opt/gz_common_vendor/lib:/opt/ros/jazzy/opt/gz_math_vendor/lib:/opt/ros/jazzy/opt/gz_utils_vendor/lib:/opt/ros/jazzy/opt/gz_tools_vendor/lib:/opt/ros/jazzy/opt/gz_ogre_next_vendor/lib:/opt/ros/jazzy/opt/gz_dartsim_vendor/lib:/opt/ros/jazzy/opt/gz_cmake_vendor/lib:/opt/ros/jazzy/lib', 'HOME': '/home/host', 'OLDPWD': '/home/host/ros_ws', 'ROS_PYTHON_VERSION': '3', 'PS1': '(ROS_ID=$ROS_DOMAIN_ID) \\u@\\h:\\w$', 'COLCON_PREFIX_PATH': '/home/host/ros_ws/src/install:/home/host/ros_ws/install', 'ROS_DISTRO': 'jazzy', '_': '/usr/bin/colcon', 'ROS_VERSION': '2', 'TERM': 'xterm', 'QT_X11_NO_MITSHM': '1', 'PATH': '/opt/ros/jazzy/opt/gz_msgs_vendor/bin:/opt/ros/jazzy/opt/gz_tools_vendor/bin:/opt/ros/jazzy/opt/gz_ogre_next_vendor/bin:/opt/ros/jazzy/bin:/usr/local/sbin:/usr/local/bin:/usr/sbin:/usr/bin:/sbin:/bin', 'DISPLAY': ':0', 'LANG': 'C.UTF-8', 'ROS_DOMAIN_ID': '0', 'AMENT_PREFIX_PATH': '/home/host/ros_ws/src/install/subscriber_cpp:/home/host/ros_ws/src/install/python_nodes:/home/host/ros_ws/src/install/publisher_cpp:/home/host/ros_ws/install/subscriber_cpp:/home/host/ros_ws/install/publisher_cpp:/home/host/ros_ws/install/python_nodes:/opt/ros/jazzy', 'DEBIAN_FRONTEND': 'noninteractive', 'ROS_AUTOMATIC_DISCOVERY_RANGE': 'SUBNET', 'PWD': '/home/host/ros_ws/src/build/subscriber_cpp', 'LC_ALL': 'C.UTF-8', 'PYTHONPATH': '/home/host/ros_ws/src/build/python_nodes:/home/host/ros_ws/src/install/python_nodes/lib/python3.12/site-packages:/home/host/ros_ws/build/python_nodes:/home/host/ros_ws/install/python_nodes/lib/python3.12/site-packages:/opt/ros/jazzy/lib/python3.12/site-packages', 'COLCON': '1', 'CMAKE_PREFIX_PATH': '/home/host/ros_ws/src/install/subscriber_cpp:/home/host/ros_ws/src/install/publisher_cpp:/home/host/ros_ws/install/subscriber_cpp:/home/host/ros_ws/install/publisher_cpp:/opt/ros/jazzy/opt/gz_sim_vendor:/opt/ros/jazzy/opt/gz_sensors_vendor:/opt/ros/jazzy/opt/gz_physics_vendor:/opt/ros/jazzy/opt/sdformat_vendor:/opt/ros/jazzy/opt/gz_gui_vendor:/opt/ros/jazzy/opt/gz_transport_vendor:/opt/ros/jazzy/opt/gz_rendering_vendor:/opt/ros/jazzy/opt/gz_plugin_vendor:/opt/ros/jazzy/opt/gz_fuel_tools_vendor:/opt/ros/jazzy/opt/gz_msgs_vendor:/opt/ros/jazzy/opt/gz_common_vendor:/opt/ros/jazzy/opt/gz_math_vendor:/opt/ros/jazzy/opt/gz_utils_vendor:/opt/ros/jazzy/opt/gz_tools_vendor:/opt/ros/jazzy/opt/gz_ogre_next_vendor:/opt/ros/jazzy/opt/gz_dartsim_vendor:/opt/ros/jazzy/opt/gz_cmake_vendor:/home/host/ros_ws/src/install/python_nodes:/home/host/ros_ws/install/python_nodes:/opt/ros/jazzy'}), 'shell': False}
[0.749941] (subscriber_cpp) StdoutLine: {'line': b'-- Install configuration: ""\n'}
[0.751845] (subscriber_cpp) StdoutLine: {'line': b'-- Execute custom install script\n'}
[0.752855] (subscriber_cpp) StdoutLine: {'line': b'-- Up-to-date symlink: /home/host/ros_ws/src/install/subscriber_cpp/lib/subscriber_cpp/subscriber_node\n'}
[0.753951] (subscriber_cpp) StdoutLine: {'line': b'-- Up-to-date symlink: /home/host/ros_ws/src/install/subscriber_cpp/share/ament_index/resource_index/package_run_dependencies/subscriber_cpp\n'}
[0.754417] (subscriber_cpp) StdoutLine: {'line': b'-- Up-to-date symlink: /home/host/ros_ws/src/install/subscriber_cpp/share/ament_index/resource_index/parent_prefix_path/subscriber_cpp\n'}
[0.754994] (subscriber_cpp) StdoutLine: {'line': b'-- Up-to-date symlink: /home/host/ros_ws/src/install/subscriber_cpp/share/subscriber_cpp/environment/ament_prefix_path.sh\n'}
[0.755789] (subscriber_cpp) StdoutLine: {'line': b'-- Up-to-date symlink: /home/host/ros_ws/src/install/subscriber_cpp/share/subscriber_cpp/environment/ament_prefix_path.dsv\n'}
[0.756675] (subscriber_cpp) StdoutLine: {'line': b'-- Up-to-date symlink: /home/host/ros_ws/src/install/subscriber_cpp/share/subscriber_cpp/environment/path.sh\n'}
[0.757180] (subscriber_cpp) StdoutLine: {'line': b'-- Up-to-date symlink: /home/host/ros_ws/src/install/subscriber_cpp/share/subscriber_cpp/environment/path.dsv\n'}
[0.757909] (subscriber_cpp) StdoutLine: {'line': b'-- Up-to-date symlink: /home/host/ros_ws/src/install/subscriber_cpp/share/subscriber_cpp/local_setup.bash\n'}
[0.758580] (subscriber_cpp) StdoutLine: {'line': b'-- Up-to-date symlink: /home/host/ros_ws/src/install/subscriber_cpp/share/subscriber_cpp/local_setup.sh\n'}
[0.758903] (subscriber_cpp) StdoutLine: {'line': b'-- Up-to-date symlink: /home/host/ros_ws/src/install/subscriber_cpp/share/subscriber_cpp/local_setup.zsh\n'}
[0.759186] (subscriber_cpp) StdoutLine: {'line': b'-- Up-to-date symlink: /home/host/ros_ws/src/install/subscriber_cpp/share/subscriber_cpp/local_setup.dsv\n'}
[0.759479] (subscriber_cpp) StdoutLine: {'line': b'-- Symlinking: /home/host/ros_ws/src/install/subscriber_cpp/share/subscriber_cpp/package.dsv\n'}
[0.781964] (subscriber_cpp) StdoutLine: {'line': b'-- Up-to-date symlink: /home/host/ros_ws/src/install/subscriber_cpp/share/ament_index/resource_index/packages/subscriber_cpp\n'}
[0.783050] (subscriber_cpp) StdoutLine: {'line': b'-- Up-to-date symlink: /home/host/ros_ws/src/install/subscriber_cpp/share/subscriber_cpp/cmake/subscriber_cppConfig.cmake\n'}
[0.783376] (subscriber_cpp) StdoutLine: {'line': b'-- Up-to-date symlink: /home/host/ros_ws/src/install/subscriber_cpp/share/subscriber_cpp/cmake/subscriber_cppConfig-version.cmake\n'}
[0.783593] (subscriber_cpp) StdoutLine: {'line': b'-- Up-to-date symlink: /home/host/ros_ws/src/install/subscriber_cpp/share/subscriber_cpp/package.xml\n'}
[0.787917] (subscriber_cpp) CommandEnded: {'returncode': 0}
[0.801656] (-) TimerEvent: {}
[0.837609] (subscriber_cpp) JobEnded: {'identifier': 'subscriber_cpp', 'rc': 0}
[0.901797] (-) TimerEvent: {}
[1.002275] (-) TimerEvent: {}
[1.102794] (-) TimerEvent: {}
[1.195569] (tutoria_cpp_publisher) StdoutLine: {'line': b'-- Override CMake install command with custom implementation using symlinks instead of copying resources\n'}
[1.203062] (-) TimerEvent: {}
[1.211258] (tutoria_cpp_publisher) StdoutLine: {'line': b'-- Found std_msgs: 5.3.8 (/opt/ros/jazzy/share/std_msgs/cmake)\n'}
[1.265497] (tutoria_cpp_publisher) StdoutLine: {'line': b'-- Found rosidl_generator_c: 4.6.9 (/opt/ros/jazzy/share/rosidl_generator_c/cmake)\n'}
[1.283018] (tutoria_cpp_publisher) StdoutLine: {'line': b'-- Found rosidl_generator_cpp: 4.6.9 (/opt/ros/jazzy/share/rosidl_generator_cpp/cmake)\n'}
[1.303279] (-) TimerEvent: {}
[1.305024] (tutoria_cpp_publisher) StdoutLine: {'line': b'-- Using all available rosidl_typesupport_c: rosidl_typesupport_fastrtps_c;rosidl_typesupport_introspection_c\n'}
[1.334550] (tutoria_cpp_publisher) StdoutLine: {'line': b'-- Using all available rosidl_typesupport_cpp: rosidl_typesupport_fastrtps_cpp;rosidl_typesupport_introspection_cpp\n'}
[1.385761] (tutoria_cpp_publisher) StdoutLine: {'line': b'-- Found rclcpp: 28.1.21 (/opt/ros/jazzy/share/rclcpp/cmake)\n'}
[1.403393] (-) TimerEvent: {}
[1.491646] (tutoria_cpp_publisher) StdoutLine: {'line': b'-- Found rmw_implementation_cmake: 7.3.3 (/opt/ros/jazzy/share/rmw_implementation_cmake/cmake)\n'}
[1.494636] (tutoria_cpp_publisher) StdoutLine: {'line': b'-- Found rmw_fastrtps_cpp: 8.4.4 (/opt/ros/jazzy/share/rmw_fastrtps_cpp/cmake)\n'}
[1.503523] (-) TimerEvent: {}
[1.603978] (-) TimerEvent: {}
[1.666467] (tutoria_cpp_publisher) StdoutLine: {'line': b"-- Using RMW implementation 'rmw_fastrtps_cpp' as default\n"}
[1.704167] (-) TimerEvent: {}
[1.804771] (-) TimerEvent: {}
[1.878103] (tutoria_cpp_publisher) StdoutLine: {'line': b'-- Found ament_lint_auto: 0.17.5 (/opt/ros/jazzy/share/ament_lint_auto/cmake)\n'}
[1.904950] (-) TimerEvent: {}
[2.005430] (-) TimerEvent: {}
[2.106035] (-) TimerEvent: {}
[2.206561] (-) TimerEvent: {}
[2.214284] (tutoria_cpp_publisher) StdoutLine: {'line': b"-- Added test 'cppcheck' to perform static code analysis on C / C++ code\n"}
[2.214989] (tutoria_cpp_publisher) StdoutLine: {'line': b'-- Configured cppcheck include dirs: \n'}
[2.215295] (tutoria_cpp_publisher) StdoutLine: {'line': b'-- Configured cppcheck exclude dirs and/or files: \n'}
[2.218656] (tutoria_cpp_publisher) StdoutLine: {'line': b"-- Added test 'lint_cmake' to check CMake code style\n"}
[2.223277] (tutoria_cpp_publisher) StdoutLine: {'line': b"-- Added test 'uncrustify' to check C / C++ code style\n"}
[2.223757] (tutoria_cpp_publisher) StdoutLine: {'line': b'-- Configured uncrustify additional arguments: \n'}
[2.226595] (tutoria_cpp_publisher) StdoutLine: {'line': b"-- Added test 'xmllint' to check XML markup files\n"}
[2.233939] (tutoria_cpp_publisher) StdoutLine: {'line': b'-- Configuring done (1.7s)\n'}
[2.254822] (tutoria_cpp_publisher) StdoutLine: {'line': b'-- Generating done (0.0s)\n'}
[2.262071] (tutoria_cpp_publisher) StdoutLine: {'line': b'-- Build files have been written to: /home/host/ros_ws/src/build/tutoria_cpp_publisher\n'}
[2.277553] (tutoria_cpp_publisher) CommandEnded: {'returncode': 0}
[2.279028] (tutoria_cpp_publisher) JobProgress: {'identifier': 'tutoria_cpp_publisher', 'progress': 'build'}
[2.280531] (tutoria_cpp_publisher) Command: {'cmd': ['/usr/bin/cmake', '--build', '/home/host/ros_ws/src/build/tutoria_cpp_publisher', '--', '-j12', '-l12'], 'cwd': '/home/host/ros_ws/src/build/tutoria_cpp_publisher', 'env': OrderedDict({'GZ_SIM_RESOURCE_PATH': '/opt/ros/jazzy/share', 'GZ_CONFIG_PATH': '/opt/ros/jazzy/opt/gz_sim_vendor/share/gz:/opt/ros/jazzy/opt/sdformat_vendor/share/gz:/opt/ros/jazzy/opt/gz_gui_vendor/share/gz:/opt/ros/jazzy/opt/gz_transport_vendor/share/gz:/opt/ros/jazzy/opt/gz_rendering_vendor/share/gz:/opt/ros/jazzy/opt/gz_plugin_vendor/share/gz:/opt/ros/jazzy/opt/gz_fuel_tools_vendor/share/gz:/opt/ros/jazzy/opt/gz_msgs_vendor/share/gz:/opt/ros/jazzy/opt/gz_common_vendor/share/gz', 'HOSTNAME': 'laptop-linux-nardiber', 'SHLVL': '1', 'LD_LIBRARY_PATH': '/opt/ros/jazzy/opt/gz_sim_vendor/lib:/opt/ros/jazzy/opt/gz_sensors_vendor/lib:/opt/ros/jazzy/opt/gz_physics_vendor/lib:/opt/ros/jazzy/opt/sdformat_vendor/lib:/opt/ros/jazzy/opt/rviz_ogre_vendor/lib:/opt/ros/jazzy/lib/x86_64-linux-gnu:/opt/ros/jazzy/opt/gz_gui_vendor/lib:/opt/ros/jazzy/opt/gz_transport_vendor/lib:/opt/ros/jazzy/opt/gz_rendering_vendor/lib:/opt/ros/jazzy/opt/gz_plugin_vendor/lib:/opt/ros/jazzy/opt/gz_fuel_tools_vendor/lib:/opt/ros/jazzy/opt/gz_msgs_vendor/lib:/opt/ros/jazzy/opt/gz_common_vendor/lib:/opt/ros/jazzy/opt/gz_math_vendor/lib:/opt/ros/jazzy/opt/gz_utils_vendor/lib:/opt/ros/jazzy/opt/gz_tools_vendor/lib:/opt/ros/jazzy/opt/gz_ogre_next_vendor/lib:/opt/ros/jazzy/opt/gz_dartsim_vendor/lib:/opt/ros/jazzy/opt/gz_cmake_vendor/lib:/opt/ros/jazzy/lib', 'HOME': '/home/host', 'OLDPWD': '/home/host/ros_ws', 'ROS_PYTHON_VERSION': '3', 'PS1': '(ROS_ID=$ROS_DOMAIN_ID) \\u@\\h:\\w$', 'COLCON_PREFIX_PATH': '/home/host/ros_ws/src/install:/home/host/ros_ws/install', 'ROS_DISTRO': 'jazzy', '_': '/usr/bin/colcon', 'ROS_VERSION': '2', 'TERM': 'xterm', 'QT_X11_NO_MITSHM': '1', 'PATH': '/opt/ros/jazzy/opt/gz_msgs_vendor/bin:/opt/ros/jazzy/opt/gz_tools_vendor/bin:/opt/ros/jazzy/opt/gz_ogre_next_vendor/bin:/opt/ros/jazzy/bin:/usr/local/sbin:/usr/local/bin:/usr/sbin:/usr/bin:/sbin:/bin', 'DISPLAY': ':0', 'LANG': 'C.UTF-8', 'ROS_DOMAIN_ID': '0', 'AMENT_PREFIX_PATH': '/home/host/ros_ws/src/install/subscriber_cpp:/home/host/ros_ws/src/install/python_nodes:/home/host/ros_ws/src/install/publisher_cpp:/home/host/ros_ws/install/subscriber_cpp:/home/host/ros_ws/install/publisher_cpp:/home/host/ros_ws/install/python_nodes:/opt/ros/jazzy', 'DEBIAN_FRONTEND': 'noninteractive', 'ROS_AUTOMATIC_DISCOVERY_RANGE': 'SUBNET', 'PWD': '/home/host/ros_ws/src/build/tutoria_cpp_publisher', 'LC_ALL': 'C.UTF-8', 'PYTHONPATH': '/home/host/ros_ws/src/build/python_nodes:/home/host/ros_ws/src/install/python_nodes/lib/python3.12/site-packages:/home/host/ros_ws/build/python_nodes:/home/host/ros_ws/install/python_nodes/lib/python3.12/site-packages:/opt/ros/jazzy/lib/python3.12/site-packages', 'COLCON': '1', 'CMAKE_PREFIX_PATH': '/home/host/ros_ws/src/install/subscriber_cpp:/home/host/ros_ws/src/install/publisher_cpp:/home/host/ros_ws/install/subscriber_cpp:/home/host/ros_ws/install/publisher_cpp:/opt/ros/jazzy/opt/gz_sim_vendor:/opt/ros/jazzy/opt/gz_sensors_vendor:/opt/ros/jazzy/opt/gz_physics_vendor:/opt/ros/jazzy/opt/sdformat_vendor:/opt/ros/jazzy/opt/gz_gui_vendor:/opt/ros/jazzy/opt/gz_transport_vendor:/opt/ros/jazzy/opt/gz_rendering_vendor:/opt/ros/jazzy/opt/gz_plugin_vendor:/opt/ros/jazzy/opt/gz_fuel_tools_vendor:/opt/ros/jazzy/opt/gz_msgs_vendor:/opt/ros/jazzy/opt/gz_common_vendor:/opt/ros/jazzy/opt/gz_math_vendor:/opt/ros/jazzy/opt/gz_utils_vendor:/opt/ros/jazzy/opt/gz_tools_vendor:/opt/ros/jazzy/opt/gz_ogre_next_vendor:/opt/ros/jazzy/opt/gz_dartsim_vendor:/opt/ros/jazzy/opt/gz_cmake_vendor:/home/host/ros_ws/src/install/python_nodes:/home/host/ros_ws/install/python_nodes:/opt/ros/jazzy'}), 'shell': False}
[2.306748] (-) TimerEvent: {}
[2.401031] (tutoria_cpp_publisher) StdoutLine: {'line': b'[ 50%] \x1b[32mBuilding CXX object CMakeFiles/publisher_node_area.dir/src/publisher_node_area.cpp.o\x1b[0m\n'}
[2.406877] (-) TimerEvent: {}
[2.507372] (-) TimerEvent: {}
[2.607869] (-) TimerEvent: {}
[2.708314] (-) TimerEvent: {}
[2.808782] (-) TimerEvent: {}
[2.892070] (python_nodes) Command: {'cmd': ['/usr/bin/python3', '-W', 'ignore:setup.py install is deprecated', '-W', 'ignore:easy_install command is deprecated', 'setup.py', 'develop', '--editable', '--build-directory', '/home/host/ros_ws/src/build/python_nodes/build', '--no-deps', 'symlink_data'], 'cwd': '/home/host/ros_ws/src/build/python_nodes', 'env': {'GZ_SIM_RESOURCE_PATH': '/opt/ros/jazzy/share', 'GZ_CONFIG_PATH': '/opt/ros/jazzy/opt/gz_sim_vendor/share/gz:/opt/ros/jazzy/opt/sdformat_vendor/share/gz:/opt/ros/jazzy/opt/gz_gui_vendor/share/gz:/opt/ros/jazzy/opt/gz_transport_vendor/share/gz:/opt/ros/jazzy/opt/gz_rendering_vendor/share/gz:/opt/ros/jazzy/opt/gz_plugin_vendor/share/gz:/opt/ros/jazzy/opt/gz_fuel_tools_vendor/share/gz:/opt/ros/jazzy/opt/gz_msgs_vendor/share/gz:/opt/ros/jazzy/opt/gz_common_vendor/share/gz', 'HOSTNAME': 'laptop-linux-nardiber', 'SHLVL': '1', 'LD_LIBRARY_PATH': '/opt/ros/jazzy/opt/gz_sim_vendor/lib:/opt/ros/jazzy/opt/gz_sensors_vendor/lib:/opt/ros/jazzy/opt/gz_physics_vendor/lib:/opt/ros/jazzy/opt/sdformat_vendor/lib:/opt/ros/jazzy/opt/rviz_ogre_vendor/lib:/opt/ros/jazzy/lib/x86_64-linux-gnu:/opt/ros/jazzy/opt/gz_gui_vendor/lib:/opt/ros/jazzy/opt/gz_transport_vendor/lib:/opt/ros/jazzy/opt/gz_rendering_vendor/lib:/opt/ros/jazzy/opt/gz_plugin_vendor/lib:/opt/ros/jazzy/opt/gz_fuel_tools_vendor/lib:/opt/ros/jazzy/opt/gz_msgs_vendor/lib:/opt/ros/jazzy/opt/gz_common_vendor/lib:/opt/ros/jazzy/opt/gz_math_vendor/lib:/opt/ros/jazzy/opt/gz_utils_vendor/lib:/opt/ros/jazzy/opt/gz_tools_vendor/lib:/opt/ros/jazzy/opt/gz_ogre_next_vendor/lib:/opt/ros/jazzy/opt/gz_dartsim_vendor/lib:/opt/ros/jazzy/opt/gz_cmake_vendor/lib:/opt/ros/jazzy/lib', 'HOME': '/home/host', 'OLDPWD': '/home/host/ros_ws', 'ROS_PYTHON_VERSION': '3', 'PS1': '(ROS_ID=$ROS_DOMAIN_ID) \\u@\\h:\\w$', 'COLCON_PREFIX_PATH': '/home/host/ros_ws/src/install:/home/host/ros_ws/install', 'ROS_DISTRO': 'jazzy', '_': '/usr/bin/colcon', 'ROS_VERSION': '2', 'TERM': 'xterm', 'QT_X11_NO_MITSHM': '1', 'PATH': '/opt/ros/jazzy/opt/gz_msgs_vendor/bin:/opt/ros/jazzy/opt/gz_tools_vendor/bin:/opt/ros/jazzy/opt/gz_ogre_next_vendor/bin:/opt/ros/jazzy/bin:/usr/local/sbin:/usr/local/bin:/usr/sbin:/usr/bin:/sbin:/bin', 'DISPLAY': ':0', 'LANG': 'C.UTF-8', 'ROS_DOMAIN_ID': '0', 'AMENT_PREFIX_PATH': '/home/host/ros_ws/src/install/subscriber_cpp:/home/host/ros_ws/src/install/python_nodes:/home/host/ros_ws/src/install/publisher_cpp:/home/host/ros_ws/install/subscriber_cpp:/home/host/ros_ws/install/publisher_cpp:/home/host/ros_ws/install/python_nodes:/opt/ros/jazzy', 'DEBIAN_FRONTEND': 'noninteractive', 'ROS_AUTOMATIC_DISCOVERY_RANGE': 'SUBNET', 'PWD': '/home/host/ros_ws/src/build/python_nodes', 'LC_ALL': 'C.UTF-8', 'PYTHONPATH': '/home/host/ros_ws/src/build/python_nodes/prefix_override:/usr/lib/python3/dist-packages/colcon_core/task/python/colcon_distutils_commands:/home/host/ros_ws/src/install/python_nodes/lib/python3.12/site-packages:/home/host/ros_ws/src/build/python_nodes:/home/host/ros_ws/src/install/python_nodes/lib/python3.12/site-packages:/home/host/ros_ws/build/python_nodes:/home/host/ros_ws/install/python_nodes/lib/python3.12/site-packages:/opt/ros/jazzy/lib/python3.12/site-packages', 'COLCON': '1', 'CMAKE_PREFIX_PATH': '/home/host/ros_ws/src/install/subscriber_cpp:/home/host/ros_ws/src/install/publisher_cpp:/home/host/ros_ws/install/subscriber_cpp:/home/host/ros_ws/install/publisher_cpp:/opt/ros/jazzy/opt/gz_sim_vendor:/opt/ros/jazzy/opt/gz_sensors_vendor:/opt/ros/jazzy/opt/gz_physics_vendor:/opt/ros/jazzy/opt/sdformat_vendor:/opt/ros/jazzy/opt/gz_gui_vendor:/opt/ros/jazzy/opt/gz_transport_vendor:/opt/ros/jazzy/opt/gz_rendering_vendor:/opt/ros/jazzy/opt/gz_plugin_vendor:/opt/ros/jazzy/opt/gz_fuel_tools_vendor:/opt/ros/jazzy/opt/gz_msgs_vendor:/opt/ros/jazzy/opt/gz_common_vendor:/opt/ros/jazzy/opt/gz_math_vendor:/opt/ros/jazzy/opt/gz_utils_vendor:/opt/ros/jazzy/opt/gz_tools_vendor:/opt/ros/jazzy/opt/gz_ogre_next_vendor:/opt/ros/jazzy/opt/gz_dartsim_vendor:/opt/ros/jazzy/opt/gz_cmake_vendor'}, 'shell': False}
[2.908938] (-) TimerEvent: {}
[3.009518] (-) TimerEvent: {}
[3.110117] (-) TimerEvent: {}
[3.210708] (-) TimerEvent: {}
[3.311294] (-) TimerEvent: {}
[3.411780] (-) TimerEvent: {}
[3.512267] (-) TimerEvent: {}
[3.534914] (python_nodes) StdoutLine: {'line': b'running develop\n'}
[3.612414] (-) TimerEvent: {}
[3.712918] (-) TimerEvent: {}
[3.812958] (python_nodes) StdoutLine: {'line': b'running egg_info\n'}
[3.813360] (-) TimerEvent: {}
[3.842427] (python_nodes) StdoutLine: {'line': b'writing python_nodes.egg-info/PKG-INFO\n'}
[3.843020] (python_nodes) StdoutLine: {'line': b'writing dependency_links to python_nodes.egg-info/dependency_links.txt\n'}
[3.843389] (python_nodes) StdoutLine: {'line': b'writing entry points to python_nodes.egg-info/entry_points.txt\n'}
[3.843722] (python_nodes) StdoutLine: {'line': b'writing requirements to python_nodes.egg-info/requires.txt\n'}
[3.844039] (python_nodes) StdoutLine: {'line': b'writing top-level names to python_nodes.egg-info/top_level.txt\n'}
[3.896548] (python_nodes) StdoutLine: {'line': b"reading manifest file 'python_nodes.egg-info/SOURCES.txt'\n"}
[3.898389] (python_nodes) StdoutLine: {'line': b"writing manifest file 'python_nodes.egg-info/SOURCES.txt'\n"}
[3.913577] (-) TimerEvent: {}
[3.928990] (python_nodes) StdoutLine: {'line': b'running build_ext\n'}
[3.929879] (python_nodes) StdoutLine: {'line': b'Creating /home/host/ros_ws/src/install/python_nodes/lib/python3.12/site-packages/python-nodes.egg-link (link to .)\n'}
[3.931452] (python_nodes) StdoutLine: {'line': b'Installing publisher script to /home/host/ros_ws/src/install/python_nodes/lib/python_nodes\n'}
[3.932234] (python_nodes) StdoutLine: {'line': b'Installing subscriber script to /home/host/ros_ws/src/install/python_nodes/lib/python_nodes\n'}
[3.932901] (python_nodes) StdoutLine: {'line': b'\n'}
[3.933699] (python_nodes) StdoutLine: {'line': b'Installed /home/host/ros_ws/src/build/python_nodes\n'}
[3.933957] (python_nodes) StdoutLine: {'line': b'running symlink_data\n'}
[4.004616] (python_nodes) CommandEnded: {'returncode': 0}
[4.013776] (-) TimerEvent: {}
[4.037453] (python_nodes) JobEnded: {'identifier': 'python_nodes', 'rc': 0}
[4.114000] (-) TimerEvent: {}
[4.214934] (-) TimerEvent: {}
[4.315378] (-) TimerEvent: {}
[4.415872] (-) TimerEvent: {}
[4.516518] (-) TimerEvent: {}
[4.617181] (-) TimerEvent: {}
[4.717727] (-) TimerEvent: {}
[4.818221] (-) TimerEvent: {}
[4.918763] (-) TimerEvent: {}
[5.019386] (-) TimerEvent: {}
[5.119891] (-) TimerEvent: {}
[5.220504] (-) TimerEvent: {}
[5.321033] (-) TimerEvent: {}
[5.421599] (-) TimerEvent: {}
[5.522124] (-) TimerEvent: {}
[5.622891] (-) TimerEvent: {}
[5.723491] (-) TimerEvent: {}
[5.824018] (-) TimerEvent: {}
[5.924589] (-) TimerEvent: {}
[6.025179] (-) TimerEvent: {}
[6.125758] (-) TimerEvent: {}
[6.226337] (-) TimerEvent: {}
[6.326878] (-) TimerEvent: {}
[6.427758] (-) TimerEvent: {}
[6.528370] (-) TimerEvent: {}
[6.628850] (-) TimerEvent: {}
[6.729548] (-) TimerEvent: {}
[6.830141] (-) TimerEvent: {}
[6.930612] (-) TimerEvent: {}
[7.009979] (tutoria_cpp_publisher) StderrLine: {'line': b'\x1b[01m\x1b[K/home/host/ros_ws/src/tutoria_cpp_publisher/src/publisher_node_area.cpp:\x1b[m\x1b[K In member function \xe2\x80\x98\x1b[01m\x1b[Kvoid PublisherNodeArea::\x1b[01;32m\x1b[Kmsg\x1b[m\x1b[K()\x1b[m\x1b[K\xe2\x80\x99:\n'}
[7.010637] (tutoria_cpp_publisher) StderrLine: {'line': b'\x1b[01m\x1b[K/home/host/ros_ws/src/tutoria_cpp_publisher/src/publisher_node_area.cpp:27:28:\x1b[m\x1b[K \x1b[01;35m\x1b[Kwarning: \x1b[m\x1b[Knarrowing conversion of \xe2\x80\x98\x1b[01m\x1b[K(((double)((float)Pi)) * pow(((double)raio), (double)2))\x1b[m\x1b[K\xe2\x80\x99 from \xe2\x80\x98\x1b[01m\x1b[Kdouble\x1b[m\x1b[K\xe2\x80\x99 to \xe2\x80\x98\x1b[01m\x1b[Kfloat\x1b[m\x1b[K\xe2\x80\x99 [\x1b[01;35m\x1b[K-Wnarrowing\x1b[m\x1b[K]\n'}
[7.010896] (tutoria_cpp_publisher) StderrLine: {'line': b'   27 |             float area {\x1b[01;35m\x1b[KPi * pow(raio, 2)\x1b[m\x1b[K};\n'}
[7.011132] (tutoria_cpp_publisher) StderrLine: {'line': b'      |                         \x1b[01;35m\x1b[K~~~^~~~~~~~~~~~~~\x1b[m\x1b[K\n'}
[7.011339] (tutoria_cpp_publisher) StderrLine: {'line': b'In file included from \x1b[01m\x1b[K/opt/ros/jazzy/include/rclcpp/rclcpp/logging.hpp:24\x1b[m\x1b[K,\n'}
[7.011545] (tutoria_cpp_publisher) StderrLine: {'line': b'                 from \x1b[01m\x1b[K/opt/ros/jazzy/include/rclcpp/rclcpp/copy_all_parameter_values.hpp:27\x1b[m\x1b[K,\n'}
[7.011749] (tutoria_cpp_publisher) StderrLine: {'line': b'                 from \x1b[01m\x1b[K/opt/ros/jazzy/include/rclcpp/rclcpp/rclcpp.hpp:175\x1b[m\x1b[K,\n'}
[7.011950] (tutoria_cpp_publisher) StderrLine: {'line': b'                 from \x1b[01m\x1b[K/home/host/ros_ws/src/tutoria_cpp_publisher/src/publisher_node_area.cpp:8\x1b[m\x1b[K:\n'}
[7.012175] (tutoria_cpp_publisher) StderrLine: {'line': b'\x1b[01m\x1b[K/home/host/ros_ws/src/tutoria_cpp_publisher/src/publisher_node_area.cpp:31:71:\x1b[m\x1b[K \x1b[01;31m\x1b[Kerror: \x1b[m\x1b[Kexpression cannot be used as a function\n'}
[7.012375] (tutoria_cpp_publisher) StderrLine: {'line': b'   31 |             RCLCPP_INFO(this->get_logger(), "\xc3\x81rea: \'%f\'", \x1b[01;31m\x1b[Kmessage.data()\x1b[m\x1b[K);\n'}
[7.012562] (tutoria_cpp_publisher) StderrLine: {'line': b'      |                                                           \x1b[01;31m\x1b[K~~~~~~~~~~~~^~\x1b[m\x1b[K\n'}
[7.024355] (tutoria_cpp_publisher) StderrLine: {'line': b'\x1b[01m\x1b[K/home/host/ros_ws/src/tutoria_cpp_publisher/src/publisher_node_area.cpp:\x1b[m\x1b[K In constructor \xe2\x80\x98\x1b[01m\x1b[KPublisherNodeArea::\x1b[01;32m\x1b[KPublisherNodeArea\x1b[m\x1b[K()\x1b[m\x1b[K\xe2\x80\x99:\n'}
[7.025079] (tutoria_cpp_publisher) StderrLine: {'line': b'\x1b[01m\x1b[K/home/host/ros_ws/src/tutoria_cpp_publisher/src/publisher_node_area.cpp:39:97:\x1b[m\x1b[K \x1b[01;31m\x1b[Kerror: \x1b[m\x1b[Kno match for \xe2\x80\x98\x1b[01m\x1b[Koperator=\x1b[m\x1b[K\xe2\x80\x99 (operand types are \xe2\x80\x98\x1b[01m\x1b[Krclcpp::Publisher<std_msgs::msg::Float64_<std::allocator<void> > >::SharedPtr\x1b[m\x1b[K\xe2\x80\x99 {aka \xe2\x80\x98\x1b[01m\x1b[Kstd::shared_ptr<rclcpp::Publisher<std_msgs::msg::Float64_<std::allocator<void> > > >\x1b[m\x1b[K\xe2\x80\x99} and \xe2\x80\x98\x1b[01m\x1b[Kstd::shared_ptr<rclcpp::Publisher<std_msgs::msg::String_<std::allocator<void> >, std::allocator<void> > >\x1b[m\x1b[K\xe2\x80\x99)\n'}
[7.025326] (tutoria_cpp_publisher) StderrLine: {'line': b'   39 |             publisher_ = this->create_publisher<std_msgs::msg::String>("publisher_node_area", 10\x1b[01;31m\x1b[K)\x1b[m\x1b[K; //QoS\n'}
[7.025521] (tutoria_cpp_publisher) StderrLine: {'line': b'      |                                                                                                 \x1b[01;31m\x1b[K^\x1b[m\x1b[K\n'}
[7.025695] (tutoria_cpp_publisher) StderrLine: {'line': b'In file included from \x1b[01m\x1b[K/usr/include/c++/13/memory:80\x1b[m\x1b[K,\n'}
[7.025866] (tutoria_cpp_publisher) StderrLine: {'line': b'                 from \x1b[01m\x1b[K/home/host/ros_ws/src/tutoria_cpp_publisher/src/publisher_node_area.cpp:2\x1b[m\x1b[K:\n'}
[7.026428] (tutoria_cpp_publisher) StderrLine: {'line': b'\x1b[01m\x1b[K/usr/include/c++/13/bits/shared_ptr.h:418:9:\x1b[m\x1b[K \x1b[01;36m\x1b[Knote: \x1b[m\x1b[Kcandidate: \xe2\x80\x98\x1b[01m\x1b[Ktemplate<class _Yp> std::shared_ptr<_Tp>::_Assignable<const std::shared_ptr<_Yp>&> std::shared_ptr<_Tp>::\x1b[01;32m\x1b[Koperator=\x1b[m\x1b[K(const std::shared_ptr<_Yp>&) \x1b[35m\x1b[K[with _Tp = rclcpp::Publisher<std_msgs::msg::Float64_<std::allocator<void> > >]\x1b[m\x1b[K\x1b[m\x1b[K\xe2\x80\x99\n'}
[7.026656] (tutoria_cpp_publisher) StderrLine: {'line': b'  418 |         \x1b[01;36m\x1b[Koperator\x1b[m\x1b[K=(const shared_ptr<_Yp>& __r) noexcept\n'}
[7.026832] (tutoria_cpp_publisher) StderrLine: {'line': b'      |         \x1b[01;36m\x1b[K^~~~~~~~\x1b[m\x1b[K\n'}
[7.027052] (tutoria_cpp_publisher) StderrLine: {'line': b'\x1b[01m\x1b[K/usr/include/c++/13/bits/shared_ptr.h:418:9:\x1b[m\x1b[K \x1b[01;36m\x1b[Knote: \x1b[m\x1b[K  template argument deduction/substitution failed:\n'}
[7.027238] (tutoria_cpp_publisher) StderrLine: {'line': b'/usr/include/c++/13/bits/shared_ptr.h: In substitution of \xe2\x80\x98\x1b[01m\x1b[Ktemplate<class _Tp> template<class _Arg> using std::shared_ptr<_Tp>::_Assignable = typename std::enable_if<std::is_assignable<std::__shared_ptr<_Tp>&, _Arg>::value, std::shared_ptr<_Tp>&>::type \x1b[35m\x1b[K[with _Arg = const std::shared_ptr<rclcpp::Publisher<std_msgs::msg::String_<std::allocator<void> >, std::allocator<void> > >&; _Tp = rclcpp::Publisher<std_msgs::msg::Float64_<std::allocator<void> > >]\x1b[m\x1b[K\x1b[m\x1b[K\xe2\x80\x99:\n'}
[7.027420] (tutoria_cpp_publisher) StderrLine: {'line': b'\x1b[01m\x1b[K/usr/include/c++/13/bits/shared_ptr.h:418:2:\x1b[m\x1b[K   required by substitution of \xe2\x80\x98\x1b[01m\x1b[Ktemplate<class _Yp> std::shared_ptr<rclcpp::Publisher<std_msgs::msg::Float64_<std::allocator<void> > > >::_Assignable<const std::shared_ptr<_Tp>&> std::shared_ptr<rclcpp::Publisher<std_msgs::msg::Float64_<std::allocator<void> > > >::\x1b[01;32m\x1b[Koperator=\x1b[m\x1b[K(const std::shared_ptr<_Tp>&) \x1b[35m\x1b[K[with _Yp = rclcpp::Publisher<std_msgs::msg::String_<std::allocator<void> >, std::allocator<void> >]\x1b[m\x1b[K\x1b[m\x1b[K\xe2\x80\x99\n'}
[7.027613] (tutoria_cpp_publisher) StderrLine: {'line': b'\x1b[01m\x1b[K/home/host/ros_ws/src/tutoria_cpp_publisher/src/publisher_node_area.cpp:39:97:\x1b[m\x1b[K   required from here\n'}
[7.027787] (tutoria_cpp_publisher) StderrLine: {'line': b'\x1b[01m\x1b[K/usr/include/c++/13/bits/shared_ptr.h:183:15:\x1b[m\x1b[K \x1b[01;31m\x1b[Kerror: \x1b[m\x1b[Kno type named \xe2\x80\x98\x1b[01m\x1b[Ktype\x1b[m\x1b[K\xe2\x80\x99 in \xe2\x80\x98\x1b[01m\x1b[Kstruct std::enable_if<false, std::shared_ptr<rclcpp::Publisher<std_msgs::msg::Float64_<std::allocator<void> > > >&>\x1b[m\x1b[K\xe2\x80\x99\n'}
[7.027964] (tutoria_cpp_publisher) StderrLine: {'line': b'  183 |         using \x1b[01;31m\x1b[K_Assignable\x1b[m\x1b[K = typename enable_if<\n'}
[7.028147] (tutoria_cpp_publisher) StderrLine: {'line': b'      |               \x1b[01;31m\x1b[K^~~~~~~~~~~\x1b[m\x1b[K\n'}
[7.028322] (tutoria_cpp_publisher) StderrLine: {'line': b'\x1b[01m\x1b[K/usr/include/c++/13/bits/shared_ptr.h:429:9:\x1b[m\x1b[K \x1b[01;36m\x1b[Knote: \x1b[m\x1b[Kcandidate: \xe2\x80\x98\x1b[01m\x1b[Ktemplate<class _Yp> std::shared_ptr<_Tp>::_Assignable<std::auto_ptr<_Up> > std::shared_ptr<_Tp>::\x1b[01;32m\x1b[Koperator=\x1b[m\x1b[K(std::auto_ptr<_Up>&&) \x1b[35m\x1b[K[with _Tp = rclcpp::Publisher<std_msgs::msg::Float64_<std::allocator<void> > >]\x1b[m\x1b[K\x1b[m\x1b[K\xe2\x80\x99\n'}
[7.028525] (tutoria_cpp_publisher) StderrLine: {'line': b'  429 |         \x1b[01;36m\x1b[Koperator\x1b[m\x1b[K=(auto_ptr<_Yp>&& __r)\n'}
[7.028708] (tutoria_cpp_publisher) StderrLine: {'line': b'      |         \x1b[01;36m\x1b[K^~~~~~~~\x1b[m\x1b[K\n'}
[7.028887] (tutoria_cpp_publisher) StderrLine: {'line': b'\x1b[01m\x1b[K/usr/include/c++/13/bits/shared_ptr.h:429:9:\x1b[m\x1b[K \x1b[01;36m\x1b[Knote: \x1b[m\x1b[K  template argument deduction/substitution failed:\n'}
[7.029081] (tutoria_cpp_publisher) StderrLine: {'line': b'\x1b[01m\x1b[K/home/host/ros_ws/src/tutoria_cpp_publisher/src/publisher_node_area.cpp:39:97:\x1b[m\x1b[K \x1b[01;36m\x1b[Knote: \x1b[m\x1b[K  \xe2\x80\x98\x1b[01m\x1b[Kstd::shared_ptr<rclcpp::Publisher<std_msgs::msg::String_<std::allocator<void> >, std::allocator<void> > >\x1b[m\x1b[K\xe2\x80\x99 is not derived from \xe2\x80\x98\x1b[01m\x1b[Kstd::auto_ptr<_Up>\x1b[m\x1b[K\xe2\x80\x99\n'}
[7.029266] (tutoria_cpp_publisher) StderrLine: {'line': b'   39 |             publisher_ = this->create_publisher<std_msgs::msg::String>("publisher_node_area", 10\x1b[01;36m\x1b[K)\x1b[m\x1b[K; //QoS\n'}
[7.029447] (tutoria_cpp_publisher) StderrLine: {'line': b'      |                                                                                                 \x1b[01;36m\x1b[K^\x1b[m\x1b[K\n'}
[7.029629] (tutoria_cpp_publisher) StderrLine: {'line': b'\x1b[01m\x1b[K/usr/include/c++/13/bits/shared_ptr.h:446:9:\x1b[m\x1b[K \x1b[01;36m\x1b[Knote: \x1b[m\x1b[Kcandidate: \xe2\x80\x98\x1b[01m\x1b[Ktemplate<class _Yp> std::shared_ptr<_Tp>::_Assignable<std::shared_ptr<_Yp> > std::shared_ptr<_Tp>::\x1b[01;32m\x1b[Koperator=\x1b[m\x1b[K(std::shared_ptr<_Yp>&&) \x1b[35m\x1b[K[with _Tp = rclcpp::Publisher<std_msgs::msg::Float64_<std::allocator<void> > >]\x1b[m\x1b[K\x1b[m\x1b[K\xe2\x80\x99\n'}
[7.029831] (tutoria_cpp_publisher) StderrLine: {'line': b'  446 |         \x1b[01;36m\x1b[Koperator\x1b[m\x1b[K=(shared_ptr<_Yp>&& __r) noexcept\n'}
[7.030053] (tutoria_cpp_publisher) StderrLine: {'line': b'      |         \x1b[01;36m\x1b[K^~~~~~~~\x1b[m\x1b[K\n'}
[7.030395] (tutoria_cpp_publisher) StderrLine: {'line': b'\x1b[01m\x1b[K/usr/include/c++/13/bits/shared_ptr.h:446:9:\x1b[m\x1b[K \x1b[01;36m\x1b[Knote: \x1b[m\x1b[K  template argument deduction/substitution failed:\n'}
[7.030632] (-) TimerEvent: {}
[7.030877] (tutoria_cpp_publisher) StderrLine: {'line': b'/usr/include/c++/13/bits/shared_ptr.h: In substitution of \xe2\x80\x98\x1b[01m\x1b[Ktemplate<class _Tp> template<class _Arg> using std::shared_ptr<_Tp>::_Assignable = typename std::enable_if<std::is_assignable<std::__shared_ptr<_Tp>&, _Arg>::value, std::shared_ptr<_Tp>&>::type \x1b[35m\x1b[K[with _Arg = std::shared_ptr<rclcpp::Publisher<std_msgs::msg::String_<std::allocator<void> >, std::allocator<void> > >; _Tp = rclcpp::Publisher<std_msgs::msg::Float64_<std::allocator<void> > >]\x1b[m\x1b[K\x1b[m\x1b[K\xe2\x80\x99:\n'}
[7.031171] (tutoria_cpp_publisher) StderrLine: {'line': b'\x1b[01m\x1b[K/usr/include/c++/13/bits/shared_ptr.h:446:2:\x1b[m\x1b[K   required by substitution of \xe2\x80\x98\x1b[01m\x1b[Ktemplate<class _Yp> std::shared_ptr<rclcpp::Publisher<std_msgs::msg::Float64_<std::allocator<void> > > >::_Assignable<std::shared_ptr<_Tp> > std::shared_ptr<rclcpp::Publisher<std_msgs::msg::Float64_<std::allocator<void> > > >::\x1b[01;32m\x1b[Koperator=\x1b[m\x1b[K(std::shared_ptr<_Tp>&&) \x1b[35m\x1b[K[with _Yp = rclcpp::Publisher<std_msgs::msg::String_<std::allocator<void> >, std::allocator<void> >]\x1b[m\x1b[K\x1b[m\x1b[K\xe2\x80\x99\n'}
[7.031408] (tutoria_cpp_publisher) StderrLine: {'line': b'\x1b[01m\x1b[K/home/host/ros_ws/src/tutoria_cpp_publisher/src/publisher_node_area.cpp:39:97:\x1b[m\x1b[K   required from here\n'}
[7.031601] (tutoria_cpp_publisher) StderrLine: {'line': b'\x1b[01m\x1b[K/usr/include/c++/13/bits/shared_ptr.h:183:15:\x1b[m\x1b[K \x1b[01;31m\x1b[Kerror: \x1b[m\x1b[Kno type named \xe2\x80\x98\x1b[01m\x1b[Ktype\x1b[m\x1b[K\xe2\x80\x99 in \xe2\x80\x98\x1b[01m\x1b[Kstruct std::enable_if<false, std::shared_ptr<rclcpp::Publisher<std_msgs::msg::Float64_<std::allocator<void> > > >&>\x1b[m\x1b[K\xe2\x80\x99\n'}
[7.031804] (tutoria_cpp_publisher) StderrLine: {'line': b'  183 |         using \x1b[01;31m\x1b[K_Assignable\x1b[m\x1b[K = typename enable_if<\n'}
[7.031989] (tutoria_cpp_publisher) StderrLine: {'line': b'      |               \x1b[01;31m\x1b[K^~~~~~~~~~~\x1b[m\x1b[K\n'}
[7.032198] (tutoria_cpp_publisher) StderrLine: {'line': b'\x1b[01m\x1b[K/usr/include/c++/13/bits/shared_ptr.h:454:9:\x1b[m\x1b[K \x1b[01;36m\x1b[Knote: \x1b[m\x1b[Kcandidate: \xe2\x80\x98\x1b[01m\x1b[Ktemplate<class _Yp, class _Del> std::shared_ptr<_Tp>::_Assignable<std::unique_ptr<_Up, _Ep> > std::shared_ptr<_Tp>::\x1b[01;32m\x1b[Koperator=\x1b[m\x1b[K(std::unique_ptr<_Up, _Ep>&&) \x1b[35m\x1b[K[with _Del = _Yp; _Tp = rclcpp::Publisher<std_msgs::msg::Float64_<std::allocator<void> > >]\x1b[m\x1b[K\x1b[m\x1b[K\xe2\x80\x99\n'}
[7.032423] (tutoria_cpp_publisher) StderrLine: {'line': b'  454 |         \x1b[01;36m\x1b[Koperator\x1b[m\x1b[K=(unique_ptr<_Yp, _Del>&& __r)\n'}
[7.032630] (tutoria_cpp_publisher) StderrLine: {'line': b'      |         \x1b[01;36m\x1b[K^~~~~~~~\x1b[m\x1b[K\n'}
[7.032851] (tutoria_cpp_publisher) StderrLine: {'line': b'\x1b[01m\x1b[K/usr/include/c++/13/bits/shared_ptr.h:454:9:\x1b[m\x1b[K \x1b[01;36m\x1b[Knote: \x1b[m\x1b[K  template argument deduction/substitution failed:\n'}
[7.033092] (tutoria_cpp_publisher) StderrLine: {'line': b'\x1b[01m\x1b[K/home/host/ros_ws/src/tutoria_cpp_publisher/src/publisher_node_area.cpp:39:97:\x1b[m\x1b[K \x1b[01;36m\x1b[Knote: \x1b[m\x1b[K  \xe2\x80\x98\x1b[01m\x1b[Kstd::shared_ptr<rclcpp::Publisher<std_msgs::msg::String_<std::allocator<void> >, std::allocator<void> > >\x1b[m\x1b[K\xe2\x80\x99 is not derived from \xe2\x80\x98\x1b[01m\x1b[Kstd::unique_ptr<_Tp, _Dp>\x1b[m\x1b[K\xe2\x80\x99\n'}
[7.033324] (tutoria_cpp_publisher) StderrLine: {'line': b'   39 |             publisher_ = this->create_publisher<std_msgs::msg::String>("publisher_node_area", 10\x1b[01;36m\x1b[K)\x1b[m\x1b[K; //QoS\n'}
[7.033552] (tutoria_cpp_publisher) StderrLine: {'line': b'      |                                                                                                 \x1b[01;36m\x1b[K^\x1b[m\x1b[K\n'}
[7.033783] (tutoria_cpp_publisher) StderrLine: {'line': b'\x1b[01m\x1b[K/usr/include/c++/13/bits/shared_ptr.h:414:19:\x1b[m\x1b[K \x1b[01;36m\x1b[Knote: \x1b[m\x1b[Kcandidate: \xe2\x80\x98\x1b[01m\x1b[Kstd::shared_ptr<_Tp>& std::shared_ptr<_Tp>::\x1b[01;32m\x1b[Koperator=\x1b[m\x1b[K(const std::shared_ptr<_Tp>&) \x1b[35m\x1b[K[with _Tp = rclcpp::Publisher<std_msgs::msg::Float64_<std::allocator<void> > >]\x1b[m\x1b[K\x1b[m\x1b[K\xe2\x80\x99\n'}
[7.034058] (tutoria_cpp_publisher) StderrLine: {'line': b'  414 |       shared_ptr& \x1b[01;36m\x1b[Koperator\x1b[m\x1b[K=(const shared_ptr&) noexcept = default;\n'}
[7.034308] (tutoria_cpp_publisher) StderrLine: {'line': b'      |                   \x1b[01;36m\x1b[K^~~~~~~~\x1b[m\x1b[K\n'}
[7.034546] (tutoria_cpp_publisher) StderrLine: {'line': b'\x1b[01m\x1b[K/usr/include/c++/13/bits/shared_ptr.h:414:29:\x1b[m\x1b[K \x1b[01;36m\x1b[Knote: \x1b[m\x1b[K  no known conversion for argument 1 from \xe2\x80\x98\x1b[01m\x1b[Kstd::shared_ptr<rclcpp::Publisher<std_msgs::msg::String_<std::allocator<void> >, std::allocator<void> > >\x1b[m\x1b[K\xe2\x80\x99 to \xe2\x80\x98\x1b[01m\x1b[Kconst std::shared_ptr<rclcpp::Publisher<std_msgs::msg::Float64_<std::allocator<void> > > >&\x1b[m\x1b[K\xe2\x80\x99\n'}
[7.034793] (tutoria_cpp_publisher) StderrLine: {'line': b'  414 |       shared_ptr& operator=(\x1b[01;36m\x1b[Kconst shared_ptr&\x1b[m\x1b[K) noexcept = default;\n'}
[7.035044] (tutoria_cpp_publisher) StderrLine: {'line': b'      |                             \x1b[01;36m\x1b[K^~~~~~~~~~~~~~~~~\x1b[m\x1b[K\n'}
[7.035265] (tutoria_cpp_publisher) StderrLine: {'line': b'\x1b[01m\x1b[K/usr/include/c++/13/bits/shared_ptr.h:438:7:\x1b[m\x1b[K \x1b[01;36m\x1b[Knote: \x1b[m\x1b[Kcandidate: \xe2\x80\x98\x1b[01m\x1b[Kstd::shared_ptr<_Tp>& std::shared_ptr<_Tp>::\x1b[01;32m\x1b[Koperator=\x1b[m\x1b[K(std::shared_ptr<_Tp>&&) \x1b[35m\x1b[K[with _Tp = rclcpp::Publisher<std_msgs::msg::Float64_<std::allocator<void> > >]\x1b[m\x1b[K\x1b[m\x1b[K\xe2\x80\x99\n'}
[7.035484] (tutoria_cpp_publisher) StderrLine: {'line': b'  438 |       \x1b[01;36m\x1b[Koperator\x1b[m\x1b[K=(shared_ptr&& __r) noexcept\n'}
[7.035683] (tutoria_cpp_publisher) StderrLine: {'line': b'      |       \x1b[01;36m\x1b[K^~~~~~~~\x1b[m\x1b[K\n'}
[7.035878] (tutoria_cpp_publisher) StderrLine: {'line': b'\x1b[01m\x1b[K/usr/include/c++/13/bits/shared_ptr.h:438:30:\x1b[m\x1b[K \x1b[01;36m\x1b[Knote: \x1b[m\x1b[K  no known conversion for argument 1 from \xe2\x80\x98\x1b[01m\x1b[Kstd::shared_ptr<rclcpp::Publisher<std_msgs::msg::String_<std::allocator<void> >, std::allocator<void> > >\x1b[m\x1b[K\xe2\x80\x99 to \xe2\x80\x98\x1b[01m\x1b[Kstd::shared_ptr<rclcpp::Publisher<std_msgs::msg::Float64_<std::allocator<void> > > >&&\x1b[m\x1b[K\xe2\x80\x99\n'}
[7.036120] (tutoria_cpp_publisher) StderrLine: {'line': b'  438 |       operator=(\x1b[01;36m\x1b[Kshared_ptr&& __r\x1b[m\x1b[K) noexcept\n'}
[7.036321] (tutoria_cpp_publisher) StderrLine: {'line': b'      |                 \x1b[01;36m\x1b[K~~~~~~~~~~~~~^~~\x1b[m\x1b[K\n'}
[7.130853] (-) TimerEvent: {}
[7.231299] (-) TimerEvent: {}
[7.331860] (-) TimerEvent: {}
[7.432431] (-) TimerEvent: {}
[7.533155] (-) TimerEvent: {}
[7.633962] (-) TimerEvent: {}
[7.734570] (-) TimerEvent: {}
[7.835291] (-) TimerEvent: {}
[7.935827] (-) TimerEvent: {}
[8.036300] (-) TimerEvent: {}
[8.136907] (-) TimerEvent: {}
[8.237330] (-) TimerEvent: {}
[8.337909] (-) TimerEvent: {}
[8.438425] (-) TimerEvent: {}
[8.539219] (-) TimerEvent: {}
[8.639671] (-) TimerEvent: {}
[8.740313] (-) TimerEvent: {}
[8.809228] (tutoria_cpp_publisher) StderrLine: {'line': b'gmake[2]: *** [CMakeFiles/publisher_node_area.dir/build.make:76: CMakeFiles/publisher_node_area.dir/src/publisher_node_area.cpp.o] Error 1\n'}
[8.809756] (tutoria_cpp_publisher) StderrLine: {'line': b'gmake[1]: *** [CMakeFiles/Makefile2:137: CMakeFiles/publisher_node_area.dir/all] Error 2\n'}
[8.810063] (tutoria_cpp_publisher) StderrLine: {'line': b'gmake: *** [Makefile:146: all] Error 2\n'}
[8.813621] (tutoria_cpp_publisher) CommandEnded: {'returncode': 2}
[8.824508] (tutoria_cpp_publisher) JobEnded: {'identifier': 'tutoria_cpp_publisher', 'rc': 2}
[8.835759] (-) EventReactorShutdown: {}
