[0.212s] DEBUG:colcon:Command line arguments: ['/usr/bin/colcon', 'build', '--symlink-install']
[0.212s] DEBUG:colcon:Parsed command line arguments: Namespace(log_base=None, log_level=None, verb_name='build', build_base='build', install_base='install', merge_install=False, symlink_install=True, test_result_base=None, continue_on_error=False, executor='parallel', parallel_workers=12, event_handlers=None, ignore_user_meta=False, metas=['./colcon.meta'], base_paths=['.'], packages_ignore=None, packages_ignore_regex=None, paths=None, packages_up_to=None, packages_up_to_regex=None, packages_above=None, packages_above_and_dependencies=None, packages_above_depth=None, packages_select_by_dep=None, packages_skip_by_dep=None, packages_skip_up_to=None, packages_select_build_failed=False, packages_skip_build_finished=False, packages_select_test_failures=False, packages_skip_test_passed=False, packages_select=None, packages_skip=None, packages_select_regex=None, packages_skip_regex=None, packages_start=None, packages_end=None, cmake_args=None, cmake_target=None, cmake_target_skip_unavailable=False, cmake_clean_cache=False, cmake_clean_first=False, cmake_force_configure=False, ament_cmake_args=None, catkin_cmake_args=None, catkin_skip_building_tests=False, mixin_files=None, mixin=None, verb_parser=<colcon_mixin.mixin.mixin_argument.MixinArgumentDecorator object at 0x72680eaab9b0>, verb_extension=<colcon_core.verb.build.BuildVerb object at 0x72680ec25df0>, main=<bound method BuildVerb.main of <colcon_core.verb.build.BuildVerb object at 0x72680ec25df0>>, mixin_verb=('build',))
[0.271s] Level 1:colcon.colcon_core.package_discovery:discover_packages(colcon_meta) check parameters
[0.271s] Level 1:colcon.colcon_core.package_discovery:discover_packages(recursive) check parameters
[0.271s] Level 1:colcon.colcon_core.package_discovery:discover_packages(ignore) check parameters
[0.271s] Level 1:colcon.colcon_core.package_discovery:discover_packages(path) check parameters
[0.271s] Level 1:colcon.colcon_core.package_discovery:discover_packages(colcon_meta) discover
[0.271s] Level 1:colcon.colcon_core.package_discovery:discover_packages(recursive) discover
[0.271s] INFO:colcon.colcon_core.package_discovery:Crawling recursively for packages in '/home/host/ros_ws/src'
[0.271s] Level 1:colcon.colcon_core.package_identification:_identify(.) by extensions ['ignore', 'ignore_ament_install']
[0.271s] Level 1:colcon.colcon_core.package_identification:_identify(.) by extension 'ignore'
[0.271s] Level 1:colcon.colcon_core.package_identification:_identify(.) by extension 'ignore_ament_install'
[0.272s] Level 1:colcon.colcon_core.package_identification:_identify(.) by extensions ['colcon_pkg']
[0.272s] Level 1:colcon.colcon_core.package_identification:_identify(.) by extension 'colcon_pkg'
[0.272s] Level 1:colcon.colcon_core.package_identification:_identify(.) by extensions ['colcon_meta']
[0.272s] Level 1:colcon.colcon_core.package_identification:_identify(.) by extension 'colcon_meta'
[0.272s] Level 1:colcon.colcon_core.package_identification:_identify(.) by extensions ['ros']
[0.272s] Level 1:colcon.colcon_core.package_identification:_identify(.) by extension 'ros'
[0.310s] Level 1:colcon.colcon_core.package_identification:_identify(.) by extensions ['cmake', 'python']
[0.311s] Level 1:colcon.colcon_core.package_identification:_identify(.) by extension 'cmake'
[0.311s] Level 1:colcon.colcon_core.package_identification:_identify(.) by extension 'python'
[0.311s] Level 1:colcon.colcon_core.package_identification:_identify(.) by extensions ['python_setup_py']
[0.311s] Level 1:colcon.colcon_core.package_identification:_identify(.) by extension 'python_setup_py'
[0.311s] Level 1:colcon.colcon_core.package_identification:_identify(build) by extensions ['ignore', 'ignore_ament_install']
[0.311s] Level 1:colcon.colcon_core.package_identification:_identify(build) by extension 'ignore'
[0.311s] Level 1:colcon.colcon_core.package_identification:_identify(build) ignored
[0.311s] Level 1:colcon.colcon_core.package_identification:_identify(install) by extensions ['ignore', 'ignore_ament_install']
[0.312s] Level 1:colcon.colcon_core.package_identification:_identify(install) by extension 'ignore'
[0.312s] Level 1:colcon.colcon_core.package_identification:_identify(install) ignored
[0.312s] Level 1:colcon.colcon_core.package_identification:_identify(log) by extensions ['ignore', 'ignore_ament_install']
[0.312s] Level 1:colcon.colcon_core.package_identification:_identify(log) by extension 'ignore'
[0.312s] Level 1:colcon.colcon_core.package_identification:_identify(log) ignored
[0.312s] Level 1:colcon.colcon_core.package_identification:_identify(publisher_cpp) by extensions ['ignore', 'ignore_ament_install']
[0.312s] Level 1:colcon.colcon_core.package_identification:_identify(publisher_cpp) by extension 'ignore'
[0.312s] Level 1:colcon.colcon_core.package_identification:_identify(publisher_cpp) by extension 'ignore_ament_install'
[0.312s] Level 1:colcon.colcon_core.package_identification:_identify(publisher_cpp) by extensions ['colcon_pkg']
[0.313s] Level 1:colcon.colcon_core.package_identification:_identify(publisher_cpp) by extension 'colcon_pkg'
[0.313s] Level 1:colcon.colcon_core.package_identification:_identify(publisher_cpp) by extensions ['colcon_meta']
[0.313s] Level 1:colcon.colcon_core.package_identification:_identify(publisher_cpp) by extension 'colcon_meta'
[0.313s] Level 1:colcon.colcon_core.package_identification:_identify(publisher_cpp) by extensions ['ros']
[0.313s] Level 1:colcon.colcon_core.package_identification:_identify(publisher_cpp) by extension 'ros'
[0.318s] DEBUG:colcon.colcon_core.package_identification:Package 'publisher_cpp' with type 'ros.ament_cmake' and name 'publisher_cpp'
[0.318s] Level 1:colcon.colcon_core.package_identification:_identify(python_nodes) by extensions ['ignore', 'ignore_ament_install']
[0.318s] Level 1:colcon.colcon_core.package_identification:_identify(python_nodes) by extension 'ignore'
[0.319s] Level 1:colcon.colcon_core.package_identification:_identify(python_nodes) by extension 'ignore_ament_install'
[0.319s] Level 1:colcon.colcon_core.package_identification:_identify(python_nodes) by extensions ['colcon_pkg']
[0.319s] Level 1:colcon.colcon_core.package_identification:_identify(python_nodes) by extension 'colcon_pkg'
[0.319s] Level 1:colcon.colcon_core.package_identification:_identify(python_nodes) by extensions ['colcon_meta']
[0.319s] Level 1:colcon.colcon_core.package_identification:_identify(python_nodes) by extension 'colcon_meta'
[0.319s] Level 1:colcon.colcon_core.package_identification:_identify(python_nodes) by extensions ['ros']
[0.319s] Level 1:colcon.colcon_core.package_identification:_identify(python_nodes) by extension 'ros'
[0.322s] DEBUG:colcon.colcon_core.package_identification:Package 'python_nodes' with type 'ros.ament_python' and name 'python_nodes'
[0.323s] Level 1:colcon.colcon_core.package_identification:_identify(sub_pasta_de_projeto_1) by extensions ['ignore', 'ignore_ament_install']
[0.323s] Level 1:colcon.colcon_core.package_identification:_identify(sub_pasta_de_projeto_1) by extension 'ignore'
[0.323s] Level 1:colcon.colcon_core.package_identification:_identify(sub_pasta_de_projeto_1) by extension 'ignore_ament_install'
[0.323s] Level 1:colcon.colcon_core.package_identification:_identify(sub_pasta_de_projeto_1) by extensions ['colcon_pkg']
[0.323s] Level 1:colcon.colcon_core.package_identification:_identify(sub_pasta_de_projeto_1) by extension 'colcon_pkg'
[0.323s] Level 1:colcon.colcon_core.package_identification:_identify(sub_pasta_de_projeto_1) by extensions ['colcon_meta']
[0.324s] Level 1:colcon.colcon_core.package_identification:_identify(sub_pasta_de_projeto_1) by extension 'colcon_meta'
[0.324s] Level 1:colcon.colcon_core.package_identification:_identify(sub_pasta_de_projeto_1) by extensions ['ros']
[0.324s] Level 1:colcon.colcon_core.package_identification:_identify(sub_pasta_de_projeto_1) by extension 'ros'
[0.324s] Level 1:colcon.colcon_core.package_identification:_identify(sub_pasta_de_projeto_1) by extensions ['cmake', 'python']
[0.324s] Level 1:colcon.colcon_core.package_identification:_identify(sub_pasta_de_projeto_1) by extension 'cmake'
[0.324s] Level 1:colcon.colcon_core.package_identification:_identify(sub_pasta_de_projeto_1) by extension 'python'
[0.324s] Level 1:colcon.colcon_core.package_identification:_identify(sub_pasta_de_projeto_1) by extensions ['python_setup_py']
[0.324s] Level 1:colcon.colcon_core.package_identification:_identify(sub_pasta_de_projeto_1) by extension 'python_setup_py'
[0.325s] Level 1:colcon.colcon_core.package_identification:_identify(sub_pasta_de_projeto_1/pacote_entrega_1) by extensions ['ignore', 'ignore_ament_install']
[0.325s] Level 1:colcon.colcon_core.package_identification:_identify(sub_pasta_de_projeto_1/pacote_entrega_1) by extension 'ignore'
[0.325s] Level 1:colcon.colcon_core.package_identification:_identify(sub_pasta_de_projeto_1/pacote_entrega_1) by extension 'ignore_ament_install'
[0.325s] Level 1:colcon.colcon_core.package_identification:_identify(sub_pasta_de_projeto_1/pacote_entrega_1) by extensions ['colcon_pkg']
[0.325s] Level 1:colcon.colcon_core.package_identification:_identify(sub_pasta_de_projeto_1/pacote_entrega_1) by extension 'colcon_pkg'
[0.325s] Level 1:colcon.colcon_core.package_identification:_identify(sub_pasta_de_projeto_1/pacote_entrega_1) by extensions ['colcon_meta']
[0.326s] Level 1:colcon.colcon_core.package_identification:_identify(sub_pasta_de_projeto_1/pacote_entrega_1) by extension 'colcon_meta'
[0.326s] Level 1:colcon.colcon_core.package_identification:_identify(sub_pasta_de_projeto_1/pacote_entrega_1) by extensions ['ros']
[0.326s] Level 1:colcon.colcon_core.package_identification:_identify(sub_pasta_de_projeto_1/pacote_entrega_1) by extension 'ros'
[0.326s] Level 1:colcon.colcon_core.package_identification:_identify(sub_pasta_de_projeto_1/pacote_entrega_1) by extensions ['cmake', 'python']
[0.326s] Level 1:colcon.colcon_core.package_identification:_identify(sub_pasta_de_projeto_1/pacote_entrega_1) by extension 'cmake'
[0.326s] Level 1:colcon.colcon_core.package_identification:_identify(sub_pasta_de_projeto_1/pacote_entrega_1) by extension 'python'
[0.327s] Level 1:colcon.colcon_core.package_identification:_identify(sub_pasta_de_projeto_1/pacote_entrega_1) by extensions ['python_setup_py']
[0.327s] Level 1:colcon.colcon_core.package_identification:_identify(sub_pasta_de_projeto_1/pacote_entrega_1) by extension 'python_setup_py'
[0.327s] Level 1:colcon.colcon_core.package_identification:_identify(subscriber_cpp) by extensions ['ignore', 'ignore_ament_install']
[0.327s] Level 1:colcon.colcon_core.package_identification:_identify(subscriber_cpp) by extension 'ignore'
[0.327s] Level 1:colcon.colcon_core.package_identification:_identify(subscriber_cpp) by extension 'ignore_ament_install'
[0.328s] Level 1:colcon.colcon_core.package_identification:_identify(subscriber_cpp) by extensions ['colcon_pkg']
[0.328s] Level 1:colcon.colcon_core.package_identification:_identify(subscriber_cpp) by extension 'colcon_pkg'
[0.328s] Level 1:colcon.colcon_core.package_identification:_identify(subscriber_cpp) by extensions ['colcon_meta']
[0.328s] Level 1:colcon.colcon_core.package_identification:_identify(subscriber_cpp) by extension 'colcon_meta'
[0.328s] Level 1:colcon.colcon_core.package_identification:_identify(subscriber_cpp) by extensions ['ros']
[0.328s] Level 1:colcon.colcon_core.package_identification:_identify(subscriber_cpp) by extension 'ros'
[0.329s] DEBUG:colcon.colcon_core.package_identification:Package 'subscriber_cpp' with type 'ros.ament_cmake' and name 'subscriber_cpp'
[0.330s] Level 1:colcon.colcon_core.package_identification:_identify(tutoria_cpp_publisher) by extensions ['ignore', 'ignore_ament_install']
[0.330s] Level 1:colcon.colcon_core.package_identification:_identify(tutoria_cpp_publisher) by extension 'ignore'
[0.330s] Level 1:colcon.colcon_core.package_identification:_identify(tutoria_cpp_publisher) by extension 'ignore_ament_install'
[0.330s] Level 1:colcon.colcon_core.package_identification:_identify(tutoria_cpp_publisher) by extensions ['colcon_pkg']
[0.330s] Level 1:colcon.colcon_core.package_identification:_identify(tutoria_cpp_publisher) by extension 'colcon_pkg'
[0.330s] Level 1:colcon.colcon_core.package_identification:_identify(tutoria_cpp_publisher) by extensions ['colcon_meta']
[0.330s] Level 1:colcon.colcon_core.package_identification:_identify(tutoria_cpp_publisher) by extension 'colcon_meta'
[0.330s] Level 1:colcon.colcon_core.package_identification:_identify(tutoria_cpp_publisher) by extensions ['ros']
[0.330s] Level 1:colcon.colcon_core.package_identification:_identify(tutoria_cpp_publisher) by extension 'ros'
[0.331s] DEBUG:colcon.colcon_core.package_identification:Package 'tutoria_cpp_publisher' with type 'ros.ament_cmake' and name 'tutoria_cpp_publisher'
[0.332s] Level 1:colcon.colcon_core.package_discovery:discover_packages(recursive) using defaults
[0.332s] Level 1:colcon.colcon_core.package_discovery:discover_packages(ignore) discover
[0.332s] Level 1:colcon.colcon_core.package_discovery:discover_packages(ignore) using defaults
[0.332s] Level 1:colcon.colcon_core.package_discovery:discover_packages(path) discover
[0.332s] Level 1:colcon.colcon_core.package_discovery:discover_packages(path) using defaults
[0.385s] Level 5:colcon.colcon_core.verb:set package 'publisher_cpp' build argument 'cmake_args' from command line to 'None'
[0.386s] Level 5:colcon.colcon_core.verb:set package 'publisher_cpp' build argument 'cmake_target' from command line to 'None'
[0.386s] Level 5:colcon.colcon_core.verb:set package 'publisher_cpp' build argument 'cmake_target_skip_unavailable' from command line to 'False'
[0.386s] Level 5:colcon.colcon_core.verb:set package 'publisher_cpp' build argument 'cmake_clean_cache' from command line to 'False'
[0.386s] Level 5:colcon.colcon_core.verb:set package 'publisher_cpp' build argument 'cmake_clean_first' from command line to 'False'
[0.386s] Level 5:colcon.colcon_core.verb:set package 'publisher_cpp' build argument 'cmake_force_configure' from command line to 'False'
[0.386s] Level 5:colcon.colcon_core.verb:set package 'publisher_cpp' build argument 'ament_cmake_args' from command line to 'None'
[0.386s] Level 5:colcon.colcon_core.verb:set package 'publisher_cpp' build argument 'catkin_cmake_args' from command line to 'None'
[0.386s] Level 5:colcon.colcon_core.verb:set package 'publisher_cpp' build argument 'catkin_skip_building_tests' from command line to 'False'
[0.386s] DEBUG:colcon.colcon_core.verb:Building package 'publisher_cpp' with the following arguments: {'ament_cmake_args': None, 'build_base': '/home/host/ros_ws/src/build/publisher_cpp', 'catkin_cmake_args': None, 'catkin_skip_building_tests': False, 'cmake_args': None, 'cmake_clean_cache': False, 'cmake_clean_first': False, 'cmake_force_configure': False, 'cmake_target': None, 'cmake_target_skip_unavailable': False, 'install_base': '/home/host/ros_ws/src/install/publisher_cpp', 'merge_install': False, 'path': '/home/host/ros_ws/src/publisher_cpp', 'symlink_install': True, 'test_result_base': None}
[0.386s] Level 5:colcon.colcon_core.verb:set package 'python_nodes' build argument 'cmake_args' from command line to 'None'
[0.386s] Level 5:colcon.colcon_core.verb:set package 'python_nodes' build argument 'cmake_target' from command line to 'None'
[0.386s] Level 5:colcon.colcon_core.verb:set package 'python_nodes' build argument 'cmake_target_skip_unavailable' from command line to 'False'
[0.386s] Level 5:colcon.colcon_core.verb:set package 'python_nodes' build argument 'cmake_clean_cache' from command line to 'False'
[0.386s] Level 5:colcon.colcon_core.verb:set package 'python_nodes' build argument 'cmake_clean_first' from command line to 'False'
[0.386s] Level 5:colcon.colcon_core.verb:set package 'python_nodes' build argument 'cmake_force_configure' from command line to 'False'
[0.387s] Level 5:colcon.colcon_core.verb:set package 'python_nodes' build argument 'ament_cmake_args' from command line to 'None'
[0.387s] Level 5:colcon.colcon_core.verb:set package 'python_nodes' build argument 'catkin_cmake_args' from command line to 'None'
[0.387s] Level 5:colcon.colcon_core.verb:set package 'python_nodes' build argument 'catkin_skip_building_tests' from command line to 'False'
[0.387s] DEBUG:colcon.colcon_core.verb:Building package 'python_nodes' with the following arguments: {'ament_cmake_args': None, 'build_base': '/home/host/ros_ws/src/build/python_nodes', 'catkin_cmake_args': None, 'catkin_skip_building_tests': False, 'cmake_args': None, 'cmake_clean_cache': False, 'cmake_clean_first': False, 'cmake_force_configure': False, 'cmake_target': None, 'cmake_target_skip_unavailable': False, 'install_base': '/home/host/ros_ws/src/install/python_nodes', 'merge_install': False, 'path': '/home/host/ros_ws/src/python_nodes', 'symlink_install': True, 'test_result_base': None}
[0.387s] Level 5:colcon.colcon_core.verb:set package 'subscriber_cpp' build argument 'cmake_args' from command line to 'None'
[0.387s] Level 5:colcon.colcon_core.verb:set package 'subscriber_cpp' build argument 'cmake_target' from command line to 'None'
[0.387s] Level 5:colcon.colcon_core.verb:set package 'subscriber_cpp' build argument 'cmake_target_skip_unavailable' from command line to 'False'
[0.387s] Level 5:colcon.colcon_core.verb:set package 'subscriber_cpp' build argument 'cmake_clean_cache' from command line to 'False'
[0.387s] Level 5:colcon.colcon_core.verb:set package 'subscriber_cpp' build argument 'cmake_clean_first' from command line to 'False'
[0.387s] Level 5:colcon.colcon_core.verb:set package 'subscriber_cpp' build argument 'cmake_force_configure' from command line to 'False'
[0.387s] Level 5:colcon.colcon_core.verb:set package 'subscriber_cpp' build argument 'ament_cmake_args' from command line to 'None'
[0.387s] Level 5:colcon.colcon_core.verb:set package 'subscriber_cpp' build argument 'catkin_cmake_args' from command line to 'None'
[0.387s] Level 5:colcon.colcon_core.verb:set package 'subscriber_cpp' build argument 'catkin_skip_building_tests' from command line to 'False'
[0.387s] DEBUG:colcon.colcon_core.verb:Building package 'subscriber_cpp' with the following arguments: {'ament_cmake_args': None, 'build_base': '/home/host/ros_ws/src/build/subscriber_cpp', 'catkin_cmake_args': None, 'catkin_skip_building_tests': False, 'cmake_args': None, 'cmake_clean_cache': False, 'cmake_clean_first': False, 'cmake_force_configure': False, 'cmake_target': None, 'cmake_target_skip_unavailable': False, 'install_base': '/home/host/ros_ws/src/install/subscriber_cpp', 'merge_install': False, 'path': '/home/host/ros_ws/src/subscriber_cpp', 'symlink_install': True, 'test_result_base': None}
[0.388s] Level 5:colcon.colcon_core.verb:set package 'tutoria_cpp_publisher' build argument 'cmake_args' from command line to 'None'
[0.388s] Level 5:colcon.colcon_core.verb:set package 'tutoria_cpp_publisher' build argument 'cmake_target' from command line to 'None'
[0.388s] Level 5:colcon.colcon_core.verb:set package 'tutoria_cpp_publisher' build argument 'cmake_target_skip_unavailable' from command line to 'False'
[0.388s] Level 5:colcon.colcon_core.verb:set package 'tutoria_cpp_publisher' build argument 'cmake_clean_cache' from command line to 'False'
[0.388s] Level 5:colcon.colcon_core.verb:set package 'tutoria_cpp_publisher' build argument 'cmake_clean_first' from command line to 'False'
[0.388s] Level 5:colcon.colcon_core.verb:set package 'tutoria_cpp_publisher' build argument 'cmake_force_configure' from command line to 'False'
[0.388s] Level 5:colcon.colcon_core.verb:set package 'tutoria_cpp_publisher' build argument 'ament_cmake_args' from command line to 'None'
[0.388s] Level 5:colcon.colcon_core.verb:set package 'tutoria_cpp_publisher' build argument 'catkin_cmake_args' from command line to 'None'
[0.388s] Level 5:colcon.colcon_core.verb:set package 'tutoria_cpp_publisher' build argument 'catkin_skip_building_tests' from command line to 'False'
[0.388s] DEBUG:colcon.colcon_core.verb:Building package 'tutoria_cpp_publisher' with the following arguments: {'ament_cmake_args': None, 'build_base': '/home/host/ros_ws/src/build/tutoria_cpp_publisher', 'catkin_cmake_args': None, 'catkin_skip_building_tests': False, 'cmake_args': None, 'cmake_clean_cache': False, 'cmake_clean_first': False, 'cmake_force_configure': False, 'cmake_target': None, 'cmake_target_skip_unavailable': False, 'install_base': '/home/host/ros_ws/src/install/tutoria_cpp_publisher', 'merge_install': False, 'path': '/home/host/ros_ws/src/tutoria_cpp_publisher', 'symlink_install': True, 'test_result_base': None}
[0.388s] INFO:colcon.colcon_core.executor:Executing jobs using 'parallel' executor
[0.390s] DEBUG:colcon.colcon_parallel_executor.executor.parallel:run_until_complete
[0.390s] INFO:colcon.colcon_ros.task.ament_cmake.build:Building ROS package in '/home/host/ros_ws/src/publisher_cpp' with build type 'ament_cmake'
[0.391s] INFO:colcon.colcon_cmake.task.cmake.build:Building CMake package in '/home/host/ros_ws/src/publisher_cpp'
[0.399s] INFO:colcon.colcon_core.plugin_system:Skipping extension 'colcon_core.shell.bat': Not used on non-Windows systems
[0.399s] INFO:colcon.colcon_core.shell:Skip shell extension 'powershell' for command environment: Not usable outside of PowerShell
[0.399s] DEBUG:colcon.colcon_core.shell:Skip shell extension 'dsv' for command environment
[0.419s] INFO:colcon.colcon_ros.task.ament_python.build:Building ROS package in '/home/host/ros_ws/src/python_nodes' with build type 'ament_python'
[0.420s] Level 1:colcon.colcon_core.shell:create_environment_hook('python_nodes', 'ament_prefix_path')
[0.420s] INFO:colcon.colcon_core.shell:Creating environment hook '/home/host/ros_ws/src/install/python_nodes/share/python_nodes/hook/ament_prefix_path.ps1'
[0.422s] INFO:colcon.colcon_core.shell:Creating environment descriptor '/home/host/ros_ws/src/install/python_nodes/share/python_nodes/hook/ament_prefix_path.dsv'
[0.422s] INFO:colcon.colcon_core.shell:Creating environment hook '/home/host/ros_ws/src/install/python_nodes/share/python_nodes/hook/ament_prefix_path.sh'
[0.423s] INFO:colcon.colcon_core.shell:Skip shell extension 'powershell' for command environment: Not usable outside of PowerShell
[0.423s] DEBUG:colcon.colcon_core.shell:Skip shell extension 'dsv' for command environment
[0.431s] INFO:colcon.colcon_ros.task.ament_cmake.build:Building ROS package in '/home/host/ros_ws/src/subscriber_cpp' with build type 'ament_cmake'
[0.431s] INFO:colcon.colcon_cmake.task.cmake.build:Building CMake package in '/home/host/ros_ws/src/subscriber_cpp'
[0.432s] INFO:colcon.colcon_core.shell:Skip shell extension 'powershell' for command environment: Not usable outside of PowerShell
[0.432s] DEBUG:colcon.colcon_core.shell:Skip shell extension 'dsv' for command environment
[0.440s] INFO:colcon.colcon_ros.task.ament_cmake.build:Building ROS package in '/home/host/ros_ws/src/tutoria_cpp_publisher' with build type 'ament_cmake'
[0.440s] INFO:colcon.colcon_cmake.task.cmake.build:Building CMake package in '/home/host/ros_ws/src/tutoria_cpp_publisher'
[0.441s] INFO:colcon.colcon_core.shell:Skip shell extension 'powershell' for command environment: Not usable outside of PowerShell
[0.441s] DEBUG:colcon.colcon_core.shell:Skip shell extension 'dsv' for command environment
[0.463s] DEBUG:colcon.colcon_core.event_handler.log_command:Invoking command in '/home/host/ros_ws/src/build/publisher_cpp': CMAKE_PREFIX_PATH=${CMAKE_PREFIX_PATH}:/home/host/ros_ws/src/install/python_nodes:/home/host/ros_ws/install/python_nodes:/opt/ros/jazzy PS1=(ROS_ID=$ROS_DOMAIN_ID) \u@\h:\w$ /usr/bin/cmake --build /home/host/ros_ws/src/build/publisher_cpp -- -j12 -l12
[0.862s] INFO:colcon.colcon_core.task.python.build:Building Python package in '/home/host/ros_ws/src/python_nodes'
[0.862s] INFO:colcon.colcon_core.shell:Skip shell extension 'powershell' for command environment: Not usable outside of PowerShell
[0.863s] DEBUG:colcon.colcon_core.shell:Skip shell extension 'dsv' for command environment
[0.877s] DEBUG:colcon.colcon_core.event_handler.log_command:Invoking command in '/home/host/ros_ws/src/build/subscriber_cpp': CMAKE_PREFIX_PATH=${CMAKE_PREFIX_PATH}:/home/host/ros_ws/src/install/python_nodes:/home/host/ros_ws/install/python_nodes:/opt/ros/jazzy PS1=(ROS_ID=$ROS_DOMAIN_ID) \u@\h:\w$ /usr/bin/cmake --build /home/host/ros_ws/src/build/subscriber_cpp -- -j12 -l12
[0.884s] DEBUG:colcon.colcon_core.event_handler.log_command:Invoked command in '/home/host/ros_ws/src/build/publisher_cpp' returned '0': CMAKE_PREFIX_PATH=${CMAKE_PREFIX_PATH}:/home/host/ros_ws/src/install/python_nodes:/home/host/ros_ws/install/python_nodes:/opt/ros/jazzy PS1=(ROS_ID=$ROS_DOMAIN_ID) \u@\h:\w$ /usr/bin/cmake --build /home/host/ros_ws/src/build/publisher_cpp -- -j12 -l12
[0.914s] DEBUG:colcon.colcon_core.event_handler.log_command:Invoking command in '/home/host/ros_ws/src/build/publisher_cpp': CMAKE_PREFIX_PATH=${CMAKE_PREFIX_PATH}:/home/host/ros_ws/src/install/python_nodes:/home/host/ros_ws/install/python_nodes:/opt/ros/jazzy PS1=(ROS_ID=$ROS_DOMAIN_ID) \u@\h:\w$ /usr/bin/cmake --install /home/host/ros_ws/src/build/publisher_cpp
[0.923s] DEBUG:colcon.colcon_core.event_handler.log_command:Invoking command in '/home/host/ros_ws/src/build/tutoria_cpp_publisher': CMAKE_PREFIX_PATH=${CMAKE_PREFIX_PATH}:/home/host/ros_ws/src/install/python_nodes:/home/host/ros_ws/install/python_nodes:/opt/ros/jazzy PS1=(ROS_ID=$ROS_DOMAIN_ID) \u@\h:\w$ /usr/bin/cmake /home/host/ros_ws/src/tutoria_cpp_publisher -DAMENT_CMAKE_SYMLINK_INSTALL=1 -DCMAKE_INSTALL_PREFIX=/home/host/ros_ws/src/install/tutoria_cpp_publisher
[0.990s] Level 1:colcon.colcon_core.environment:create_environment_scripts_only(publisher_cpp)
[0.991s] DEBUG:colcon.colcon_core.event_handler.log_command:Invoked command in '/home/host/ros_ws/src/build/publisher_cpp' returned '0': CMAKE_PREFIX_PATH=${CMAKE_PREFIX_PATH}:/home/host/ros_ws/src/install/python_nodes:/home/host/ros_ws/install/python_nodes:/opt/ros/jazzy PS1=(ROS_ID=$ROS_DOMAIN_ID) \u@\h:\w$ /usr/bin/cmake --install /home/host/ros_ws/src/build/publisher_cpp
[1.004s] Level 1:colcon.colcon_core.environment:checking '/home/host/ros_ws/src/install/publisher_cpp' for CMake module files
[1.006s] Level 1:colcon.colcon_core.environment:checking '/home/host/ros_ws/src/install/publisher_cpp' for CMake config files
[1.008s] Level 1:colcon.colcon_core.shell:create_environment_hook('publisher_cpp', 'cmake_prefix_path')
[1.008s] INFO:colcon.colcon_core.shell:Creating environment hook '/home/host/ros_ws/src/install/publisher_cpp/share/publisher_cpp/hook/cmake_prefix_path.ps1'
[1.011s] INFO:colcon.colcon_core.shell:Creating environment descriptor '/home/host/ros_ws/src/install/publisher_cpp/share/publisher_cpp/hook/cmake_prefix_path.dsv'
[1.012s] INFO:colcon.colcon_core.shell:Creating environment hook '/home/host/ros_ws/src/install/publisher_cpp/share/publisher_cpp/hook/cmake_prefix_path.sh'
[1.016s] Level 1:colcon.colcon_core.environment:checking '/home/host/ros_ws/src/install/publisher_cpp/lib'
[1.016s] Level 1:colcon.colcon_core.environment:checking '/home/host/ros_ws/src/install/publisher_cpp/bin'
[1.017s] Level 1:colcon.colcon_core.environment:checking '/home/host/ros_ws/src/install/publisher_cpp/lib/pkgconfig/publisher_cpp.pc'
[1.019s] Level 1:colcon.colcon_core.environment:checking '/home/host/ros_ws/src/install/publisher_cpp/lib/python3.12/site-packages'
[1.020s] Level 1:colcon.colcon_core.environment:checking '/home/host/ros_ws/src/install/publisher_cpp/bin'
[1.021s] INFO:colcon.colcon_core.shell:Creating package script '/home/host/ros_ws/src/install/publisher_cpp/share/publisher_cpp/package.ps1'
[1.025s] INFO:colcon.colcon_core.shell:Creating package descriptor '/home/host/ros_ws/src/install/publisher_cpp/share/publisher_cpp/package.dsv'
[1.027s] INFO:colcon.colcon_core.shell:Creating package script '/home/host/ros_ws/src/install/publisher_cpp/share/publisher_cpp/package.sh'
[1.030s] INFO:colcon.colcon_core.shell:Creating package script '/home/host/ros_ws/src/install/publisher_cpp/share/publisher_cpp/package.bash'
[1.032s] INFO:colcon.colcon_core.shell:Creating package script '/home/host/ros_ws/src/install/publisher_cpp/share/publisher_cpp/package.zsh'
[1.034s] Level 1:colcon.colcon_core.environment:create_file_with_runtime_dependencies(/home/host/ros_ws/src/install/publisher_cpp/share/colcon-core/packages/publisher_cpp)
[1.036s] Level 1:colcon.colcon_core.environment:create_environment_scripts_only(publisher_cpp)
[1.037s] Level 1:colcon.colcon_core.environment:checking '/home/host/ros_ws/src/install/publisher_cpp' for CMake module files
[1.043s] Level 1:colcon.colcon_core.environment:checking '/home/host/ros_ws/src/install/publisher_cpp' for CMake config files
[1.044s] Level 1:colcon.colcon_core.shell:create_environment_hook('publisher_cpp', 'cmake_prefix_path')
[1.045s] INFO:colcon.colcon_core.shell:Creating environment hook '/home/host/ros_ws/src/install/publisher_cpp/share/publisher_cpp/hook/cmake_prefix_path.ps1'
[1.046s] INFO:colcon.colcon_core.shell:Creating environment descriptor '/home/host/ros_ws/src/install/publisher_cpp/share/publisher_cpp/hook/cmake_prefix_path.dsv'
[1.048s] INFO:colcon.colcon_core.shell:Creating environment hook '/home/host/ros_ws/src/install/publisher_cpp/share/publisher_cpp/hook/cmake_prefix_path.sh'
[1.050s] Level 1:colcon.colcon_core.environment:checking '/home/host/ros_ws/src/install/publisher_cpp/lib'
[1.051s] Level 1:colcon.colcon_core.environment:checking '/home/host/ros_ws/src/install/publisher_cpp/bin'
[1.051s] Level 1:colcon.colcon_core.environment:checking '/home/host/ros_ws/src/install/publisher_cpp/lib/pkgconfig/publisher_cpp.pc'
[1.052s] Level 1:colcon.colcon_core.environment:checking '/home/host/ros_ws/src/install/publisher_cpp/lib/python3.12/site-packages'
[1.053s] Level 1:colcon.colcon_core.environment:checking '/home/host/ros_ws/src/install/publisher_cpp/bin'
[1.055s] INFO:colcon.colcon_core.shell:Creating package script '/home/host/ros_ws/src/install/publisher_cpp/share/publisher_cpp/package.ps1'
[1.058s] INFO:colcon.colcon_core.shell:Creating package descriptor '/home/host/ros_ws/src/install/publisher_cpp/share/publisher_cpp/package.dsv'
[1.061s] INFO:colcon.colcon_core.shell:Creating package script '/home/host/ros_ws/src/install/publisher_cpp/share/publisher_cpp/package.sh'
[1.062s] INFO:colcon.colcon_core.shell:Creating package script '/home/host/ros_ws/src/install/publisher_cpp/share/publisher_cpp/package.bash'
[1.064s] INFO:colcon.colcon_core.shell:Creating package script '/home/host/ros_ws/src/install/publisher_cpp/share/publisher_cpp/package.zsh'
[1.066s] Level 1:colcon.colcon_core.environment:create_file_with_runtime_dependencies(/home/host/ros_ws/src/install/publisher_cpp/share/colcon-core/packages/publisher_cpp)
[1.110s] DEBUG:colcon.colcon_core.event_handler.log_command:Invoked command in '/home/host/ros_ws/src/build/subscriber_cpp' returned '0': CMAKE_PREFIX_PATH=${CMAKE_PREFIX_PATH}:/home/host/ros_ws/src/install/python_nodes:/home/host/ros_ws/install/python_nodes:/opt/ros/jazzy PS1=(ROS_ID=$ROS_DOMAIN_ID) \u@\h:\w$ /usr/bin/cmake --build /home/host/ros_ws/src/build/subscriber_cpp -- -j12 -l12
[1.116s] DEBUG:colcon.colcon_core.event_handler.log_command:Invoking command in '/home/host/ros_ws/src/build/subscriber_cpp': CMAKE_PREFIX_PATH=${CMAKE_PREFIX_PATH}:/home/host/ros_ws/src/install/python_nodes:/home/host/ros_ws/install/python_nodes:/opt/ros/jazzy PS1=(ROS_ID=$ROS_DOMAIN_ID) \u@\h:\w$ /usr/bin/cmake --install /home/host/ros_ws/src/build/subscriber_cpp
[1.178s] Level 1:colcon.colcon_core.environment:create_environment_scripts_only(subscriber_cpp)
[1.179s] Level 1:colcon.colcon_core.environment:checking '/home/host/ros_ws/src/install/subscriber_cpp' for CMake module files
[1.181s] DEBUG:colcon.colcon_core.event_handler.log_command:Invoked command in '/home/host/ros_ws/src/build/subscriber_cpp' returned '0': CMAKE_PREFIX_PATH=${CMAKE_PREFIX_PATH}:/home/host/ros_ws/src/install/python_nodes:/home/host/ros_ws/install/python_nodes:/opt/ros/jazzy PS1=(ROS_ID=$ROS_DOMAIN_ID) \u@\h:\w$ /usr/bin/cmake --install /home/host/ros_ws/src/build/subscriber_cpp
[1.182s] Level 1:colcon.colcon_core.environment:checking '/home/host/ros_ws/src/install/subscriber_cpp' for CMake config files
[1.185s] Level 1:colcon.colcon_core.shell:create_environment_hook('subscriber_cpp', 'cmake_prefix_path')
[1.186s] INFO:colcon.colcon_core.shell:Creating environment hook '/home/host/ros_ws/src/install/subscriber_cpp/share/subscriber_cpp/hook/cmake_prefix_path.ps1'
[1.188s] INFO:colcon.colcon_core.shell:Creating environment descriptor '/home/host/ros_ws/src/install/subscriber_cpp/share/subscriber_cpp/hook/cmake_prefix_path.dsv'
[1.190s] INFO:colcon.colcon_core.shell:Creating environment hook '/home/host/ros_ws/src/install/subscriber_cpp/share/subscriber_cpp/hook/cmake_prefix_path.sh'
[1.192s] Level 1:colcon.colcon_core.environment:checking '/home/host/ros_ws/src/install/subscriber_cpp/lib'
[1.193s] Level 1:colcon.colcon_core.environment:checking '/home/host/ros_ws/src/install/subscriber_cpp/bin'
[1.193s] Level 1:colcon.colcon_core.environment:checking '/home/host/ros_ws/src/install/subscriber_cpp/lib/pkgconfig/subscriber_cpp.pc'
[1.194s] Level 1:colcon.colcon_core.environment:checking '/home/host/ros_ws/src/install/subscriber_cpp/lib/python3.12/site-packages'
[1.194s] Level 1:colcon.colcon_core.environment:checking '/home/host/ros_ws/src/install/subscriber_cpp/bin'
[1.195s] INFO:colcon.colcon_core.shell:Creating package script '/home/host/ros_ws/src/install/subscriber_cpp/share/subscriber_cpp/package.ps1'
[1.197s] INFO:colcon.colcon_core.shell:Creating package descriptor '/home/host/ros_ws/src/install/subscriber_cpp/share/subscriber_cpp/package.dsv'
[1.198s] INFO:colcon.colcon_core.shell:Creating package script '/home/host/ros_ws/src/install/subscriber_cpp/share/subscriber_cpp/package.sh'
[1.200s] INFO:colcon.colcon_core.shell:Creating package script '/home/host/ros_ws/src/install/subscriber_cpp/share/subscriber_cpp/package.bash'
[1.201s] INFO:colcon.colcon_core.shell:Creating package script '/home/host/ros_ws/src/install/subscriber_cpp/share/subscriber_cpp/package.zsh'
[1.202s] Level 1:colcon.colcon_core.environment:create_file_with_runtime_dependencies(/home/host/ros_ws/src/install/subscriber_cpp/share/colcon-core/packages/subscriber_cpp)
[1.203s] Level 1:colcon.colcon_core.environment:create_environment_scripts_only(subscriber_cpp)
[1.204s] Level 1:colcon.colcon_core.environment:checking '/home/host/ros_ws/src/install/subscriber_cpp' for CMake module files
[1.205s] Level 1:colcon.colcon_core.environment:checking '/home/host/ros_ws/src/install/subscriber_cpp' for CMake config files
[1.206s] Level 1:colcon.colcon_core.shell:create_environment_hook('subscriber_cpp', 'cmake_prefix_path')
[1.206s] INFO:colcon.colcon_core.shell:Creating environment hook '/home/host/ros_ws/src/install/subscriber_cpp/share/subscriber_cpp/hook/cmake_prefix_path.ps1'
[1.208s] INFO:colcon.colcon_core.shell:Creating environment descriptor '/home/host/ros_ws/src/install/subscriber_cpp/share/subscriber_cpp/hook/cmake_prefix_path.dsv'
[1.209s] INFO:colcon.colcon_core.shell:Creating environment hook '/home/host/ros_ws/src/install/subscriber_cpp/share/subscriber_cpp/hook/cmake_prefix_path.sh'
[1.211s] Level 1:colcon.colcon_core.environment:checking '/home/host/ros_ws/src/install/subscriber_cpp/lib'
[1.211s] Level 1:colcon.colcon_core.environment:checking '/home/host/ros_ws/src/install/subscriber_cpp/bin'
[1.212s] Level 1:colcon.colcon_core.environment:checking '/home/host/ros_ws/src/install/subscriber_cpp/lib/pkgconfig/subscriber_cpp.pc'
[1.213s] Level 1:colcon.colcon_core.environment:checking '/home/host/ros_ws/src/install/subscriber_cpp/lib/python3.12/site-packages'
[1.215s] Level 1:colcon.colcon_core.environment:checking '/home/host/ros_ws/src/install/subscriber_cpp/bin'
[1.216s] INFO:colcon.colcon_core.shell:Creating package script '/home/host/ros_ws/src/install/subscriber_cpp/share/subscriber_cpp/package.ps1'
[1.219s] INFO:colcon.colcon_core.shell:Creating package descriptor '/home/host/ros_ws/src/install/subscriber_cpp/share/subscriber_cpp/package.dsv'
[1.221s] INFO:colcon.colcon_core.shell:Creating package script '/home/host/ros_ws/src/install/subscriber_cpp/share/subscriber_cpp/package.sh'
[1.223s] INFO:colcon.colcon_core.shell:Creating package script '/home/host/ros_ws/src/install/subscriber_cpp/share/subscriber_cpp/package.bash'
[1.225s] INFO:colcon.colcon_core.shell:Creating package script '/home/host/ros_ws/src/install/subscriber_cpp/share/subscriber_cpp/package.zsh'
[1.227s] Level 1:colcon.colcon_core.environment:create_file_with_runtime_dependencies(/home/host/ros_ws/src/install/subscriber_cpp/share/colcon-core/packages/subscriber_cpp)
[2.518s] DEBUG:colcon.colcon_core.task.python.build:Available setuptools commands: setopt, install_headers, build, bdist_wheel, build_clib, upload, symlink_data, sdist, build_ext, rotate, install_data, bdist, build_py, develop, upload_docs, register, dist_info, install_lib, install_scripts, clean, bdist_rpm, saveopts, alias, editable_wheel, install, bdist_egg, check, egg_info, install_egg_info, build_scripts, test, easy_install, bdist_dumb
[2.669s] DEBUG:colcon.colcon_core.event_handler.log_command:Invoked command in '/home/host/ros_ws/src/build/tutoria_cpp_publisher' returned '0': CMAKE_PREFIX_PATH=${CMAKE_PREFIX_PATH}:/home/host/ros_ws/src/install/python_nodes:/home/host/ros_ws/install/python_nodes:/opt/ros/jazzy PS1=(ROS_ID=$ROS_DOMAIN_ID) \u@\h:\w$ /usr/bin/cmake /home/host/ros_ws/src/tutoria_cpp_publisher -DAMENT_CMAKE_SYMLINK_INSTALL=1 -DCMAKE_INSTALL_PREFIX=/home/host/ros_ws/src/install/tutoria_cpp_publisher
[2.671s] DEBUG:colcon.colcon_core.event_handler.log_command:Invoking command in '/home/host/ros_ws/src/build/tutoria_cpp_publisher': CMAKE_PREFIX_PATH=${CMAKE_PREFIX_PATH}:/home/host/ros_ws/src/install/python_nodes:/home/host/ros_ws/install/python_nodes:/opt/ros/jazzy PS1=(ROS_ID=$ROS_DOMAIN_ID) \u@\h:\w$ /usr/bin/cmake --build /home/host/ros_ws/src/build/tutoria_cpp_publisher -- -j12 -l12
[3.281s] DEBUG:colcon.colcon_core.task.python.build:Available setuptools 'develop' options: --zip-ok, --allow-hosts, --dry-run, --site-dirs, --local-snapshots-ok, --force-installation-into-system-dir, --quiet, --verbose, --script-dir, --multi-version, --uninstall, --no-find-links, --optimize, --user, --exclude-scripts, --editable, --install-layout, --version, --help, --no-deps, --prefix, --install-dir, --build-directory, --upgrade, --find-links, --egg-path, --always-unzip, --index-url, --record, --always-copy, --no-user-cfg
[3.287s] DEBUG:colcon.colcon_core.event_handler.log_command:Invoking command in '/home/host/ros_ws/src/build/python_nodes': PS1=(ROS_ID=$ROS_DOMAIN_ID) \u@\h:\w$ PYTHONPATH=/home/host/ros_ws/src/build/python_nodes/prefix_override:/usr/lib/python3/dist-packages/colcon_core/task/python/colcon_distutils_commands:/home/host/ros_ws/src/install/python_nodes/lib/python3.12/site-packages:${PYTHONPATH} /usr/bin/python3 -W ignore:setup.py install is deprecated -W ignore:easy_install command is deprecated setup.py develop --editable --build-directory /home/host/ros_ws/src/build/python_nodes/build --no-deps symlink_data
[4.395s] Level 1:colcon.colcon_core.shell:create_environment_hook('python_nodes', 'pythonpath_develop')
[4.395s] INFO:colcon.colcon_core.shell:Creating environment hook '/home/host/ros_ws/src/build/python_nodes/share/python_nodes/hook/pythonpath_develop.ps1'
[4.397s] DEBUG:colcon.colcon_core.event_handler.log_command:Invoked command in '/home/host/ros_ws/src/build/python_nodes' returned '0': PS1=(ROS_ID=$ROS_DOMAIN_ID) \u@\h:\w$ PYTHONPATH=/home/host/ros_ws/src/build/python_nodes/prefix_override:/usr/lib/python3/dist-packages/colcon_core/task/python/colcon_distutils_commands:/home/host/ros_ws/src/install/python_nodes/lib/python3.12/site-packages:${PYTHONPATH} /usr/bin/python3 -W ignore:setup.py install is deprecated -W ignore:easy_install command is deprecated setup.py develop --editable --build-directory /home/host/ros_ws/src/build/python_nodes/build --no-deps symlink_data
[4.397s] INFO:colcon.colcon_core.shell:Creating environment descriptor '/home/host/ros_ws/src/build/python_nodes/share/python_nodes/hook/pythonpath_develop.dsv'
[4.398s] INFO:colcon.colcon_core.shell:Creating environment hook '/home/host/ros_ws/src/build/python_nodes/share/python_nodes/hook/pythonpath_develop.sh'
[4.400s] Level 1:colcon.colcon_core.environment:checking '/home/host/ros_ws/src/install/python_nodes' for CMake module files
[4.401s] Level 1:colcon.colcon_core.environment:checking '/home/host/ros_ws/src/install/python_nodes' for CMake config files
[4.403s] Level 1:colcon.colcon_core.environment:checking '/home/host/ros_ws/src/install/python_nodes/lib'
[4.403s] Level 1:colcon.colcon_core.environment:checking '/home/host/ros_ws/src/install/python_nodes/bin'
[4.403s] Level 1:colcon.colcon_core.environment:checking '/home/host/ros_ws/src/install/python_nodes/lib/pkgconfig/python_nodes.pc'
[4.404s] Level 1:colcon.colcon_core.environment:checking '/home/host/ros_ws/src/install/python_nodes/lib/python3.12/site-packages'
[4.404s] Level 1:colcon.colcon_core.shell:create_environment_hook('python_nodes', 'pythonpath')
[4.406s] INFO:colcon.colcon_core.shell:Creating environment hook '/home/host/ros_ws/src/install/python_nodes/share/python_nodes/hook/pythonpath.ps1'
[4.408s] INFO:colcon.colcon_core.shell:Creating environment descriptor '/home/host/ros_ws/src/install/python_nodes/share/python_nodes/hook/pythonpath.dsv'
[4.409s] INFO:colcon.colcon_core.shell:Creating environment hook '/home/host/ros_ws/src/install/python_nodes/share/python_nodes/hook/pythonpath.sh'
[4.411s] Level 1:colcon.colcon_core.environment:checking '/home/host/ros_ws/src/install/python_nodes/bin'
[4.411s] Level 1:colcon.colcon_core.environment:create_environment_scripts_only(python_nodes)
[4.412s] INFO:colcon.colcon_core.shell:Creating package script '/home/host/ros_ws/src/install/python_nodes/share/python_nodes/package.ps1'
[4.415s] INFO:colcon.colcon_core.shell:Creating package descriptor '/home/host/ros_ws/src/install/python_nodes/share/python_nodes/package.dsv'
[4.416s] INFO:colcon.colcon_core.shell:Creating package script '/home/host/ros_ws/src/install/python_nodes/share/python_nodes/package.sh'
[4.421s] INFO:colcon.colcon_core.shell:Creating package script '/home/host/ros_ws/src/install/python_nodes/share/python_nodes/package.bash'
[4.422s] INFO:colcon.colcon_core.shell:Creating package script '/home/host/ros_ws/src/install/python_nodes/share/python_nodes/package.zsh'
[4.427s] Level 1:colcon.colcon_core.environment:create_file_with_runtime_dependencies(/home/host/ros_ws/src/install/python_nodes/share/colcon-core/packages/python_nodes)
[9.204s] DEBUG:colcon.colcon_core.event_handler.log_command:Invoked command in '/home/host/ros_ws/src/build/tutoria_cpp_publisher' returned '2': CMAKE_PREFIX_PATH=${CMAKE_PREFIX_PATH}:/home/host/ros_ws/src/install/python_nodes:/home/host/ros_ws/install/python_nodes:/opt/ros/jazzy PS1=(ROS_ID=$ROS_DOMAIN_ID) \u@\h:\w$ /usr/bin/cmake --build /home/host/ros_ws/src/build/tutoria_cpp_publisher -- -j12 -l12
[9.205s] Level 1:colcon.colcon_core.environment:create_environment_scripts_only(tutoria_cpp_publisher)
[9.206s] Level 1:colcon.colcon_core.environment:checking '/home/host/ros_ws/src/install/tutoria_cpp_publisher' for CMake module files
[9.207s] Level 1:colcon.colcon_core.environment:checking '/home/host/ros_ws/src/install/tutoria_cpp_publisher' for CMake config files
[9.207s] Level 1:colcon.colcon_core.environment:checking '/home/host/ros_ws/src/install/tutoria_cpp_publisher/bin'
[9.208s] Level 1:colcon.colcon_core.environment:checking '/home/host/ros_ws/src/install/tutoria_cpp_publisher/lib/pkgconfig/tutoria_cpp_publisher.pc'
[9.208s] Level 1:colcon.colcon_core.environment:checking '/home/host/ros_ws/src/install/tutoria_cpp_publisher/lib/python3.12/site-packages'
[9.209s] Level 1:colcon.colcon_core.environment:checking '/home/host/ros_ws/src/install/tutoria_cpp_publisher/bin'
[9.209s] INFO:colcon.colcon_core.shell:Creating package script '/home/host/ros_ws/src/install/tutoria_cpp_publisher/share/tutoria_cpp_publisher/package.ps1'
[9.211s] INFO:colcon.colcon_core.shell:Creating package descriptor '/home/host/ros_ws/src/install/tutoria_cpp_publisher/share/tutoria_cpp_publisher/package.dsv'
[9.211s] INFO:colcon.colcon_core.shell:Creating package script '/home/host/ros_ws/src/install/tutoria_cpp_publisher/share/tutoria_cpp_publisher/package.sh'
[9.212s] INFO:colcon.colcon_core.shell:Creating package script '/home/host/ros_ws/src/install/tutoria_cpp_publisher/share/tutoria_cpp_publisher/package.bash'
[9.213s] INFO:colcon.colcon_core.shell:Creating package script '/home/host/ros_ws/src/install/tutoria_cpp_publisher/share/tutoria_cpp_publisher/package.zsh'
[9.214s] Level 1:colcon.colcon_core.environment:create_file_with_runtime_dependencies(/home/host/ros_ws/src/install/tutoria_cpp_publisher/share/colcon-core/packages/tutoria_cpp_publisher)
[9.225s] DEBUG:colcon.colcon_parallel_executor.executor.parallel:closing loop
[9.225s] DEBUG:colcon.colcon_parallel_executor.executor.parallel:loop closed
[9.225s] DEBUG:colcon.colcon_parallel_executor.executor.parallel:run_until_complete finished with '2'
[9.226s] DEBUG:colcon.colcon_core.event_reactor:joining thread
[9.254s] INFO:colcon.colcon_core.plugin_system:Skipping extension 'colcon_notification.desktop_notification.notify_send': Could not find 'notify-send'
[9.254s] INFO:colcon.colcon_core.plugin_system:Skipping extension 'colcon_notification.desktop_notification.terminal_notifier': Not used on non-Darwin systems
[9.255s] INFO:colcon.colcon_core.plugin_system:Skipping extension 'colcon_notification.desktop_notification.win32': Not used on non-Windows systems
[9.255s] INFO:colcon.colcon_notification.desktop_notification:Sending desktop notification using 'notify2'
[9.261s] DEBUG:colcon.colcon_notification.desktop_notification.notify2:Failed to initialize notify2: org.freedesktop.DBus.Error.Spawn.ExecFailed: /usr/bin/dbus-launch terminated abnormally without any error message
[9.261s] DEBUG:colcon.colcon_core.event_reactor:joined thread
[9.262s] INFO:colcon.colcon_core.shell:Creating prefix script '/home/host/ros_ws/src/install/local_setup.ps1'
[9.265s] INFO:colcon.colcon_core.shell:Creating prefix util module '/home/host/ros_ws/src/install/_local_setup_util_ps1.py'
[9.269s] INFO:colcon.colcon_core.shell:Creating prefix chain script '/home/host/ros_ws/src/install/setup.ps1'
[9.273s] INFO:colcon.colcon_core.shell:Creating prefix script '/home/host/ros_ws/src/install/local_setup.sh'
[9.275s] INFO:colcon.colcon_core.shell:Creating prefix util module '/home/host/ros_ws/src/install/_local_setup_util_sh.py'
[9.276s] INFO:colcon.colcon_core.shell:Creating prefix chain script '/home/host/ros_ws/src/install/setup.sh'
[9.278s] INFO:colcon.colcon_core.shell:Creating prefix script '/home/host/ros_ws/src/install/local_setup.bash'
[9.280s] INFO:colcon.colcon_core.shell:Creating prefix chain script '/home/host/ros_ws/src/install/setup.bash'
[9.282s] INFO:colcon.colcon_core.shell:Creating prefix script '/home/host/ros_ws/src/install/local_setup.zsh'
[9.283s] INFO:colcon.colcon_core.shell:Creating prefix chain script '/home/host/ros_ws/src/install/setup.zsh'
